Archive member included because of file (symbol)

../BitCloud/lib\libHAL_AtmlStk600_Atmega128rfa1_8Mhz_Gcc.a(appTimer.o)
                              Blink.o (HAL_StartAppTimer)
../BitCloud/lib\libHAL_AtmlStk600_Atmega128rfa1_8Mhz_Gcc.a(usart.o)
                              Blink.o (HAL_ReadUsart)
../BitCloud/lib\libHAL_AtmlStk600_Atmega128rfa1_8Mhz_Gcc.a(eeprom.o)
                              Components/PersistDataServer/src/pdsWriteData.o (HAL_ReadEeprom)
../BitCloud/lib\libHAL_AtmlStk600_Atmega128rfa1_8Mhz_Gcc.a(timer.o)
                              ../BitCloud/lib\libHAL_AtmlStk600_Atmega128rfa1_8Mhz_Gcc.a(appTimer.o) (halAddTimer)
../BitCloud/lib\libHAL_AtmlStk600_Atmega128rfa1_8Mhz_Gcc.a(adc.o)
                              Blink.o (HAL_OpenAdc)
../BitCloud/lib\libHAL_AtmlStk600_Atmega128rfa1_8Mhz_Gcc.a(halSleepTimerClock.o)
                              ../BitCloud/lib\libHAL_AtmlStk600_Atmega128rfa1_8Mhz_Gcc.a(appTimer.o) (halGetTimeOfSleepTimer)
../BitCloud/lib\libHAL_AtmlStk600_Atmega128rfa1_8Mhz_Gcc.a(halAppClock.o)
                              ../BitCloud/lib\libHAL_AtmlStk600_Atmega128rfa1_8Mhz_Gcc.a(appTimer.o) (halGetTimeOfAppTimer)
../BitCloud/lib\libHAL_AtmlStk600_Atmega128rfa1_8Mhz_Gcc.a(halUsart.o)
                              ../BitCloud/lib\libHAL_AtmlStk600_Atmega128rfa1_8Mhz_Gcc.a(usart.o) (halSetUsartConfig)
../BitCloud/lib\libHAL_AtmlStk600_Atmega128rfa1_8Mhz_Gcc.a(halEeprom.o)
                              ../BitCloud/lib\libHAL_AtmlStk600_Atmega128rfa1_8Mhz_Gcc.a(eeprom.o) (halEepromWrite)
../BitCloud/lib\libHAL_AtmlStk600_Atmega128rfa1_8Mhz_Gcc.a(halSleep.o)
                              ../BitCloud/lib\libHAL_AtmlStk600_Atmega128rfa1_8Mhz_Gcc.a(halSleepTimerClock.o) (halPowerOn)
../BitCloud/lib\libHAL_AtmlStk600_Atmega128rfa1_8Mhz_Gcc.a(halAdc.o)
                              ../BitCloud/lib\libHAL_AtmlStk600_Atmega128rfa1_8Mhz_Gcc.a(adc.o) (halOpenAdc)
../BitCloud/lib\libHAL_AtmlStk600_Atmega128rfa1_8Mhz_Gcc.a(calibration.o)
                              ../BitCloud/lib\libHAL_AtmlStk600_Atmega128rfa1_8Mhz_Gcc.a(halSleep.o) (halStartingCalibrate)
../BitCloud/lib\libHAL_AtmlStk600_Atmega128rfa1_8Mhz_Gcc.a(halW1.o)
                              ../BitCloud/lib\libHAL_AtmlStk600_Atmega128rfa1_8Mhz_Gcc.a(halAdc.o) (__delay_us)
../BitCloud/lib\libHAL_AtmlStk600_Atmega128rfa1_8Mhz_Gcc.a(halCalibration.o)
                              ../BitCloud/lib\libHAL_AtmlStk600_Atmega128rfa1_8Mhz_Gcc.a(calibration.o) (halMeasurement)
../BitCloud/lib\libHAL_AtmlStk600_Atmega128rfa1_8Mhz_Gcc.a(halTaskManager.o)
                              ../BitCloud/lib\libHAL_AtmlStk600_Atmega128rfa1_8Mhz_Gcc.a(halAppClock.o) (halTaskFlags4)
../BitCloud/lib\libHAL_AtmlStk600_Atmega128rfa1_8Mhz_Gcc.a(i2cPacket.o)
                              ../BitCloud/lib\libHAL_AtmlStk600_Atmega128rfa1_8Mhz_Gcc.a(halTaskManager.o) (halSig2WireSerialHandler)
../BitCloud/lib\libHAL_AtmlStk600_Atmega128rfa1_8Mhz_Gcc.a(spi.o)
                              ../BitCloud/lib\libHAL_AtmlStk600_Atmega128rfa1_8Mhz_Gcc.a(halTaskManager.o) (halSpiRxByteComplete)
../BitCloud/lib\libHAL_AtmlStk600_Atmega128rfa1_8Mhz_Gcc.a(sleep.o)
                              ../BitCloud/lib\libHAL_AtmlStk600_Atmega128rfa1_8Mhz_Gcc.a(halSleepTimerClock.o) (halSleepControl)
../BitCloud/lib\libHAL_AtmlStk600_Atmega128rfa1_8Mhz_Gcc.a(halSecurityModule.o)
                              ../BitCloud/lib\libHAL_AtmlStk600_Atmega128rfa1_8Mhz_Gcc.a(halTaskManager.o) (halSmRequestHandler)
../BitCloud/lib\libHAL_AtmlStk600_Atmega128rfa1_8Mhz_Gcc.a(halClkCtrl.o)
                              ../BitCloud/lib\libHAL_AtmlStk600_Atmega128rfa1_8Mhz_Gcc.a(calibration.o) (halGetClockSource)
../BitCloud/lib\libHAL_AtmlStk600_Atmega128rfa1_8Mhz_Gcc.a(halTwi.o)
                              ../BitCloud/lib\libHAL_AtmlStk600_Atmega128rfa1_8Mhz_Gcc.a(i2cPacket.o) (halInitI2c)
../BitCloud/lib\libHAL_AtmlStk600_Atmega128rfa1_8Mhz_Gcc.a(halSpi.o)
                              ../BitCloud/lib\libHAL_AtmlStk600_Atmega128rfa1_8Mhz_Gcc.a(spi.o) (halSetUsartSpiConfig)
../BitCloud/lib\libHAL_AtmlStk600_Atmega128rfa1_8Mhz_Gcc.a(sleepTimer.o)
                              ../BitCloud/lib\libHAL_AtmlStk600_Atmega128rfa1_8Mhz_Gcc.a(sleep.o) (HAL_StartSleepTimer)
../BitCloud/lib\libBc_All_Atmega128rfa1_Atmega128rfa1_Gcc.a(phyRxTxIndicator.o)
                              ../BitCloud/lib\libHAL_AtmlStk600_Atmega128rfa1_8Mhz_Gcc.a(halSleep.o) (phyRxTxSwitcherOn)
../BitCloud/lib\libBc_All_Atmega128rfa1_Atmega128rfa1_Gcc.a(phyStateMachine.o)
                              ../BitCloud/lib\libBc_All_Atmega128rfa1_Atmega128rfa1_Gcc.a(phyRxTxIndicator.o) (__wasRequest)
../BitCloud/lib\libBc_All_Atmega128rfa1_Atmega128rfa1_Gcc.a(queue.o)
                              ../BitCloud/lib\libHAL_AtmlStk600_Atmega128rfa1_8Mhz_Gcc.a(halSecurityModule.o) (deleteHeadQueueElem)
../BitCloud/lib\libBc_All_Atmega128rfa1_Atmega128rfa1_Gcc.a(sysEvents.o)
[...]
Memory Configuration

Name             Origin             Length             Attributes
text             0x00000000         0x00020000         xr
data             0x00800190         0x00003e0c         rw !x
eeprom           0x00810000         0x00001000         rw !x
*default*        0x00000000         0xffffffff

Linker script and memory map

Address of section .data set to 0x800200
LOAD c:/program files/atmel/atmel studio 6.0/extensions/atmel/avrgcc/3.4.0.65/avrtoolchain/bin/../lib/gcc/avr/4.6.2/../../../../avr/lib/avr51/crtm128rfa1.o
LOAD Blink.o
LOAD Components/ConfigServer/src/configServer.o
LOAD Components/ConfigServer/src/csMem.o
LOAD Components/ConfigServer/src/csPersistentMem.o
LOAD Components/PersistDataServer/src/pdsCrcService.o
LOAD Components/PersistDataServer/src/pdsDataServer.o
LOAD Components/PersistDataServer/src/pdsEvents.o
LOAD Components/PersistDataServer/src/pdsInit.o
LOAD Components/PersistDataServer/src/pdsMem.o
LOAD Components/PersistDataServer/src/pdsMemAccess.o
LOAD Components/PersistDataServer/src/pdsTimer.o
LOAD Components/PersistDataServer/src/pdsWriteData.o
START GROUP
LOAD c:/program files/atmel/atmel studio 6.0/extensions/atmel/avrgcc/3.4.0.65/avrtoolchain/bin/../lib/gcc/avr/4.6.2/../../../../avr/lib/avr51\libm.a
LOAD ../BitCloud/lib\libHAL_AtmlStk600_Atmega128rfa1_8Mhz_Gcc.a
LOAD ../BitCloud/lib\libBc_All_Atmega128rfa1_Atmega128rfa1_Gcc.a
END GROUP

.text           0x00000000    0x177d8
                0x00000000                PROVIDE (__text_start, .)
 *(.vectors)
 .vectors       0x00000000      0x120 c:/program files/atmel/atmel studio 6.0/extensions/atmel/avrgcc/3.4.0.65/avrtoolchain/bin/../lib/gcc/avr/4.6.2/../../../../avr/lib/avr51/crtm128rfa1.o
                0x00000000                __vector_default
                0x00000000                __vectors
 *(.vectors)
                0x00000120                PROVIDE (__pds_ff_start, .)
 *(.pds_ff)
 .pds_ff        0x00000120       0x84 Components/ConfigServer/src/csPersistentMem.o
                0x00000120                csBindingTableFileDescriptor
                0x00000126                csNeighborTableFileDescriptor
                0x0000012c                csExtendedFileDescriptors
                0x00000144                csGeneralFileDescriptors
                0x000001a4                PROVIDE (__pds_ff_end, .)
                0x000001a4                PROVIDE (__pds_fd_start, .)
 *(.pds_fd)
 .pds_fd        0x000001a4       0x24 Components/ConfigServer/src/csPersistentMem.o
                0x000001a4                BCRejoinParamsDirDescr
                0x000001aa                BCExtGenParamsDirDescr
                0x000001b0                BCSystemDirDescr
                0x000001b6                csNwkSecurityTablesDirDescr
                0x000001bc                csExtendedParamsDirDescr
                0x000001c2                csGeneralParamsDirDescr
                0x000001c8                PROVIDE (__pds_fd_end, .)
 *(.progmem.gcc*)
 .progmem.gcc_sw_table
                0x000001c8       0x58 ../BitCloud/lib\libBc_All_Atmega128rfa1_Atmega128rfa1_Gcc.a(zdo.o)
 .progmem.gcc_sw_table
                0x00000220      0x110 ../BitCloud/lib\libBc_All_Atmega128rfa1_Atmega128rfa1_Gcc.a(macenvPib.o)
 .progmem.gcc_sw_table
                0x00000330       0x28 ../BitCloud/lib\libBc_All_Atmega128rfa1_Atmega128rfa1_Gcc.a(machwdManager.o)
 .progmem.gcc_sw_table
                0x00000358       0x3c ../BitCloud/lib\libBc_All_Atmega128rfa1_Atmega128rfa1_Gcc.a(machwiManager.o)
 .progmem.gcc_sw_table
                0x00000394       0x16 ../BitCloud/lib\libBc_All_Atmega128rfa1_Atmega128rfa1_Gcc.a(machwiPanServer.o)
 .progmem.gcc_sw_table
                0x000003aa       0x20 ../BitCloud/lib\libBc_All_Atmega128rfa1_Atmega128rfa1_Gcc.a(machwiScanHandler.o)
 .progmem.gcc_sw_table
                0x000003ca       0x56 ../BitCloud/lib\libBc_All_Atmega128rfa1_Atmega128rfa1_Gcc.a(nwk.o)
 .progmem.gcc_sw_table
                0x00000420       0x26 ../BitCloud/lib\libBc_All_Atmega128rfa1_Atmega128rfa1_Gcc.a(machwdFrameRoutine.o)
 *(.progmem*)
 .progmem.data  0x00000446      0x23b Components/ConfigServer/src/csMem.o
                0x00000446                csMemoryItems
                0x00000576                csReadOnlyItems
                0x00000590                defaultSIB
                0x000005cb                defaultAIB
                0x000005cc                defaultZIB
                0x000005fb                defaultNIB
 .progmem.data  0x00000681       0xa4 Components/ConfigServer/src/csPersistentMem.o
                0x00000681                BCRejoinParamsMemoryIdsTable
                0x000006a3                BCExtGenParamsMemoryIdsTable
                0x000006cb                BCSystemMemoryIdsTable
                0x000006f9                CsNwkSecurityMemoryIdsTable
                0x000006fd                CsExtendedMemoryIdsTable
                0x00000705                CsGeneralMemoryIdsTable
 .progmem.data  0x00000725        0xc ../BitCloud/lib\libHAL_AtmlStk600_Atmega128rfa1_8Mhz_Gcc.a(usart.o)
 .progmem.data  0x00000731        0x5 ../BitCloud/lib\libHAL_AtmlStk600_Atmega128rfa1_8Mhz_Gcc.a(halAdc.o)
                0x00000731                halAdcDivider
 .progmem.data  0x00000736       0x10 ../BitCloud/lib\libBc_All_Atmega128rfa1_Atmega128rfa1_Gcc.a(aps.o)
 .progmem.data  0x00000746      0x132 ../BitCloud/lib\libBc_All_Atmega128rfa1_Atmega128rfa1_Gcc.a(nwk.o)
                0x00000878                . = ALIGN (0x2)
 *(.trampolines*)
 .trampolines   0x00000878        0x0 linker stubs
 *(.jumptables*)
 *(.lowtext*)
 *(.init0)
 .init0         0x00000878        0x0 c:/program files/atmel/atmel studio 6.0/extensions/atmel/avrgcc/3.4.0.65/avrtoolchain/bin/../lib/gcc/avr/4.6.2/../../../../avr/lib/avr51/crtm128rfa1.o
                0x00000878                __init
 *(.init0)
 *(.init1)
 *(.init1)
 *(.init2)
 .init2         0x00000878        0xc c:/program files/atmel/atmel studio 6.0/extensions/atmel/avrgcc/3.4.0.65/avrtoolchain/bin/../lib/gcc/avr/4.6.2/../../../../avr/lib/avr51/crtm128rfa1.o
 *(.init2)
 *(.init3)
 *(.init3)
 *(.init4)
 .init4         0x00000884       0x1a c:/program files/atmel/atmel studio 6.0/extensions/atmel/avrgcc/3.4.0.65/avrtoolchain/bin/../lib/gcc/avr/4.6.2/avr51\libgcc.a(_copy_data.o)
                0x00000884                __do_copy_data
 .init4         0x0000089e       0x10 c:/program files/atmel/atmel studio 6.0/extensions/atmel/avrgcc/3.4.0.65/avrtoolchain/bin/../lib/gcc/avr/4.6.2/avr51\libgcc.a(_clear_bss.o)
                0x0000089e                __do_clear_bss
 *(.init4)
 *(.init5)
 *(.init5)
 *(.init6)
 *(.init6)
 *(.init7)
 *(.init7)
 *(.init8)
 *(.init8)
 *(.text.main)
 .text.main     0x000008ae        0xa Blink.o
                0x000008ae                main
 *(.text.main)
 *(.text)
 .text          0x000008b8        0x4 c:/program files/atmel/atmel studio 6.0/extensions/atmel/avrgcc/3.4.0.65/avrtoolchain/bin/../lib/gcc/avr/4.6.2/../../../../avr/lib/avr51/crtm128rfa1.o
                0x000008b8                __vector_22
                0x000008b8                __vector_28
                0x000008b8                __vector_67
                0x000008b8                __vector_1
                0x000008b8                __vector_32
                0x000008b8                __vector_71
                0x000008b8                __vector_34
                0x000008b8                __vector_62
                0x000008b8                __vector_12
                0x000008b8                __vector_55
                0x000008b8                __vector_69
                0x000008b8                __vector_46
                0x000008b8                __bad_interrupt
                0x000008b8                __vector_6
                0x000008b8                __vector_31
                0x000008b8                __vector_35
                0x000008b8                __vector_3
                0x000008b8                __vector_23
                0x000008b8                __vector_68
                0x000008b8                __vector_45
                0x000008b8                __vector_61
                0x000008b8                __vector_11
                0x000008b8                __vector_54
                0x000008b8                __vector_17
                0x000008b8                __vector_19
                0x000008b8                __vector_56
                0x000008b8                __vector_7
                0x000008b8                __vector_49
                0x000008b8                __vector_41
                0x000008b8                __vector_64
                0x000008b8                __vector_5
                0x000008b8                __vector_33
                0x000008b8                __vector_47
                0x000008b8                __vector_52
                0x000008b8                __vector_4
                0x000008b8                __vector_44
                0x000008b8                __vector_51
                0x000008b8                __vector_9
                0x000008b8                __vector_2
                0x000008b8                __vector_21
                0x000008b8                __vector_66
                0x000008b8                __vector_58
                0x000008b8                __vector_70
                0x000008b8                __vector_40
                0x000008b8                __vector_8
                0x000008b8                __vector_48
                0x000008b8                __vector_14
                0x000008b8                __vector_57
                0x000008b8                __vector_53
                0x000008b8                __vector_10
                0x000008b8                __vector_50
                0x000008b8                __vector_16
                0x000008b8                __vector_59
                0x000008b8                __vector_18
                0x000008b8                __vector_20
                0x000008b8                __vector_65
 .text          0x000008bc       0xce ../BitCloud/lib\libHAL_AtmlStk600_Atmega128rfa1_8Mhz_Gcc.a(halW1.o)
                0x000008bc                halResetW1
                0x000008f0                halReadW1Bit
                0x00000920                halReadW1
                0x0000093c                halWriteW1bit
                0x00000968                halWriteW1
                0x0000097a                __delay_us
 .text          0x0000098a       0x3a ../BitCloud/lib\libHAL_AtmlStk600_Atmega128rfa1_8Mhz_Gcc.a(halCalibration.o)
                0x0000098a                halMeasurement
 .text          0x000009c4       0xf4 c:/program files/atmel/atmel studio 6.0/extensions/atmel/avrgcc/3.4.0.65/avrtoolchain/bin/../lib/gcc/avr/4.6.2/avr51\libgcc.a(_ashldi3.o)
                0x000009c4                __ashldi3
 *(.text.*)
 .text.blinkTimerFired
                0x00000ab8        0xa Blink.o
 .text.appZdoStartNetworkConf
                0x00000ac2       0xb2 Blink.o
 .text.usartRcvd
                0x00000b74       0x3e Blink.o
                0x00000b74                usartRcvd
 .text.Usart_Init
                0x00000bb2       0x6e Blink.o
                0x00000bb2                Usart_Init
 .text.Adc_Init
                0x00000c20       0x34 Blink.o
                0x00000c20                Adc_Init
 .text.Network_Init
                0x00000c54      0x11e Blink.o
                0x00000c54                Network_Init
 .text.APL_TaskHandler
                0x00000d72       0x60 Blink.o
                0x00000d72                APL_TaskHandler
 .text.ZDO_MgmtNwkUpdateNotf
                0x00000dd2       0x12 Blink.o
                0x00000dd2                ZDO_MgmtNwkUpdateNotf
 .text.ZDO_WakeUpInd
                0x00000de4        0x2 Blink.o
                0x00000de4                ZDO_WakeUpInd
 .text.ZDO_BindIndication
                0x00000de6        0x2 Blink.o
                0x00000de6                ZDO_BindIndication
 .text.ZDO_UnbindIndication
                0x00000de8        0x2 Blink.o
                0x00000de8                ZDO_UnbindIndication
 .text.BSP_TaskHandler
                0x00000dea        0x2 Blink.o
                0x00000dea                BSP_TaskHandler
 .text.csGetItemLocation
                0x00000dec        0xc Components/ConfigServer/src/configServer.o
 .text.csGetItem
                0x00000df8       0x3e Components/ConfigServer/src/configServer.o
 .text.CS_Init  0x00000e36        0xa Components/ConfigServer/src/configServer.o
                0x00000e36                CS_Init
 .text.CS_ReadParameter
                0x00000e40       0x5c Components/ConfigServer/src/configServer.o
                0x00000e40                CS_ReadParameter
 .text.CS_WriteParameter
                0x00000e9c       0x3a Components/ConfigServer/src/configServer.o
                0x00000e9c                CS_WriteParameter
 .text.CS_GetMemory
                0x00000ed6       0x1c Components/ConfigServer/src/configServer.o
                0x00000ed6                CS_GetMemory
 .text.csSetToDefault
                0x00000ef2       0x6a Components/ConfigServer/src/csMem.o
                0x00000ef2                csSetToDefault
 .text.pdsCalculateRAMDataCrc
                0x00000f5c       0x1e Components/PersistDataServer/src/pdsCrcService.o
                0x00000f5c                pdsCalculateRAMDataCrc
 .text.pdsCheckFile
                0x00000f7a      0x108 Components/PersistDataServer/src/pdsCrcService.o
                0x00000f7a                pdsCheckFile
 .text.pdsCheckStorage
                0x00001082       0xa6 Components/PersistDataServer/src/pdsCrcService.o
                0x00001082                pdsCheckStorage
 .text.pdsGetMemoryAllowed
                0x00001128       0x40 Components/PersistDataServer/src/pdsDataServer.o
 .text.PDS_Store
                0x00001168       0x14 Components/PersistDataServer/src/pdsDataServer.o
                0x00001168                PDS_Store
 .text.PDS_IsMemoryRestored
                0x0000117c       0xca Components/PersistDataServer/src/pdsDataServer.o
                0x0000117c                PDS_IsMemoryRestored
 .text.PDS_Init
                0x00001246      0x2a6 Components/PersistDataServer/src/pdsInit.o
                0x00001246                PDS_Init
 .text.pdsGetFileDescrRec
                0x000014ec       0xa8 Components/PersistDataServer/src/pdsMemAccess.o
                0x000014ec                pdsGetFileDescrRec
 .text.pdsGetFileOffset
                0x00001594      0x15e Components/PersistDataServer/src/pdsMemAccess.o
                0x00001594                pdsGetFileOffset
 .text.pdsPrepareMemoryAccess
                0x000016f2      0x100 Components/PersistDataServer/src/pdsMemAccess.o
                0x000016f2                pdsPrepareMemoryAccess
 .text.pdsExpandMemoryMask
                0x000017f2      0x184 Components/PersistDataServer/src/pdsMemAccess.o
                0x000017f2                pdsExpandMemoryMask
 .text.pdsPrepareAccessContext
                0x00001976       0x44 Components/PersistDataServer/src/pdsMemAccess.o
                0x00001976                pdsPrepareAccessContext
 .text.pdsTimerFired
                0x000019ba        0xe Components/PersistDataServer/src/pdsTimer.o
 .text.pdsTimerInit
                0x000019c8       0x12 Components/PersistDataServer/src/pdsTimer.o
                0x000019c8                pdsTimerInit
 .text.pdsDummyCallback
                0x000019da        0x2 Components/PersistDataServer/src/pdsWriteData.o
                0x000019da                pdsDummyCallback
 .text.pdsAddDataForCommitment
                0x000019dc       0x88 Components/PersistDataServer/src/pdsWriteData.o
                0x000019dc                pdsAddDataForCommitment
 .text.pdsWaitMemoryFree
                0x00001a64       0x10 Components/PersistDataServer/src/pdsWriteData.o
                0x00001a64                pdsWaitMemoryFree
 .text.pdsRead  0x00001a74       0x40 Components/PersistDataServer/src/pdsWriteData.o
                0x00001a74                pdsRead
 .text.pdsWrite
                0x00001ab4       0x40 Components/PersistDataServer/src/pdsWriteData.o
                0x00001ab4                pdsWrite
 .text.pdsStartCommitment
                0x00001af4      0x20a Components/PersistDataServer/src/pdsWriteData.o
                0x00001af4                pdsStartCommitment
 .text.halAppTimerHandler
                0x00001cfe       0x8a ../BitCloud/lib\libHAL_AtmlStk600_Atmega128rfa1_8Mhz_Gcc.a(appTimer.o)
                0x00001cfe                halAppTimerHandler
 .text.HAL_StartAppTimer
                0x00001d88       0x58 ../BitCloud/lib\libHAL_AtmlStk600_Atmega128rfa1_8Mhz_Gcc.a(appTimer.o)
                0x00001d88                HAL_StartAppTimer
 .text.HAL_StopAppTimer
                0x00001de0       0x4a ../BitCloud/lib\libHAL_AtmlStk600_Atmega128rfa1_8Mhz_Gcc.a(appTimer.o)
                0x00001de0                HAL_StopAppTimer
 .text.HAL_GetSystemTime
                0x00001e2a       0x4e ../BitCloud/lib\libHAL_AtmlStk600_Atmega128rfa1_8Mhz_Gcc.a(appTimer.o)
                0x00001e2a                HAL_GetSystemTime
 .text.halUsartHwController
                0x00001e78       0x9a ../BitCloud/lib\libHAL_AtmlStk600_Atmega128rfa1_8Mhz_Gcc.a(usart.o)
 .text.halSigUsartReceptionComplete
                0x00001f12       0x54 ../BitCloud/lib\libHAL_AtmlStk600_Atmega128rfa1_8Mhz_Gcc.a(usart.o)
 .text.halSetUsartClockPinDirection
                0x00001f66       0x36 ../BitCloud/lib\libHAL_AtmlStk600_Atmega128rfa1_8Mhz_Gcc.a(usart.o)
 .text.halUsartTaskUsart0Dre
                0x00001f9c        0x8 ../BitCloud/lib\libHAL_AtmlStk600_Atmega128rfa1_8Mhz_Gcc.a(usart.o)
 .text.halUsartTaskUsart0Rxc
                0x00001fa4        0x8 ../BitCloud/lib\libHAL_AtmlStk600_Atmega128rfa1_8Mhz_Gcc.a(usart.o)
 .text.halUsartTaskUsart1Dre
                0x00001fac        0x8 ../BitCloud/lib\libHAL_AtmlStk600_Atmega128rfa1_8Mhz_Gcc.a(usart.o)
 .text.halUsartTaskUsart1Rxc
                0x00001fb4        0x8 ../BitCloud/lib\libHAL_AtmlStk600_Atmega128rfa1_8Mhz_Gcc.a(usart.o)
 .text.halSigUsartHandler
                0x00001fbc       0x6e ../BitCloud/lib\libHAL_AtmlStk600_Atmega128rfa1_8Mhz_Gcc.a(usart.o)
                0x00001fbc                halSigUsartHandler
 .text.halPostUsartTask
                0x0000202a       0x3c ../BitCloud/lib\libHAL_AtmlStk600_Atmega128rfa1_8Mhz_Gcc.a(usart.o)
                0x0000202a                halPostUsartTask
 .text.halUsartRxBufferFiller
                0x00002066       0xa4 ../BitCloud/lib\libHAL_AtmlStk600_Atmega128rfa1_8Mhz_Gcc.a(usart.o)
                0x00002066                halUsartRxBufferFiller
 .text.halSigUsartTransmissionComplete
                0x0000210a       0x68 ../BitCloud/lib\libHAL_AtmlStk600_Atmega128rfa1_8Mhz_Gcc.a(usart.o)
                0x0000210a                halSigUsartTransmissionComplete
 .text.halUsartTaskUsart1Txc
                0x00002172        0x8 ../BitCloud/lib\libHAL_AtmlStk600_Atmega128rfa1_8Mhz_Gcc.a(usart.o)
 .text.halUsartTaskUsart0Txc
                0x0000217a        0x8 ../BitCloud/lib\libHAL_AtmlStk600_Atmega128rfa1_8Mhz_Gcc.a(usart.o)
 .text.halIsUsartChannelCorrect
                0x00002182       0x16 ../BitCloud/lib\libHAL_AtmlStk600_Atmega128rfa1_8Mhz_Gcc.a(usart.o)
                0x00002182                halIsUsartChannelCorrect
 .text.HAL_ReadUsart
                0x00002198       0xc6 ../BitCloud/lib\libHAL_AtmlStk600_Atmega128rfa1_8Mhz_Gcc.a(usart.o)
                0x00002198                HAL_ReadUsart
 .text.HAL_WriteUsart
                0x0000225e       0xfc ../BitCloud/lib\libHAL_AtmlStk600_Atmega128rfa1_8Mhz_Gcc.a(usart.o)
                0x0000225e                HAL_WriteUsart
 .text.HAL_OpenUsart
                0x0000235a       0x92 ../BitCloud/lib\libHAL_AtmlStk600_Atmega128rfa1_8Mhz_Gcc.a(usart.o)
                0x0000235a                HAL_OpenUsart
 .text.HAL_ReadEeprom
                0x000023ec       0xc8 ../BitCloud/lib\libHAL_AtmlStk600_Atmega128rfa1_8Mhz_Gcc.a(eeprom.o)
                0x000023ec                HAL_ReadEeprom
 .text.HAL_WriteEeprom
                0x000024b4       0xea ../BitCloud/lib\libHAL_AtmlStk600_Atmega128rfa1_8Mhz_Gcc.a(eeprom.o)
                0x000024b4                HAL_WriteEeprom
 .text.HAL_IsEepromBusy
                0x0000259e        0xe ../BitCloud/lib\libHAL_AtmlStk600_Atmega128rfa1_8Mhz_Gcc.a(eeprom.o)
                0x0000259e                HAL_IsEepromBusy
 .text.halSigEepromReadyHandler
                0x000025ac       0x60 ../BitCloud/lib\libHAL_AtmlStk600_Atmega128rfa1_8Mhz_Gcc.a(eeprom.o)
                0x000025ac                halSigEepromReadyHandler
 .text.halAddTimer
                0x0000260c      0x370 ../BitCloud/lib\libHAL_AtmlStk600_Atmega128rfa1_8Mhz_Gcc.a(timer.o)
                0x0000260c                halAddTimer
 .text.halRemoveTimer
                0x0000297c       0x3e ../BitCloud/lib\libHAL_AtmlStk600_Atmega128rfa1_8Mhz_Gcc.a(timer.o)
                0x0000297c                halRemoveTimer
 .text.halFindPrevTimer
                0x000029ba       0x1e ../BitCloud/lib\libHAL_AtmlStk600_Atmega128rfa1_8Mhz_Gcc.a(timer.o)
                0x000029ba                halFindPrevTimer
 .text.HAL_OpenAdc
                0x000029d8       0x54 ../BitCloud/lib\libHAL_AtmlStk600_Atmega128rfa1_8Mhz_Gcc.a(adc.o)
                0x000029d8                HAL_OpenAdc
 .text.halSigAdcHandler
                0x00002a2c       0x16 ../BitCloud/lib\libHAL_AtmlStk600_Atmega128rfa1_8Mhz_Gcc.a(adc.o)
                0x00002a2c                halSigAdcHandler
 .text.halStartSleepTimerClock
                0x00002a42       0x48 ../BitCloud/lib\libHAL_AtmlStk600_Atmega128rfa1_8Mhz_Gcc.a(halSleepTimerClock.o)
                0x00002a42                halStartSleepTimerClock
 .text.halStopSleepTimerClock
                0x00002a8a       0x42 ../BitCloud/lib\libHAL_AtmlStk600_Atmega128rfa1_8Mhz_Gcc.a(halSleepTimerClock.o)
                0x00002a8a                halStopSleepTimerClock
 .text.halSetSleepTimerInterval
                0x00002acc       0x6a ../BitCloud/lib\libHAL_AtmlStk600_Atmega128rfa1_8Mhz_Gcc.a(halSleepTimerClock.o)
                0x00002acc                halSetSleepTimerInterval
 .text.halGetTimeOfSleepTimer
                0x00002b36       0xbc ../BitCloud/lib\libHAL_AtmlStk600_Atmega128rfa1_8Mhz_Gcc.a(halSleepTimerClock.o)
                0x00002b36                halGetTimeOfSleepTimer
 .text.halSleepTimerFrequency
                0x00002bf2        0xa ../BitCloud/lib\libHAL_AtmlStk600_Atmega128rfa1_8Mhz_Gcc.a(halSleepTimerClock.o)
                0x00002bf2                halSleepTimerFrequency
 .text.halSleepSystemTimeSynchronize
                0x00002bfc       0x62 ../BitCloud/lib\libHAL_AtmlStk600_Atmega128rfa1_8Mhz_Gcc.a(halSleepTimerClock.o)
                0x00002bfc                halSleepSystemTimeSynchronize
 .text.__vector_13
                0x00002c5e       0x92 ../BitCloud/lib\libHAL_AtmlStk600_Atmega128rfa1_8Mhz_Gcc.a(halSleepTimerClock.o)
                0x00002c5e                __vector_13
 .text.__vector_15
                0x00002cf0      0x10a ../BitCloud/lib\libHAL_AtmlStk600_Atmega128rfa1_8Mhz_Gcc.a(halSleepTimerClock.o)
                0x00002cf0                __vector_15
 .text.halInitAppClock
                0x00002dfa       0x26 ../BitCloud/lib\libHAL_AtmlStk600_Atmega128rfa1_8Mhz_Gcc.a(halAppClock.o)
                0x00002dfa                halInitAppClock
 .text.halAdjustSleepInterval
                0x00002e20       0x50 ../BitCloud/lib\libHAL_AtmlStk600_Atmega128rfa1_8Mhz_Gcc.a(halAppClock.o)
                0x00002e20                halAdjustSleepInterval
 .text.halAppSystemTimeSynchronize
                0x00002e70       0x62 ../BitCloud/lib\libHAL_AtmlStk600_Atmega128rfa1_8Mhz_Gcc.a(halAppClock.o)
                0x00002e70                halAppSystemTimeSynchronize
 .text.halGetTimeOfAppTimer
                0x00002ed2       0x16 ../BitCloud/lib\libHAL_AtmlStk600_Atmega128rfa1_8Mhz_Gcc.a(halAppClock.o)
                0x00002ed2                halGetTimeOfAppTimer
 .text.__vector_42
                0x00002ee8       0x4c ../BitCloud/lib\libHAL_AtmlStk600_Atmega128rfa1_8Mhz_Gcc.a(halAppClock.o)
                0x00002ee8                __vector_42
 .text.halSetUsartConfig
                0x00002f34       0xb2 ../BitCloud/lib\libHAL_AtmlStk600_Atmega128rfa1_8Mhz_Gcc.a(halUsart.o)
                0x00002f34                halSetUsartConfig
 .text.__vector_26
                0x00002fe6       0x5c ../BitCloud/lib\libHAL_AtmlStk600_Atmega128rfa1_8Mhz_Gcc.a(halUsart.o)
                0x00002fe6                __vector_26
 .text.__vector_27
                0x00003042       0x5c ../BitCloud/lib\libHAL_AtmlStk600_Atmega128rfa1_8Mhz_Gcc.a(halUsart.o)
                0x00003042                __vector_27
 .text.__vector_25
                0x0000309e       0x64 ../BitCloud/lib\libHAL_AtmlStk600_Atmega128rfa1_8Mhz_Gcc.a(halUsart.o)
                0x0000309e                __vector_25
 .text.__vector_37
                0x00003102       0x5c ../BitCloud/lib\libHAL_AtmlStk600_Atmega128rfa1_8Mhz_Gcc.a(halUsart.o)
                0x00003102                __vector_37
 .text.__vector_38
                0x0000315e       0x5c ../BitCloud/lib\libHAL_AtmlStk600_Atmega128rfa1_8Mhz_Gcc.a(halUsart.o)
                0x0000315e                __vector_38
 .text.__vector_36
                0x000031ba       0x64 ../BitCloud/lib\libHAL_AtmlStk600_Atmega128rfa1_8Mhz_Gcc.a(halUsart.o)
                0x000031ba                __vector_36
 .text.halEepromWrite
                0x0000321e       0x1c ../BitCloud/lib\libHAL_AtmlStk600_Atmega128rfa1_8Mhz_Gcc.a(halEeprom.o)
                0x0000321e                halEepromWrite
 .text.__vector_30
                0x0000323a       0x44 ../BitCloud/lib\libHAL_AtmlStk600_Atmega128rfa1_8Mhz_Gcc.a(halEeprom.o)
                0x0000323a                __vector_30
 .text.halPowerOn
                0x0000327e       0x3e ../BitCloud/lib\libHAL_AtmlStk600_Atmega128rfa1_8Mhz_Gcc.a(halSleep.o)
                0x0000327e                halPowerOn
 .text.halPowerOff
                0x000032bc       0x9a ../BitCloud/lib\libHAL_AtmlStk600_Atmega128rfa1_8Mhz_Gcc.a(halSleep.o)
                0x000032bc                halPowerOff
 .text.HAL_Sleep
                0x00003356       0x40 ../BitCloud/lib\libHAL_AtmlStk600_Atmega128rfa1_8Mhz_Gcc.a(halSleep.o)
                0x00003356                HAL_Sleep
 .text.halWakeupHandler
                0x00003396       0x6a ../BitCloud/lib\libHAL_AtmlStk600_Atmega128rfa1_8Mhz_Gcc.a(halSleep.o)
                0x00003396                halWakeupHandler
 .text.halOpenAdc
                0x00003400       0x56 ../BitCloud/lib\libHAL_AtmlStk600_Atmega128rfa1_8Mhz_Gcc.a(halAdc.o)
                0x00003400                halOpenAdc
 .text.__vector_29
                0x00003456       0xcc ../BitCloud/lib\libHAL_AtmlStk600_Atmega128rfa1_8Mhz_Gcc.a(halAdc.o)
                0x00003456                __vector_29
 .text.halCalibrateInternalRc
                0x00003522       0xda ../BitCloud/lib\libHAL_AtmlStk600_Atmega128rfa1_8Mhz_Gcc.a(calibration.o)
                0x00003522                halCalibrateInternalRc
 .text.HAL_CalibrateMainClock
                0x000035fc        0xe ../BitCloud/lib\libHAL_AtmlStk600_Atmega128rfa1_8Mhz_Gcc.a(calibration.o)
                0x000035fc                HAL_CalibrateMainClock
 .text.halStartingCalibrate
                0x0000360a       0x1c ../BitCloud/lib\libHAL_AtmlStk600_Atmega128rfa1_8Mhz_Gcc.a(calibration.o)
                0x0000360a                halStartingCalibrate
 .text.HAL_TaskHandler
                0x00003626      0x1b2 ../BitCloud/lib\libHAL_AtmlStk600_Atmega128rfa1_8Mhz_Gcc.a(halTaskManager.o)
                0x00003626                HAL_TaskHandler
 .text.halI2cBusReset
                0x000037d8       0x36 ../BitCloud/lib\libHAL_AtmlStk600_Atmega128rfa1_8Mhz_Gcc.a(i2cPacket.o)
                0x000037d8                halI2cBusReset
 .text.halSendStartDoneI2c
                0x0000380e       0x3e ../BitCloud/lib\libHAL_AtmlStk600_Atmega128rfa1_8Mhz_Gcc.a(i2cPacket.o)
                0x0000380e                halSendStartDoneI2c
 .text.halWriteData
                0x0000384c       0x64 ../BitCloud/lib\libHAL_AtmlStk600_Atmega128rfa1_8Mhz_Gcc.a(i2cPacket.o)
                0x0000384c                halWriteData
 .text.halWriteInternalAddress
                0x000038b0       0x5c ../BitCloud/lib\libHAL_AtmlStk600_Atmega128rfa1_8Mhz_Gcc.a(i2cPacket.o)
                0x000038b0                halWriteInternalAddress
 .text.halWriteDoneI2c
                0x0000390c       0x3a ../BitCloud/lib\libHAL_AtmlStk600_Atmega128rfa1_8Mhz_Gcc.a(i2cPacket.o)
                0x0000390c                halWriteDoneI2c
 .text.halMasterReadWriteAddressAckI2c
                0x00003946       0x3c ../BitCloud/lib\libHAL_AtmlStk600_Atmega128rfa1_8Mhz_Gcc.a(i2cPacket.o)
                0x00003946                halMasterReadWriteAddressAckI2c
 .text.halReadDoneI2c
                0x00003982       0x58 ../BitCloud/lib\libHAL_AtmlStk600_Atmega128rfa1_8Mhz_Gcc.a(i2cPacket.o)
                0x00003982                halReadDoneI2c
 .text.halReadLastByteDoneI2c
                0x000039da       0x58 ../BitCloud/lib\libHAL_AtmlStk600_Atmega128rfa1_8Mhz_Gcc.a(i2cPacket.o)
                0x000039da                halReadLastByteDoneI2c
 .text.halSig2WireSerialHandler
                0x00003a32       0x46 ../BitCloud/lib\libHAL_AtmlStk600_Atmega128rfa1_8Mhz_Gcc.a(i2cPacket.o)
                0x00003a32                halSig2WireSerialHandler
 .text.halClearRealSpi
                0x00003a78        0x8 ../BitCloud/lib\libHAL_AtmlStk600_Atmega128rfa1_8Mhz_Gcc.a(spi.o)
 .text.halSpiTxByteComplete
                0x00003a80       0x32 ../BitCloud/lib\libHAL_AtmlStk600_Atmega128rfa1_8Mhz_Gcc.a(spi.o)
                0x00003a80                halSpiTxByteComplete
 .text.halSpiRxBufferFiller
                0x00003ab2       0x58 ../BitCloud/lib\libHAL_AtmlStk600_Atmega128rfa1_8Mhz_Gcc.a(spi.o)
                0x00003ab2                halSpiRxBufferFiller
 .text.halSpiRxByteComplete
                0x00003b0a       0x24 ../BitCloud/lib\libHAL_AtmlStk600_Atmega128rfa1_8Mhz_Gcc.a(spi.o)
                0x00003b0a                halSpiRxByteComplete
 .text.HAL_StartSystemSleep
                0x00003b2e       0x7a ../BitCloud/lib\libHAL_AtmlStk600_Atmega128rfa1_8Mhz_Gcc.a(sleep.o)
                0x00003b2e                HAL_StartSystemSleep
 .text.halSmRequestHandler
                0x00003ba8      0x15c ../BitCloud/lib\libHAL_AtmlStk600_Atmega128rfa1_8Mhz_Gcc.a(halSecurityModule.o)
                0x00003ba8                halSmRequestHandler
 .text.halInitFreq
                0x00003d04       0x6c ../BitCloud/lib\libHAL_AtmlStk600_Atmega128rfa1_8Mhz_Gcc.a(halClkCtrl.o)
                0x00003d04                halInitFreq
 .text.halGetClockSource
                0x00003d70        0x6 ../BitCloud/lib\libHAL_AtmlStk600_Atmega128rfa1_8Mhz_Gcc.a(halClkCtrl.o)
                0x00003d70                halGetClockSource
 .text.__vector_39
                0x00003d76       0xda ../BitCloud/lib\libHAL_AtmlStk600_Atmega128rfa1_8Mhz_Gcc.a(halTwi.o)
                0x00003d76                __vector_39
 .text.__vector_24
                0x00003e50       0x8c ../BitCloud/lib\libHAL_AtmlStk600_Atmega128rfa1_8Mhz_Gcc.a(halSpi.o)
                0x00003e50                __vector_24
 .text.HAL_StartSleepTimer
                0x00003edc       0x72 ../BitCloud/lib\libHAL_AtmlStk600_Atmega128rfa1_8Mhz_Gcc.a(sleepTimer.o)
                0x00003edc                HAL_StartSleepTimer
 .text.halAsyncTimerHandler
                0x00003f4e       0x52 ../BitCloud/lib\libHAL_AtmlStk600_Atmega128rfa1_8Mhz_Gcc.a(sleepTimer.o)
                0x00003f4e                halAsyncTimerHandler
 .text.phyRxTxSwitcher
                0x00003fa0       0x36 ../BitCloud/lib\libBc_All_Atmega128rfa1_Atmega128rfa1_Gcc.a(phyRxTxIndicator.o)
 .text.phyRxTxSwitcherOn
                0x00003fd6        0x8 ../BitCloud/lib\libBc_All_Atmega128rfa1_Atmega128rfa1_Gcc.a(phyRxTxIndicator.o)
                0x00003fd6                phyRxTxSwitcherOn
 .text.phyRxTxSwitcherOff
                0x00003fde        0x8 ../BitCloud/lib\libBc_All_Atmega128rfa1_Atmega128rfa1_Gcc.a(phyRxTxIndicator.o)
                0x00003fde                phyRxTxSwitcherOff
 .text.deleteHeadQueueElem
                0x00003fe6       0x22 ../BitCloud/lib\libBc_All_Atmega128rfa1_Atmega128rfa1_Gcc.a(queue.o)
                0x00003fe6                deleteHeadQueueElem
 .text.deleteQueueElem
                0x00004008       0x4a ../BitCloud/lib\libBc_All_Atmega128rfa1_Atmega128rfa1_Gcc.a(queue.o)
                0x00004008                deleteQueueElem
 .text.isQueueElem
                0x00004052       0x22 ../BitCloud/lib\libBc_All_Atmega128rfa1_Atmega128rfa1_Gcc.a(queue.o)
                0x00004052                isQueueElem
 .text.putQueueElem
                0x00004074       0x40 ../BitCloud/lib\libBc_All_Atmega128rfa1_Atmega128rfa1_Gcc.a(queue.o)
                0x00004074                putQueueElem
 .text.SYS_PostEvent
                0x000040b4       0x7a ../BitCloud/lib\libBc_All_Atmega128rfa1_Atmega128rfa1_Gcc.a(sysEvents.o)
                0x000040b4                SYS_PostEvent
 .text.SYS_IsEventDeliverable
                0x0000412e       0x38 ../BitCloud/lib\libBc_All_Atmega128rfa1_Atmega128rfa1_Gcc.a(sysEvents.o)
                0x0000412e                SYS_IsEventDeliverable
 .text.SYS_IsEventSubscriber
                0x00004166       0x32 ../BitCloud/lib\libBc_All_Atmega128rfa1_Atmega128rfa1_Gcc.a(sysEvents.o)
                0x00004166                SYS_IsEventSubscriber
 .text.SYS_SubscribeToEvent
                0x00004198       0x70 ../BitCloud/lib\libBc_All_Atmega128rfa1_Atmega128rfa1_Gcc.a(sysEvents.o)
                0x00004198                SYS_SubscribeToEvent
 .text.SYS_RunTask
                0x00004208       0x76 ../BitCloud/lib\libBc_All_Atmega128rfa1_Atmega128rfa1_Gcc.a(taskManager.o)
                0x00004208                SYS_RunTask
 .text.SYS_ForceRunTask
                0x0000427e        0x6 ../BitCloud/lib\libBc_All_Atmega128rfa1_Atmega128rfa1_Gcc.a(taskManager.o)
                0x0000427e                SYS_ForceRunTask
 .text.SYS_SysInit
                0x00004284       0x22 ../BitCloud/lib\libBc_All_Atmega128rfa1_Atmega128rfa1_Gcc.a(taskManager.o)
                0x00004284                SYS_SysInit
 .text.APS_StopConf
                0x000042a6       0x14 ../BitCloud/lib\libBc_All_Atmega128rfa1_Atmega128rfa1_Gcc.a(zdo.o)
 .text.zdoNodeManagerNwkLeaveConf
                0x000042ba        0x6 ../BitCloud/lib\libBc_All_Atmega128rfa1_Atmega128rfa1_Gcc.a(zdo.o)
 .text.zdoNwkManagerReset
                0x000042c0       0x10 ../BitCloud/lib\libBc_All_Atmega128rfa1_Atmega128rfa1_Gcc.a(zdo.o)
 .text.zdoStackResetConf
                0x000042d0       0x1c ../BitCloud/lib\libBc_All_Atmega128rfa1_Atmega128rfa1_Gcc.a(zdo.o)
 .text.zdoSecurityManagerHandler
                0x000042ec        0x2 ../BitCloud/lib\libBc_All_Atmega128rfa1_Atmega128rfa1_Gcc.a(zdo.o)
                0x000042ec                zdoSecurityManagerHandler
 .text.zdoPostTask
                0x000042ee       0x3c ../BitCloud/lib\libBc_All_Atmega128rfa1_Atmega128rfa1_Gcc.a(zdo.o)
 .text.zdoCheckStartNetworkRequestsQueue
                0x0000432a       0x38 ../BitCloud/lib\libBc_All_Atmega128rfa1_Atmega128rfa1_Gcc.a(zdo.o)
 .text.zdoStartNetworkFree
                0x00004362        0xe ../BitCloud/lib\libBc_All_Atmega128rfa1_Atmega128rfa1_Gcc.a(zdo.o)
 .text.startConfirm
                0x00004370       0x2e ../BitCloud/lib\libBc_All_Atmega128rfa1_Atmega128rfa1_Gcc.a(zdo.o)
 .text.sleepConfirm
                0x0000439e       0x24 ../BitCloud/lib\libBc_All_Atmega128rfa1_Atmega128rfa1_Gcc.a(zdo.o)
 .text.wakeUpConfirm
                0x000043c2       0x24 ../BitCloud/lib\libBc_All_Atmega128rfa1_Atmega128rfa1_Gcc.a(zdo.o)
 .text.zdoUnpostTask
                0x000043e6       0x28 ../BitCloud/lib\libBc_All_Atmega128rfa1_Atmega128rfa1_Gcc.a(zdo.o)
 .text.zdoSetZdpDataReqState
                0x0000440e       0x22 ../BitCloud/lib\libBc_All_Atmega128rfa1_Atmega128rfa1_Gcc.a(zdo.o)
 .text.confirmResponse
                0x00004430        0x8 ../BitCloud/lib\libBc_All_Atmega128rfa1_Atmega128rfa1_Gcc.a(zdo.o)
 .text.zdoDefaultBindApsDataConf
                0x00004438        0x8 ../BitCloud/lib\libBc_All_Atmega128rfa1_Atmega128rfa1_Gcc.a(zdo.o)
 .text.confirmMgmtLqiResponse
                0x00004440        0x8 ../BitCloud/lib\libBc_All_Atmega128rfa1_Atmega128rfa1_Gcc.a(zdo.o)
 .text.permitJoiningConf
                0x00004448       0x16 ../BitCloud/lib\libBc_All_Atmega128rfa1_Atmega128rfa1_Gcc.a(zdo.o)
 .text.confirmMgmtPermitJoiningResponse
                0x0000445e        0x8 ../BitCloud/lib\libBc_All_Atmega128rfa1_Atmega128rfa1_Gcc.a(zdo.o)
 .text.zdoZdpApsConfCallback
                0x00004466       0x78 ../BitCloud/lib\libBc_All_Atmega128rfa1_Atmega128rfa1_Gcc.a(zdo.o)
 .text.zdoSetZdpIndState
                0x000044de       0x10 ../BitCloud/lib\libBc_All_Atmega128rfa1_Atmega128rfa1_Gcc.a(zdo.o)
 .text.ttlUpdateTimerFired
                0x000044ee       0x72 ../BitCloud/lib\libBc_All_Atmega128rfa1_Atmega128rfa1_Gcc.a(zdo.o)
 .text.zdoSetOutOfNetworkFlag
                0x00004560       0x36 ../BitCloud/lib\libBc_All_Atmega128rfa1_Atmega128rfa1_Gcc.a(zdo.o)
 .text.zdoStartNetworkConfirm
                0x00004596       0x24 ../BitCloud/lib\libBc_All_Atmega128rfa1_Atmega128rfa1_Gcc.a(zdo.o)
 .text.reenterNetwork
                0x000045ba       0x30 ../BitCloud/lib\libBc_All_Atmega128rfa1_Atmega128rfa1_Gcc.a(zdo.o)
 .text.joinNetwork
                0x000045ea       0x86 ../BitCloud/lib\libBc_All_Atmega128rfa1_Atmega128rfa1_Gcc.a(zdo.o)
 .text.zdoRejoinNetwork
                0x00004670       0x1c ../BitCloud/lib\libBc_All_Atmega128rfa1_Atmega128rfa1_Gcc.a(zdo.o)
 .text.zdoIntraPanPortApsStopConf
                0x0000468c       0x1c ../BitCloud/lib\libBc_All_Atmega128rfa1_Atmega128rfa1_Gcc.a(zdo.o)
 .text.joinTimerFired
                0x000046a8        0x6 ../BitCloud/lib\libBc_All_Atmega128rfa1_Atmega128rfa1_Gcc.a(zdo.o)
 .text.stopSyncTimer
                0x000046ae        0xa ../BitCloud/lib\libBc_All_Atmega128rfa1_Atmega128rfa1_Gcc.a(zdo.o)
 .text.startSyncTimer
                0x000046b8       0x62 ../BitCloud/lib\libBc_All_Atmega128rfa1_Atmega128rfa1_Gcc.a(zdo.o)
 .text.zdoZdpResetReq
                0x0000471a       0x90 ../BitCloud/lib\libBc_All_Atmega128rfa1_Atmega128rfa1_Gcc.a(zdo.o)
 .text.zdoNetworkFormationReq
                0x000047aa       0x44 ../BitCloud/lib\libBc_All_Atmega128rfa1_Atmega128rfa1_Gcc.a(zdo.o)
 .text.permitJoin
                0x000047ee       0x24 ../BitCloud/lib\libBc_All_Atmega128rfa1_Atmega128rfa1_Gcc.a(zdo.o)
 .text.zdoPseudoRandomSeed
                0x00004812       0x46 ../BitCloud/lib\libBc_All_Atmega128rfa1_Atmega128rfa1_Gcc.a(zdo.o)
 .text.RF_RandomConfUpdater
                0x00004858       0x1c ../BitCloud/lib\libBc_All_Atmega128rfa1_Atmega128rfa1_Gcc.a(zdo.o)
 .text.zdoUpdateRandSeedTimerFired
                0x00004874       0x28 ../BitCloud/lib\libBc_All_Atmega128rfa1_Atmega128rfa1_Gcc.a(zdo.o)
 .text.zdoStackReset
                0x0000489c       0x2a ../BitCloud/lib\libBc_All_Atmega128rfa1_Atmega128rfa1_Gcc.a(zdo.o)
 .text.startSystemSleep
                0x000048c6       0x48 ../BitCloud/lib\libBc_All_Atmega128rfa1_Atmega128rfa1_Gcc.a(zdo.o)
 .text.sendSyncReq
                0x0000490e       0x30 ../BitCloud/lib\libBc_All_Atmega128rfa1_Atmega128rfa1_Gcc.a(zdo.o)
 .text.transceiverSwitchedOn
                0x0000493e       0x3a ../BitCloud/lib\libBc_All_Atmega128rfa1_Atmega128rfa1_Gcc.a(zdo.o)
 .text.wakeupCallback
                0x00004978       0x4c ../BitCloud/lib\libBc_All_Atmega128rfa1_Atmega128rfa1_Gcc.a(zdo.o)
 .text.zdoPowerManagerHandler
                0x000049c4       0xf6 ../BitCloud/lib\libBc_All_Atmega128rfa1_Atmega128rfa1_Gcc.a(zdo.o)
 .text.transceiverSwitchedOff
                0x00004aba       0x18 ../BitCloud/lib\libBc_All_Atmega128rfa1_Atmega128rfa1_Gcc.a(zdo.o)
 .text.zdoZdpManagerHandler
                0x00004ad2      0x1d6 ../BitCloud/lib\libBc_All_Atmega128rfa1_Atmega128rfa1_Gcc.a(zdo.o)
 .text.zdoNwkEventListener
                0x00004ca8       0x6e ../BitCloud/lib\libBc_All_Atmega128rfa1_Atmega128rfa1_Gcc.a(zdo.o)
 .text.zdoOtherEventListener
                0x00004d16       0x34 ../BitCloud/lib\libBc_All_Atmega128rfa1_Atmega128rfa1_Gcc.a(zdo.o)
 .text.zdoExecuteEDScan
                0x00004d4a       0x36 ../BitCloud/lib\libBc_All_Atmega128rfa1_Atmega128rfa1_Gcc.a(zdo.o)
 .text.confirmMgmtNwkUpdateNotify
                0x00004d80       0x2e ../BitCloud/lib\libBc_All_Atmega128rfa1_Atmega128rfa1_Gcc.a(zdo.o)
 .text.channelChangeTimerFired
                0x00004dae       0x22 ../BitCloud/lib\libBc_All_Atmega128rfa1_Atmega128rfa1_Gcc.a(zdo.o)
 .text.MAC_SetConf
                0x00004dd0       0x7e ../BitCloud/lib\libBc_All_Atmega128rfa1_Atmega128rfa1_Gcc.a(zdo.o)
 .text.zdoChildEventListener
                0x00004e4e       0xa8 ../BitCloud/lib\libBc_All_Atmega128rfa1_Atmega128rfa1_Gcc.a(zdo.o)
 .text.zdoInitNotifications
                0x00004ef6       0x6e ../BitCloud/lib\libBc_All_Atmega128rfa1_Atmega128rfa1_Gcc.a(zdo.o)
                0x00004ef6                zdoInitNotifications
 .text.zdoInitHandler
                0x00004f64      0x11e ../BitCloud/lib\libBc_All_Atmega128rfa1_Atmega128rfa1_Gcc.a(zdo.o)
 .text.NWK_JoinInd
                0x00005082       0x4e ../BitCloud/lib\libBc_All_Atmega128rfa1_Atmega128rfa1_Gcc.a(zdo.o)
                0x00005082                NWK_JoinInd
 .text.ZDO_StartSyncReq
                0x000050d0       0x30 ../BitCloud/lib\libBc_All_Atmega128rfa1_Atmega128rfa1_Gcc.a(zdo.o)
                0x000050d0                ZDO_StartSyncReq
 .text.deviceAnnceConf
                0x00005100       0x16 ../BitCloud/lib\libBc_All_Atmega128rfa1_Atmega128rfa1_Gcc.a(zdo.o)
 .text.ZDO_StopSyncReq
                0x00005116       0x18 ../BitCloud/lib\libBc_All_Atmega128rfa1_Atmega128rfa1_Gcc.a(zdo.o)
                0x00005116                ZDO_StopSyncReq
 .text.zdoLeaveNetworkReq
                0x0000512e       0x88 ../BitCloud/lib\libBc_All_Atmega128rfa1_Atmega128rfa1_Gcc.a(zdo.o)
 .text.zdoParentChangeConf
                0x000051b6       0x4c ../BitCloud/lib\libBc_All_Atmega128rfa1_Atmega128rfa1_Gcc.a(zdo.o)
 .text.confirmMgmtLeaveResponse
                0x00005202       0xac ../BitCloud/lib\libBc_All_Atmega128rfa1_Atmega128rfa1_Gcc.a(zdo.o)
 .text.leaveNetworkInd
                0x000052ae       0x32 ../BitCloud/lib\libBc_All_Atmega128rfa1_Atmega128rfa1_Gcc.a(zdo.o)
 .text.zdoLeaveNetworkNwkLeaveConf
                0x000052e0        0xe ../BitCloud/lib\libBc_All_Atmega128rfa1_Atmega128rfa1_Gcc.a(zdo.o)
 .text.NWK_LeaveInd
                0x000052ee       0x86 ../BitCloud/lib\libBc_All_Atmega128rfa1_Atmega128rfa1_Gcc.a(zdo.o)
                0x000052ee                NWK_LeaveInd
 .text.zdoReset
                0x00005374       0x18 ../BitCloud/lib\libBc_All_Atmega128rfa1_Atmega128rfa1_Gcc.a(zdo.o)
 .text.zdoLeaveConfirm
                0x0000538c       0x9a ../BitCloud/lib\libBc_All_Atmega128rfa1_Atmega128rfa1_Gcc.a(zdo.o)
 .text.ZDO_StartNetworkReq
                0x00005426       0x10 ../BitCloud/lib\libBc_All_Atmega128rfa1_Atmega128rfa1_Gcc.a(zdo.o)
                0x00005426                ZDO_StartNetworkReq
 .text.ZDO_TaskHandler
                0x00005436       0x7c ../BitCloud/lib\libBc_All_Atmega128rfa1_Atmega128rfa1_Gcc.a(zdo.o)
                0x00005436                ZDO_TaskHandler
 .text.APS_ZdoDataInd
                0x000054b2      0x160 ../BitCloud/lib\libBc_All_Atmega128rfa1_Atmega128rfa1_Gcc.a(zdo.o)
                0x000054b2                APS_ZdoDataInd
 .text.ZDO_ZdpReq
                0x00005612       0x64 ../BitCloud/lib\libBc_All_Atmega128rfa1_Atmega128rfa1_Gcc.a(zdo.o)
                0x00005612                ZDO_ZdpReq
 .text.zdoSendDeviceAnnce
                0x00005676       0xa0 ../BitCloud/lib\libBc_All_Atmega128rfa1_Atmega128rfa1_Gcc.a(zdo.o)
 .text.APS_StartConf
                0x00005716       0x48 ../BitCloud/lib\libBc_All_Atmega128rfa1_Atmega128rfa1_Gcc.a(zdo.o)
 .text.startAps
                0x0000575e       0x32 ../BitCloud/lib\libBc_All_Atmega128rfa1_Atmega128rfa1_Gcc.a(zdo.o)
 .text.NWK_StartRouterConf
                0x00005790       0x14 ../BitCloud/lib\libBc_All_Atmega128rfa1_Atmega128rfa1_Gcc.a(zdo.o)
 .text.NWK_PermitJoinConf
                0x000057a4       0x62 ../BitCloud/lib\libBc_All_Atmega128rfa1_Atmega128rfa1_Gcc.a(zdo.o)
 .text.zdoAuthenticationConf
                0x00005806       0x3e ../BitCloud/lib\libBc_All_Atmega128rfa1_Atmega128rfa1_Gcc.a(zdo.o)
                0x00005806                zdoAuthenticationConf
 .text.zdoAuthenticationStart
                0x00005844        0x8 ../BitCloud/lib\libBc_All_Atmega128rfa1_Atmega128rfa1_Gcc.a(zdo.o)
                0x00005844                zdoAuthenticationStart
 .text.zdoSendDeviceAnnceConf
                0x0000584c       0x34 ../BitCloud/lib\libBc_All_Atmega128rfa1_Atmega128rfa1_Gcc.a(zdo.o)
 .text.sendNwkUpdateNotify
                0x00005880       0x3e ../BitCloud/lib\libBc_All_Atmega128rfa1_Atmega128rfa1_Gcc.a(zdo.o)
 .text.zdoZdpFrameProcessorHandler
                0x000058be     0x152c ../BitCloud/lib\libBc_All_Atmega128rfa1_Atmega128rfa1_Gcc.a(zdo.o)
 .text.edScanConf
                0x00006dea       0x10 ../BitCloud/lib\libBc_All_Atmega128rfa1_Atmega128rfa1_Gcc.a(zdo.o)
 .text.zdoReloadZibFromConfigServer
                0x00006dfa      0x144 ../BitCloud/lib\libBc_All_Atmega128rfa1_Atmega128rfa1_Gcc.a(zdo.o)
                0x00006dfa                zdoReloadZibFromConfigServer
 .text.zdoStartNetworkTaskHandler
                0x00006f3e      0x11e ../BitCloud/lib\libBc_All_Atmega128rfa1_Atmega128rfa1_Gcc.a(zdo.o)
 .text.setNetworkParametersToZib
                0x0000705c       0x48 ../BitCloud/lib\libBc_All_Atmega128rfa1_Atmega128rfa1_Gcc.a(zdo.o)
                0x0000705c                setNetworkParametersToZib
 .text.NWK_JoinConf
                0x000070a4       0x5a ../BitCloud/lib\libBc_All_Atmega128rfa1_Atmega128rfa1_Gcc.a(zdo.o)
 .text.NWK_NetworkFormationConf
                0x000070fe       0x18 ../BitCloud/lib\libBc_All_Atmega128rfa1_Atmega128rfa1_Gcc.a(zdo.o)
 .text.zdoStartNetworkStackResetConf
                0x00007116       0x5a ../BitCloud/lib\libBc_All_Atmega128rfa1_Atmega128rfa1_Gcc.a(zdo.o)
 .text.zdoPerformIntraPanPortability
                0x00007170       0x40 ../BitCloud/lib\libBc_All_Atmega128rfa1_Atmega128rfa1_Gcc.a(zdo.o)
                0x00007170                zdoPerformIntraPanPortability
 .text.NWK_SyncConf
                0x000071b0       0x56 ../BitCloud/lib\libBc_All_Atmega128rfa1_Atmega128rfa1_Gcc.a(zdo.o)
 .text.NWK_NwkStatusInd
                0x00007206       0xb2 ../BitCloud/lib\libBc_All_Atmega128rfa1_Atmega128rfa1_Gcc.a(zdo.o)
                0x00007206                NWK_NwkStatusInd
 .text.apsGetApsCounter
                0x000072b8        0xe ../BitCloud/lib\libBc_All_Atmega128rfa1_Atmega128rfa1_Gcc.a(aps.o)
 .text.apsPrepareFragmentedTransmission
                0x000072c6       0x70 ../BitCloud/lib\libBc_All_Atmega128rfa1_Atmega128rfa1_Gcc.a(aps.o)
 .text.apsIsFragmentationDataReq
                0x00007336       0x22 ../BitCloud/lib\libBc_All_Atmega128rfa1_Atmega128rfa1_Gcc.a(aps.o)
 .text.apsGetBuffer
                0x00007358       0xd6 ../BitCloud/lib\libBc_All_Atmega128rfa1_Atmega128rfa1_Gcc.a(aps.o)
 .text.apsFreeBuffer
                0x0000742e       0x8e ../BitCloud/lib\libBc_All_Atmega128rfa1_Atmega128rfa1_Gcc.a(aps.o)
 .text.apsPostTask
                0x000074bc       0x32 ../BitCloud/lib\libBc_All_Atmega128rfa1_Atmega128rfa1_Gcc.a(aps.o)
 .text.apsMakeApsDataConf
                0x000074ee       0x5a ../BitCloud/lib\libBc_All_Atmega128rfa1_Atmega128rfa1_Gcc.a(aps.o)
 .text.apsAckForFragmentedReceiveConfirmHandler
                0x00007548       0x9e ../BitCloud/lib\libBc_All_Atmega128rfa1_Atmega128rfa1_Gcc.a(aps.o)
 .text.apsStopConf
                0x000075e6       0x4a ../BitCloud/lib\libBc_All_Atmega128rfa1_Atmega128rfa1_Gcc.a(aps.o)
 .text.apsSendNwkDataReq
                0x00007630       0x10 ../BitCloud/lib\libBc_All_Atmega128rfa1_Atmega128rfa1_Gcc.a(aps.o)
 .text.apsProcessShortAddrModeDataReq
                0x00007640      0x296 ../BitCloud/lib\libBc_All_Atmega128rfa1_Atmega128rfa1_Gcc.a(aps.o)
 .text.apsSendNextBlock
                0x000078d6       0x14 ../BitCloud/lib\libBc_All_Atmega128rfa1_Atmega128rfa1_Gcc.a(aps.o)
 .text.apsSendAckForFragmentedReceive
                0x000078ea       0xce ../BitCloud/lib\libBc_All_Atmega128rfa1_Atmega128rfa1_Gcc.a(aps.o)
 .text.apsDataManagerNwkDataConf
                0x000079b8       0x1c ../BitCloud/lib\libBc_All_Atmega128rfa1_Atmega128rfa1_Gcc.a(aps.o)
 .text.apsProcessEvent
                0x000079d4       0x26 ../BitCloud/lib\libBc_All_Atmega128rfa1_Atmega128rfa1_Gcc.a(aps.o)
 .text.apsProcessGroupAddrModeDataReq
                0x000079fa      0x190 ../BitCloud/lib\libBc_All_Atmega128rfa1_Atmega128rfa1_Gcc.a(aps.o)
 .text.apsCalculateApsAckTimeout
                0x00007b8a       0x56 ../BitCloud/lib\libBc_All_Atmega128rfa1_Atmega128rfa1_Gcc.a(aps.o)
 .text.apsGroupNwkDataConf
                0x00007be0       0x4a ../BitCloud/lib\libBc_All_Atmega128rfa1_Atmega128rfa1_Gcc.a(aps.o)
 .text.apsNextBind
                0x00007c2a       0xb0 ../BitCloud/lib\libBc_All_Atmega128rfa1_Atmega128rfa1_Gcc.a(aps.o)
 .text.apsSendToNextBoundDevice
                0x00007cda       0x9c ../BitCloud/lib\libBc_All_Atmega128rfa1_Atmega128rfa1_Gcc.a(aps.o)
 .text.apsProcessIndirectDataReq
                0x00007d76       0x2c ../BitCloud/lib\libBc_All_Atmega128rfa1_Atmega128rfa1_Gcc.a(aps.o)
 .text.apsFindBindingEntry
                0x00007da2       0xc6 ../BitCloud/lib\libBc_All_Atmega128rfa1_Atmega128rfa1_Gcc.a(aps.o)
 .text.SYS_GetRandomNumber
                0x00007e68       0x2a ../BitCloud/lib\libBc_All_Atmega128rfa1_Atmega128rfa1_Gcc.a(aps.o)
 .text.apsResetMemoryManager
                0x00007e92       0xfa ../BitCloud/lib\libBc_All_Atmega128rfa1_Atmega128rfa1_Gcc.a(aps.o)
 .text.apsAckOnTimerFired
                0x00007f8c       0xf8 ../BitCloud/lib\libBc_All_Atmega128rfa1_Atmega128rfa1_Gcc.a(aps.o)
 .text.apsHandleTransmittedData.clone.10
                0x00008084       0x6e ../BitCloud/lib\libBc_All_Atmega128rfa1_Atmega128rfa1_Gcc.a(aps.o)
 .text.APS_BindReq
                0x000080f2       0xa6 ../BitCloud/lib\libBc_All_Atmega128rfa1_Atmega128rfa1_Gcc.a(aps.o)
                0x000080f2                APS_BindReq
 .text.APS_UnbindReq
                0x00008198       0x4a ../BitCloud/lib\libBc_All_Atmega128rfa1_Atmega128rfa1_Gcc.a(aps.o)
                0x00008198                APS_UnbindReq
 .text.APS_DataReq
                0x000081e2       0x12 ../BitCloud/lib\libBc_All_Atmega128rfa1_Atmega128rfa1_Gcc.a(aps.o)
                0x000081e2                APS_DataReq
 .text.NWK_DataInd
                0x000081f4       0x12 ../BitCloud/lib\libBc_All_Atmega128rfa1_Atmega128rfa1_Gcc.a(aps.o)
                0x000081f4                NWK_DataInd
 .text.APS_CalculateTimes
                0x00008206      0x1b2 ../BitCloud/lib\libBc_All_Atmega128rfa1_Atmega128rfa1_Gcc.a(aps.o)
                0x00008206                APS_CalculateTimes
 .text.apsResetDataManager
                0x000083b8      0x110 ../BitCloud/lib\libBc_All_Atmega128rfa1_Atmega128rfa1_Gcc.a(aps.o)
 .text.apsNwkResetConf
                0x000084c8      0x196 ../BitCloud/lib\libBc_All_Atmega128rfa1_Atmega128rfa1_Gcc.a(aps.o)
 .text.apsStateMachineTaskHandler
                0x0000865e       0xee ../BitCloud/lib\libBc_All_Atmega128rfa1_Atmega128rfa1_Gcc.a(aps.o)
 .text.APS_IsProfileIdMatched
                0x0000874c       0x22 ../BitCloud/lib\libBc_All_Atmega128rfa1_Atmega128rfa1_Gcc.a(aps.o)
                0x0000874c                APS_IsProfileIdMatched
 .text.APS_NextEndpoint
                0x0000876e       0x16 ../BitCloud/lib\libBc_All_Atmega128rfa1_Atmega128rfa1_Gcc.a(aps.o)
                0x0000876e                APS_NextEndpoint
 .text.apsFindEndpoint
                0x00008784       0x26 ../BitCloud/lib\libBc_All_Atmega128rfa1_Atmega128rfa1_Gcc.a(aps.o)
 .text.apsGroupIndication
                0x000087aa       0x8a ../BitCloud/lib\libBc_All_Atmega128rfa1_Atmega128rfa1_Gcc.a(aps.o)
 .text.apsUnicastDataInd
                0x00008834      0x2a2 ../BitCloud/lib\libBc_All_Atmega128rfa1_Atmega128rfa1_Gcc.a(aps.o)
 .text.apsApduUnicastHandler.clone.8
                0x00008ad6      0x5dc ../BitCloud/lib\libBc_All_Atmega128rfa1_Atmega128rfa1_Gcc.a(aps.o)
 .text.apsDataTaskHandler
                0x000090b2      0xb20 ../BitCloud/lib\libBc_All_Atmega128rfa1_Atmega128rfa1_Gcc.a(aps.o)
 .text.APS_Init
                0x00009bd2       0x2e ../BitCloud/lib\libBc_All_Atmega128rfa1_Atmega128rfa1_Gcc.a(aps.o)
                0x00009bd2                APS_Init
 .text.APS_ResetReq
                0x00009c00        0xc ../BitCloud/lib\libBc_All_Atmega128rfa1_Atmega128rfa1_Gcc.a(aps.o)
                0x00009c00                APS_ResetReq
 .text.APS_StartReq
                0x00009c0c        0xc ../BitCloud/lib\libBc_All_Atmega128rfa1_Atmega128rfa1_Gcc.a(aps.o)
                0x00009c0c                APS_StartReq
 .text.APS_StopReq
                0x00009c18        0xc ../BitCloud/lib\libBc_All_Atmega128rfa1_Atmega128rfa1_Gcc.a(aps.o)
                0x00009c18                APS_StopReq
 .text.APS_IsActiveTransaction
                0x00009c24       0x54 ../BitCloud/lib\libBc_All_Atmega128rfa1_Atmega128rfa1_Gcc.a(aps.o)
                0x00009c24                APS_IsActiveTransaction
 .text.APS_TaskHandler
                0x00009c78       0x9c ../BitCloud/lib\libBc_All_Atmega128rfa1_Atmega128rfa1_Gcc.a(aps.o)
                0x00009c78                APS_TaskHandler
 .text.SYS_Sleep
                0x00009d14        0x6 ../BitCloud/lib\libBc_All_Atmega128rfa1_Atmega128rfa1_Gcc.a(bcSysSleep.o)
                0x00009d14                SYS_Sleep
 .text.getSymbolsPerOctet
                0x00009d1a       0x3c ../BitCloud/lib\libBc_All_Atmega128rfa1_Atmega128rfa1_Gcc.a(macenvPib.o)
 .text.calculateMaxFrameDuration
                0x00009d56       0x22 ../BitCloud/lib\libBc_All_Atmega128rfa1_Atmega128rfa1_Gcc.a(macenvPib.o)
 .text.storeTransmitPower
                0x00009d78       0x44 ../BitCloud/lib\libBc_All_Atmega128rfa1_Atmega128rfa1_Gcc.a(macenvPib.o)
 .text.SYS_GetRandomNumber
                0x00009dbc       0x2a ../BitCloud/lib\libBc_All_Atmega128rfa1_Atmega128rfa1_Gcc.a(macenvPib.o)
 .text.macenvGetPhySymbolDuration
                0x00009de6       0x4a ../BitCloud/lib\libBc_All_Atmega128rfa1_Atmega128rfa1_Gcc.a(macenvPib.o)
                0x00009de6                macenvGetPhySymbolDuration
 .text.updateMaxFrameTxTime
                0x00009e30       0x3a ../BitCloud/lib\libBc_All_Atmega128rfa1_Atmega128rfa1_Gcc.a(macenvPib.o)
 .text.macenvResetPib
                0x00009e6a       0xfa ../BitCloud/lib\libBc_All_Atmega128rfa1_Atmega128rfa1_Gcc.a(macenvPib.o)
                0x00009e6a                macenvResetPib
 .text.macenvConvertTransPersistTimeFromUnitsToMs
                0x00009f64       0x48 ../BitCloud/lib\libBc_All_Atmega128rfa1_Atmega128rfa1_Gcc.a(macenvPib.o)
                0x00009f64                macenvConvertTransPersistTimeFromUnitsToMs
 .text.macenvSetPibAttr
                0x00009fac      0x2a0 ../BitCloud/lib\libBc_All_Atmega128rfa1_Atmega128rfa1_Gcc.a(macenvPib.o)
                0x00009fac                macenvSetPibAttr
 .text.macenvCalculateMaxFrameTotalWaitTimeInMs
                0x0000a24c      0x128 ../BitCloud/lib\libBc_All_Atmega128rfa1_Atmega128rfa1_Gcc.a(macenvPib.o)
                0x0000a24c                macenvCalculateMaxFrameTotalWaitTimeInMs
 .text.macenvCalculateResponceWaitTimeInMs
                0x0000a374       0x42 ../BitCloud/lib\libBc_All_Atmega128rfa1_Atmega128rfa1_Gcc.a(macenvPib.o)
                0x0000a374                macenvCalculateResponceWaitTimeInMs
 .text.macenvGetPibAttr
                0x0000a3b6      0x216 ../BitCloud/lib\libBc_All_Atmega128rfa1_Atmega128rfa1_Gcc.a(macenvPib.o)
                0x0000a3b6                macenvGetPibAttr
 .text.MAC_GetExtAddr
                0x0000a5cc        0x6 ../BitCloud/lib\libBc_All_Atmega128rfa1_Atmega128rfa1_Gcc.a(macenvPib.o)
                0x0000a5cc                MAC_GetExtAddr
 .text.MAC_SetExtAddr
                0x0000a5d2       0x34 ../BitCloud/lib\libBc_All_Atmega128rfa1_Atmega128rfa1_Gcc.a(macenvPib.o)
                0x0000a5d2                MAC_SetExtAddr
 .text.MAC_IsOwnExtAddr
                0x0000a606       0x1c ../BitCloud/lib\libBc_All_Atmega128rfa1_Atmega128rfa1_Gcc.a(macenvPib.o)
                0x0000a606                MAC_IsOwnExtAddr
 .text.MAC_GetOctetsTransmissionTimeInMs
                0x0000a622       0x5e ../BitCloud/lib\libBc_All_Atmega128rfa1_Atmega128rfa1_Gcc.a(macenvPib.o)
                0x0000a622                MAC_GetOctetsTransmissionTimeInMs
 .text.postNewMacRequest
                0x0000a680       0x46 ../BitCloud/lib\libBc_All_Atmega128rfa1_Atmega128rfa1_Gcc.a(machwdManager.o)
 .text.putReqInQueue
                0x0000a6c6       0x18 ../BitCloud/lib\libBc_All_Atmega128rfa1_Atmega128rfa1_Gcc.a(machwdManager.o)
 .text.MACHWD_DataReq
                0x0000a6de        0xa ../BitCloud/lib\libBc_All_Atmega128rfa1_Atmega128rfa1_Gcc.a(machwdManager.o)
                0x0000a6de                MACHWD_DataReq
 .text.MACHWD_SetTrxStateReq
                0x0000a6e8        0xc ../BitCloud/lib\libBc_All_Atmega128rfa1_Atmega128rfa1_Gcc.a(machwdManager.o)
                0x0000a6e8                MACHWD_SetTrxStateReq
 .text.MACHWD_SetReq
                0x0000a6f4        0xc ../BitCloud/lib\libBc_All_Atmega128rfa1_Atmega128rfa1_Gcc.a(machwdManager.o)
                0x0000a6f4                MACHWD_SetReq
 .text.MACHWD_EdReq
                0x0000a700        0xc ../BitCloud/lib\libBc_All_Atmega128rfa1_Atmega128rfa1_Gcc.a(machwdManager.o)
                0x0000a700                MACHWD_EdReq
 .text.RF_RandomReq
                0x0000a70c       0x14 ../BitCloud/lib\libBc_All_Atmega128rfa1_Atmega128rfa1_Gcc.a(machwdManager.o)
                0x0000a70c                RF_RandomReq
 .text.MACHWD_Reset
                0x0000a720       0x46 ../BitCloud/lib\libBc_All_Atmega128rfa1_Atmega128rfa1_Gcc.a(machwdManager.o)
                0x0000a720                MACHWD_Reset
 .text.MAC_PHY_HWD_TaskHandler
                0x0000a766      0x1b0 ../BitCloud/lib\libBc_All_Atmega128rfa1_Atmega128rfa1_Gcc.a(machwdManager.o)
                0x0000a766                MAC_PHY_HWD_TaskHandler
 .text.machwdRegAccessReqHandler
                0x0000a916       0x66 ../BitCloud/lib\libBc_All_Atmega128rfa1_Atmega128rfa1_Gcc.a(machwdRegAccessHandler.o)
                0x0000a916                machwdRegAccessReqHandler
 .text.machwdRegAccessTaskHandler
                0x0000a97c       0x48 ../BitCloud/lib\libBc_All_Atmega128rfa1_Atmega128rfa1_Gcc.a(machwdRegAccessHandler.o)
                0x0000a97c                machwdRegAccessTaskHandler
 .text.machwdReset
                0x0000a9c4       0xc6 ../BitCloud/lib\libBc_All_Atmega128rfa1_Atmega128rfa1_Gcc.a(machwdResetHandler.o)
                0x0000a9c4                machwdReset
 .text.machwdRndReqHandler
                0x0000aa8a       0x3a ../BitCloud/lib\libBc_All_Atmega128rfa1_Atmega128rfa1_Gcc.a(machwdRndHandler.o)
                0x0000aa8a                machwdRndReqHandler
 .text.machwdRndTaskHandler
                0x0000aac4       0x32 ../BitCloud/lib\libBc_All_Atmega128rfa1_Atmega128rfa1_Gcc.a(machwdRndHandler.o)
                0x0000aac4                machwdRndTaskHandler
 .text.machwdResetRndHandler
                0x0000aaf6        0x6 ../BitCloud/lib\libBc_All_Atmega128rfa1_Atmega128rfa1_Gcc.a(machwdRndHandler.o)
                0x0000aaf6                machwdResetRndHandler
 .text.machwdResetRxBuffer
                0x0000aafc       0x62 ../BitCloud/lib\libBc_All_Atmega128rfa1_Atmega128rfa1_Gcc.a(machwdRxBuffer.o)
                0x0000aafc                machwdResetRxBuffer
 .text.machwdNextBuffer
                0x0000ab5e       0x10 ../BitCloud/lib\libBc_All_Atmega128rfa1_Atmega128rfa1_Gcc.a(machwdRxBuffer.o)
                0x0000ab5e                machwdNextBuffer
 .text.machwdReleaseBuffer
                0x0000ab6e       0x62 ../BitCloud/lib\libBc_All_Atmega128rfa1_Atmega128rfa1_Gcc.a(machwdRxBuffer.o)
                0x0000ab6e                machwdReleaseBuffer
 .text.machwdNextBufferPresent
                0x0000abd0       0x26 ../BitCloud/lib\libBc_All_Atmega128rfa1_Atmega128rfa1_Gcc.a(machwdRxBuffer.o)
                0x0000abd0                machwdNextBufferPresent
 .text.machwdRxFrameTaskHandler
                0x0000abf6       0x46 ../BitCloud/lib\libBc_All_Atmega128rfa1_Atmega128rfa1_Gcc.a(machwdRxFrameHandler.o)
                0x0000abf6                machwdRxFrameTaskHandler
 .text.machwdRxFrameIndTaskHandler
                0x0000ac3c       0xa2 ../BitCloud/lib\libBc_All_Atmega128rfa1_Atmega128rfa1_Gcc.a(machwdRxFrameHandler.o)
                0x0000ac3c                machwdRxFrameIndTaskHandler
 .text.executePhySetReq
                0x0000acde       0x32 ../BitCloud/lib\libBc_All_Atmega128rfa1_Atmega128rfa1_Gcc.a(machwdSetHandler.o)
 .text.executeSetReq
                0x0000ad10       0x5c ../BitCloud/lib\libBc_All_Atmega128rfa1_Atmega128rfa1_Gcc.a(machwdSetHandler.o)
 .text.machwdSetReqHandler
                0x0000ad6c       0xba ../BitCloud/lib\libBc_All_Atmega128rfa1_Atmega128rfa1_Gcc.a(machwdSetHandler.o)
                0x0000ad6c                machwdSetReqHandler
 .text.machwdSetTaskHandler
                0x0000ae26       0x3a ../BitCloud/lib\libBc_All_Atmega128rfa1_Atmega128rfa1_Gcc.a(machwdSetHandler.o)
                0x0000ae26                machwdSetTaskHandler
 .text.machwdResetSetHandler
                0x0000ae60        0xe ../BitCloud/lib\libBc_All_Atmega128rfa1_Atmega128rfa1_Gcc.a(machwdSetHandler.o)
                0x0000ae60                machwdResetSetHandler
 .text.machwdSendTrxCmd
                0x0000ae6e       0x1c ../BitCloud/lib\libBc_All_Atmega128rfa1_Atmega128rfa1_Gcc.a(machwdTrxCtrl.o)
                0x0000ae6e                machwdSendTrxCmd
 .text.machwdGetPhyTrxCmd
                0x0000ae8a       0x14 ../BitCloud/lib\libBc_All_Atmega128rfa1_Atmega128rfa1_Gcc.a(machwdTrxCtrl.o)
                0x0000ae8a                machwdGetPhyTrxCmd
 .text.machwdConvertTrxCmdToTrxState
                0x0000ae9e       0x14 ../BitCloud/lib\libBc_All_Atmega128rfa1_Atmega128rfa1_Gcc.a(machwdTrxCtrl.o)
                0x0000ae9e                machwdConvertTrxCmdToTrxState
 .text.machwdConvertTrxStateToTrxCmd
                0x0000aeb2       0x16 ../BitCloud/lib\libBc_All_Atmega128rfa1_Atmega128rfa1_Gcc.a(machwdTrxCtrl.o)
                0x0000aeb2                machwdConvertTrxStateToTrxCmd
 .text.machwdTrxReqHandler
                0x0000aec8       0x40 ../BitCloud/lib\libBc_All_Atmega128rfa1_Atmega128rfa1_Gcc.a(machwdTrxHandler.o)
                0x0000aec8                machwdTrxReqHandler
 .text.machwdTrxTaskHandler
                0x0000af08       0x40 ../BitCloud/lib\libBc_All_Atmega128rfa1_Atmega128rfa1_Gcc.a(machwdTrxHandler.o)
                0x0000af08                machwdTrxTaskHandler
 .text.machwdResetTrxHandler
                0x0000af48        0x6 ../BitCloud/lib\libBc_All_Atmega128rfa1_Atmega128rfa1_Gcc.a(machwdTrxHandler.o)
                0x0000af48                machwdResetTrxHandler
 .text.executeDataReq
                0x0000af4e       0x28 ../BitCloud/lib\libBc_All_Atmega128rfa1_Atmega128rfa1_Gcc.a(machwdTxFrameHandler.o)
 .text.machwdTxFrameReqHandler
                0x0000af76       0x44 ../BitCloud/lib\libBc_All_Atmega128rfa1_Atmega128rfa1_Gcc.a(machwdTxFrameHandler.o)
                0x0000af76                machwdTxFrameReqHandler
 .text.machwdTxFrameTaskHandler
                0x0000afba       0x3a ../BitCloud/lib\libBc_All_Atmega128rfa1_Atmega128rfa1_Gcc.a(machwdTxFrameHandler.o)
                0x0000afba                machwdTxFrameTaskHandler
 .text.machwdResetTxFrameHandler
                0x0000aff4        0xa ../BitCloud/lib\libBc_All_Atmega128rfa1_Atmega128rfa1_Gcc.a(machwdTxFrameHandler.o)
                0x0000aff4                machwdResetTxFrameHandler
 .text.postponeAction
                0x0000affe       0x2c ../BitCloud/lib\libBc_All_Atmega128rfa1_Atmega128rfa1_Gcc.a(machwiManager.o)
 .text.putReqInQueue
                0x0000b02a       0x2c ../BitCloud/lib\libBc_All_Atmega128rfa1_Atmega128rfa1_Gcc.a(machwiManager.o)
 .text.machwiSendConfToUpperLayer
                0x0000b056       0xf2 ../BitCloud/lib\libBc_All_Atmega128rfa1_Atmega128rfa1_Gcc.a(machwiManager.o)
                0x0000b056                machwiSendConfToUpperLayer
 .text.MAC_HWI_TaskHandler
                0x0000b148       0xd8 ../BitCloud/lib\libBc_All_Atmega128rfa1_Atmega128rfa1_Gcc.a(machwiManager.o)
                0x0000b148                MAC_HWI_TaskHandler
 .text.MAC_AssociateReq
                0x0000b220        0xc ../BitCloud/lib\libBc_All_Atmega128rfa1_Atmega128rfa1_Gcc.a(machwiManager.o)
                0x0000b220                MAC_AssociateReq
 .text.MAC_AssociateResp
                0x0000b22c        0xc ../BitCloud/lib\libBc_All_Atmega128rfa1_Atmega128rfa1_Gcc.a(machwiManager.o)
                0x0000b22c                MAC_AssociateResp
 .text.MAC_GetReq
                0x0000b238        0xc ../BitCloud/lib\libBc_All_Atmega128rfa1_Atmega128rfa1_Gcc.a(machwiManager.o)
                0x0000b238                MAC_GetReq
 .text.MAC_ResetReq
                0x0000b244       0x58 ../BitCloud/lib\libBc_All_Atmega128rfa1_Atmega128rfa1_Gcc.a(machwiManager.o)
                0x0000b244                MAC_ResetReq
 .text.MAC_RxEnableReq
                0x0000b29c        0xc ../BitCloud/lib\libBc_All_Atmega128rfa1_Atmega128rfa1_Gcc.a(machwiManager.o)
                0x0000b29c                MAC_RxEnableReq
 .text.MAC_ScanReq
                0x0000b2a8        0xc ../BitCloud/lib\libBc_All_Atmega128rfa1_Atmega128rfa1_Gcc.a(machwiManager.o)
                0x0000b2a8                MAC_ScanReq
 .text.MAC_SetReq
                0x0000b2b4        0xc ../BitCloud/lib\libBc_All_Atmega128rfa1_Atmega128rfa1_Gcc.a(machwiManager.o)
                0x0000b2b4                MAC_SetReq
 .text.MAC_StartReq
                0x0000b2c0        0xc ../BitCloud/lib\libBc_All_Atmega128rfa1_Atmega128rfa1_Gcc.a(machwiManager.o)
                0x0000b2c0                MAC_StartReq
 .text.MAC_PollReq
                0x0000b2cc        0xc ../BitCloud/lib\libBc_All_Atmega128rfa1_Atmega128rfa1_Gcc.a(machwiManager.o)
                0x0000b2cc                MAC_PollReq
 .text.MAC_DataReq
                0x0000b2d8        0xc ../BitCloud/lib\libBc_All_Atmega128rfa1_Atmega128rfa1_Gcc.a(machwiManager.o)
                0x0000b2d8                MAC_DataReq
 .text.machwiSendAssociateInd
                0x0000b2e4        0xe ../BitCloud/lib\libBc_All_Atmega128rfa1_Atmega128rfa1_Gcc.a(machwiManager.o)
                0x0000b2e4                machwiSendAssociateInd
 .text.machwiSendDataInd
                0x0000b2f2        0xe ../BitCloud/lib\libBc_All_Atmega128rfa1_Atmega128rfa1_Gcc.a(machwiManager.o)
                0x0000b2f2                machwiSendDataInd
 .text.machwiSendBeaconNotifyInd
                0x0000b300        0xe ../BitCloud/lib\libBc_All_Atmega128rfa1_Atmega128rfa1_Gcc.a(machwiManager.o)
                0x0000b300                machwiSendBeaconNotifyInd
 .text.machwiSendSyncLossNotifyInd
                0x0000b30e        0xe ../BitCloud/lib\libBc_All_Atmega128rfa1_Atmega128rfa1_Gcc.a(machwiManager.o)
                0x0000b30e                machwiSendSyncLossNotifyInd
 .text.machwiSendOrphanInd
                0x0000b31c        0xe ../BitCloud/lib\libBc_All_Atmega128rfa1_Atmega128rfa1_Gcc.a(machwiManager.o)
                0x0000b31c                machwiSendOrphanInd
 .text.machwiSendPollInd
                0x0000b32a        0xe ../BitCloud/lib\libBc_All_Atmega128rfa1_Atmega128rfa1_Gcc.a(machwiManager.o)
                0x0000b32a                machwiSendPollInd
 .text.machwiTxTransactionReq
                0x0000b338        0x8 ../BitCloud/lib\libBc_All_Atmega128rfa1_Atmega128rfa1_Gcc.a(machwiManager.o)
                0x0000b338                machwiTxTransactionReq
 .text.machwiTxBeaconReq
                0x0000b340        0x8 ../BitCloud/lib\libBc_All_Atmega128rfa1_Atmega128rfa1_Gcc.a(machwiManager.o)
                0x0000b340                machwiTxBeaconReq
 .text.MAC_IsActiveTransaction
                0x0000b348       0x18 ../BitCloud/lib\libBc_All_Atmega128rfa1_Atmega128rfa1_Gcc.a(machwiManager.o)
                0x0000b348                MAC_IsActiveTransaction
 .text.machwdDataConfirm
                0x0000b360       0x22 ../BitCloud/lib\libBc_All_Atmega128rfa1_Atmega128rfa1_Gcc.a(machwiOrphanHandler.o)
 .text.machwiOrphanRespHandler
                0x0000b382      0x18e ../BitCloud/lib\libBc_All_Atmega128rfa1_Atmega128rfa1_Gcc.a(machwiOrphanHandler.o)
                0x0000b382                machwiOrphanRespHandler
 .text.machwiOrphanNotificationInd
                0x0000b510       0x44 ../BitCloud/lib\libBc_All_Atmega128rfa1_Atmega128rfa1_Gcc.a(machwiOrphanHandler.o)
                0x0000b510                machwiOrphanNotificationInd
 .text.MACHWD_DataInd
                0x0000b554       0x7a ../BitCloud/lib\libBc_All_Atmega128rfa1_Atmega128rfa1_Gcc.a(machwiPanServer.o)
                0x0000b554                MACHWD_DataInd
 .text.machwiEnableBeaconTransmission
                0x0000b5ce        0x8 ../BitCloud/lib\libBc_All_Atmega128rfa1_Atmega128rfa1_Gcc.a(machwiPanServer.o)
                0x0000b5ce                machwiEnableBeaconTransmission
 .text.machwiResetPanServer
                0x0000b5d6        0x6 ../BitCloud/lib\libBc_All_Atmega128rfa1_Atmega128rfa1_Gcc.a(machwiPanServer.o)
                0x0000b5d6                machwiResetPanServer
 .text.switchingCompleted
                0x0000b5dc       0x12 ../BitCloud/lib\libBc_All_Atmega128rfa1_Atmega128rfa1_Gcc.a(machwiPollHandler.o)
 .text.completeHandling
                0x0000b5ee       0x18 ../BitCloud/lib\libBc_All_Atmega128rfa1_Atmega128rfa1_Gcc.a(machwiPollHandler.o)
 .text.machwdDataConfirm
                0x0000b606       0x6e ../BitCloud/lib\libBc_All_Atmega128rfa1_Atmega128rfa1_Gcc.a(machwiPollHandler.o)
 .text.halPollTimerFired
                0x0000b674        0x6 ../BitCloud/lib\libBc_All_Atmega128rfa1_Atmega128rfa1_Gcc.a(machwiPollHandler.o)
 .text.machwiResetPollHandler
                0x0000b67a        0x6 ../BitCloud/lib\libBc_All_Atmega128rfa1_Atmega128rfa1_Gcc.a(machwiPollHandler.o)
                0x0000b67a                machwiResetPollHandler
 .text.machwiPollInd
                0x0000b680       0x5a ../BitCloud/lib\libBc_All_Atmega128rfa1_Atmega128rfa1_Gcc.a(machwiPollHandler.o)
                0x0000b680                machwiPollInd
 .text.machwiDataIndication
                0x0000b6da      0x1cc ../BitCloud/lib\libBc_All_Atmega128rfa1_Atmega128rfa1_Gcc.a(machwiPollHandler.o)
                0x0000b6da                machwiDataIndication
 .text.machwiPollReqHandler
                0x0000b8a6      0x15c ../BitCloud/lib\libBc_All_Atmega128rfa1_Atmega128rfa1_Gcc.a(machwiPollHandler.o)
                0x0000b8a6                machwiPollReqHandler
 .text.machwiPurgeReqHandler
                0x0000ba02       0x2e ../BitCloud/lib\libBc_All_Atmega128rfa1_Atmega128rfa1_Gcc.a(machwiPurgeHandler.o)
                0x0000ba02                machwiPurgeReqHandler
 .text.finishResetOperationsAndGenerateConfirm
                0x0000ba30        0xe ../BitCloud/lib\libBc_All_Atmega128rfa1_Atmega128rfa1_Gcc.a(machwiResetHandler.o)
 .text.machwdSetTrxStateConfirm
                0x0000ba3e        0x6 ../BitCloud/lib\libBc_All_Atmega128rfa1_Atmega128rfa1_Gcc.a(machwiResetHandler.o)
 .text.machwdSetConfirm
                0x0000ba44       0x1c ../BitCloud/lib\libBc_All_Atmega128rfa1_Atmega128rfa1_Gcc.a(machwiResetHandler.o)
 .text.machwiResetReqHandler
                0x0000ba60       0x72 ../BitCloud/lib\libBc_All_Atmega128rfa1_Atmega128rfa1_Gcc.a(machwiResetHandler.o)
                0x0000ba60                machwiResetReqHandler
 .text.machwdSetTrxStateConfirm
                0x0000bad2       0x12 ../BitCloud/lib\libBc_All_Atmega128rfa1_Atmega128rfa1_Gcc.a(machwiRxEnableHandler.o)
 .text.machwiRxEnableReqHandler
                0x0000bae4       0x3a ../BitCloud/lib\libBc_All_Atmega128rfa1_Atmega128rfa1_Gcc.a(machwiRxEnableHandler.o)
                0x0000bae4                machwiRxEnableReqHandler
 .text.setNextChannel
                0x0000bb1e       0x7a ../BitCloud/lib\libBc_All_Atmega128rfa1_Atmega128rfa1_Gcc.a(machwiScanHandler.o)
 .text.switchToActiveChannel
                0x0000bb98       0x2c ../BitCloud/lib\libBc_All_Atmega128rfa1_Atmega128rfa1_Gcc.a(machwiScanHandler.o)
 .text.halScanTimerFired
                0x0000bbc4       0x2a ../BitCloud/lib\libBc_All_Atmega128rfa1_Atmega128rfa1_Gcc.a(machwiScanHandler.o)
 .text.machwdDataConfirm
                0x0000bbee       0x76 ../BitCloud/lib\libBc_All_Atmega128rfa1_Atmega128rfa1_Gcc.a(machwiScanHandler.o)
 .text.machwdEdConfirm
                0x0000bc64       0xf0 ../BitCloud/lib\libBc_All_Atmega128rfa1_Atmega128rfa1_Gcc.a(machwiScanHandler.o)
 .text.trxStateHandling
                0x0000bd54       0x1a ../BitCloud/lib\libBc_All_Atmega128rfa1_Atmega128rfa1_Gcc.a(machwiScanHandler.o)
 .text.finishScan
                0x0000bd6e        0xe ../BitCloud/lib\libBc_All_Atmega128rfa1_Atmega128rfa1_Gcc.a(machwiScanHandler.o)
 .text.generateScanConfirm
                0x0000bd7c       0x12 ../BitCloud/lib\libBc_All_Atmega128rfa1_Atmega128rfa1_Gcc.a(machwiScanHandler.o)
 .text.machwdSetConfirm
                0x0000bd8e      0x2ea ../BitCloud/lib\libBc_All_Atmega128rfa1_Atmega128rfa1_Gcc.a(machwiScanHandler.o)
 .text.machwdSetTrxStateConfirm
                0x0000c078       0xf2 ../BitCloud/lib\libBc_All_Atmega128rfa1_Atmega128rfa1_Gcc.a(machwiScanHandler.o)
 .text.machwiScanReqHandler
                0x0000c16a      0x1a0 ../BitCloud/lib\libBc_All_Atmega128rfa1_Atmega128rfa1_Gcc.a(machwiScanHandler.o)
                0x0000c16a                machwiScanReqHandler
 .text.machwiBeaconInd
                0x0000c30a      0x2da ../BitCloud/lib\libBc_All_Atmega128rfa1_Atmega128rfa1_Gcc.a(machwiScanHandler.o)
                0x0000c30a                machwiBeaconInd
 .text.machwiCoordRealignmentCommandInd
                0x0000c5e4       0xe6 ../BitCloud/lib\libBc_All_Atmega128rfa1_Atmega128rfa1_Gcc.a(machwiScanHandler.o)
                0x0000c5e4                machwiCoordRealignmentCommandInd
 .text.machwiResetScanHandler
                0x0000c6ca        0x6 ../BitCloud/lib\libBc_All_Atmega128rfa1_Atmega128rfa1_Gcc.a(machwiScanHandler.o)
                0x0000c6ca                machwiResetScanHandler
 .text.machwdSetConfirm
                0x0000c6d0        0xe ../BitCloud/lib\libBc_All_Atmega128rfa1_Atmega128rfa1_Gcc.a(machwiSetGetHandler.o)
 .text.machwiGetReqHandler
                0x0000c6de       0x4c ../BitCloud/lib\libBc_All_Atmega128rfa1_Atmega128rfa1_Gcc.a(machwiSetGetHandler.o)
                0x0000c6de                machwiGetReqHandler
 .text.machwiSetReqHandler
                0x0000c72a       0xae ../BitCloud/lib\libBc_All_Atmega128rfa1_Atmega128rfa1_Gcc.a(machwiSetGetHandler.o)
                0x0000c72a                machwiSetReqHandler
 .text.setHandling
                0x0000c7d8       0x64 ../BitCloud/lib\libBc_All_Atmega128rfa1_Atmega128rfa1_Gcc.a(machwiStartHandler.o)
 .text.setStartReqParam
                0x0000c83c       0xa8 ../BitCloud/lib\libBc_All_Atmega128rfa1_Atmega128rfa1_Gcc.a(machwiStartHandler.o)
 .text.generateConfirm
                0x0000c8e4       0x3a ../BitCloud/lib\libBc_All_Atmega128rfa1_Atmega128rfa1_Gcc.a(machwiStartHandler.o)
 .text.machwdSetConfirm
                0x0000c91e      0x19e ../BitCloud/lib\libBc_All_Atmega128rfa1_Atmega128rfa1_Gcc.a(machwiStartHandler.o)
 .text.machwdDataConfirm
                0x0000cabc       0x36 ../BitCloud/lib\libBc_All_Atmega128rfa1_Atmega128rfa1_Gcc.a(machwiStartHandler.o)
 .text.machwiStartReqHandler
                0x0000caf2       0x56 ../BitCloud/lib\libBc_All_Atmega128rfa1_Atmega128rfa1_Gcc.a(machwiStartHandler.o)
                0x0000caf2                machwiStartReqHandler
 .text.machwiResetStartHandler
                0x0000cb48        0xa ../BitCloud/lib\libBc_All_Atmega128rfa1_Atmega128rfa1_Gcc.a(machwiStartHandler.o)
                0x0000cb48                machwiResetStartHandler
 .text.machwdSetTrxStateConfirm
                0x0000cb52        0xc ../BitCloud/lib\libBc_All_Atmega128rfa1_Atmega128rfa1_Gcc.a(machwiSwitchRxCtrl.o)
 .text.machwiSwitchRxAccordToRxOnWhenIdle
                0x0000cb5e       0x2a ../BitCloud/lib\libBc_All_Atmega128rfa1_Atmega128rfa1_Gcc.a(machwiSwitchRxCtrl.o)
                0x0000cb5e                machwiSwitchRxAccordToRxOnWhenIdle
 .text.machwdDataConfirmEmptyData
                0x0000cb88        0x6 ../BitCloud/lib\libBc_All_Atmega128rfa1_Atmega128rfa1_Gcc.a(machwiTransactionHandler.o)
 .text.machwiResetTransactionHandler
                0x0000cb8e        0xa ../BitCloud/lib\libBc_All_Atmega128rfa1_Atmega128rfa1_Gcc.a(machwiTransactionHandler.o)
                0x0000cb8e                machwiResetTransactionHandler
 .text.machwiSendTransactionEvent
                0x0000cb98      0x1da ../BitCloud/lib\libBc_All_Atmega128rfa1_Atmega128rfa1_Gcc.a(machwiTransactionHandler.o)
                0x0000cb98                machwiSendTransactionEvent
 .text.machwdDataConfirm
                0x0000cd72       0xbc ../BitCloud/lib\libBc_All_Atmega128rfa1_Atmega128rfa1_Gcc.a(machwiTransactionHandler.o)
 .text.replyWithEmptyDataFrame
                0x0000ce2e       0x98 ../BitCloud/lib\libBc_All_Atmega128rfa1_Atmega128rfa1_Gcc.a(machwiTransactionHandler.o)
                0x0000ce2e                replyWithEmptyDataFrame
 .text.stopTransactionTimer
                0x0000cec6        0xa ../BitCloud/lib\libBc_All_Atmega128rfa1_Atmega128rfa1_Gcc.a(machwiTransactionQueue.o)
 .text.transactionTimerFired
                0x0000ced0       0x5e ../BitCloud/lib\libBc_All_Atmega128rfa1_Atmega128rfa1_Gcc.a(machwiTransactionQueue.o)
 .text.machwiPutTransactionToQueue
                0x0000cf2e       0x76 ../BitCloud/lib\libBc_All_Atmega128rfa1_Atmega128rfa1_Gcc.a(machwiTransactionQueue.o)
                0x0000cf2e                machwiPutTransactionToQueue
 .text.machwiGetActivatedTransactionFromQueue
                0x0000cfa4       0x20 ../BitCloud/lib\libBc_All_Atmega128rfa1_Atmega128rfa1_Gcc.a(machwiTransactionQueue.o)
                0x0000cfa4                machwiGetActivatedTransactionFromQueue
 .text.machwiTestAndKickQueueTransactions
                0x0000cfc4      0x24c ../BitCloud/lib\libBc_All_Atmega128rfa1_Atmega128rfa1_Gcc.a(machwiTransactionQueue.o)
                0x0000cfc4                machwiTestAndKickQueueTransactions
 .text.machwiFillPendingAddrSpecAndList
                0x0000d210        0x8 ../BitCloud/lib\libBc_All_Atmega128rfa1_Atmega128rfa1_Gcc.a(machwiTransactionQueue.o)
                0x0000d210                machwiFillPendingAddrSpecAndList
 .text.machwiDeleteTransactionFromQueue
                0x0000d218       0x2c ../BitCloud/lib\libBc_All_Atmega128rfa1_Atmega128rfa1_Gcc.a(machwiTransactionQueue.o)
                0x0000d218                machwiDeleteTransactionFromQueue
 .text.machwiPurgeTransactionFromQueue
                0x0000d244       0x3a ../BitCloud/lib\libBc_All_Atmega128rfa1_Atmega128rfa1_Gcc.a(machwiTransactionQueue.o)
                0x0000d244                machwiPurgeTransactionFromQueue
 .text.machwiResetTransactionQueue
                0x0000d27e       0x3a ../BitCloud/lib\libBc_All_Atmega128rfa1_Atmega128rfa1_Gcc.a(machwiTransactionQueue.o)
                0x0000d27e                machwiResetTransactionQueue
 .text.machwiTransactionQueueEmpty
                0x0000d2b8       0x14 ../BitCloud/lib\libBc_All_Atmega128rfa1_Atmega128rfa1_Gcc.a(machwiTransactionQueue.o)
                0x0000d2b8                machwiTransactionQueueEmpty
 .text.nwkBroadcastForMe
                0x0000d2cc       0x60 ../BitCloud/lib\libBc_All_Atmega128rfa1_Atmega128rfa1_Gcc.a(nwk.o)
 .text.nwkAddressConflictIsIdle
                0x0000d32c        0xe ../BitCloud/lib\libBc_All_Atmega128rfa1_Atmega128rfa1_Gcc.a(nwk.o)
 .text.nwkFindAddressMapEntryByShortAddr
                0x0000d33a       0x30 ../BitCloud/lib\libBc_All_Atmega128rfa1_Atmega128rfa1_Gcc.a(nwk.o)
 .text.nwkDataReqIsIdle
                0x0000d36a        0xe ../BitCloud/lib\libBc_All_Atmega128rfa1_Atmega128rfa1_Gcc.a(nwk.o)
 .text.nwkDiscoveryIsIdle
                0x0000d378        0xe ../BitCloud/lib\libBc_All_Atmega128rfa1_Atmega128rfa1_Gcc.a(nwk.o)
 .text.nwkEDScanIsIdle
                0x0000d386        0xe ../BitCloud/lib\libBc_All_Atmega128rfa1_Atmega128rfa1_Gcc.a(nwk.o)
 .text.nwkFormationIsIdle
                0x0000d394        0xe ../BitCloud/lib\libBc_All_Atmega128rfa1_Atmega128rfa1_Gcc.a(nwk.o)
 .text.nwkSetDepth
                0x0000d3a2        0xc ../BitCloud/lib\libBc_All_Atmega128rfa1_Atmega128rfa1_Gcc.a(nwk.o)
 .text.nwkJoinIndIsIdle
                0x0000d3ae       0x30 ../BitCloud/lib\libBc_All_Atmega128rfa1_Atmega128rfa1_Gcc.a(nwk.o)
 .text.nwkJoinReqIsIdle
                0x0000d3de        0xe ../BitCloud/lib\libBc_All_Atmega128rfa1_Atmega128rfa1_Gcc.a(nwk.o)
 .text.nwkLeaveReqIsIdle
                0x0000d3ec        0xe ../BitCloud/lib\libBc_All_Atmega128rfa1_Atmega128rfa1_Gcc.a(nwk.o)
 .text.nwkLinkStatusIsIdle
                0x0000d3fa        0xe ../BitCloud/lib\libBc_All_Atmega128rfa1_Atmega128rfa1_Gcc.a(nwk.o)
 .text.nwkLoopbackIsIdle
                0x0000d408        0xe ../BitCloud/lib\libBc_All_Atmega128rfa1_Atmega128rfa1_Gcc.a(nwk.o)
 .text.nwkGetOutgoingCost
                0x0000d416       0x44 ../BitCloud/lib\libBc_All_Atmega128rfa1_Atmega128rfa1_Gcc.a(nwk.o)
 .text.nwkClearNeighborTable
                0x0000d45a       0x72 ../BitCloud/lib\libBc_All_Atmega128rfa1_Atmega128rfa1_Gcc.a(nwk.o)
 .text.nwkGetEdCapacity
                0x0000d4cc       0x1c ../BitCloud/lib\libBc_All_Atmega128rfa1_Atmega128rfa1_Gcc.a(nwk.o)
 .text.nwkGetRouterCapacity
                0x0000d4e8       0x1c ../BitCloud/lib\libBc_All_Atmega128rfa1_Atmega128rfa1_Gcc.a(nwk.o)
 .text.nwkIsJoiningForbidden
                0x0000d504       0x3e ../BitCloud/lib\libBc_All_Atmega128rfa1_Atmega128rfa1_Gcc.a(nwk.o)
 .text.nwkUpdateCapacityBits
                0x0000d542       0x56 ../BitCloud/lib\libBc_All_Atmega128rfa1_Atmega128rfa1_Gcc.a(nwk.o)
 .text.nwkUpdateCapacityBitsInBeacon
                0x0000d598       0x3c ../BitCloud/lib\libBc_All_Atmega128rfa1_Atmega128rfa1_Gcc.a(nwk.o)
 .text.nwkUpdateBeaconPayload
                0x0000d5d4       0x94 ../BitCloud/lib\libBc_All_Atmega128rfa1_Atmega128rfa1_Gcc.a(nwk.o)
 .text.nwkFreeNeighbor
                0x0000d668       0x26 ../BitCloud/lib\libBc_All_Atmega128rfa1_Atmega128rfa1_Gcc.a(nwk.o)
 .text.nwkCostFromLqi
                0x0000d68e       0x3a ../BitCloud/lib\libBc_All_Atmega128rfa1_Atmega128rfa1_Gcc.a(nwk.o)
 .text.nwkInitLqiAndCostOfNeighbor
                0x0000d6c8       0x70 ../BitCloud/lib\libBc_All_Atmega128rfa1_Atmega128rfa1_Gcc.a(nwk.o)
 .text.nwkUpdateLqiAndCostOfNeighbor
                0x0000d738       0x88 ../BitCloud/lib\libBc_All_Atmega128rfa1_Atmega128rfa1_Gcc.a(nwk.o)
 .text.nwkFindPassiveAck
                0x0000d7c0       0x2a ../BitCloud/lib\libBc_All_Atmega128rfa1_Atmega128rfa1_Gcc.a(nwk.o)
 .text.nwkNewPassiveAck
                0x0000d7ea       0xfa ../BitCloud/lib\libBc_All_Atmega128rfa1_Atmega128rfa1_Gcc.a(nwk.o)
 .text.nwkFreePassiveAck
                0x0000d8e4       0x2e ../BitCloud/lib\libBc_All_Atmega128rfa1_Atmega128rfa1_Gcc.a(nwk.o)
 .text.nwkPermitJoiningIsIdle
                0x0000d912       0x1c ../BitCloud/lib\libBc_All_Atmega128rfa1_Atmega128rfa1_Gcc.a(nwk.o)
 .text.nwkResetIsIdle
                0x0000d92e        0xe ../BitCloud/lib\libBc_All_Atmega128rfa1_Atmega128rfa1_Gcc.a(nwk.o)
 .text.nwkRouteDiscoveryIsIdle
                0x0000d93c       0x14 ../BitCloud/lib\libBc_All_Atmega128rfa1_Atmega128rfa1_Gcc.a(nwk.o)
 .text.nwkFindRouteDiscoveryEntry
                0x0000d950       0x36 ../BitCloud/lib\libBc_All_Atmega128rfa1_Atmega128rfa1_Gcc.a(nwk.o)
 .text.nwkFreeRouteDiscoveryEntry
                0x0000d986       0x3a ../BitCloud/lib\libBc_All_Atmega128rfa1_Atmega128rfa1_Gcc.a(nwk.o)
 .text.nwkConfirmRouteRequestTx
                0x0000d9c0       0x60 ../BitCloud/lib\libBc_All_Atmega128rfa1_Atmega128rfa1_Gcc.a(nwk.o)
 .text.nwkRouteDiscoveryTableIsIdle
                0x0000da20        0xc ../BitCloud/lib\libBc_All_Atmega128rfa1_Atmega128rfa1_Gcc.a(nwk.o)
 .text.nwkFindRoutingEntry
                0x0000da2c       0x40 ../BitCloud/lib\libBc_All_Atmega128rfa1_Atmega128rfa1_Gcc.a(nwk.o)
 .text.nwkFreeRoutingEntry
                0x0000da6c       0x12 ../BitCloud/lib\libBc_All_Atmega128rfa1_Atmega128rfa1_Gcc.a(nwk.o)
 .text.nwkDeleteRoute
                0x0000da7e       0x48 ../BitCloud/lib\libBc_All_Atmega128rfa1_Atmega128rfa1_Gcc.a(nwk.o)
 .text.nwkUpdateNextHop
                0x0000dac6       0xc8 ../BitCloud/lib\libBc_All_Atmega128rfa1_Atmega128rfa1_Gcc.a(nwk.o)
 .text.nwkParseRxHeader
                0x0000db8e       0xb0 ../BitCloud/lib\libBc_All_Atmega128rfa1_Atmega128rfa1_Gcc.a(nwk.o)
 .text.nwkStartRouterIsIdle
                0x0000dc3e        0xe ../BitCloud/lib\libBc_All_Atmega128rfa1_Atmega128rfa1_Gcc.a(nwk.o)
 .text.nwkSendRouteErrorConf
                0x0000dc4c        0x6 ../BitCloud/lib\libBc_All_Atmega128rfa1_Atmega128rfa1_Gcc.a(nwk.o)
 .text.nwkSyncIsIdle
                0x0000dc52        0xe ../BitCloud/lib\libBc_All_Atmega128rfa1_Atmega128rfa1_Gcc.a(nwk.o)
 .text.nwkPostTask
                0x0000dc60       0x58 ../BitCloud/lib\libBc_All_Atmega128rfa1_Atmega128rfa1_Gcc.a(nwk.o)
 .text.nwkEDScanMacEDScanConf
                0x0000dcb8       0x3e ../BitCloud/lib\libBc_All_Atmega128rfa1_Atmega128rfa1_Gcc.a(nwk.o)
 .text.nwkFormationMacRxEnableConf
                0x0000dcf6       0x1c ../BitCloud/lib\libBc_All_Atmega128rfa1_Atmega128rfa1_Gcc.a(nwk.o)
 .text.nwkDiscoveryMacActiveScanConf
                0x0000dd12       0x28 ../BitCloud/lib\libBc_All_Atmega128rfa1_Atmega128rfa1_Gcc.a(nwk.o)
 .text.nwkPermitJoiningMacSetConf
                0x0000dd3a       0x34 ../BitCloud/lib\libBc_All_Atmega128rfa1_Atmega128rfa1_Gcc.a(nwk.o)
 .text.nwkStartRouterMacStartConf
                0x0000dd6e       0x1c ../BitCloud/lib\libBc_All_Atmega128rfa1_Atmega128rfa1_Gcc.a(nwk.o)
 .text.nwkStatusConf
                0x0000dd8a        0xe ../BitCloud/lib\libBc_All_Atmega128rfa1_Atmega128rfa1_Gcc.a(nwk.o)
 .text.nwkResetMacRxEnableConf
                0x0000dd98       0x1c ../BitCloud/lib\libBc_All_Atmega128rfa1_Atmega128rfa1_Gcc.a(nwk.o)
 .text.nwkSendRouteDiscoveryReply
                0x0000ddb4       0x1e ../BitCloud/lib\libBc_All_Atmega128rfa1_Atmega128rfa1_Gcc.a(nwk.o)
 .text.nwkTxDelayIsIdle
                0x0000ddd2       0x14 ../BitCloud/lib\libBc_All_Atmega128rfa1_Atmega128rfa1_Gcc.a(nwk.o)
 .text.nwkReloadNibFromConfigServer
                0x0000dde6       0x6c ../BitCloud/lib\libBc_All_Atmega128rfa1_Atmega128rfa1_Gcc.a(nwk.o)
 .text.nwkSetLifeTimeOfNeighbor
                0x0000de52       0xe8 ../BitCloud/lib\libBc_All_Atmega128rfa1_Atmega128rfa1_Gcc.a(nwk.o)
 .text.nwkUpdateOutgoingCostAndLifeTime
                0x0000df3a       0x4a ../BitCloud/lib\libBc_All_Atmega128rfa1_Atmega128rfa1_Gcc.a(nwk.o)
 .text.nwkAllocPacket
                0x0000df84       0xd2 ../BitCloud/lib\libBc_All_Atmega128rfa1_Atmega128rfa1_Gcc.a(nwk.o)
 .text.nwkAllocInputPacket
                0x0000e056       0x2c ../BitCloud/lib\libBc_All_Atmega128rfa1_Atmega128rfa1_Gcc.a(nwk.o)
 .text.nwkLoopbackTaskHandler
                0x0000e082       0xe2 ../BitCloud/lib\libBc_All_Atmega128rfa1_Atmega128rfa1_Gcc.a(nwk.o)
 .text.nwkEDScanTaskHandler
                0x0000e164       0xac ../BitCloud/lib\libBc_All_Atmega128rfa1_Atmega128rfa1_Gcc.a(nwk.o)
 .text.nwkDiscoveryTaskHandler
                0x0000e210       0xba ../BitCloud/lib\libBc_All_Atmega128rfa1_Atmega128rfa1_Gcc.a(nwk.o)
 .text.nwkTxReq
                0x0000e2ca       0x12 ../BitCloud/lib\libBc_All_Atmega128rfa1_Atmega128rfa1_Gcc.a(nwk.o)
 .text.nwkDataConf
                0x0000e2dc       0x4a ../BitCloud/lib\libBc_All_Atmega128rfa1_Atmega128rfa1_Gcc.a(nwk.o)
 .text.nwkConfirmDataTx
                0x0000e326       0x3a ../BitCloud/lib\libBc_All_Atmega128rfa1_Atmega128rfa1_Gcc.a(nwk.o)
 .text.findFreeJoinIndObjFor
                0x0000e360       0xd6 ../BitCloud/lib\libBc_All_Atmega128rfa1_Atmega128rfa1_Gcc.a(nwk.o)
 .text.nwkFindAddressMapEntryByExtAddr
                0x0000e436       0x52 ../BitCloud/lib\libBc_All_Atmega128rfa1_Atmega128rfa1_Gcc.a(nwk.o)
 .text.nwkAddToAddressMap
                0x0000e488       0xc2 ../BitCloud/lib\libBc_All_Atmega128rfa1_Atmega128rfa1_Gcc.a(nwk.o)
 .text.nwkStopLinkStatusTimer
                0x0000e54a        0xe ../BitCloud/lib\libBc_All_Atmega128rfa1_Atmega128rfa1_Gcc.a(nwk.o)
 .text.nwkRouteDiscoveryTableTimerFired
                0x0000e558       0x56 ../BitCloud/lib\libBc_All_Atmega128rfa1_Atmega128rfa1_Gcc.a(nwk.o)
 .text.nwkStopAgeTimerOfNeighborTable
                0x0000e5ae        0xa ../BitCloud/lib\libBc_All_Atmega128rfa1_Atmega128rfa1_Gcc.a(nwk.o)
 .text.SYS_GetRandomNumber
                0x0000e5b8       0x2a ../BitCloud/lib\libBc_All_Atmega128rfa1_Atmega128rfa1_Gcc.a(nwk.o)
 .text.nwkFindDeviceToJoin
                0x0000e5e2      0x1cc ../BitCloud/lib\libBc_All_Atmega128rfa1_Atmega128rfa1_Gcc.a(nwk.o)
 .text.nwkStartLinkStatusTimer
                0x0000e7ae       0x10 ../BitCloud/lib\libBc_All_Atmega128rfa1_Atmega128rfa1_Gcc.a(nwk.o)
 .text.nwkConfirmLinkStatusTx
                0x0000e7be       0x1e ../BitCloud/lib\libBc_All_Atmega128rfa1_Atmega128rfa1_Gcc.a(nwk.o)
 .text.nwkStartAgeTimerOfNeighborTable
                0x0000e7dc       0x32 ../BitCloud/lib\libBc_All_Atmega128rfa1_Atmega128rfa1_Gcc.a(nwk.o)
 .text.freeJoinIndObj
                0x0000e80e        0xe ../BitCloud/lib\libBc_All_Atmega128rfa1_Atmega128rfa1_Gcc.a(nwk.o)
 .text.nwkJoinIndTaskHandler
                0x0000e81c      0x108 ../BitCloud/lib\libBc_All_Atmega128rfa1_Atmega128rfa1_Gcc.a(nwk.o)
 .text.nwkPrepareCommonFrame
                0x0000e924       0x4a ../BitCloud/lib\libBc_All_Atmega128rfa1_Atmega128rfa1_Gcc.a(nwk.o)
 .text.nwkAllocRouteDiscoveryEntry
                0x0000e96e       0xac ../BitCloud/lib\libBc_All_Atmega128rfa1_Atmega128rfa1_Gcc.a(nwk.o)
 .text.nwkRouteDiscoveryTaskHandler
                0x0000ea1a       0xd4 ../BitCloud/lib\libBc_All_Atmega128rfa1_Atmega128rfa1_Gcc.a(nwk.o)
 .text.nwkResetTaskManager
                0x0000eaee       0x10 ../BitCloud/lib\libBc_All_Atmega128rfa1_Atmega128rfa1_Gcc.a(nwk.o)
 .text.nwkLinkStatusInd
                0x0000eafe      0x23a ../BitCloud/lib\libBc_All_Atmega128rfa1_Atmega128rfa1_Gcc.a(nwk.o)
 .text.nwkPrepareLeaveChildTx
                0x0000ed38       0xb2 ../BitCloud/lib\libBc_All_Atmega128rfa1_Atmega128rfa1_Gcc.a(nwk.o)
 .text.nwkPrepareLeaveItselfTx
                0x0000edea       0x90 ../BitCloud/lib\libBc_All_Atmega128rfa1_Atmega128rfa1_Gcc.a(nwk.o)
 .text.nwkPrepareJoinRespTx
                0x0000ee7a       0xf0 ../BitCloud/lib\libBc_All_Atmega128rfa1_Atmega128rfa1_Gcc.a(nwk.o)
 .text.nwkPrepareJoinReqTx
                0x0000ef6a       0x94 ../BitCloud/lib\libBc_All_Atmega128rfa1_Atmega128rfa1_Gcc.a(nwk.o)
 .text.nwkPrepareLinkStatusTx
                0x0000effe      0x1e2 ../BitCloud/lib\libBc_All_Atmega128rfa1_Atmega128rfa1_Gcc.a(nwk.o)
 .text.nwkFormationMacActiveScanConf
                0x0000f1e0      0x25a ../BitCloud/lib\libBc_All_Atmega128rfa1_Atmega128rfa1_Gcc.a(nwk.o)
 .text.nwkPermitJoiningTaskHandler
                0x0000f43a       0xe4 ../BitCloud/lib\libBc_All_Atmega128rfa1_Atmega128rfa1_Gcc.a(nwk.o)
 .text.nwkPermitJoinTimerFired
                0x0000f51e       0x26 ../BitCloud/lib\libBc_All_Atmega128rfa1_Atmega128rfa1_Gcc.a(nwk.o)
 .text.nwkGetSuitableParent
                0x0000f544       0x80 ../BitCloud/lib\libBc_All_Atmega128rfa1_Atmega128rfa1_Gcc.a(nwk.o)
 .text.nwkConfirmJoinReqTx
                0x0000f5c4       0x62 ../BitCloud/lib\libBc_All_Atmega128rfa1_Atmega128rfa1_Gcc.a(nwk.o)
 .text.nwkJoinReqMacPollConf
                0x0000f626       0x5e ../BitCloud/lib\libBc_All_Atmega128rfa1_Atmega128rfa1_Gcc.a(nwk.o)
 .text.macLatencyFired
                0x0000f684        0x6 ../BitCloud/lib\libBc_All_Atmega128rfa1_Atmega128rfa1_Gcc.a(nwk.o)
 .text.nwkRejoinResponseFrameInd