BL51 BANKED LINKER/LOCATER V6.05              05/02/2008  22:28:52  PAGE 1


BL51 BANKED LINKER/LOCATER V6.05, INVOKED BY:
C:\KEIL8\C51\BIN\BL51.EXE C:\SILABS\RAFAWEB\MN_VARS.OBJ, C:\SILABS\RAFAWEB\MAI
>> N.OBJ, C:\SILABS\RAFAWEB\VFILE_DIR\INDEX.OBJ, C:\SILABS\RAFAWEB\STARTUP.OBJ
>> , C:\SILABS\RAFAWEB\MN_STACK_BANK_046.LIB, C:\SILABS\RAFAWEB\MN_STACK_COMMO
>> N_046.LIB, C:\SILABS\RAFAWEB\MN_CALLBACK.OBJ, C:\SILABS\RAFAWEB\SOFT_I2C.OB
>> J TO C:\SILABS\RAFAWEB\TCPIP_PROJECT RS (256) PL (68) PW (78) XD (10H) NOOL
>> 


MEMORY MODEL: LARGE


INPUT MODULES INCLUDED:
  C:\SILABS\RAFAWEB\MN_VARS.OBJ (MN_VARS)
  C:\SILABS\RAFAWEB\MAIN.OBJ (MAIN)
  C:\SILABS\RAFAWEB\VFILE_DIR\INDEX.OBJ (INDEX)
  C:\SILABS\RAFAWEB\STARTUP.OBJ (?C_STARTUP)
  C:\SILABS\RAFAWEB\MN_STACK_BANK_046.LIB (MN_HTTP_FIND_VALUE)
  C:\SILABS\RAFAWEB\MN_STACK_BANK_046.LIB (HTTP)
  C:\SILABS\RAFAWEB\MN_STACK_BANK_046.LIB (MN_TCP_CLOSE)
  C:\SILABS\RAFAWEB\MN_STACK_BANK_046.LIB (TCP)
  C:\SILABS\RAFAWEB\MN_STACK_BANK_046.LIB (MN_TCP_ABORT)
  C:\SILABS\RAFAWEB\MN_STACK_BANK_046.LIB (MN_UDP_RECV)
  C:\SILABS\RAFAWEB\MN_STACK_COMMON_046.LIB (MN_ETHER_INIT)
  C:\SILABS\RAFAWEB\MN_STACK_COMMON_046.LIB (IP)
  C:\SILABS\RAFAWEB\MN_STACK_COMMON_046.LIB (MN_CSUM)
  C:\SILABS\RAFAWEB\MN_STACK_COMMON_046.LIB (MN_GET_TIMER_TICK)
  C:\SILABS\RAFAWEB\MN_STACK_COMMON_046.LIB (MN_RESET_TIMER)
  C:\SILABS\RAFAWEB\MN_STACK_COMMON_046.LIB (MN_TIMER_EXPIRED)
  C:\SILABS\RAFAWEB\MN_STACK_COMMON_046.LIB (MNSERVER)
  C:\SILABS\RAFAWEB\MN_STACK_COMMON_046.LIB (MN_RECV_BYTE)
  C:\SILABS\RAFAWEB\MN_STACK_COMMON_046.LIB (MN_SEND_BYTE)
  C:\SILABS\RAFAWEB\MN_STACK_COMMON_046.LIB (MN_ABORT)
  C:\SILABS\RAFAWEB\MN_STACK_COMMON_046.LIB (MN_CLOSE)
  C:\SILABS\RAFAWEB\MN_STACK_COMMON_046.LIB (MN_FIND_SOCKET)
  C:\SILABS\RAFAWEB\MN_STACK_COMMON_046.LIB (MN_INIT)
  C:\SILABS\RAFAWEB\MN_STACK_COMMON_046.LIB (MN_OPEN)
  C:\SILABS\RAFAWEB\MN_STACK_COMMON_046.LIB (MN_RECV_WAIT)
  C:\SILABS\RAFAWEB\MN_STACK_COMMON_046.LIB (MN_SEND)
  C:\SILABS\RAFAWEB\MN_STACK_COMMON_046.LIB (MN_CLOSE_PACKET)
  C:\SILABS\RAFAWEB\MN_STACK_COMMON_046.LIB (MN_OPEN_SOCKET)
  C:\SILABS\RAFAWEB\MN_STACK_COMMON_046.LIB (MN_GET_SOCKET_TYPE)
  C:\SILABS\RAFAWEB\MN_STACK_COMMON_046.LIB (MN_VF_GET_ENTRY)
  C:\SILABS\RAFAWEB\MN_STACK_COMMON_046.LIB (MN_VF_SET_ENTRY)
  C:\SILABS\RAFAWEB\MN_STACK_COMMON_046.LIB (MN_PF_GET_ENTRY)
  C:\SILABS\RAFAWEB\MN_STACK_COMMON_046.LIB (MN_PF_SET_ENTRY)
  C:\SILABS\RAFAWEB\MN_STACK_COMMON_046.LIB (MN_STRCPY_CB)
  C:\SILABS\RAFAWEB\MN_STACK_COMMON_046.LIB (MN_STRCAT_CB)
  C:\SILABS\RAFAWEB\MN_STACK_COMMON_046.LIB (MN_STRLEN_CB)
  C:\SILABS\RAFAWEB\MN_STACK_COMMON_046.LIB (MN_STRICMP_CB)
  C:\SILABS\RAFAWEB\MN_STACK_COMMON_046.LIB (MN_STRNICMP_CB)
  C:\SILABS\RAFAWEB\MN_STACK_COMMON_046.LIB (MN_USTOA)
  C:\SILABS\RAFAWEB\MN_STACK_COMMON_046.LIB (MN_ATOUS)
  C:\SILABS\RAFAWEB\MN_STACK_COMMON_046.LIB (CP2200_REG)
  C:\SILABS\RAFAWEB\MN_STACK_COMMON_046.LIB (MN_APP_GET_SEND_SIZE)
  C:\SILABS\RAFAWEB\MN_STACK_COMMON_046.LIB (MN_APP_INIT_RECV)
  C:\SILABS\RAFAWEB\MN_STACK_COMMON_046.LIB (MN_APP_RECV_BYTE)
  C:\SILABS\RAFAWEB\MN_STACK_COMMON_046.LIB (MN_APP_PROCESS_PACKET)
  C:\SILABS\RAFAWEB\MN_STACK_COMMON_046.LIB (MN_APP_SEND_COMPLETE)
  C:\SILABS\RAFAWEB\MN_STACK_COMMON_046.LIB (?C?COPY)
  C:\SILABS\RAFAWEB\MN_STACK_COMMON_046.LIB (?C?CLDPTR)
  C:\SILABS\RAFAWEB\MN_STACK_COMMON_046.LIB (?C?CLDOPTR)
  C:\SILABS\RAFAWEB\MN_STACK_COMMON_046.LIB (?C?CSTPTR)
  C:\SILABS\RAFAWEB\MN_STACK_COMMON_046.LIB (?C?CSTOPTR)
  C:\SILABS\RAFAWEB\MN_STACK_COMMON_046.LIB (?C?IMUL)
  C:\SILABS\RAFAWEB\MN_STACK_COMMON_046.LIB (?C?SIDIV)
BL51 BANKED LINKER/LOCATER V6.05            05/02/2008  22:28:52  PAGE 2


  C:\SILABS\RAFAWEB\MN_STACK_COMMON_046.LIB (?C?IILDX)
  C:\SILABS\RAFAWEB\MN_STACK_COMMON_046.LIB (?C?ILDPTR)
  C:\SILABS\RAFAWEB\MN_STACK_COMMON_046.LIB (?C?ILDOPTR)
  C:\SILABS\RAFAWEB\MN_STACK_COMMON_046.LIB (?C?IILDPTR)
  C:\SILABS\RAFAWEB\MN_STACK_COMMON_046.LIB (?C?ISTPTR)
  C:\SILABS\RAFAWEB\MN_STACK_COMMON_046.LIB (?C?ISTOPTR)
  C:\SILABS\RAFAWEB\MN_STACK_COMMON_046.LIB (?C?LADD)
  C:\SILABS\RAFAWEB\MN_STACK_COMMON_046.LIB (?C?ULCMP)
  C:\SILABS\RAFAWEB\MN_STACK_COMMON_046.LIB (?C?LSHL)
  C:\SILABS\RAFAWEB\MN_STACK_COMMON_046.LIB (?C?LLDOPTR)
  C:\SILABS\RAFAWEB\MN_STACK_COMMON_046.LIB (?C?LSTPTR)
  C:\SILABS\RAFAWEB\MN_STACK_COMMON_046.LIB (?C?LSTOPTR)
  C:\SILABS\RAFAWEB\MN_STACK_COMMON_046.LIB (?C?LLDXDATA)
  C:\SILABS\RAFAWEB\MN_STACK_COMMON_046.LIB (?C?LLDXDATA0)
  C:\SILABS\RAFAWEB\MN_STACK_COMMON_046.LIB (?C?LLDOPTR0)
  C:\SILABS\RAFAWEB\MN_STACK_COMMON_046.LIB (?C?LSTXDATA)
  C:\SILABS\RAFAWEB\MN_STACK_COMMON_046.LIB (?C?LSTKXDATA)
  C:\SILABS\RAFAWEB\MN_STACK_COMMON_046.LIB (?C?LSTKOPTR)
  C:\SILABS\RAFAWEB\MN_STACK_COMMON_046.LIB (?C?OFFXADD)
  C:\SILABS\RAFAWEB\MN_STACK_COMMON_046.LIB (?C?PLDXDATA)
  C:\SILABS\RAFAWEB\MN_STACK_COMMON_046.LIB (?C?PLDIXDATA)
  C:\SILABS\RAFAWEB\MN_STACK_COMMON_046.LIB (?C?PSTXDATA)
  C:\SILABS\RAFAWEB\MN_STACK_COMMON_046.LIB (?C?PLDPTR)
  C:\SILABS\RAFAWEB\MN_STACK_COMMON_046.LIB (?C?PSTPTR)
  C:\SILABS\RAFAWEB\MN_STACK_COMMON_046.LIB (?C?PLDOPTR)
  C:\SILABS\RAFAWEB\MN_STACK_COMMON_046.LIB (?C?PSTOPTR)
  C:\SILABS\RAFAWEB\MN_STACK_COMMON_046.LIB (?C?CCASE)
  C:\SILABS\RAFAWEB\MN_STACK_COMMON_046.LIB (?C?ICALL)
  C:\SILABS\RAFAWEB\MN_STACK_COMMON_046.LIB (PRINTF)
  C:\SILABS\RAFAWEB\MN_STACK_COMMON_046.LIB (SCANF)
  C:\SILABS\RAFAWEB\MN_STACK_COMMON_046.LIB (?C?STRCMP)
  C:\SILABS\RAFAWEB\MN_STACK_COMMON_046.LIB (STRNCMP)
  C:\SILABS\RAFAWEB\MN_STACK_COMMON_046.LIB (?C?STRCPY)
  C:\SILABS\RAFAWEB\MN_STACK_COMMON_046.LIB (STRLEN)
  C:\SILABS\RAFAWEB\MN_STACK_COMMON_046.LIB (?C?MEMSET)
  C:\SILABS\RAFAWEB\MN_STACK_COMMON_046.LIB (ETHER_RECV_HEADER)
  C:\SILABS\RAFAWEB\MN_STACK_COMMON_046.LIB (MN_ETHER_START_PACKET)
  C:\SILABS\RAFAWEB\MN_STACK_COMMON_046.LIB (MN_PORT)
  C:\SILABS\RAFAWEB\MN_STACK_COMMON_046.LIB (MN_VERIFY)
  C:\SILABS\RAFAWEB\MN_STACK_COMMON_046.LIB (SET_VF_ENTRY)
  C:\SILABS\RAFAWEB\MN_STACK_COMMON_046.LIB (MN_MEMCPY_CB)
  C:\SILABS\RAFAWEB\MN_STACK_COMMON_046.LIB (MN_MEMCPY_CB_CP2200)
  C:\SILABS\RAFAWEB\MN_STACK_COMMON_046.LIB (MN_TOLOWER)
  C:\SILABS\RAFAWEB\MN_STACK_COMMON_046.LIB (MN_STRICMP)
  C:\SILABS\RAFAWEB\MN_STACK_COMMON_046.LIB (CP2200_ETHER_INIT)
  C:\SILABS\RAFAWEB\MN_STACK_COMMON_046.LIB (CP2200_ETHER_POLL_RECV)
  C:\SILABS\RAFAWEB\MN_STACK_COMMON_046.LIB (CP2200_ETHER_SEND)
  C:\SILABS\RAFAWEB\MN_STACK_COMMON_046.LIB (MN_APP_SERVER_IDLE)
  C:\SILABS\RAFAWEB\MN_STACK_COMMON_046.LIB (MN_APP_RECV_IDLE)
  C:\SILABS\RAFAWEB\MN_STACK_COMMON_046.LIB (MN_APP_SERVER_PROCESS_PACKET)
  C:\SILABS\RAFAWEB\MN_STACK_COMMON_046.LIB (?C?CILDOPTR)
  C:\SILABS\RAFAWEB\MN_STACK_COMMON_046.LIB (?C?UIDIV)
  C:\SILABS\RAFAWEB\MN_STACK_COMMON_046.LIB (?C?ILDIX)
  C:\SILABS\RAFAWEB\MN_STACK_COMMON_046.LIB (?C?IILDOPTR)
  C:\SILABS\RAFAWEB\MN_STACK_COMMON_046.LIB (?C?LNOT)
  C:\SILABS\RAFAWEB\MN_STACK_COMMON_046.LIB (?C?LNEG)
  C:\SILABS\RAFAWEB\MN_STACK_COMMON_046.LIB (?C?ULSHR)
  C:\SILABS\RAFAWEB\MN_STACK_COMMON_046.LIB (?C?LLDIDATA)
  C:\SILABS\RAFAWEB\MN_STACK_COMMON_046.LIB (?C?LLDPDATA)
  C:\SILABS\RAFAWEB\MN_STACK_COMMON_046.LIB (?C?LLDCODE)
  C:\SILABS\RAFAWEB\MN_STACK_COMMON_046.LIB (?C?LLDIDATA0)
  C:\SILABS\RAFAWEB\MN_STACK_COMMON_046.LIB (?C?LLDPDATA0)
  C:\SILABS\RAFAWEB\MN_STACK_COMMON_046.LIB (?C?LLDCODE0)
  C:\SILABS\RAFAWEB\MN_STACK_COMMON_046.LIB (?C?LSTIDATA)
  C:\SILABS\RAFAWEB\MN_STACK_COMMON_046.LIB (?C?LSTPDATA)
BL51 BANKED LINKER/LOCATER V6.05            05/02/2008  22:28:52  PAGE 3


  C:\SILABS\RAFAWEB\MN_STACK_COMMON_046.LIB (?C?LSTKIDATA)
  C:\SILABS\RAFAWEB\MN_STACK_COMMON_046.LIB (?C?LSTKPDATA)
  C:\SILABS\RAFAWEB\MN_STACK_COMMON_046.LIB (?C?PLDIDATA)
  C:\SILABS\RAFAWEB\MN_STACK_COMMON_046.LIB (?C?PSTIDATA)
  C:\SILABS\RAFAWEB\MN_STACK_COMMON_046.LIB (?C?PILDXDATA)
  C:\SILABS\RAFAWEB\MN_STACK_COMMON_046.LIB (?C?PLDPDATA)
  C:\SILABS\RAFAWEB\MN_STACK_COMMON_046.LIB (?C?PSTPDATA)
  C:\SILABS\RAFAWEB\MN_STACK_COMMON_046.LIB (?C?PLDCODE)
  C:\SILABS\RAFAWEB\MN_STACK_COMMON_046.LIB (PUTCHAR)
  C:\SILABS\RAFAWEB\MN_STACK_COMMON_046.LIB (GETCHAR)
  C:\SILABS\RAFAWEB\MN_STACK_COMMON_046.LIB (UNGETC)
  C:\SILABS\RAFAWEB\MN_STACK_COMMON_046.LIB (ISSPACE)
  C:\SILABS\RAFAWEB\MN_STACK_COMMON_046.LIB (?C?MEMCMP)
  C:\SILABS\RAFAWEB\MN_STACK_COMMON_046.LIB (SENDHWADDR)
  C:\SILABS\RAFAWEB\MN_STACK_COMMON_046.LIB (MN_WAIT_TICKS)
  C:\SILABS\RAFAWEB\MN_STACK_COMMON_046.LIB (MN_RECV_BYTE_PRESENT)
  C:\SILABS\RAFAWEB\MN_STACK_COMMON_046.LIB (CP2200_ETHER_RECV)
  C:\SILABS\RAFAWEB\MN_STACK_COMMON_046.LIB (FLASH_UTILS)
  C:\SILABS\RAFAWEB\MN_STACK_COMMON_046.LIB (?C?LAND)
  C:\SILABS\RAFAWEB\MN_STACK_COMMON_046.LIB (?C?LOR)
  C:\SILABS\RAFAWEB\MN_STACK_COMMON_046.LIB (_GETKEY)
  C:\SILABS\RAFAWEB\MN_STACK_COMMON_046.LIB (MN_PUT_RECV_BYTE)
  C:\SILABS\RAFAWEB\MN_CALLBACK.OBJ (MN_CALLBACK)
  C:\SILABS\RAFAWEB\SOFT_I2C.OBJ (SOFT_I2C)
  C:\SILABS\RAFAWEB\MN_STACK_BANK_046.LIB (ARP)
  C:\SILABS\RAFAWEB\MN_STACK_BANK_046.LIB (MN_TCP_OPEN)
  C:\SILABS\RAFAWEB\MN_STACK_BANK_046.LIB (MN_TCP_SHUTDOWN)
  C:\SILABS\RAFAWEB\MN_STACK_BANK_046.LIB (MN_UDP_SEND)
  C:\SILABS\RAFAWEB\MN_STACK_BANK_046.LIB (START_ARP_PACKET)
  C:\SILABS\RAFAWEB\MN_STACK_COMMON_046.LIB (?C?LMUL)
  C:\KEIL8\C51\LIB\C51L.LIB (?C_INIT)


LINK MAP OF MODULE:  C:\SILABS\RAFAWEB\TCPIP_PROJECT (MN_VARS)


            TYPE    BASE      LENGTH    RELOCATION   SEGMENT NAME
            -----------------------------------------------------

            * * * * * * *   D A T A   M E M O R Y   * * * * * * *
            REG     0000H     0008H     ABSOLUTE     "REG BANK 0"
            REG     0008H     0008H     ABSOLUTE     "REG BANK 1"
            DATA    0010H     0005H     UNIT         ?DT?PRINTF?PRINTF
            DATA    0015H     0005H     UNIT         ?DT?SCANF?SCANF
                    001AH     0006H                  *** GAP ***
            BIT     0020H.0   0001H.1   UNIT         ?BI?PRINTF?PRINTF
            BIT     0021H.1   0000H.6   UNIT         ?BI?SCANF?SCANF
            BIT     0021H.7   0000H.5   UNIT         ?BI?CP2200_REG
            BIT     0022H.4   0000H.3   UNIT         ?BI?MAIN
            BIT     0022H.7   0000H.1   UNIT         ?BI?CP2200_ETHER_POLL_REC
>> V
            BIT     0023H.0   0000H.1   UNIT         ?BI?GETCHAR
            BIT     0023H.1   0000H.1   UNIT         ?BI?SOFT_I2C
                    0023H.2   0000H.6                *** GAP ***
            IDATA   0024H     0001H     UNIT         ?STACK

            * * * * * * *  X D A T A   M E M O R Y  * * * * * * *
                    0000H     0010H                  *** GAP ***
            XDATA   0010H     0926H     UNIT         ?XD?MN_VARS
            XDATA   0936H     012DH     UNIT         ?XD?MAIN
            XDATA   0A63H     0070H     UNIT         ?XD?_WAKEUP?MAIN
            XDATA   0AD3H     005FH     UNIT         ?XD?_SET?MAIN
            XDATA   0B32H     0041H     UNIT         ?XD?_WOL?MAIN
            XDATA   0B73H     002EH     UNIT         ?XD?SCANF?SCANF
            XDATA   0BA1H     002DH     UNIT         ?XD?HTTP
BL51 BANKED LINKER/LOCATER V6.05            05/02/2008  22:28:52  PAGE 4


            XDATA   0BCEH     0028H     UNIT         ?XD?PRINTF?PRINTF
            XDATA   0BF6H     0024H     UNIT         ?XD?_TCP_RECV_HEADER?TCP
            XDATA   0C1AH     0021H     UNIT         ?XD?_GETHORA_WEB?MAIN
            XDATA   0C3BH     0018H     UNIT         ?XD?_MN_UDP_RECV?MN_UDP_R
>> ECV
            XDATA   0C53H     0018H     UNIT         ?XD?_IP_CHECKSUM?IP
            XDATA   0C6BH     0017H     UNIT         ?XD?_MN_TCP_RECV?TCP
            XDATA   0C82H     0016H     UNIT         ?XD?_MN_RECV_WAIT?MN_RECV
>> _WAIT
            XDATA   0C98H     0014H     UNIT         ?XD?MN_ARP_PROCESS_PACKET
>> ?ARP
            XDATA   0CACH     0013H     UNIT         ?XD?IP
            XDATA   0CBFH     0013H     UNIT         ?XD?_SAME_NET_NUMBER?MN_E
>> THER_START_PACKET
            XDATA   0CD2H     0013H     UNIT         ?XD?_SET_VF_ENTRY?SET_VF_
>> ENTRY
            XDATA   0CE5H     0012H     UNIT         ?XD?_MN_OPEN_SOCKET?MN_OP
>> EN_SOCKET
            XDATA   0CF7H     0011H     UNIT         ?XD?IP_RECV_HEADER?IP
            XDATA   0D08H     0011H     UNIT         ?XD?_MN_UDP_TCP_START_CHE
>> CKSUM?MN_CSUM
            XDATA   0D19H     0011H     UNIT         ?XD?MN_PORT
            XDATA   0D2AH     0010H     UNIT         ?XD?_MN_IP_SEND_HEADER?IP
>> 
            XDATA   0D3AH     0010H     UNIT         ?XD?_MN_OPEN?MN_OPEN
            XDATA   0D4AH     0010H     UNIT         ?XD?_ETHER_SEND?CP2200_ET
>> HER_SEND
            XDATA   0D5AH     0010H     UNIT         ?XD?_MN_UDP_SEND?MN_UDP_S
>> END
            XDATA   0D6AH     000EH     UNIT         ?XD?_MN_HTTP_PROCESS_PACK
>> ET?HTTP
            XDATA   0D78H     000EH     UNIT         ?XD?_TCP_SEND_HEADER?TCP
            XDATA   0D86H     000EH     UNIT         ?XD?MN_SERVER?MNSERVER
            XDATA   0D94H     000DH     UNIT         ?XD?_MN_SEND?MN_SEND
            XDATA   0DA1H     000DH     UNIT         ?XD?_PHY_INIT?CP2200_ETHE
>> R_INIT
            XDATA   0DAEH     000CH     UNIT         ?XD?_MN_HTTP_FIND_VALUE?M
>> N_HTTP_FIND_VALUE
            XDATA   0DBAH     000CH     UNIT         ?XD?_MN_DATA_SEND_CHECKSU
>> M?MN_CSUM
            XDATA   0DC6H     000CH     UNIT         ?XD?_MN_FIND_SOCKET?MN_FI
>> ND_SOCKET
            XDATA   0DD2H     000CH     UNIT         ?XD?_ETHER_INIT?CP2200_ET
>> HER_INIT
            XDATA   0DDEH     000CH     UNIT         ?XD?_MAC_INIT?CP2200_ETHE
>> R_INIT
            XDATA   0DEAH     000BH     UNIT         ?XD?_MN_ARP_LOOKUP?ARP
            XDATA   0DF5H     000AH     UNIT         ?XD?_TCP_SEND_ACK?TCP
            XDATA   0DFFH     000AH     UNIT         ?XD?GET_PING_PKT?IP
            XDATA   0E09H     000AH     UNIT         ?XD?_MN_PF_SET_ENTRY?MN_P
>> F_SET_ENTRY
            XDATA   0E13H     000AH     UNIT         ?XD?_MN_USTOA?MN_USTOA
            XDATA   0E1DH     000AH     UNIT         ?XD?_MN_ETHER_START_PACKE
>> T?MN_ETHER_START_PACKET
            XDATA   0E27H     000AH     UNIT         ?XD?_MN_MEMCPY_CB?MN_MEMC
>> PY_CB
            XDATA   0E31H     000AH     UNIT         ?XD?_MN_MEMCPY_CB_CP2200?
>> MN_MEMCPY_CB_CP2200
            XDATA   0E3BH     000AH     UNIT         ?XD?ETHER_RECV?CP2200_ETH
>> ER_RECV
            XDATA   0E45H     000AH     UNIT         ?XD?_MN_TCP_SHUTDOWN?MN_T
>> CP_SHUTDOWN
            XDATA   0E4FH     0009H     UNIT         ?XD?SETHORA_I2C?MAIN
            XDATA   0E58H     0009H     UNIT         ?XD?GETHORA_I2C?MAIN
            XDATA   0E61H     0009H     UNIT         ?XD?_MN_HTTP_DECODESTRING
BL51 BANKED LINKER/LOCATER V6.05            05/02/2008  22:28:52  PAGE 5


>> ?MN_HTTP_FIND_VALUE
            XDATA   0E6AH     0009H     UNIT         ?XD?_UPDATE_UNACKED_BYTES
>> ?TCP
            XDATA   0E73H     0009H     UNIT         ?XD?_MN_ARP_UPDATE?ARP
            XDATA   0E7CH     0009H     UNIT         ?XD?_MN_ARP_RECV_REPLY?AR
>> P
            XDATA   0E85H     0009H     UNIT         ?XD?_MN_TCP_OPEN?MN_TCP_O
>> PEN
            XDATA   0E8EH     0008H     UNIT         ?XD?_COPYCONTENTTYPE?HTTP
>> 
            XDATA   0E96H     0008H     UNIT         ?XD?_MN_VF_SET_ENTRY?MN_V
>> F_SET_ENTRY
            XDATA   0E9EH     0008H     UNIT         ?XD?_MN_STRNICMP_CB?MN_ST
>> RNICMP_CB
            XDATA   0EA6H     0008H     UNIT         ?XD?_MN_APP_SEND_COMPLETE
>> ?MN_APP_SEND_COMPLETE
            XDATA   0EAEH     0008H     UNIT         ?XD?_STRNCMP?STRNCMP
            XDATA   0EB6H     0007H     UNIT         ?XD?_MN_HTTP_SERVER_SEND?
>> HTTP
            XDATA   0EBDH     0007H     UNIT         ?XD?_MN_HTTP_SET_MESSAGE?
>> HTTP
            XDATA   0EC4H     0007H     UNIT         ?XD?_MN_HTTP_SET_FILE?HTT
>> P
            XDATA   0ECBH     0007H     UNIT         ?XD?_MN_VF_GET_ENTRY?MN_V
>> F_GET_ENTRY
            XDATA   0ED2H     0007H     UNIT         ?XD?_MN_PF_GET_ENTRY?MN_P
>> F_GET_ENTRY
            XDATA   0ED9H     0007H     UNIT         ?XD?_MN_APP_RECV_BYTE?MN_
>> APP_RECV_BYTE
            XDATA   0EE0H     0007H     UNIT         ?XD?_MN_STRICMP?MN_STRICM
>> P
            XDATA   0EE7H     0006H     UNIT         ?XD?_HTTP_SET_IN_USE_FLAG
>> ?HTTP
            XDATA   0EEDH     0006H     UNIT         ?XD?_MN_TCP_SEND?TCP
            XDATA   0EF3H     0006H     UNIT         ?XD?_TCP_RECV_SEND?TCP
            XDATA   0EF9H     0006H     UNIT         ?XD?MN_IP_GET_PKT?IP
            XDATA   0EFFH     0006H     UNIT         ?XD?SEND_PING_REPLY?IP
            XDATA   0F05H     0006H     UNIT         ?XD?_MN_STRCPY_CB?MN_STRC
>> PY_CB
            XDATA   0F0BH     0006H     UNIT         ?XD?_MN_STRCAT_CB?MN_STRC
>> AT_CB
            XDATA   0F11H     0006H     UNIT         ?XD?_MN_STRICMP_CB?MN_STR
>> ICMP_CB
            XDATA   0F17H     0006H     UNIT         ?XD?_MN_ATOUS?MN_ATOUS
            XDATA   0F1DH     0005H     UNIT         ?XD?_MN_HTTP_SERVER_RECV?
>> HTTP
            XDATA   0F22H     0005H     UNIT         ?XD?_TCP_UPDATE_ACK?TCP
            XDATA   0F27H     0005H     UNIT         ?XD?_TCP_SEND_SYN_CLOSE?T
>> CP
            XDATA   0F2CH     0005H     UNIT         ?XD?_MN_RESET_TIMER?MN_RE
>> SET_TIMER
            XDATA   0F31H     0005H     UNIT         ?XD?MN_INIT?MN_INIT
            XDATA   0F36H     0005H     UNIT         ?XD?_MN_APP_GET_SEND_SIZE
>> ?MN_APP_GET_SEND_SIZE
            XDATA   0F3BH     0005H     UNIT         ?XD?MN_TRANSMIT_READY?MN_
>> PORT
            XDATA   0F40H     0005H     UNIT         ?XD?_MN_WAIT_TICKS?MN_WAI
>> T_TICKS
            XDATA   0F45H     0005H     UNIT         ?XD?_MN_ARP_SEND_REQUEST?
>> ARP
            XDATA   0F4AH     0004H     UNIT         ?XD?MAIN?MAIN
            XDATA   0F4EH     0004H     UNIT         ?XD?_MN_UDP_TCP_END_CHECK
>> SUM?MN_CSUM
            XDATA   0F52H     0004H     UNIT         ?XD?_MN_ABORT?MN_ABORT
            XDATA   0F56H     0004H     UNIT         ?XD?_MN_CLOSE?MN_CLOSE
BL51 BANKED LINKER/LOCATER V6.05            05/02/2008  22:28:52  PAGE 6


            XDATA   0F5AH     0004H     UNIT         ?XD?_SENDHWADDR?SENDHWADD
>> R
            XDATA   0F5EH     0004H     UNIT         ?XD?_MN_ARP_SEARCH_ENTRY?
>> ARP
            XDATA   0F62H     0003H     UNIT         ?XD?_CALLBACK_APP_SERVER_
>> IDLE?MAIN
            XDATA   0F65H     0003H     UNIT         ?XD?_GET_HORA?MAIN
            XDATA   0F68H     0003H     UNIT         ?XD?_MN_HTTP_SERVER_SET_F
>> LAG?HTTP
            XDATA   0F6BH     0003H     UNIT         ?XD?_CHECK_HTTP_PARSE?HTT
>> P
            XDATA   0F6EH     0003H     UNIT         ?XD?_MAKEHTTPHEADER?HTTP
            XDATA   0F71H     0003H     UNIT         ?XD?_HTTP_CLEAR_IN_USE_FL
>> AG?HTTP
            XDATA   0F74H     0003H     UNIT         ?XD?_MN_TCP_CLOSE?MN_TCP_
>> CLOSE
            XDATA   0F77H     0003H     UNIT         ?XD?_MN_TCP_INIT?TCP
            XDATA   0F7AH     0003H     UNIT         ?XD?_TCP_SEND_NODATA_HDR?
>> TCP
            XDATA   0F7DH     0003H     UNIT         ?XD?_TCP_SEND_NODATA_PKT?
>> TCP
            XDATA   0F80H     0003H     UNIT         ?XD?_MN_TCP_ABORT?MN_TCP_
>> ABORT
            XDATA   0F83H     0003H     UNIT         ?XD?_MN_ETHER_INIT?MN_ETH
>> ER_INIT
            XDATA   0F86H     0003H     UNIT         ?XD?_MN_TIMER_EXPIRED?MN_
>> TIMER_EXPIRED
            XDATA   0F89H     0003H     UNIT         ?XD?_MN_APP_PROCESS_PACKE
>> T?MN_APP_PROCESS_PACKET
            XDATA   0F8CH     0003H     UNIT         ?XD?ETHER_RECV_HEADER?ETH
>> ER_RECV_HEADER
            XDATA   0F8FH     0003H     UNIT         ?XD?_MAC_READ?CP2200_ETHE
>> R_INIT
            XDATA   0F92H     0003H     UNIT         ?XD?ETHER_ISR?CP2200_ETHE
>> R_INIT
            XDATA   0F95H     0002H     UNIT         ?XD?MN_IP_DISCARD_PACKET?
>> IP
            XDATA   0F97H     0001H     UNIT         ?XD?_MN_HTTP_RECV_BYTE?HT
>> TP
            XDATA   0F98H     0001H     UNIT         ?XD?_TCP_SEND_RESET?TCP
            XDATA   0F99H     0001H     UNIT         ?XD?MN_IP_RECV?IP
            XDATA   0F9AH     0001H     UNIT         ?XD?_MN_SEND_BYTE?MN_SEND
>> _BYTE
            XDATA   0F9BH     0001H     UNIT         ?XD?_INIT_SEND?MN_PORT
            XDATA   0F9CH     0001H     UNIT         ?XD?MN_VERIFY?MN_VERIFY
            XDATA   0F9DH     0001H     UNIT         ?XD?GETCHAR
            XDATA   0F9EH     0001H     UNIT         ?XD?MN_ARP_GET_ENTRY?ARP
                    0F9FH     1062H                  *** GAP ***
            XDATA   2001H     0001H     ABSOLUTE     
            XDATA   2002H     0001H     ABSOLUTE     
            XDATA   2003H     0001H     ABSOLUTE     
            XDATA   2004H     0001H     ABSOLUTE     
            XDATA   2005H     0001H     ABSOLUTE     
            XDATA   2006H     0001H     ABSOLUTE     
                    2007H     0001H                  *** GAP ***
            XDATA   2008H     0001H     ABSOLUTE     
            XDATA   2009H     0001H     ABSOLUTE     
            XDATA   200AH     0001H     ABSOLUTE     
            XDATA   200BH     0001H     ABSOLUTE     
            XDATA   200CH     0001H     ABSOLUTE     
            XDATA   200DH     0001H     ABSOLUTE     
            XDATA   200EH     0001H     ABSOLUTE     
            XDATA   200FH     0001H     ABSOLUTE     
            XDATA   2010H     0001H     ABSOLUTE     
            XDATA   2011H     0001H     ABSOLUTE     
BL51 BANKED LINKER/LOCATER V6.05            05/02/2008  22:28:52  PAGE 7


            XDATA   2012H     0001H     ABSOLUTE     
            XDATA   2013H     0001H     ABSOLUTE     
                    2014H     0001H                  *** GAP ***
            XDATA   2015H     0001H     ABSOLUTE     
            XDATA   2016H     0001H     ABSOLUTE     
            XDATA   2017H     0001H     ABSOLUTE     
            XDATA   2018H     0001H     ABSOLUTE     
                    2019H     0001H                  *** GAP ***
            XDATA   201AH     0001H     ABSOLUTE     
                    201BH     0001H                  *** GAP ***
            XDATA   201CH     0001H     ABSOLUTE     
            XDATA   201DH     0001H     ABSOLUTE     
            XDATA   201EH     0001H     ABSOLUTE     
            XDATA   201FH     0001H     ABSOLUTE     
            XDATA   2020H     0001H     ABSOLUTE     
            XDATA   2021H     0001H     ABSOLUTE     
            XDATA   2022H     0001H     ABSOLUTE     
            XDATA   2023H     0001H     ABSOLUTE     
            XDATA   2024H     0001H     ABSOLUTE     
            XDATA   2025H     0001H     ABSOLUTE     
            XDATA   2026H     0001H     ABSOLUTE     
            XDATA   2027H     0001H     ABSOLUTE     
            XDATA   2028H     0001H     ABSOLUTE     
            XDATA   2029H     0001H     ABSOLUTE     
            XDATA   202AH     0001H     ABSOLUTE     
            XDATA   202BH     0001H     ABSOLUTE     
            XDATA   202CH     0001H     ABSOLUTE     
            XDATA   202DH     0001H     ABSOLUTE     
            XDATA   202EH     0001H     ABSOLUTE     
            XDATA   202FH     0001H     ABSOLUTE     
            XDATA   2030H     0001H     ABSOLUTE     
            XDATA   2031H     0001H     ABSOLUTE     
            XDATA   2032H     0001H     ABSOLUTE     
            XDATA   2033H     0001H     ABSOLUTE     
            XDATA   2034H     0001H     ABSOLUTE     
            XDATA   2035H     0001H     ABSOLUTE     
            XDATA   2036H     0001H     ABSOLUTE     
            XDATA   2037H     0001H     ABSOLUTE     
            XDATA   2038H     0001H     ABSOLUTE     
            XDATA   2039H     0001H     ABSOLUTE     
            XDATA   203AH     0001H     ABSOLUTE     
            XDATA   203BH     0001H     ABSOLUTE     
            XDATA   203CH     0001H     ABSOLUTE     
            XDATA   203DH     0001H     ABSOLUTE     
            XDATA   203EH     0001H     ABSOLUTE     
            XDATA   203FH     0001H     ABSOLUTE     
            XDATA   2040H     0001H     ABSOLUTE     
            XDATA   2041H     0001H     ABSOLUTE     
            XDATA   2042H     0001H     ABSOLUTE     
            XDATA   2043H     0001H     ABSOLUTE     
            XDATA   2044H     0001H     ABSOLUTE     
            XDATA   2045H     0001H     ABSOLUTE     
            XDATA   2046H     0001H     ABSOLUTE     
            XDATA   2047H     0001H     ABSOLUTE     
            XDATA   2048H     0001H     ABSOLUTE     
            XDATA   2049H     0001H     ABSOLUTE     
            XDATA   204AH     0001H     ABSOLUTE     
            XDATA   204BH     0001H     ABSOLUTE     
            XDATA   204CH     0001H     ABSOLUTE     
            XDATA   204DH     0001H     ABSOLUTE     
            XDATA   204EH     0001H     ABSOLUTE     
            XDATA   204FH     0001H     ABSOLUTE     
            XDATA   2050H     0001H     ABSOLUTE     
            XDATA   2051H     0001H     ABSOLUTE     
            XDATA   2052H     0001H     ABSOLUTE     
BL51 BANKED LINKER/LOCATER V6.05            05/02/2008  22:28:52  PAGE 8


            XDATA   2053H     0001H     ABSOLUTE     
            XDATA   2054H     0001H     ABSOLUTE     
            XDATA   2055H     0001H     ABSOLUTE     
            XDATA   2056H     0001H     ABSOLUTE     
            XDATA   2057H     0001H     ABSOLUTE     
            XDATA   2058H     0001H     ABSOLUTE     
            XDATA   2059H     0001H     ABSOLUTE     
            XDATA   205AH     0001H     ABSOLUTE     
            XDATA   205BH     0001H     ABSOLUTE     
            XDATA   205CH     0001H     ABSOLUTE     
            XDATA   205DH     0001H     ABSOLUTE     
            XDATA   205EH     0001H     ABSOLUTE     
            XDATA   205FH     0001H     ABSOLUTE     
            XDATA   2060H     0001H     ABSOLUTE     
            XDATA   2061H     0001H     ABSOLUTE     
            XDATA   2062H     0001H     ABSOLUTE     
            XDATA   2063H     0001H     ABSOLUTE     
            XDATA   2064H     0001H     ABSOLUTE     
                    2065H     0002H                  *** GAP ***
            XDATA   2067H     0001H     ABSOLUTE     
            XDATA   2068H     0001H     ABSOLUTE     
            XDATA   2069H     0001H     ABSOLUTE     
            XDATA   206AH     0001H     ABSOLUTE     
            XDATA   206BH     0001H     ABSOLUTE     
                    206CH     0001H                  *** GAP ***
            XDATA   206DH     0001H     ABSOLUTE     
            XDATA   206EH     0001H     ABSOLUTE     
                    206FH     0001H                  *** GAP ***
            XDATA   2070H     0001H     ABSOLUTE     
                    2071H     0001H                  *** GAP ***
            XDATA   2072H     0001H     ABSOLUTE     
            XDATA   2073H     0001H     ABSOLUTE     
                    2074H     0001H                  *** GAP ***
            XDATA   2075H     0001H     ABSOLUTE     
            XDATA   2076H     0001H     ABSOLUTE     
                    2077H     0001H                  *** GAP ***
            XDATA   2078H     0001H     ABSOLUTE     
            XDATA   2079H     0001H     ABSOLUTE     
            XDATA   207AH     0001H     ABSOLUTE     
            XDATA   207BH     0001H     ABSOLUTE     
            XDATA   207CH     0001H     ABSOLUTE     
            XDATA   207DH     0001H     ABSOLUTE     
            XDATA   207EH     0001H     ABSOLUTE     
            XDATA   207FH     0001H     ABSOLUTE     
            XDATA   2080H     0001H     ABSOLUTE     

            * * * * * * *   C O D E   M E M O R Y   * * * * * * *
            CODE    0000H     0003H     ABSOLUTE     
            CODE    0003H     0003H     ABSOLUTE     
            CODE    0006H     0004H     UNIT         ?PR?ETHER_RESET_LOW?MAIN
            CODE    000AH     0001H     UNIT         ?PR?_CALLBACK_SOCKET_CLOS
>> ED?MN_CALLBACK
            CODE    000BH     0003H     ABSOLUTE     
            CODE    000EH     001BH     UNIT         ?PR?_WRITE_REGISTER?SOFT_
>> I2C
            CODE    0029H     0001H     UNIT         ?PR?_CALLBACK_SOCKET_EMPT
>> Y?MN_CALLBACK
                    002AH     0001H                  *** GAP ***
            CODE    002BH     0003H     ABSOLUTE     
            CODE    002EH     0C1FH     UNIT         ?C?LIB_CODE
            CODE    0C4DH     06DEH     UNIT         ?PR?_MN_TCP_RECV?TCP
            CODE    132BH     0468H     UNIT         ?PR?_TCP_RECV_HEADER?TCP
            CODE    1793H     0379H     UNIT         ?PR?_TCP_SEND_HEADER?TCP
            CODE    1B0CH     0365H     UNIT         ?PR?PRINTF?PRINTF
            CODE    1E71H     0356H     UNIT         ?PR?_MN_UDP_RECV?MN_UDP_R
BL51 BANKED LINKER/LOCATER V6.05            05/02/2008  22:28:52  PAGE 9


>> ECV
            CODE    21C7H     0324H     UNIT         ?PR?MN_ARP_PROCESS_PACKET
>> ?ARP
            CODE    24EBH     0322H     UNIT         ?PR?SCANF?SCANF
            CODE    280DH     02CBH     UNIT         ?PR?ETHER_RECV?CP2200_ETH
>> ER_RECV
            CODE    2AD8H     02C0H     UNIT         ?PR?MN_SERVER?MNSERVER
            CODE    2D98H     02B2H     UNIT         ?PR?_ETHER_SEND?CP2200_ET
>> HER_SEND
            CODE    304AH     02ACH     UNIT         ?PR?_SET?MAIN
            CODE    32F6H     02A5H     UNIT         ?PR?_MN_HTTP_PROCESS_PACK
>> ET?HTTP
            CODE    359BH     028DH     UNIT         ?PR?_MN_OPEN_SOCKET?MN_OP
>> EN_SOCKET
            CODE    3828H     0260H     UNIT         ?PR?IP_RECV_HEADER?IP
            CODE    3A88H     025AH     UNIT         ?PR?MN_INIT?MN_INIT
            CODE    3CE2H     0254H     UNIT         ?PR?_MN_HTTP_RECV_BYTE?HT
>> TP
            CODE    3F36H     0238H     UNIT         ?PR?_PHY_INIT?CP2200_ETHE
>> R_INIT
            CODE    416EH     01D4H     UNIT         ?PR?_MN_TCP_SEND?TCP
            CODE    4342H     01D0H     UNIT         ?PR?_MN_IP_SEND_HEADER?IP
>> 
            CODE    4512H     01C8H     UNIT         ?PR?_SAME_NET_NUMBER?MN_E
>> THER_START_PACKET
            CODE    46DAH     01C5H     UNIT         ?PR?_IP_CHECKSUM?IP
            CODE    489FH     01B8H     UNIT         ?PR?_MN_RECV_WAIT?MN_RECV
>> _WAIT
            CODE    4A57H     01A4H     UNIT         ?PR?TIMER2_HANDLER?MAIN
            CODE    4BFBH     019AH     UNIT         ?PR?_MN_UDP_SEND?MN_UDP_S
>> END
            CODE    4D95H     0192H     UNIT         ?PR?_SET_VF_ENTRY?SET_VF_
>> ENTRY
            CODE    4F27H     018DH     UNIT         ?PR?GET_PING_PKT?IP
            CODE    50B4H     018AH     UNIT         ?CO?MAIN
            CODE    523EH     0177H     UNIT         ?PR?_GETHORA_WEB?MAIN
            CODE    53B5H     0175H     UNIT         ?PR?_MN_SEND?MN_SEND
            CODE    552AH     016DH     UNIT         ?PR?_MN_APP_SEND_COMPLETE
>> ?MN_APP_SEND_COMPLETE
            CODE    5697H     0164H     UNIT         ?CO?HTTP
            CODE    57FBH     0160H     UNIT         ?PR?_MN_UDP_TCP_START_CHE
>> CKSUM?MN_CSUM
            CODE    595BH     015CH     UNIT         ?PR?_MN_HTTP_SET_FILE?HTT
>> P
            CODE    5AB7H     0149H     UNIT         ?PR?_MAC_INIT?CP2200_ETHE
>> R_INIT
            CODE    5C00H     0142H     UNIT         ?PR?_WOL?MAIN
            CODE    5D42H     0133H     UNIT         ?PR?_MN_ETHER_START_PACKE
>> T?MN_ETHER_START_PACKET
            CODE    5E75H     012BH     UNIT         ?PR?_ETHER_INIT?CP2200_ET
>> HER_INIT
            CODE    5FA0H     011AH     UNIT         ?PR?MN_IP_GET_PKT?IP
            CODE    60BAH     0115H     UNIT         ?PR?MN_VERIFY?MN_VERIFY
            CODE    61CFH     0109H     UNIT         ?CO?INDEX
            CODE    62D8H     00FAH     UNIT         ?PR?_MN_HTTP_SERVER_SEND?
>> HTTP
            CODE    63D2H     00F6H     UNIT         ?PR?SEND_PING_REPLY?IP
            CODE    64C8H     00F5H     UNIT         ?PR?_MN_ARP_LOOKUP?ARP
            CODE    65BDH     00F2H     UNIT         ?PR?_MN_TCP_OPEN?MN_TCP_O
>> PEN
            CODE    66AFH     00F0H     UNIT         ?PR?ETHER_ISR?CP2200_ETHE
>> R_INIT
            CODE    679FH     00ECH     UNIT         ?PR?_MN_APP_GET_SEND_SIZE
>> ?MN_APP_GET_SEND_SIZE
            CODE    688BH     00E8H     UNIT         ?PR?_CHECK_HTTP_PARSE?HTT
BL51 BANKED LINKER/LOCATER V6.05            05/02/2008  22:28:52  PAGE 10


>> P
            CODE    6973H     00E3H     UNIT         ?PR?_MN_FIND_SOCKET?MN_FI
>> ND_SOCKET
            CODE    6A56H     00DEH     UNIT         ?PR?_MN_ARP_SEND_REQUEST?
>> ARP
            CODE    6B34H     00DBH     UNIT         ?PR?_MN_TCP_INIT?TCP
            CODE    6C0FH     00D8H     UNIT         ?PR?_WAKEUP?MAIN
            CODE    6CE7H     00CEH     UNIT         ?PR?_MN_USTOA?MN_USTOA
            CODE    6DB5H     00CAH     UNIT         ?PR?_MN_ARP_UPDATE?ARP
            CODE    6E7FH     00C8H     UNIT         ?PR?MN_IP_DISCARD_PACKET?
>> IP
            CODE    6F47H     00C5H     UNIT         ?PR?_MN_DATA_SEND_CHECKSU
>> M?MN_CSUM
            CODE    700CH     00BDH     UNIT         ?PR?_MN_HTTP_FIND_VALUE?M
>> N_HTTP_FIND_VALUE
            CODE    70C9H     00BBH     UNIT         ?PR?_MN_HTTP_DECODESTRING
>> ?MN_HTTP_FIND_VALUE
            CODE    7184H     00BAH     UNIT         ?PR?_COPYCONTENTTYPE?HTTP
>> 
            CODE    723EH     00B3H     UNIT         ?PR?_HTTP_CLEAR_IN_USE_FL
>> AG?HTTP
            CODE    72F1H     00B2H     UNIT         ?PR?_GET_HORA?MAIN
            CODE    73A3H     00ACH     UNIT         ?PR?_TCP_SEND_ACK?TCP
            CODE    744FH     00ACH     UNIT         ?PR?_MN_TCP_SHUTDOWN?MN_T
>> CP_SHUTDOWN
            CODE    74FBH     00A9H     UNIT         ?PR?MAIN?MAIN
            CODE    75A4H     00A8H     UNIT         ?PR?GETHORA_I2C?MAIN
            CODE    764CH     00A7H     UNIT         ?PR?_TCP_SEND_SYN_CLOSE?T
>> CP
            CODE    76F3H     00A5H     UNIT         ?PR?_MN_APP_RECV_BYTE?MN_
>> APP_RECV_BYTE
            CODE    7798H     00A4H     UNIT         ?PR?_MAKEHTTPHEADER?HTTP
            CODE    783CH     00A4H     UNIT         ?PR?_MN_ABORT?MN_ABORT
            CODE    78E0H     00A4H     UNIT         ?PR?_MN_CLOSE?MN_CLOSE
            CODE    7984H     009EH     UNIT         ?PR?_UPDATE_UNACKED_BYTES
>> ?TCP
            CODE    7A22H     009DH     UNIT         ?PR?_MN_PF_SET_ENTRY?MN_P
>> F_SET_ENTRY
            CODE    7ABFH     009BH     UNIT         ?PR?_MN_HTTP_INIT_RECV?HT
>> TP
            CODE    7B5AH     0099H     UNIT         ?PR?_MN_OPEN?MN_OPEN
            CODE    7BF3H     0097H     UNIT         ?PR?SETHORA_I2C?MAIN
            CODE    7C8AH     0096H     UNIT         ?C_INITSEG
            CODE    7D20H     0096H     UNIT         ?PR?MN_ARP_GET_ENTRY?ARP
            CODE    7DB6H     008FH     UNIT         ?C_C51STARTUP
            CODE    7E45H     008FH     UNIT         ?PR?_MN_VF_GET_ENTRY?MN_V
>> F_GET_ENTRY
            CODE    7ED4H     0088H     UNIT         ?PR?_MN_TCP_CLOSE?MN_TCP_
>> CLOSE
            CODE    7F5CH     0088H     UNIT         ?PR?_MN_PF_GET_ENTRY?MN_P
>> F_GET_ENTRY
            CODE    7FE4H     0083H     UNIT         ?PR?_MN_RESET_TIMER?MN_RE
>> SET_TIMER
            CODE    8067H     007FH     UNIT         ?PR?_SENDHWADDR?SENDHWADD
>> R
            CODE    80E6H     007EH     UNIT         ?PR?MN_TIMER_INIT?MN_PORT
>> 
            CODE    8164H     007CH     UNIT         ?PR?ETHER_RECV_HEADER?ETH
>> ER_RECV_HEADER
            CODE    81E0H     007BH     UNIT         ?PR?_MN_STRNICMP_CB?MN_ST
>> RNICMP_CB
            CODE    825BH     0076H     UNIT         ?PR?MN_IP_INIT?IP
            CODE    82D1H     0076H     UNIT         ?PR?_STRNCMP?STRNCMP
            CODE    8347H     0075H     UNIT         ?PR?_MN_HTTP_SET_MESSAGE?
>> HTTP
BL51 BANKED LINKER/LOCATER V6.05            05/02/2008  22:28:52  PAGE 11


            CODE    83BCH     006EH     UNIT         ?PR?_CALLBACK_APP_SERVER_
>> IDLE?MAIN
            CODE    842AH     006DH     UNIT         ?PR?_MN_ARP_SEARCH_ENTRY?
>> ARP
            CODE    8497H     006CH     UNIT         ?PR?_MN_HTTP_SERVER_RECV?
>> HTTP
            CODE    8503H     006CH     UNIT         ?PR?_MN_ATOUS?MN_ATOUS
            CODE    856FH     005EH     UNIT         ?PR?MN_RECV_BYTE?MN_RECV_
>> BYTE
            CODE    85CDH     005AH     UNIT         ?PR?_HTTP_SET_IN_USE_FLAG
>> ?HTTP
            CODE    8627H     005AH     UNIT         ?PR?_MN_STRICMP_CB?MN_STR
>> ICMP_CB
            CODE    8681H     0058H     UNIT         ?PR?_MN_TCP_ABORT?MN_TCP_
>> ABORT
            CODE    86D9H     0057H     UNIT         ?PR?_MN_PUT_RECV_BYTE?MN_
>> PUT_RECV_BYTE
            CODE    8730H     0056H     UNIT         ?PR?_TCP_RECV_SEND?TCP
            CODE    8786H     0056H     UNIT         ?PR?_MN_TIMER_EXPIRED?MN_
>> TIMER_EXPIRED
            CODE    87DCH     0054H     UNIT         ?PR?_MN_MEMCPY_CB_CP2200?
>> MN_MEMCPY_CB_CP2200
            CODE    8830H     004FH     UNIT         ?PR?_MN_UDP_TCP_END_CHECK
>> SUM?MN_CSUM
            CODE    887FH     004EH     UNIT         ?PR?_MN_STRICMP?MN_STRICM
>> P
            CODE    88CDH     0049H     UNIT         ?PR?_MN_STRCAT_CB?MN_STRC
>> AT_CB
            CODE    8916H     0047H     UNIT         ?PR?_TCP_SEND_NODATA_HDR?
>> TCP
            CODE    895DH     0046H     UNIT         ?PR?MN_ARP_UPDATE_TIMER?A
>> RP
            CODE    89A3H     0045H     UNIT         ?PR?_MN_CLOSE_PACKET?MN_C
>> LOSE_PACKET
            CODE    89E8H     0045H     UNIT         ?PR?MN_TRANSMIT_READY?MN_
>> PORT
            CODE    8A2DH     0045H     UNIT         ?PR?_MN_MEMCPY_CB?MN_MEMC
>> PY_CB
            CODE    8A72H     0045H     UNIT         ?PR?_MN_ARP_RECV_REPLY?AR
>> P
            CODE    8AB7H     0042H     UNIT         ?PR?_I2C_RX?SOFT_I2C
            CODE    8AF9H     0040H     UNIT         ?PR?_TCP_UPDATE_ACK?TCP
            CODE    8B39H     003CH     UNIT         ?PR?_MN_SEND_BYTE?MN_SEND
>> _BYTE
            CODE    8B75H     0039H     UNIT         ?PR?NEXT_SOCKET?MN_OPEN_S
>> OCKET
            CODE    8BAEH     0037H     UNIT         ?PR?TCP_TIMER?MN_PORT
            CODE    8BE5H     0035H     UNIT         ?PR?_I2C_TX?SOFT_I2C
            CODE    8C1AH     0032H     UNIT         ?PR?_MN_STRCPY_CB?MN_STRC
>> PY_CB
            CODE    8C4CH     0031H     UNIT         ?PR?_MN_HTTP_SERVER_SET_F
>> LAG?HTTP
            CODE    8C7DH     0031H     UNIT         ?PR?_MN_VF_SET_ENTRY?MN_V
>> F_SET_ENTRY
            CODE    8CAEH     0030H     UNIT         ?PR?_START_ARP_PACKET?STA
>> RT_ARP_PACKET
            CODE    8CDEH     002FH     UNIT         ?PR?_TCP_SEND_RESET?TCP
            CODE    8D0DH     002DH     UNIT         ?PR?ESTABLISH_NETWORK_CON
>> NECTION?MAIN
            CODE    8D3AH     002DH     UNIT         ?PR?_MN_ETHER_INIT?MN_ETH
>> ER_INIT
            CODE    8D67H     002CH     UNIT         ?PR?_MN_GET_SOCKET_TYPE?M
>> N_GET_SOCKET_TYPE
            CODE    8D93H     002BH     UNIT         ?PR?MN_IP_RECV?IP
            CODE    8DBEH     002AH     UNIT         ?PR?SYSCLK_INIT?MAIN
BL51 BANKED LINKER/LOCATER V6.05            05/02/2008  22:28:52  PAGE 12


            CODE    8DE8H     0028H     UNIT         ?PR?_HEX2DEC?MAIN
            CODE    8E10H     0028H     UNIT         ?PR?_CPFLASH_BYTEWRITE?FL
>> ASH_UTILS
            CODE    8E38H     0028H     UNIT         ?PR?_READ_REGISTER?SOFT_I
>> 2C
            CODE    8E60H     0027H     UNIT         ?PR?PUTCHAR?PUTCHAR
            CODE    8E87H     0024H     UNIT         ?CO?MN_VARS
            CODE    8EABH     0024H     UNIT         ?PR?_CPFLASH_PAGEERASE?FL
>> ASH_UTILS
            CODE    8ECFH     0023H     UNIT         ?PR?MN_HTTP_INIT?HTTP
            CODE    8EF2H     0021H     UNIT         ?PR?_MN_APP_PROCESS_PACKE
>> T?MN_APP_PROCESS_PACKET
            CODE    8F13H     001FH     UNIT         ?PR?PORT_INIT?MAIN
            CODE    8F32H     001FH     UNIT         ?PR?_MAC_READ?CP2200_ETHE
>> R_INIT
            CODE    8F51H     001AH     UNIT         ?PR?_TCP_SEND_NODATA_PKT?
>> TCP
            CODE    8F6BH     001AH     UNIT         ?PR?INIT_RECV?MN_PORT
            CODE    8F85H     001AH     UNIT         ?PR?_MN_WAIT_TICKS?MN_WAI
>> T_TICKS
            CODE    8F9FH     001AH     UNIT         ?PR?MN_RECV_BYTE_PRESENT?
>> MN_RECV_BYTE_PRESENT
            CODE    8FB9H     0017H     UNIT         ?PR?_MN_STRLEN_CB?MN_STRL
>> EN_CB
            CODE    8FD0H     0017H     UNIT         ?PR?_INIT_SEND?MN_PORT
            CODE    8FE7H     0017H     UNIT         ?PR?MN_ARP_INIT?ARP
            CODE    8FFEH     0016H     UNIT         ?PR?_MN_APP_INIT_RECV?MN_
>> APP_INIT_RECV
            CODE    9014H     0016H     UNIT         ?PR?_MAC_WRITE?CP2200_ETH
>> ER_INIT
            CODE    902AH     0015H     UNIT         ?PR?_STRLEN?STRLEN
            CODE    903FH     0014H     UNIT         ?PR?RESET_RECV?IP
            CODE    9053H     0014H     UNIT         ?PR?GETCHAR?GETCHAR
            CODE    9067H     0014H     UNIT         ?PR?_ISSPACE?ISSPACE
            CODE    907BH     0014H     UNIT         ?PR?I2C_DLY?SOFT_I2C
            CODE    908FH     0012H     UNIT         ?PR?ETHER_POLL_RECV?CP220
>> 0_ETHER_POLL_RECV
            CODE    90A1H     0011H     UNIT         ?PR?_MN_TOLOWER?MN_TOLOWE
>> R
            CODE    90B2H     0010H     UNIT         ?PR?_HTTP_FILE_OK_TO_SEND
>> ?HTTP
            CODE    90C2H     000FH     UNIT         ?PR?_CPFLASH_BYTEREAD?FLA
>> SH_UTILS
            CODE    90D1H     000FH     UNIT         ?PR?I2C_START?SOFT_I2C
            CODE    90E0H     000EH     UNIT         ?PR?INIT_IO_BUFFS?MN_PORT
>> 
            CODE    90EEH     000DH     UNIT         ?PR?MN_GET_TIMER_TICK?MN_
>> GET_TIMER_TICK
            CODE    90FBH     000AH     UNIT         ?PR?EMIF_INIT?MAIN
            CODE    9105H     000AH     UNIT         ?CO?SET_VF_ENTRY
            CODE    910FH     000AH     UNIT         ?PR?_GETKEY?_GETKEY
            CODE    9119H     000AH     UNIT         ?PR?I2C_STOP?SOFT_I2C
            CODE    9123H     0009H     UNIT         ?PR?ETHER_RESET_HIGH?MAIN
>> 
            CODE    912CH     0008H     UNIT         ?PR?GET_CELSIUS?MAIN
            CODE    9134H     0008H     UNIT         ?PR?GETCHAR?UNGETCHAR
            CODE    913CH     0004H     UNIT         ?PR?_MN_APP_SERVER_IDLE?M
>> N_APP_SERVER_IDLE
            CODE    9140H     0004H     UNIT         ?PR?MN_APP_RECV_IDLE?MN_A
>> PP_RECV_IDLE
            CODE    9144H     0004H     UNIT         ?PR?_MN_APP_SERVER_PROCES
>> S_PACKET?MN_APP_SERVER_PROCESS_PACKET
            CODE    9148H     0003H     UNIT         ?PR?IS_MULTICAST?IP
            CODE    914BH     0003H     UNIT         ?PR?_CALLBACK_APP_PROCESS
>> _PACKET?MN_CALLBACK
BL51 BANKED LINKER/LOCATER V6.05            05/02/2008  22:28:52  PAGE 13


            CODE    914EH     0003H     UNIT         ?PR?CALLBACK_APP_RECV_IDL
>> E?MN_CALLBACK
            CODE    9151H     0003H     UNIT         ?PR?_CALLBACK_APP_SERVER_
>> PROCESS_PACKET?MN_CALLBACK



SYMBOL TABLE OF MODULE:  C:\SILABS\RAFAWEB\TCPIP_PROJECT (MN_VARS)

  VALUE           TYPE          NAME
  ----------------------------------

  -------         MODULE        MN_VARS
  C:0000H         SYMBOL        _ICE_DUMMY_
  X:0010H         PUBLIC        ip_src_addr
  C:8E99H         PUBLIC        BODY_BUFFER_LEN
  X:0014H         PUBLIC        BODYBuffer
  C:8E9FH         PUBLIC        MULTICAST_TTL
  X:0048H         PUBLIC        eth_dest_hw_addr
  C:8E9CH         PUBLIC        TFTP_RESEND_TRYS
  C:8EAAH         PUBLIC        TH0_FLASH
  C:8E9AH         PUBLIC        HTTP_BUFFER_LEN
  C:8E87H         PUBLIC        DEVICE_ID
  X:004EH         PUBLIC        HTTPBuffer
  C:8EA9H         PUBLIC        TL0_FLASH
  C:8EA2H         PUBLIC        TCP_WINDOW
  X:014EH         PUBLIC        subnet_mask
  C:8E98H         PUBLIC        ARP_AUTO_UPDATE
  X:0152H         PUBLIC        eth_src_hw_addr
  X:0158H         PUBLIC        http_vf_ptrs
  X:0161H         PUBLIC        gateway_ip_addr
  X:0165H         PUBLIC        send_buff
  C:8E97H         PUBLIC        ARP_CACHE_SIZE
  X:0395H         PUBLIC        recv_buff
  X:06DDH         PUBLIC        page_send_info
  X:06F8H         PUBLIC        null_addr
  C:8E94H         PUBLIC        ARP_RESEND_TRYS
  C:8EA7H         PUBLIC        NUM_VF_PAGES
  C:8EA6H         PUBLIC        TCP_RESEND_TRYS
  X:06FCH         PUBLIC        sock_info
  C:8E88H         PUBLIC        C8051F340_USB_FIFO
  C:8E8EH         PUBLIC        SOCKET_WAIT_TICKS
  C:8E9EH         PUBLIC        TIME_TO_LIVE
  X:07B3H         PUBLIC        ping_reply_buff
  C:8E92H         PUBLIC        ARP_KEEP_TICKS
  X:07DCH         PUBLIC        URIBuffer
  C:8EA0H         PUBLIC        PING_BUFF_SIZE
  C:8E8CH         PUBLIC        RECV_BUFF_SIZE
  X:0810H         PUBLIC        arp_info
  X:0844H         PUBLIC        pf
  C:8E95H         PUBLIC        ARP_WAIT_TICKS
  C:8E8AH         PUBLIC        XMIT_BUFF_SIZE
  X:0889H         PUBLIC        ip_dest_addr
  C:8EA4H         PUBLIC        TCP_RESEND_TICKS
  C:8E89H         PUBLIC        NUM_SOCKETS
  C:8E90H         PUBLIC        ETHER_WAIT_TICKS
  X:088DH         PUBLIC        URIBuffer_max
  X:0890H         PUBLIC        temp_ssi_info
  C:8EA8H         PUBLIC        NUM_POST_FUNCS
  X:0917H         PUBLIC        vf_dir
  -------         ENDMOD        MN_VARS

  -------         MODULE        MAIN
  C:0000H         SYMBOL        _ICE_DUMMY_
  B:0080H.6       PUBLIC        DETFASE
BL51 BANKED LINKER/LOCATER V6.05            05/02/2008  22:28:52  PAGE 14


  D:0080H         PUBLIC        P0
  D:0090H         PUBLIC        P1
  D:00E4H         PUBLIC        IT01CF
  D:00A4H         PUBLIC        P0MDOUT
  D:00A5H         PUBLIC        P1MDOUT
  D:00A8H         PUBLIC        IE
  D:00A6H         PUBLIC        P2MDOUT
  C:523EH         PUBLIC        _gethora_web
  D:00A7H         PUBLIC        P3MDOUT
  D:00AEH         PUBLIC        P4MDOUT
  C:6C0FH         PUBLIC        _wakeup
  B:00C8H.7       PUBLIC        TF2H
  X:093AH         PUBLIC        html_buffer
  D:0085H         PUBLIC        EMI0CF
  D:00D9H         PUBLIC        PCA0MD
  C:90FBH         PUBLIC        EMIF_Init
  D:00B8H         PUBLIC        IP
  B:0022H.5       PUBLIC        power_mising
  D:00E1H         PUBLIC        XBR0
  D:00E2H         PUBLIC        XBR1
  D:00AAH         PUBLIC        EMI0CN
  C:912CH         PUBLIC        get_celsius
  X:0A3AH         PUBLIC        high
  D:0084H         PUBLIC        EMI0TC
  C:9123H         PUBLIC        ether_reset_high
  B:0080H.7       PUBLIC        TRIAC1
  C:8DE8H         PUBLIC        _hex2dec
  C:74FBH         PUBLIC        main
  B:0080H.4       PUBLIC        TRIAC2
  B:0080H.2       PUBLIC        TRIAC3
  B:0080H.0       PUBLIC        TRIAC4
  B:0080H.1       PUBLIC        RELE
  B:0080H.5       PUBLIC        TRIAC6
  D:0088H         PUBLIC        TCON
  D:00C8H         PUBLIC        TMR2CN
  C:8F13H         PUBLIC        PORT_Init
  D:00A9H         PUBLIC        CLKSEL
  D:00B2H         PUBLIC        OSCICN
  C:51A4H         SYMBOL        _?ix1000
  C:51A8H         SYMBOL        _?ix1001
  C:520EH         SYMBOL        _?ix1002
  X:0A3CH         PUBLIC        dest_mac
  D:00CAH         PUBLIC        TMR2RL
  C:5220H         SYMBOL        _?ix1003
  D:00B9H         PUBLIC        CLKMUL
  C:304AH         PUBLIC        _set
  C:8D0DH         PUBLIC        establish_network_connection
  C:75A4H         PUBLIC        gethora_i2c
  C:72F1H         PUBLIC        _get_hora
  C:8DBEH         PUBLIC        SYSCLK_Init
  C:83BCH         PUBLIC        _callback_app_server_idle
  X:0A42H         PUBLIC        low
  C:5C00H         PUBLIC        _wol
  X:0A44H         PUBLIC        now
  X:0A4BH         PUBLIC        regtriac
  C:0006H         PUBLIC        ether_reset_low
  C:7BF3H         PUBLIC        sethora_i2c
  B:0090H.1       PUBLIC        SW1
  X:0A53H         PUBLIC        st_triac
  D:00EFH         PUBLIC        RSTSRC
  X:0A5FH         PUBLIC        dest_ip
  B:0022H.6       PUBLIC        st_rele
  D:00B6H         PUBLIC        FLSCL
  C:4A57H         PUBLIC        Timer2_handler
  -------         PROC          GET_CELSIUS
BL51 BANKED LINKER/LOCATER V6.05            05/02/2008  22:28:52  PAGE 15


  C:912CH         LINE#         91
  C:912CH         LINE#         92
  C:912CH         LINE#         93
  C:9133H         LINE#         94
  -------         ENDPROC       GET_CELSIUS
  -------         PROC          MAIN
  -------         DO            
  X:0F4AH         SYMBOL        retval
  X:0F4CH         SYMBOL        c
  X:0F4DH         SYMBOL        d
  -------         ENDDO         
  C:74FBH         LINE#         96
  C:74FBH         LINE#         97
  C:74FBH         LINE#         102
  C:74FEH         LINE#         105
  C:7501H         LINE#         106
  C:7504H         LINE#         107
  C:7507H         LINE#         110
  C:750AH         LINE#         111
  C:750DH         LINE#         112
  C:7513H         LINE#         113
  C:7516H         LINE#         115
  C:7516H         LINE#         116
  C:7516H         LINE#         118
  C:7521H         LINE#         119
  C:7521H         LINE#         122
  C:7523H         LINE#         123
  C:7523H         LINE#         126
  C:7526H         LINE#         129
  C:7536H         LINE#         133
  C:7551H         LINE#         136
  C:7568H         LINE#         137
  C:757FH         LINE#         138
  C:7596H         LINE#         142
  C:75A1H         LINE#         144
  -------         ENDPROC       MAIN
  -------         PROC          SETHORA_I2C
  X:0E4FH         SYMBOL        f
  -------         DO            
  D:0003H         SYMBOL        s
  X:0E56H         SYMBOL        m
  X:0E57H         SYMBOL        h
  -------         ENDDO         
  C:7BF3H         LINE#         147
  C:7BF3H         LINE#         148
  C:7BF3H         LINE#         150
  C:7C19H         LINE#         151
  C:7C42H         LINE#         152
  C:7C6BH         LINE#         153
  C:7C72H         LINE#         154
  C:7C7EH         LINE#         155
  -------         ENDPROC       SETHORA_I2C
  -------         PROC          GETHORA_I2C
  -------         DO            
  X:0E58H         SYMBOL        f
  D:0003H         SYMBOL        h
  X:0E5FH         SYMBOL        m
  X:0E60H         SYMBOL        s
  -------         ENDDO         
  C:75A4H         LINE#         158
  C:75A4H         LINE#         159
  C:75A4H         LINE#         162
  C:75B0H         LINE#         163
  C:75BCH         LINE#         164
  C:75C5H         LINE#         165
BL51 BANKED LINKER/LOCATER V6.05            05/02/2008  22:28:52  PAGE 16


  C:75F1H         LINE#         166
  C:761DH         LINE#         167
  C:7645H         LINE#         168
  C:764BH         LINE#         171
  -------         ENDPROC       GETHORA_I2C
  -------         PROC          TIMER2_HANDLER
  -------         DO            
  X:0936H         SYMBOL        tics
  B:0022H.4       SYMBOL        old_fase
  X:0938H         SYMBOL        cruces
  -------         ENDDO         
  C:4A57H         LINE#         172
  C:4A66H         LINE#         178
  C:4A6EH         LINE#         179
  C:4A6EH         LINE#         180
  C:4A72H         LINE#         181
  C:4A75H         LINE#         182
  C:4A7AH         LINE#         184
  C:4A89H         LINE#         185
  C:4A97H         LINE#         186
  C:4A99H         LINE#         188
  C:4AA7H         LINE#         190
  C:4AABH         LINE#         191
  C:4AB9H         LINE#         194
  C:4AC3H         LINE#         195
  C:4AC7H         LINE#         196
  C:4AD9H         LINE#         197
  C:4ADDH         LINE#         198
  C:4AF1H         LINE#         199
  C:4AF5H         LINE#         201
  C:4AF7H         LINE#         203
  C:4B01H         LINE#         204
  C:4B05H         LINE#         205
  C:4B17H         LINE#         206
  C:4B1BH         LINE#         207
  C:4B2FH         LINE#         208
  C:4B33H         LINE#         210
  C:4B35H         LINE#         212
  C:4B3FH         LINE#         213
  C:4B43H         LINE#         214
  C:4B55H         LINE#         215
  C:4B59H         LINE#         216
  C:4B6DH         LINE#         217
  C:4B71H         LINE#         219
  C:4B73H         LINE#         221
  C:4B7DH         LINE#         222
  C:4B81H         LINE#         223
  C:4B93H         LINE#         224
  C:4B97H         LINE#         225
  C:4BABH         LINE#         226
  C:4BAFH         LINE#         228
  C:4BB1H         LINE#         233
  C:4BCEH         LINE#         234
  C:4BCEH         LINE#         235
  C:4BDFH         LINE#         236
  C:4BDFH         LINE#         237
  C:4BE1H         LINE#         238
  C:4BE1H         LINE#         239
  C:4BE3H         LINE#         241
  C:4BE3H         LINE#         242
  C:4BE5H         LINE#         243
  C:4BECH         LINE#         244
  C:4BECH         LINE#         254
  C:4BECH         LINE#         256
  C:4BEEH         LINE#         258
BL51 BANKED LINKER/LOCATER V6.05            05/02/2008  22:28:52  PAGE 17


  -------         ENDPROC       TIMER2_HANDLER
  -------         PROC          _WAKEUP
  X:0A63H         SYMBOL        mac
  -------         DO            
  X:0A66H         SYMBOL        dest_ip
  X:0A6AH         SYMBOL        magic_pkg
  X:0AD0H         SYMBOL        rafa
  X:0AD1H         SYMBOL        i
  -------         ENDDO         
  C:6C0FH         LINE#         260
  C:6C1AH         LINE#         261
  C:6C1AH         LINE#         262
  C:6C2DH         LINE#         263
  C:6C40H         LINE#         267
  C:6C59H         LINE#         268
  C:6C95H         LINE#         270
  C:6CCDH         LINE#         271
  C:6CDFH         LINE#         272
  -------         ENDPROC       _WAKEUP
  -------         PROC          _GETHORA_WEB
  X:0C1AH         SYMBOL        dest_ip
  -------         DO            
  X:0C1DH         SYMBOL        qry
  X:0C2FH         SYMBOL        status
  X:0C31H         SYMBOL        pos
  D:0006H         SYMBOL        i
  X:0C33H         SYMBOL        rafa
  X:0C34H         SYMBOL        f
  -------         ENDDO         
  C:523EH         LINE#         275
  C:5249H         LINE#         276
  C:5249H         LINE#         277
  C:525CH         LINE#         279
  C:5263H         LINE#         283
  C:5267H         LINE#         284
  C:5279H         LINE#         286
  C:52B6H         LINE#         287
  C:52D5H         LINE#         288
  C:52FCH         LINE#         289
  C:5304H         LINE#         290
  C:531FH         LINE#         291
  C:5344H         LINE#         292
  C:5354H         LINE#         294
  C:5368H         LINE#         295
  C:5368H         LINE#         296
  C:53A8H         LINE#         297
  C:53AEH         LINE#         298
  C:53AEH         LINE#         299
  C:53B4H         LINE#         302
  -------         ENDPROC       _GETHORA_WEB
  -------         PROC          _HEX2DEC
  D:0007H         SYMBOL        c
  C:8DE8H         LINE#         303
  C:8DE8H         LINE#         304
  C:8DE8H         LINE#         305
  C:8DF4H         LINE#         306
  C:8DFAH         LINE#         307
  C:8E06H         LINE#         308
  C:8E0BH         LINE#         310
  C:8E0FH         LINE#         311
  -------         ENDPROC       _HEX2DEC
  -------         PROC          _CALLBACK_APP_SERVER_IDLE
  X:0F62H         SYMBOL        psocket_ptr
  C:83BCH         LINE#         315
  C:83C7H         LINE#         316
BL51 BANKED LINKER/LOCATER V6.05            05/02/2008  22:28:52  PAGE 18


  C:83C7H         LINE#         321
  C:83CAH         LINE#         322
  C:83CDH         LINE#         323
  C:83D0H         LINE#         324
  C:83D0H         LINE#         325
  C:83E6H         LINE#         326
  C:83ECH         LINE#         327
  C:8402H         LINE#         329
  C:8402H         LINE#         331
  C:8412H         LINE#         333
  C:8427H         LINE#         334
  C:8429H         LINE#         335
  -------         ENDPROC       _CALLBACK_APP_SERVER_IDLE
  -------         PROC          _WOL
  X:0B32H         SYMBOL        socket_ptr
  -------         DO            
  X:0B35H         SYMBOL        msg_buff1
  D:0006H         SYMBOL        status1
  X:0B69H         SYMBOL        mac
  X:0B6FH         SYMBOL        i
  X:0B71H         SYMBOL        j
  -------         ENDDO         
  C:5C00H         LINE#         337
  C:5C0BH         LINE#         338
  C:5C0BH         LINE#         346
  C:5C33H         LINE#         348
  C:5C3AH         LINE#         349
  C:5C3AH         LINE#         352
  C:5C45H         LINE#         353
  C:5C45H         LINE#         354
  C:5C72H         LINE#         355
  C:5C9EH         LINE#         356
  C:5CB5H         LINE#         357
  C:5CBAH         LINE#         359
  C:5CC5H         LINE#         360
  C:5CE7H         LINE#         363
  C:5CF0H         LINE#         365
  C:5D07H         LINE#         366
  C:5D24H         LINE#         367
  C:5D41H         LINE#         370
  C:5D41H         LINE#         372
  -------         ENDPROC       _WOL
  -------         PROC          _SET
  X:0AD3H         SYMBOL        socket_ptr
  -------         DO            
  X:0AD6H         SYMBOL        sets
  X:0AF4H         SYMBOL        maxsets
  X:0AF6H         SYMBOL        i
  X:0AF8H         SYMBOL        msg_buff1
  D:0006H         SYMBOL        status1
  X:0B2CH         SYMBOL        status2
  -------         DO            
  X:0B2EH         SYMBOL        j
  -------         DO            
  X:0B30H         SYMBOL        tmp
  -------         ENDDO         
  -------         ENDDO         
  -------         ENDDO         
  C:304AH         LINE#         411
  C:3055H         LINE#         412
  C:3055H         LINE#         414
  C:3068H         LINE#         415
  C:3071H         LINE#         421
  C:3078H         LINE#         423
  C:309BH         LINE#         424
BL51 BANKED LINKER/LOCATER V6.05            05/02/2008  22:28:52  PAGE 19


  C:309BH         LINE#         427
  C:30DAH         LINE#         431
  C:30E1H         LINE#         432
  C:30E1H         LINE#         433
  C:30EBH         LINE#         434
  C:30EBH         LINE#         435
  C:311CH         LINE#         436
  C:311FH         LINE#         437
  C:312BH         LINE#         438
  C:312BH         LINE#         439
  C:313DH         LINE#         440
  C:3142H         LINE#         441
  C:3157H         LINE#         442
  C:3159H         LINE#         443
  C:315CH         LINE#         444
  C:3168H         LINE#         445
  C:3168H         LINE#         446
  C:3181H         LINE#         447
  C:3183H         LINE#         448
  C:318FH         LINE#         449
  C:318FH         LINE#         450
  C:31B2H         LINE#         451
  C:31B5H         LINE#         453
  C:31B5H         LINE#         454
  C:31C9H         LINE#         455
  C:31DBH         LINE#         456
  C:31EBH         LINE#         457
  C:31FDH         LINE#         458
  C:321AH         LINE#         459
  C:322BH         LINE#         460
  C:322BH         LINE#         462
  C:324EH         LINE#         463
  C:3272H         LINE#         464
  C:3281H         LINE#         465
  C:3281H         LINE#         466
  C:3281H         LINE#         467
  C:3289H         LINE#         468
  C:3289H         LINE#         469
  C:329AH         LINE#         471
  C:32A4H         LINE#         472
  C:32A4H         LINE#         475
  C:32BBH         LINE#         476
  C:32D8H         LINE#         477
  C:32F5H         LINE#         480
  C:32F5H         LINE#         482
  -------         ENDPROC       _SET
  -------         PROC          _GET_HORA
  X:0F65H         SYMBOL        socket_ptr
  -------         DO            
  D:0006H         SYMBOL        temp
  -------         ENDDO         
  C:72F1H         LINE#         483
  C:72FCH         LINE#         484
  C:72FCH         LINE#         487
  C:7304H         LINE#         489
  C:7368H         LINE#         492
  C:7385H         LINE#         493
  C:73A2H         LINE#         497
  -------         ENDPROC       _GET_HORA
  -------         PROC          ESTABLISH_NETWORK_CONNECTION
  -------         DO            
  D:0006H         SYMBOL        retval
  -------         ENDDO         
  C:8D0DH         LINE#         514
  C:8D0DH         LINE#         515
BL51 BANKED LINKER/LOCATER V6.05            05/02/2008  22:28:52  PAGE 20


  C:8D0DH         LINE#         519
  C:8D0DH         LINE#         522
  C:8D15H         LINE#         526
  C:8D1BH         LINE#         527
  C:8D1BH         LINE#         528
  C:8D23H         LINE#         529
  C:8D23H         LINE#         533
  C:8D2BH         LINE#         534
  C:8D2BH         LINE#         538
  C:8D2DH         LINE#         539
  C:8D2DH         LINE#         541
  C:8D35H         LINE#         543
  C:8D39H         LINE#         545
  -------         ENDPROC       ESTABLISH_NETWORK_CONNECTION
  -------         PROC          PORT_INIT
  C:8F13H         LINE#         558
  C:8F13H         LINE#         559
  C:8F13H         LINE#         561
  C:8F16H         LINE#         562
  C:8F19H         LINE#         564
  C:8F1CH         LINE#         565
  C:8F1FH         LINE#         568
  C:8F22H         LINE#         569
  C:8F25H         LINE#         570
  C:8F28H         LINE#         572
  C:8F2BH         LINE#         573
  C:8F2EH         LINE#         574
  C:8F31H         LINE#         577
  -------         ENDPROC       PORT_INIT
  -------         PROC          EMIF_INIT
  C:90FBH         LINE#         585
  C:90FBH         LINE#         586
  C:90FBH         LINE#         588
  C:90FEH         LINE#         591
  C:9101H         LINE#         595
  C:9104H         LINE#         597
  -------         ENDPROC       EMIF_INIT
  -------         PROC          SYSCLK_INIT
  -------         DO            
  D:0006H         SYMBOL        i
  -------         ENDDO         
  C:8DBEH         LINE#         605
  C:8DBEH         LINE#         606
  C:8DBEH         LINE#         609
  C:8DC1H         LINE#         612
  C:8DC4H         LINE#         615
  C:8DC7H         LINE#         617
  C:8DD6H         LINE#         619
  C:8DD9H         LINE#         621
  C:8DDEH         LINE#         623
  C:8DE1H         LINE#         626
  C:8DE4H         LINE#         628
  C:8DE7H         LINE#         631
  -------         ENDPROC       SYSCLK_INIT
  -------         PROC          ETHER_RESET_LOW
  C:0006H         LINE#         639
  C:0006H         LINE#         640
  C:0006H         LINE#         642
  C:0009H         LINE#         644
  -------         ENDPROC       ETHER_RESET_LOW
  -------         PROC          ETHER_RESET_HIGH
  C:9123H         LINE#         656
  C:9123H         LINE#         657
  C:9123H         LINE#         659
  C:9126H         LINE#         660
BL51 BANKED LINKER/LOCATER V6.05            05/02/2008  22:28:52  PAGE 21


  C:912BH         LINE#         663
  -------         ENDPROC       ETHER_RESET_HIGH
  -------         ENDMOD        MAIN

  -------         MODULE        INDEX
  C:0000H         SYMBOL        _ICE_DUMMY_
  C:61CFH         PUBLIC        index_html
  -------         ENDMOD        INDEX

  -------         MODULE        ?C_STARTUP
  C:7DB6H         SEGMENT       ?C_C51STARTUP
  I:0024H         SEGMENT       ?STACK
  C:0000H         PUBLIC        ?C_STARTUP
  N:0000H         SYMBOL        IBPSTACK
  N:0100H         SYMBOL        IBPSTACKTOP
  N:0080H         SYMBOL        IDATALEN
  C:7DBCH         SYMBOL        IDATALOOP
  N:0000H         SYMBOL        PBPSTACK
  N:0000H         SYMBOL        PBPSTACKTOP
  D:00D9H         SYMBOL        PCA0MD
  N:0000H         SYMBOL        PDATALEN
  N:0000H         SYMBOL        PDATASTART
  N:0000H         SYMBOL        PPAGE
  N:0000H         SYMBOL        PPAGEENABLE
  D:0081H         SYMBOL        SP
  C:7DB6H         SYMBOL        STARTUP1
  N:0000H         SYMBOL        XBPSTACK
  N:0000H         SYMBOL        XBPSTACKTOP
  N:0000H         SYMBOL        XDATALEN
  N:0000H         SYMBOL        XDATASTART
  C:0000H         LINE#         86
  C:7DB6H         LINE#         92
  C:7DB9H         LINE#         95
  C:7DBBH         LINE#         96
  C:7DBCH         LINE#         97
  C:7DBDH         LINE#         98
  C:7DBFH         LINE#         147
  C:7DC2H         LINE#         148
  -------         ENDMOD        ?C_STARTUP

  -------         MODULE        MN_HTTP_FIND_VALUE
  C:0000H         SYMBOL        _ICE_DUMMY_
  D:00E8H         PUBLIC        ADC0CN
  D:00E8H         PUBLIC        ADC2CN
  D:00A8H         PUBLIC        IE
  D:00D8H         PUBLIC        PCA0CN
  D:00B8H         PUBLIC        IP
  C:70C9H         PUBLIC        _mn_http_decodeString
  D:00C0H         PUBLIC        SMB0CN
  D:0088H         PUBLIC        CPT0CN
  D:0088H         PUBLIC        CPT1CN
  D:00F8H         PUBLIC        SPI0CN
  D:0088H         PUBLIC        TCON
  D:00C8H         PUBLIC        TMR2CN
  D:00C8H         PUBLIC        TMR3CN
  D:00C8H         PUBLIC        TMR4CN
  D:0088H         PUBLIC        FLSTAT
  C:700CH         PUBLIC        _mn_http_find_value
  D:0098H         PUBLIC        SCON0
  D:0098H         PUBLIC        SCON1
  D:00D0H         PUBLIC        PSW
  -------         PROC          _MN_HTTP_FIND_VALUE
  X:0DAEH         SYMBOL        search_ptr
  X:0DB1H         SYMBOL        match
  X:0DB4H         SYMBOL        buff
BL51 BANKED LINKER/LOCATER V6.05            05/02/2008  22:28:52  PAGE 22


  -------         DO            
  D:0006H         SYMBOL        retval
  X:0DB7H         SYMBOL        match_ptr
  -------         ENDDO         
  C:700CH         LINE#         8
  C:7012H         LINE#         9
  C:7012H         LINE#         13
  C:701EH         LINE#         14
  C:7021H         LINE#         16
  C:7021H         LINE#         17
  C:7021H         LINE#         19
  C:7030H         LINE#         20
  C:7030H         LINE#         22
  C:703CH         LINE#         23
  C:703CH         LINE#         24
  C:7046H         LINE#         25
  C:7050H         LINE#         26
  C:7052H         LINE#         28
  C:7069H         LINE#         29
  C:7069H         LINE#         30
  C:7072H         LINE#         31
  C:7087H         LINE#         32
  C:708BH         LINE#         33
  C:708DH         LINE#         34
  C:708DH         LINE#         38
  C:708DH         LINE#         39
  C:70A9H         LINE#         41
  C:70AFH         LINE#         42
  C:70AFH         LINE#         43
  C:70B9H         LINE#         44
  C:70C5H         LINE#         45
  C:70C5H         LINE#         46
  C:70C5H         LINE#         47
  C:70C8H         LINE#         49
  C:70C8H         LINE#         50
  -------         ENDPROC       _MN_HTTP_FIND_VALUE
  -------         PROC          _MN_HTTP_DECODESTRING
  D:0001H         SYMBOL        str
  X:0E64H         SYMBOL        buff
  -------         DO            
  X:0E67H         SYMBOL        tmp_ptr
  D:0007H         SYMBOL        num
  D:0006H         SYMBOL        num2
  -------         ENDDO         
  C:70C9H         LINE#         54
  C:70C9H         LINE#         55
  C:70C9H         LINE#         60
  C:70CFH         LINE#         62
  C:70EEH         LINE#         63
  C:70EEH         LINE#         64
  C:70F1H         LINE#         65
  C:70F1H         LINE#         66
  C:7100H         LINE#         67
  C:7107H         LINE#         68
  C:7109H         LINE#         69
  C:710EH         LINE#         70
  C:710EH         LINE#         73
  C:711DH         LINE#         74
  C:7126H         LINE#         75
  C:712CH         LINE#         76
  C:7130H         LINE#         77
  C:7136H         LINE#         78
  C:713AH         LINE#         79
  C:713EH         LINE#         80
  C:7140H         LINE#         81
BL51 BANKED LINKER/LOCATER V6.05            05/02/2008  22:28:52  PAGE 23


  C:714EH         LINE#         82
  C:7158H         LINE#         83
  C:715BH         LINE#         85
  C:7177H         LINE#         86
  C:717AH         LINE#         87
  -------         ENDPROC       _MN_HTTP_DECODESTRING
  -------         ENDMOD        MN_HTTP_FIND_VALUE

  -------         MODULE        HTTP
  C:0000H         SYMBOL        _ICE_DUMMY_
  C:688BH         PUBLIC        _check_http_parse
  C:8C4CH         PUBLIC        _mn_http_server_set_flag
  X:0BB9H         PUBLIC        BODYptr
  C:3CE2H         PUBLIC        _mn_http_recv_byte
  C:7ABFH         PUBLIC        _mn_http_init_recv
  D:00E8H         PUBLIC        ADC0CN
  D:00E8H         PUBLIC        ADC2CN
  D:00A8H         PUBLIC        IE
  C:595BH         PUBLIC        _mn_http_set_file
  C:8ECFH         PUBLIC        mn_http_init
  D:00D8H         PUBLIC        PCA0CN
  C:56EAH         SYMBOL        content_types
  D:00B8H         PUBLIC        IP
  C:57E6H         PUBLIC        default_page1
  C:57F0H         PUBLIC        default_page2
  C:32F6H         PUBLIC        _mn_http_process_packet
  C:7184H         SYMBOL        _copyContentType
  C:5706H         SYMBOL        head_1
  D:00C0H         PUBLIC        SMB0CN
  C:5726H         SYMBOL        head_2
  C:5739H         SYMBOL        head_3
  X:0BBCH         SYMBOL        http_method
  D:0088H         PUBLIC        CPT0CN
  D:0088H         PUBLIC        CPT1CN
  D:00F8H         PUBLIC        SPI0CN
  C:90B2H         SYMBOL        _http_file_ok_to_send
  C:85CDH         SYMBOL        _http_set_in_use_flag
  D:0088H         PUBLIC        TCON
  X:0BBDH         SYMBOL        lastChar
  D:00C8H         PUBLIC        TMR2CN
  D:00C8H         PUBLIC        TMR3CN
  D:00C8H         PUBLIC        TMR4CN
  X:0BBEH         PUBLIC        http_parse
  X:0BBFH         SYMBOL        http_timer
  C:573EH         SYMBOL        content_len_text
  X:0BC4H         PUBLIC        URIptr
  X:0BC7H         SYMBOL        http_curr_socket
  D:0088H         PUBLIC        FLSTAT
  C:8347H         PUBLIC        _mn_http_set_message
  X:0BC8H         SYMBOL        PostBodyLen
  X:0BCAH         SYMBOL        skipNextChar
  C:576AH         PUBLIC        HTTPStatus400
  C:57B6H         PUBLIC        HTTPStatus501
  C:574EH         PUBLIC        HTTPStatus204
  C:5792H         PUBLIC        HTTPStatus404
  D:0098H         PUBLIC        SCON0
  D:0098H         PUBLIC        SCON1
  C:62D8H         PUBLIC        _mn_http_server_send
  C:8497H         PUBLIC        _mn_http_server_recv
  C:7798H         SYMBOL        _MakeHTTPHeader
  C:7247H         SYMBOL        _http_clear_in_use_flag
  X:0BCBH         SYMBOL        HTTPBufferptr
  D:00D0H         PUBLIC        PSW
  -------         PROC          _MN_HTTP_SERVER_RECV
  X:0F1DH         SYMBOL        psocket_ptr
BL51 BANKED LINKER/LOCATER V6.05            05/02/2008  22:28:52  PAGE 24


  -------         DO            
  D:0001H         SYMBOL        socket_ptr
  X:0F20H         SYMBOL        retval
  D:0007H         SYMBOL        socket_no
  -------         ENDDO         
  C:8497H         LINE#         137
  C:849DH         LINE#         138
  C:849DH         LINE#         143
  C:84A6H         LINE#         144
  C:84ADH         LINE#         147
  C:84DBH         LINE#         149
  C:84E4H         LINE#         151
  C:84EEH         LINE#         154
  C:84FAH         LINE#         156
  C:8502H         LINE#         157
  -------         ENDPROC       _MN_HTTP_SERVER_RECV
  -------         PROC          _MN_HTTP_SERVER_SET_FLAG
  X:0F68H         SYMBOL        socket_ptr
  C:8C4CH         LINE#         161
  C:8C52H         LINE#         162
  C:8C52H         LINE#         164
  C:8C63H         LINE#         165
  C:8C63H         LINE#         167
  C:8C7CH         LINE#         169
  C:8C7CH         LINE#         170
  -------         ENDPROC       _MN_HTTP_SERVER_SET_FLAG
  -------         PROC          _MN_HTTP_SERVER_SEND
  X:0EB6H         SYMBOL        psocket_ptr
  D:0004H         SYMBOL        sent
  -------         DO            
  X:0EB9H         SYMBOL        socket_ptr
  X:0EBCH         SYMBOL        socket_no
  -------         ENDDO         
  C:62D8H         LINE#         173
  C:62DEH         LINE#         174
  C:62DEH         LINE#         178
  C:62E7H         LINE#         179
  C:62F1H         LINE#         181
  C:6307H         LINE#         182
  C:6307H         LINE#         184
  C:6324H         LINE#         185
  C:6327H         LINE#         186
  C:6348H         LINE#         189
  C:6361H         LINE#         193
  C:6364H         LINE#         194
  C:6379H         LINE#         195
  C:637AH         LINE#         196
  C:63ACH         LINE#         197
  C:63ACH         LINE#         199
  C:63C5H         LINE#         200
  C:63C8H         LINE#         202
  C:63D1H         LINE#         203
  C:63D1H         LINE#         204
  -------         ENDPROC       _MN_HTTP_SERVER_SEND
  -------         PROC          _CHECK_HTTP_PARSE
  X:0F6BH         SYMBOL        psocket_ptr
  C:688BH         LINE#         206
  C:6891H         LINE#         207
  C:6891H         LINE#         209
  C:689DH         LINE#         210
  C:689DH         LINE#         212
  C:68BEH         LINE#         213
  C:68BEH         LINE#         216
  C:68C1H         LINE#         217
  C:68C1H         LINE#         218
BL51 BANKED LINKER/LOCATER V6.05            05/02/2008  22:28:52  PAGE 25


  C:68F5H         LINE#         220
  C:68F5H         LINE#         221
  C:68FAH         LINE#         222
  C:691BH         LINE#         223
  C:691EH         LINE#         227
  C:695AH         LINE#         228
  C:696CH         LINE#         229
  C:6972H         LINE#         230
  C:6972H         LINE#         231
  C:6972H         LINE#         233
  -------         ENDPROC       _CHECK_HTTP_PARSE
  -------         PROC          MN_HTTP_INIT
  C:8ECFH         LINE#         236
  C:8ECFH         LINE#         237
  C:8ECFH         LINE#         239
  C:8EE6H         LINE#         245
  C:8EECH         LINE#         246
  C:8EF1H         LINE#         248
  -------         ENDPROC       MN_HTTP_INIT
  -------         PROC          _MN_HTTP_INIT_RECV
  D:0001H         SYMBOL        socket_ptr
  C:7ABFH         LINE#         251
  C:7ABFH         LINE#         252
  C:7ABFH         LINE#         254
  C:7AE3H         LINE#         256
  C:7AE3H         LINE#         257
  C:7AE7H         LINE#         258
  C:7AFEH         LINE#         259
  C:7B04H         LINE#         260
  C:7B04H         LINE#         263
  C:7B12H         LINE#         264
  C:7B12H         LINE#         265
  C:7B1CH         LINE#         273
  C:7B21H         LINE#         274
  C:7B25H         LINE#         275
  C:7B2BH         LINE#         276
  C:7B2FH         LINE#         277
  C:7B33H         LINE#         278
  C:7B3FH         LINE#         279
  C:7B44H         LINE#         280
  C:7B4EH         LINE#         281
  C:7B59H         LINE#         282
  C:7B59H         LINE#         284
  -------         ENDPROC       _MN_HTTP_INIT_RECV
  -------         PROC          _MN_HTTP_RECV_BYTE
  X:0F97H         SYMBOL        c
  D:0001H         SYMBOL        socket_ptr
  -------         DO            
  X:0BA1H         SYMBOL        headerBuff
  X:0BB8H         SYMBOL        headerBuffCount
  -------         ENDDO         
  C:3CE2H         LINE#         287
  C:3CE7H         LINE#         288
  C:3CE7H         LINE#         294
  C:3CF8H         LINE#         295
  C:3CF8H         LINE#         296
  C:3D18H         LINE#         297
  C:3D18H         LINE#         298
  C:3D18H         LINE#         299
  C:3D20H         LINE#         300
  C:3D20H         LINE#         301
  C:3D26H         LINE#         302
  C:3D27H         LINE#         303
  C:3D2AH         LINE#         304
  C:3D33H         LINE#         305
BL51 BANKED LINKER/LOCATER V6.05            05/02/2008  22:28:52  PAGE 26


  C:3D33H         LINE#         306
  C:3D3AH         LINE#         307
  C:3D3EH         LINE#         308
  C:3D4AH         LINE#         309
  C:3D4FH         LINE#         310
  C:3D5AH         LINE#         311
  C:3D5AH         LINE#         312
  C:3D5AH         LINE#         313
  C:3D5DH         LINE#         314
  C:3D5DH         LINE#         315
  C:3D65H         LINE#         316
  C:3D65H         LINE#         317
  C:3D68H         LINE#         318
  C:3D68H         LINE#         319
  C:3D6BH         LINE#         320
  C:3D6FH         LINE#         321
  C:3D6FH         LINE#         322
  C:3D72H         LINE#         323
  C:3D72H         LINE#         324
  C:3D74H         LINE#         326
  C:3D74H         LINE#         327
  C:3D98H         LINE#         328
  C:3DA3H         LINE#         330
  C:3DA3H         LINE#         331
  C:3DAAH         LINE#         332
  C:3DAAH         LINE#         333
  C:3DAAH         LINE#         334
  C:3DAAH         LINE#         335
  C:3DACH         LINE#         336
  C:3DACH         LINE#         337
  C:3DB7H         LINE#         338
  C:3DB7H         LINE#         339
  C:3DBDH         LINE#         340
  C:3DC3H         LINE#         341
  C:3DCEH         LINE#         342
  C:3DCEH         LINE#         343
  C:3DD2H         LINE#         344
  C:3DD6H         LINE#         345
  C:3DD6H         LINE#         346
  C:3DD6H         LINE#         347
  C:3DD7H         LINE#         348
  C:3DD7H         LINE#         351
  C:3DE7H         LINE#         352
  C:3DE7H         LINE#         353
  C:3DF8H         LINE#         354
  C:3DFFH         LINE#         356
  C:3DFFH         LINE#         357
  C:3E05H         LINE#         358
  C:3E0BH         LINE#         359
  C:3E0BH         LINE#         360
  C:3E0CH         LINE#         361
  C:3E12H         LINE#         362
  C:3E12H         LINE#         363
  C:3E1AH         LINE#         364
  C:3E21H         LINE#         365
  C:3E25H         LINE#         366
  C:3E26H         LINE#         368
  C:3E26H         LINE#         369
  C:3E2BH         LINE#         370
  C:3E36H         LINE#         371
  C:3E36H         LINE#         373
  C:3E47H         LINE#         374
[...]
  D:00A8H         PUBLIC        IE
  D:00D8H         PUBLIC        PCA0CN
  C:8FE7H         PUBLIC        mn_arp_init
  D:00B8H         PUBLIC        IP
  D:00C0H         PUBLIC        SMB0CN
  D:0088H         PUBLIC        CPT0CN
  D:0088H         PUBLIC        CPT1CN
  D:00F8H         PUBLIC        SPI0CN
  D:0088H         PUBLIC        TCON
  D:00C8H         PUBLIC        TMR2CN
  C:7D20H         SYMBOL        mn_arp_get_entry
  D:00C8H         PUBLIC        TMR3CN
  D:00C8H         PUBLIC        TMR4CN
  C:21C7H         PUBLIC        mn_arp_process_packet
  C:6DC5H         PUBLIC        _mn_arp_update
  D:0088H         PUBLIC        FLSTAT
  C:842AH         SYMBOL        _mn_arp_search_entry
  C:6A56H         SYMBOL        _mn_arp_send_request
  C:64C8H         PUBLIC        _mn_arp_lookup
  D:0098H         PUBLIC        SCON0
  D:0098H         PUBLIC        SCON1
  C:895DH         PUBLIC        mn_arp_update_timer
  D:00D0H         PUBLIC        PSW
  -------         PROC          MN_ARP_PROCESS_PACKET
  -------         DO            
  X:0C98H         SYMBOL        i
  D:0007H         SYMBOL        arp_code
  X:0C99H         SYMBOL        src_ip
  X:0C9DH         SYMBOL        dest_ip
  X:0CA1H         SYMBOL        dest_hw
  X:0CA7H         SYMBOL        retval
  X:0CA8H         SYMBOL        socket_no
  X:0CA9H         SYMBOL        socket_ptr
  -------         ENDDO         
  C:21C7H         LINE#         33
  C:21C7H         LINE#         34
  C:21C7H         LINE#         43
  C:21CDH         LINE#         46
  C:21E3H         LINE#         48
  C:21E3H         LINE#         50
  C:21F9H         LINE#         52
  C:21F9H         LINE#         54
  C:2211H         LINE#         56
  C:2211H         LINE#         58
BL51 BANKED LINKER/LOCATER V6.05            05/02/2008  22:28:52  PAGE 117


  C:221BH         LINE#         59
  C:221BH         LINE#         60
  C:221EH         LINE#         61
  C:222CH         LINE#         62
  C:222CH         LINE#         63
  C:222CH         LINE#         65
  C:2231H         LINE#         66
  C:224FH         LINE#         68
  C:2254H         LINE#         69
  C:2272H         LINE#         71
  C:2277H         LINE#         72
  C:2286H         LINE#         74
  C:228BH         LINE#         75
  C:22A9H         LINE#         79
  C:22E5H         LINE#         83
  C:22E5H         LINE#         89
  C:22E8H         LINE#         100
  C:231AH         LINE#         102
  C:2324H         LINE#         103
  C:2324H         LINE#         108
  C:232DH         LINE#         110
  C:232DH         LINE#         111
  C:234BH         LINE#         112
  C:2350H         LINE#         113
  C:2355H         LINE#         114
  C:235AH         LINE#         117
  C:2369H         LINE#         118
  C:2380H         LINE#         120
  C:238FH         LINE#         121
  C:23A6H         LINE#         123
  C:23B5H         LINE#         124
  C:23D9H         LINE#         125
  C:23E8H         LINE#         126
  C:240CH         LINE#         128
  C:2420H         LINE#         129
  C:2425H         LINE#         131
  C:2425H         LINE#         132
  C:242DH         LINE#         133
  C:242DH         LINE#         134
  C:2430H         LINE#         136
  C:2430H         LINE#         140
  C:2430H         LINE#         142
  C:2430H         LINE#         143
  C:2430H         LINE#         146
  C:2435H         LINE#         147
  C:2453H         LINE#         149
  C:2458H         LINE#         150
  C:2476H         LINE#         152
  C:247BH         LINE#         153
  C:248AH         LINE#         155
  C:248FH         LINE#         156
  C:24ADH         LINE#         160
  C:24DDH         LINE#         164
  C:24DDH         LINE#         169
  C:24E0H         LINE#         170
  C:24E5H         LINE#         181
  C:24E5H         LINE#         183
  C:24E5H         LINE#         187
  C:24E5H         LINE#         189
  C:24E5H         LINE#         190
  C:24E5H         LINE#         192
  C:24E5H         LINE#         193
  C:24E5H         LINE#         194
  C:24E5H         LINE#         195
  C:24E5H         LINE#         196
BL51 BANKED LINKER/LOCATER V6.05            05/02/2008  22:28:52  PAGE 118


  C:24E5H         LINE#         197
  C:24E5H         LINE#         199
  C:24EAH         LINE#         200
  -------         ENDPROC       MN_ARP_PROCESS_PACKET
  -------         PROC          MN_ARP_INIT
  C:8FE7H         LINE#         206
  C:8FE7H         LINE#         207
  C:8FE7H         LINE#         209
  -------         ENDPROC       MN_ARP_INIT
  -------         PROC          L?0116
  -------         ENDPROC       L?0116
  -------         PROC          _MN_ARP_UPDATE
  X:0E73H         SYMBOL        ip
  X:0E76H         SYMBOL        hw
  -------         DO            
  X:0E79H         SYMBOL        parp
  D:0007H         SYMBOL        i
  -------         ENDDO         
  C:6DC5H         LINE#         214
  C:6DCBH         LINE#         215
  C:6DCBH         LINE#         221
  C:6DD4H         LINE#         222
  C:6DD8H         LINE#         223
  C:6DE1H         LINE#         227
  C:6DF3H         LINE#         228
  C:6DF3H         LINE#         229
  C:6E02H         LINE#         233
  C:6E04H         LINE#         234
  C:6E27H         LINE#         236
  C:6E29H         LINE#         237
  C:6E56H         LINE#         240
  C:6E6FH         LINE#         244
  C:6E7EH         LINE#         245
  C:6E7EH         LINE#         248
  -------         ENDPROC       _MN_ARP_UPDATE
  -------         PROC          MN_ARP_UPDATE_TIMER
  -------         DO            
  D:0007H         SYMBOL        i
  -------         ENDDO         
  C:895DH         LINE#         262
  C:895DH         LINE#         264
  C:895DH         LINE#         271
  C:896AH         LINE#         272
  C:896AH         LINE#         274
  C:898EH         LINE#         279
  C:899FH         LINE#         280
  C:89A2H         LINE#         285
  -------         ENDPROC       MN_ARP_UPDATE_TIMER
  -------         PROC          _MN_ARP_LOOKUP
  X:0DEAH         SYMBOL        ip
  -------         DO            
  X:0DEDH         SYMBOL        parp
  X:0DF0H         SYMBOL        i
  X:0DF1H         SYMBOL        socket_no
  X:0DF2H         SYMBOL        socket_ptr
  -------         ENDDO         
  C:64C8H         LINE#         297
  C:64CEH         LINE#         298
  C:64CEH         LINE#         306
  C:64D7H         LINE#         309
  C:64EEH         LINE#         313
  C:64EEH         LINE#         314
  C:64FAH         LINE#         315
  C:6527H         LINE#         316
  C:6531H         LINE#         317
BL51 BANKED LINKER/LOCATER V6.05            05/02/2008  22:28:52  PAGE 119


  C:6531H         LINE#         318
  C:654CH         LINE#         319
  C:655FH         LINE#         320
  C:655FH         LINE#         322
  C:656BH         LINE#         323
  C:656BH         LINE#         325
  C:6577H         LINE#         326
  C:6577H         LINE#         328
  C:6586H         LINE#         331
  C:659AH         LINE#         335
  C:659AH         LINE#         338
  C:65A6H         LINE#         340
  C:65A6H         LINE#         341
  C:65AEH         LINE#         343
  C:65B6H         LINE#         344
  C:65B6H         LINE#         345
  C:65B6H         LINE#         347
  C:65BCH         LINE#         348
  -------         ENDPROC       _MN_ARP_LOOKUP
  -------         PROC          _MN_ARP_SEARCH_ENTRY
  X:0F5EH         SYMBOL        ip
  -------         DO            
  X:0F61H         SYMBOL        i
  -------         ENDDO         
  C:842AH         LINE#         355
  C:8430H         LINE#         356
  C:8430H         LINE#         358
  C:8444H         LINE#         359
  C:8444H         LINE#         360
  C:8475H         LINE#         361
  C:8488H         LINE#         362
  C:8490H         LINE#         364
  C:8496H         LINE#         365
  -------         ENDPROC       _MN_ARP_SEARCH_ENTRY
  -------         PROC          MN_ARP_GET_ENTRY
  -------         DO            
  X:0F9EH         SYMBOL        i
  -------         ENDDO         
  C:7D20H         LINE#         370
  C:7D20H         LINE#         371
  C:7D20H         LINE#         374
  C:7D34H         LINE#         375
  C:7D34H         LINE#         378
  C:7D45H         LINE#         379
  C:7D4BH         LINE#         382
  C:7D5CH         LINE#         383
  C:7D5FH         LINE#         384
  C:7D67H         LINE#         387
  C:7D7AH         LINE#         389
  C:7D7AH         LINE#         390
  C:7D7AH         LINE#         392
  C:7D8CH         LINE#         393
  C:7D8CH         LINE#         394
  C:7D92H         LINE#         395
  C:7DA4H         LINE#         396
  C:7DA6H         LINE#         399
  C:7DB5H         LINE#         400
  -------         ENDPROC       MN_ARP_GET_ENTRY
  -------         PROC          _MN_ARP_SEND_REQUEST
  X:0F45H         SYMBOL        socket_ptr
  -------         DO            
  X:0F48H         SYMBOL        i
  X:0F49H         SYMBOL        retval
  -------         ENDDO         
  C:6A56H         LINE#         403
BL51 BANKED LINKER/LOCATER V6.05            05/02/2008  22:28:52  PAGE 120


  C:6A5CH         LINE#         404
  C:6A5CH         LINE#         408
  C:6A61H         LINE#         413
  C:6A6AH         LINE#         415
  C:6A6AH         LINE#         416
  C:6A75H         LINE#         417
  C:6A7AH         LINE#         418
  C:6A7FH         LINE#         421
  C:6A8EH         LINE#         422
  C:6AA5H         LINE#         423
  C:6AB4H         LINE#         424
  C:6ACBH         LINE#         427
  C:6AD0H         LINE#         428
  C:6AE1H         LINE#         429
  C:6AF0H         LINE#         430
  C:6B14H         LINE#         432
  C:6B28H         LINE#         433
  C:6B2EH         LINE#         435
  C:6B2EH         LINE#         437
  C:6B33H         LINE#         438
  -------         ENDPROC       _MN_ARP_SEND_REQUEST
  -------         PROC          _MN_ARP_RECV_REPLY
  X:0E7CH         SYMBOL        socket_ptr
  -------         DO            
  X:0E7FH         SYMBOL        packet_type
  X:0E80H         SYMBOL        sock_timer
  -------         ENDDO         
  C:8A72H         LINE#         443
  C:8A78H         LINE#         444
  C:8A78H         LINE#         449
  C:8A78H         LINE#         451
  C:8A8BH         LINE#         452
  C:8A97H         LINE#         453
  C:8A97H         LINE#         455
  C:8A9FH         LINE#         456
  C:8AA2H         LINE#         457
  C:8AA5H         LINE#         458
  C:8AAFH         LINE#         459
  C:8AAFH         LINE#         463
  C:8AB2H         LINE#         464
  C:8AB2H         LINE#         465
  C:8AB4H         LINE#         467
  C:8AB6H         LINE#         475
  -------         ENDPROC       _MN_ARP_RECV_REPLY
  -------         ENDMOD        ARP

  -------         MODULE        MN_TCP_OPEN
  C:0000H         SYMBOL        _ICE_DUMMY_
  D:00E8H         PUBLIC        ADC0CN
  D:00E8H         PUBLIC        ADC2CN
  D:00A8H         PUBLIC        IE
  D:00D8H         PUBLIC        PCA0CN
  D:00B8H         PUBLIC        IP
  D:00C0H         PUBLIC        SMB0CN
  D:0088H         PUBLIC        CPT0CN
  D:0088H         PUBLIC        CPT1CN
  D:00F8H         PUBLIC        SPI0CN
  D:0088H         PUBLIC        TCON
  D:00C8H         PUBLIC        TMR2CN
  D:00C8H         PUBLIC        TMR3CN
  D:00C8H         PUBLIC        TMR4CN
  D:0088H         PUBLIC        FLSTAT
  D:0098H         PUBLIC        SCON0
  D:0098H         PUBLIC        SCON1
  C:65BDH         PUBLIC        _mn_tcp_open
BL51 BANKED LINKER/LOCATER V6.05            05/02/2008  22:28:52  PAGE 121


  D:00D0H         PUBLIC        PSW
  -------         PROC          _MN_TCP_OPEN
  X:0E85H         SYMBOL        open_type
  X:0E86H         SYMBOL        socket_ptr
  -------         DO            
  X:0E89H         SYMBOL        wait_timer
  -------         ENDDO         
  C:65BDH         LINE#         11
  C:65C6H         LINE#         12
  C:65C6H         LINE#         15
  C:65E3H         LINE#         16
  C:65E6H         LINE#         18
  C:65F4H         LINE#         19
  C:65F4H         LINE#         20
  C:65F4H         LINE#         21
  C:65FCH         LINE#         22
  C:65FEH         LINE#         23
  C:65FEH         LINE#         24
  C:6606H         LINE#         25
  C:6613H         LINE#         26
  C:6637H         LINE#         28
  C:6637H         LINE#         29
  C:6644H         LINE#         30
  C:664EH         LINE#         31
  C:664EH         LINE#         32
  C:6650H         LINE#         33
  C:6650H         LINE#         34
  C:665EH         LINE#         35
  C:6661H         LINE#         36
  C:6661H         LINE#         37
  C:6664H         LINE#         38
  C:6664H         LINE#         40
  C:6678H         LINE#         41
  C:6678H         LINE#         42
  C:668BH         LINE#         43
  C:668BH         LINE#         44
  C:6694H         LINE#         45
  C:6696H         LINE#         46
  C:6696H         LINE#         47
  C:669FH         LINE#         48
  C:66A1H         LINE#         50
  C:66AEH         LINE#         51
  -------         ENDPROC       _MN_TCP_OPEN
  -------         ENDMOD        MN_TCP_OPEN

  -------         MODULE        MN_TCP_SHUTDOWN
  C:0000H         SYMBOL        _ICE_DUMMY_
  D:00E8H         PUBLIC        ADC0CN
  D:00E8H         PUBLIC        ADC2CN
  D:00A8H         PUBLIC        IE
  D:00D8H         PUBLIC        PCA0CN
  D:00B8H         PUBLIC        IP
  D:00C0H         PUBLIC        SMB0CN
  D:0088H         PUBLIC        CPT0CN
  D:0088H         PUBLIC        CPT1CN
  D:00F8H         PUBLIC        SPI0CN
  D:0088H         PUBLIC        TCON
  D:00C8H         PUBLIC        TMR2CN
  D:00C8H         PUBLIC        TMR3CN
  D:00C8H         PUBLIC        TMR4CN
  C:744FH         PUBLIC        _mn_tcp_shutdown
  D:0088H         PUBLIC        FLSTAT
  D:0098H         PUBLIC        SCON0
  D:0098H         PUBLIC        SCON1
  D:00D0H         PUBLIC        PSW
BL51 BANKED LINKER/LOCATER V6.05            05/02/2008  22:28:52  PAGE 122


  -------         PROC          _MN_TCP_SHUTDOWN
  X:0E45H         SYMBOL        socket_ptr
  -------         DO            
  X:0E48H         SYMBOL        wait_timer
  X:0E4DH         SYMBOL        timeout
  -------         ENDDO         
  C:744FH         LINE#         6
  C:7455H         LINE#         7
  C:7455H         LINE#         11
  C:747DH         LINE#         12
  C:7487H         LINE#         14
  C:74A4H         LINE#         16
  C:74AEH         LINE#         17
  C:74AEH         LINE#         18
  C:74B1H         LINE#         19
  C:74C2H         LINE#         20
  C:74DAH         LINE#         22
  C:74DAH         LINE#         26
  C:74E6H         LINE#         28
  C:74E6H         LINE#         29
  C:74EFH         LINE#         30
  C:74EFH         LINE#         31
  C:74EFH         LINE#         33
  C:74F8H         LINE#         34
  C:74FAH         LINE#         35
  C:74FAH         LINE#         36
  -------         ENDPROC       _MN_TCP_SHUTDOWN
  -------         ENDMOD        MN_TCP_SHUTDOWN

  -------         MODULE        MN_UDP_SEND
  C:0000H         SYMBOL        _ICE_DUMMY_
  D:00E8H         PUBLIC        ADC0CN
  D:00E8H         PUBLIC        ADC2CN
  D:00A8H         PUBLIC        IE
  D:00D8H         PUBLIC        PCA0CN
  D:00B8H         PUBLIC        IP
  D:00C0H         PUBLIC        SMB0CN
  D:0088H         PUBLIC        CPT0CN
  D:0088H         PUBLIC        CPT1CN
  D:00F8H         PUBLIC        SPI0CN
  D:0088H         PUBLIC        TCON
  D:00C8H         PUBLIC        TMR2CN
  D:00C8H         PUBLIC        TMR3CN
  D:00C8H         PUBLIC        TMR4CN
  D:0088H         PUBLIC        FLSTAT
  D:0098H         PUBLIC        SCON0
  D:0098H         PUBLIC        SCON1
  C:4BFBH         PUBLIC        _mn_udp_send
  D:00D0H         PUBLIC        PSW
  -------         PROC          _MN_UDP_SEND
  X:0D5AH         SYMBOL        socket_ptr
  -------         DO            
  X:0D5DH         SYMBOL        data_len
  X:0D5FH         SYMBOL        udp_pkt_len
  X:0D61H         SYMBOL        MsgSendPointer
  X:0D64H         SYMBOL        csum
  X:0D68H         SYMBOL        udp_csum
  D:0007H         SYMBOL        retval
  -------         ENDDO         
  C:4BFBH         LINE#         7
  C:4C01H         LINE#         8
  C:4C01H         LINE#         22
  C:4C05H         LINE#         23
  C:4C0AH         LINE#         25
  C:4C1BH         LINE#         26
BL51 BANKED LINKER/LOCATER V6.05            05/02/2008  22:28:52  PAGE 123


  C:4C1EH         LINE#         27
  C:4C21H         LINE#         29
  C:4C33H         LINE#         30
  C:4C4AH         LINE#         37
  C:4C9CH         LINE#         45
  C:4CC0H         LINE#         48
  C:4CCFH         LINE#         49
  C:4CDCH         LINE#         52
  C:4D01H         LINE#         53
  C:4D06H         LINE#         54
  C:4D08H         LINE#         55
  C:4D17H         LINE#         56
  C:4D24H         LINE#         57
  C:4D36H         LINE#         58
  C:4D46H         LINE#         59
  C:4D4EH         LINE#         60
  C:4D56H         LINE#         62
  C:4D5EH         LINE#         63
  C:4D66H         LINE#         80
  C:4D77H         LINE#         82
  C:4D7FH         LINE#         83
  C:4D85H         LINE#         85
  C:4D94H         LINE#         86
  -------         ENDPROC       _MN_UDP_SEND
  -------         ENDMOD        MN_UDP_SEND

  -------         MODULE        START_ARP_PACKET
  C:0000H         SYMBOL        _ICE_DUMMY_
  D:00E8H         PUBLIC        ADC0CN
  D:00E8H         PUBLIC        ADC2CN
  D:00A8H         PUBLIC        IE
  C:8CAEH         PUBLIC        _start_arp_packet
  D:00D8H         PUBLIC        PCA0CN
  D:00B8H         PUBLIC        IP
  D:00C0H         PUBLIC        SMB0CN
  D:0088H         PUBLIC        CPT0CN
  D:0088H         PUBLIC        CPT1CN
  D:00F8H         PUBLIC        SPI0CN
  D:0088H         PUBLIC        TCON
  D:00C8H         PUBLIC        TMR2CN
  D:00C8H         PUBLIC        TMR3CN
  D:00C8H         PUBLIC        TMR4CN
  D:0088H         PUBLIC        FLSTAT
  D:0098H         PUBLIC        SCON0
  D:0098H         PUBLIC        SCON1
  D:00D0H         PUBLIC        PSW
  -------         PROC          _START_ARP_PACKET
  D:0001H         SYMBOL        socket_ptr
  D:0005H         SYMBOL        isBcast
  C:8CAEH         LINE#         9
  C:8CAEH         LINE#         10
  C:8CAEH         LINE#         11
  C:8CB2H         LINE#         12
  C:8CB2H         LINE#         13
  C:8CB5H         LINE#         14
  C:8CBAH         LINE#         15
  C:8CBFH         LINE#         16
  C:8CC4H         LINE#         17
  C:8CC9H         LINE#         18
  C:8CCEH         LINE#         19
  C:8CD3H         LINE#         20
  C:8CD8H         LINE#         21
  C:8CDDH         LINE#         22
  C:8CDDH         LINE#         23
  -------         ENDPROC       _START_ARP_PACKET
BL51 BANKED LINKER/LOCATER V6.05            05/02/2008  22:28:52  PAGE 124


  -------         ENDMOD        START_ARP_PACKET

  -------         MODULE        ?C?LMUL
  C:0BFEH         PUBLIC        ?C?LMUL
  -------         ENDMOD        ?C?LMUL

Program Size: data=30.2 xdata=4100 code=37203
LINK/LOCATE RUN COMPLETE.  0 WARNING(S),  0 ERROR(S)
