Archive member included because of file (symbol)

c:/program files (x86)/atmel/atmel studio 6.0/extensions/atmel/avrgcc/3.4.0.65/avrtoolchain/bin/../lib/gcc/avr/4.6.2/avr51\libgcc.a(_mulsi3.o)
                              stack/sys/src/sysTimer.o (__mulsi3)
c:/program files (x86)/atmel/atmel studio 6.0/extensions/atmel/avrgcc/3.4.0.65/avrtoolchain/bin/../lib/gcc/avr/4.6.2/avr51\libgcc.a(_udivmodqi4.o)
                              RTC.o (__udivmodqi4)
c:/program files (x86)/atmel/atmel studio 6.0/extensions/atmel/avrgcc/3.4.0.65/avrtoolchain/bin/../lib/gcc/avr/4.6.2/avr51\libgcc.a(_udivmodsi4.o)
                              stack/hal/src/halSleep.o (__udivmodsi4)
c:/program files (x86)/atmel/atmel studio 6.0/extensions/atmel/avrgcc/3.4.0.65/avrtoolchain/bin/../lib/gcc/avr/4.6.2/avr51\libgcc.a(_exit.o)
                              c:/program files (x86)/atmel/atmel studio 6.0/extensions/atmel/avrgcc/3.4.0.65/avrtoolchain/bin/../lib/gcc/avr/4.6.2/../../../../avr/lib/avr51/crtm128rfa1.o (exit)
c:/program files (x86)/atmel/atmel studio 6.0/extensions/atmel/avrgcc/3.4.0.65/avrtoolchain/bin/../lib/gcc/avr/4.6.2/avr51\libgcc.a(_copy_data.o)
                              otaInterface.o (__do_copy_data)
c:/program files (x86)/atmel/atmel studio 6.0/extensions/atmel/avrgcc/3.4.0.65/avrtoolchain/bin/../lib/gcc/avr/4.6.2/avr51\libgcc.a(_clear_bss.o)
                              otaInterface.o (__do_clear_bss)
c:/program files (x86)/atmel/atmel studio 6.0/extensions/atmel/avrgcc/3.4.0.65/avrtoolchain/bin/../lib/gcc/avr/4.6.2/../../../../avr/lib/avr51\libc.a(rand.o)
                              WSNDemo.o (rand)
c:/program files (x86)/atmel/atmel studio 6.0/extensions/atmel/avrgcc/3.4.0.65/avrtoolchain/bin/../lib/gcc/avr/4.6.2/../../../../avr/lib/avr51\libc.a(memcpy.o)
                              stack/nwk/src/nwkDataReq.o (memcpy)
c:/program files (x86)/atmel/atmel studio 6.0/extensions/atmel/avrgcc/3.4.0.65/avrtoolchain/bin/../lib/gcc/avr/4.6.2/avr51\libgcc.a(_divmodsi4.o)
                              c:/program files (x86)/atmel/atmel studio 6.0/extensions/atmel/avrgcc/3.4.0.65/avrtoolchain/bin/../lib/gcc/avr/4.6.2/../../../../avr/lib/avr51\libc.a(rand.o) (__divmodsi4)

Allocating common symbols
Common symbol       size              file

nwkIb               0xc               stack/nwk/src/nwk.o
aa                  0x1               RTC.o
current_Time        0x3               RTC.o
halTimerIrqCount    0x1               stack/hal/src/halTimer.o

Discarded input sections

 .data          0x00000000        0x0 c:/program files (x86)/atmel/atmel studio 6.0/extensions/atmel/avrgcc/3.4.0.65/avrtoolchain/bin/../lib/gcc/avr/4.6.2/../../../../avr/lib/avr51/crtm128rfa1.o
 .bss           0x00000000        0x0 c:/program files (x86)/atmel/atmel studio 6.0/extensions/atmel/avrgcc/3.4.0.65/avrtoolchain/bin/../lib/gcc/avr/4.6.2/../../../../avr/lib/avr51/crtm128rfa1.o
 .text          0x00000000        0x0 otaInterface.o
 .data          0x00000000        0x0 otaInterface.o
 .bss           0x00000000        0x0 otaInterface.o
 .debug_info    0x00000000       0x62 otaInterface.o
 .debug_abbrev  0x00000000       0x2c otaInterface.o
 .debug_line    0x00000000      0x31c otaInterface.o
 .debug_macinfo
                0x00000000    0x110d0 otaInterface.o
 .debug_str     0x00000000       0xb3 otaInterface.o
 .text          0x00000000        0x0 RTC.o
 .data          0x00000000        0x0 RTC.o
 .bss           0x00000000        0x0 RTC.o
 .text.numWrite
                0x00000000       0x20 RTC.o
 .text          0x00000000        0x0 stack/hal/src/hal.o
 .data          0x00000000        0x0 stack/hal/src/hal.o
 .bss           0x00000000        0x0 stack/hal/src/hal.o
 .text.HAL_Delay
                0x00000000        0x8 stack/hal/src/hal.o
 .text          0x00000000        0x0 stack/hal/src/halPhy.o
 .data          0x00000000        0x0 stack/hal/src/halPhy.o
 .bss           0x00000000        0x0 stack/hal/src/halPhy.o
 .debug_info    0x00000000       0x29 stack/hal/src/halPhy.o
 .debug_abbrev  0x00000000       0x16 stack/hal/src/halPhy.o
 .debug_line    0x00000000       0x37 stack/hal/src/halPhy.o
 .debug_macinfo
                0x00000000     0x21fe stack/hal/src/halPhy.o
 .debug_str     0x00000000       0x52 stack/hal/src/halPhy.o
 .text          0x00000000        0x0 stack/hal/src/halSleep.o
 .data          0x00000000        0x0 stack/hal/src/halSleep.o
 .bss           0x00000000        0x0 stack/hal/src/halSleep.o
 .text          0x00000000        0x0 stack/hal/src/halTimer.o
 .data          0x00000000        0x0 stack/hal/src/halTimer.o
 .bss           0x00000000        0x0 stack/hal/src/halTimer.o
 .text.HAL_TimerDelay
                0x00000000       0x68 stack/hal/src/halTimer.o
 .text          0x00000000        0x0 stack/hal/src/halUart.o
 .data          0x00000000        0x0 stack/hal/src/halUart.o
 .bss           0x00000000        0x0 stack/hal/src/halUart.o
 .text.HAL_UartWriteBuffer
                0x00000000       0x3a stack/hal/src/halUart.o
 .text.HAL_UartPrint
                0x00000000       0x5e stack/hal/src/halUart.o
 .text          0x00000000        0x0 stack/nwk/src/nwk.o
 .data          0x00000000        0x0 stack/nwk/src/nwk.o
 .bss           0x00000000        0x0 stack/nwk/src/nwk.o
 .text          0x00000000        0x0 stack/nwk/src/nwkDataReq.o
 .data          0x00000000        0x0 stack/nwk/src/nwkDataReq.o
 .bss           0x00000000        0x0 stack/nwk/src/nwkDataReq.o
 .text.NWK_DataReq
                0x00000000       0x2a stack/nwk/src/nwkDataReq.o
 .text          0x00000000        0x0 stack/nwk/src/nwkFrame.o
 .data          0x00000000        0x0 stack/nwk/src/nwkFrame.o
 .bss           0x00000000        0x0 stack/nwk/src/nwkFrame.o
 .text          0x00000000        0x0 stack/nwk/src/nwkRoute.o
 .data          0x00000000        0x0 stack/nwk/src/nwkRoute.o
 .bss           0x00000000        0x0 stack/nwk/src/nwkRoute.o
 .text          0x00000000        0x0 stack/nwk/src/nwkRx.o
 .data          0x00000000        0x0 stack/nwk/src/nwkRx.o
 .bss           0x00000000        0x0 stack/nwk/src/nwkRx.o
 .text.NWK_SetAckControl
                0x00000000        0x6 stack/nwk/src/nwkRx.o
 .text          0x00000000        0x0 stack/nwk/src/nwkSecurity.o
 .data          0x00000000        0x0 stack/nwk/src/nwkSecurity.o
 .bss           0x00000000        0x0 stack/nwk/src/nwkSecurity.o
 .debug_info    0x00000000       0x69 stack/nwk/src/nwkSecurity.o
 .debug_abbrev  0x00000000       0x2c stack/nwk/src/nwkSecurity.o
 .debug_line    0x00000000      0x32c stack/nwk/src/nwkSecurity.o
 .debug_macinfo
                0x00000000    0x1157f stack/nwk/src/nwkSecurity.o
 .debug_str     0x00000000       0xc4 stack/nwk/src/nwkSecurity.o
 .text          0x00000000        0x0 stack/nwk/src/nwkTx.o
 .data          0x00000000        0x0 stack/nwk/src/nwkTx.o
 .bss           0x00000000        0x0 stack/nwk/src/nwkTx.o
 .text          0x00000000        0x0 stack/phy/src/phy.o
 .data          0x00000000        0x0 stack/phy/src/phy.o
 .bss           0x00000000        0x0 stack/phy/src/phy.o
 .text          0x00000000        0x0 stack/service/src/otaClient.o
 .data          0x00000000        0x0 stack/service/src/otaClient.o
 .bss           0x00000000        0x0 stack/service/src/otaClient.o
 .debug_info    0x00000000       0x62 stack/service/src/otaClient.o
 .debug_abbrev  0x00000000       0x2c stack/service/src/otaClient.o
 .debug_line    0x00000000      0x21b stack/service/src/otaClient.o
 .debug_macinfo
                0x00000000     0x332a stack/service/src/otaClient.o
 .debug_str     0x00000000       0xc0 stack/service/src/otaClient.o
 .text          0x00000000        0x0 stack/service/src/otaServer.o
 .data          0x00000000        0x0 stack/service/src/otaServer.o
 .bss           0x00000000        0x0 stack/service/src/otaServer.o
 .debug_info    0x00000000       0x62 stack/service/src/otaServer.o
 .debug_abbrev  0x00000000       0x2c stack/service/src/otaServer.o
 .debug_line    0x00000000      0x21b stack/service/src/otaServer.o
 .debug_macinfo
                0x00000000     0x332a stack/service/src/otaServer.o
 .debug_str     0x00000000       0xc0 stack/service/src/otaServer.o
 .text          0x00000000        0x0 stack/sys/src/sys.o
 .data          0x00000000        0x0 stack/sys/src/sys.o
 .bss           0x00000000        0x0 stack/sys/src/sys.o
 .text          0x00000000        0x0 stack/sys/src/sysEncrypt.o
 .data          0x00000000        0x0 stack/sys/src/sysEncrypt.o
 .bss           0x00000000        0x0 stack/sys/src/sysEncrypt.o
 .debug_info    0x00000000       0x62 stack/sys/src/sysEncrypt.o
 .debug_abbrev  0x00000000       0x2c stack/sys/src/sysEncrypt.o
 .debug_line    0x00000000      0x322 stack/sys/src/sysEncrypt.o
 .debug_macinfo
                0x00000000    0x120c4 stack/sys/src/sysEncrypt.o
 .debug_str     0x00000000       0xbd stack/sys/src/sysEncrypt.o
 .text          0x00000000        0x0 stack/sys/src/sysTimer.o
 .data          0x00000000        0x0 stack/sys/src/sysTimer.o
 .bss           0x00000000        0x0 stack/sys/src/sysTimer.o
 .text.SYS_TimerStop
                0x00000000       0x72 stack/sys/src/sysTimer.o
 .text          0x00000000        0x0 WSNDemo.o
 .bss           0x00000000        0x0 WSNDemo.o
 .text          0x00000000        0x0 c:/program files (x86)/atmel/atmel studio 6.0/extensions/atmel/avrgcc/3.4.0.65/avrtoolchain/bin/../lib/gcc/avr/4.6.2/avr51\libgcc.a(_mulsi3.o)
 .data          0x00000000        0x0 c:/program files (x86)/atmel/atmel studio 6.0/extensions/atmel/avrgcc/3.4.0.65/avrtoolchain/bin/../lib/gcc/avr/4.6.2/avr51\libgcc.a(_mulsi3.o)
 .bss           0x00000000        0x0 c:/program files (x86)/atmel/atmel studio 6.0/extensions/atmel/avrgcc/3.4.0.65/avrtoolchain/bin/../lib/gcc/avr/4.6.2/avr51\libgcc.a(_mulsi3.o)
 .text          0x00000000        0x0 c:/program files (x86)/atmel/atmel studio 6.0/extensions/atmel/avrgcc/3.4.0.65/avrtoolchain/bin/../lib/gcc/avr/4.6.2/avr51\libgcc.a(_udivmodqi4.o)
 .data          0x00000000        0x0 c:/program files (x86)/atmel/atmel studio 6.0/extensions/atmel/avrgcc/3.4.0.65/avrtoolchain/bin/../lib/gcc/avr/4.6.2/avr51\libgcc.a(_udivmodqi4.o)
 .bss           0x00000000        0x0 c:/program files (x86)/atmel/atmel studio 6.0/extensions/atmel/avrgcc/3.4.0.65/avrtoolchain/bin/../lib/gcc/avr/4.6.2/avr51\libgcc.a(_udivmodqi4.o)
 .text.libgcc   0x00000000       0x18 c:/program files (x86)/atmel/atmel studio 6.0/extensions/atmel/avrgcc/3.4.0.65/avrtoolchain/bin/../lib/gcc/avr/4.6.2/avr51\libgcc.a(_udivmodqi4.o)
 .debug_line    0x00000000       0x92 c:/program files (x86)/atmel/atmel studio 6.0/extensions/atmel/avrgcc/3.4.0.65/avrtoolchain/bin/../lib/gcc/avr/4.6.2/avr51\libgcc.a(_udivmodqi4.o)
 .debug_info    0x00000000       0xde c:/program files (x86)/atmel/atmel studio 6.0/extensions/atmel/avrgcc/3.4.0.65/avrtoolchain/bin/../lib/gcc/avr/4.6.2/avr51\libgcc.a(_udivmodqi4.o)
 .debug_abbrev  0x00000000       0x14 c:/program files (x86)/atmel/atmel studio 6.0/extensions/atmel/avrgcc/3.4.0.65/avrtoolchain/bin/../lib/gcc/avr/4.6.2/avr51\libgcc.a(_udivmodqi4.o)
 .debug_aranges
                0x00000000       0x20 c:/program files (x86)/atmel/atmel studio 6.0/extensions/atmel/avrgcc/3.4.0.65/avrtoolchain/bin/../lib/gcc/avr/4.6.2/avr51\libgcc.a(_udivmodqi4.o)
 .text          0x00000000        0x0 c:/program files (x86)/atmel/atmel studio 6.0/extensions/atmel/avrgcc/3.4.0.65/avrtoolchain/bin/../lib/gcc/avr/4.6.2/avr51\libgcc.a(_udivmodsi4.o)
 .data          0x00000000        0x0 c:/program files (x86)/atmel/atmel studio 6.0/extensions/atmel/avrgcc/3.4.0.65/avrtoolchain/bin/../lib/gcc/avr/4.6.2/avr51\libgcc.a(_udivmodsi4.o)
 .bss           0x00000000        0x0 c:/program files (x86)/atmel/atmel studio 6.0/extensions/atmel/avrgcc/3.4.0.65/avrtoolchain/bin/../lib/gcc/avr/4.6.2/avr51\libgcc.a(_udivmodsi4.o)
 .text          0x00000000        0x0 c:/program files (x86)/atmel/atmel studio 6.0/extensions/atmel/avrgcc/3.4.0.65/avrtoolchain/bin/../lib/gcc/avr/4.6.2/avr51\libgcc.a(_exit.o)
 .data          0x00000000        0x0 c:/program files (x86)/atmel/atmel studio 6.0/extensions/atmel/avrgcc/3.4.0.65/avrtoolchain/bin/../lib/gcc/avr/4.6.2/avr51\libgcc.a(_exit.o)
 .bss           0x00000000        0x0 c:/program files (x86)/atmel/atmel studio 6.0/extensions/atmel/avrgcc/3.4.0.65/avrtoolchain/bin/../lib/gcc/avr/4.6.2/avr51\libgcc.a(_exit.o)
 .text.libgcc   0x00000000        0x0 c:/program files (x86)/atmel/atmel studio 6.0/extensions/atmel/avrgcc/3.4.0.65/avrtoolchain/bin/../lib/gcc/avr/4.6.2/avr51\libgcc.a(_exit.o)
 .text          0x00000000        0x0 c:/program files (x86)/atmel/atmel studio 6.0/extensions/atmel/avrgcc/3.4.0.65/avrtoolchain/bin/../lib/gcc/avr/4.6.2/avr51\libgcc.a(_copy_data.o)
 .data          0x00000000        0x0 c:/program files (x86)/atmel/atmel studio 6.0/extensions/atmel/avrgcc/3.4.0.65/avrtoolchain/bin/../lib/gcc/avr/4.6.2/avr51\libgcc.a(_copy_data.o)
 .bss           0x00000000        0x0 c:/program files (x86)/atmel/atmel studio 6.0/extensions/atmel/avrgcc/3.4.0.65/avrtoolchain/bin/../lib/gcc/avr/4.6.2/avr51\libgcc.a(_copy_data.o)
 .text.libgcc   0x00000000        0x0 c:/program files (x86)/atmel/atmel studio 6.0/extensions/atmel/avrgcc/3.4.0.65/avrtoolchain/bin/../lib/gcc/avr/4.6.2/avr51\libgcc.a(_copy_data.o)
 .text          0x00000000        0x0 c:/program files (x86)/atmel/atmel studio 6.0/extensions/atmel/avrgcc/3.4.0.65/avrtoolchain/bin/../lib/gcc/avr/4.6.2/avr51\libgcc.a(_clear_bss.o)
 .data          0x00000000        0x0 c:/program files (x86)/atmel/atmel studio 6.0/extensions/atmel/avrgcc/3.4.0.65/avrtoolchain/bin/../lib/gcc/avr/4.6.2/avr51\libgcc.a(_clear_bss.o)
 .bss           0x00000000        0x0 c:/program files (x86)/atmel/atmel studio 6.0/extensions/atmel/avrgcc/3.4.0.65/avrtoolchain/bin/../lib/gcc/avr/4.6.2/avr51\libgcc.a(_clear_bss.o)
 .text.libgcc   0x00000000        0x0 c:/program files (x86)/atmel/atmel studio 6.0/extensions/atmel/avrgcc/3.4.0.65/avrtoolchain/bin/../lib/gcc/avr/4.6.2/avr51\libgcc.a(_clear_bss.o)
 .text          0x00000000        0x0 c:/program files (x86)/atmel/atmel studio 6.0/extensions/atmel/avrgcc/3.4.0.65/avrtoolchain/bin/../lib/gcc/avr/4.6.2/../../../../avr/lib/avr51\libc.a(rand.o)
 .bss           0x00000000        0x0 c:/program files (x86)/atmel/atmel studio 6.0/extensions/atmel/avrgcc/3.4.0.65/avrtoolchain/bin/../lib/gcc/avr/4.6.2/../../../../avr/lib/avr51\libc.a(rand.o)
 .text          0x00000000        0x0 c:/program files (x86)/atmel/atmel studio 6.0/extensions/atmel/avrgcc/3.4.0.65/avrtoolchain/bin/../lib/gcc/avr/4.6.2/../../../../avr/lib/avr51\libc.a(memcpy.o)
 .data          0x00000000        0x0 c:/program files (x86)/atmel/atmel studio 6.0/extensions/atmel/avrgcc/3.4.0.65/avrtoolchain/bin/../lib/gcc/avr/4.6.2/../../../../avr/lib/avr51\libc.a(memcpy.o)
 .bss           0x00000000        0x0 c:/program files (x86)/atmel/atmel studio 6.0/extensions/atmel/avrgcc/3.4.0.65/avrtoolchain/bin/../lib/gcc/avr/4.6.2/../../../../avr/lib/avr51\libc.a(memcpy.o)
 .text          0x00000000        0x0 c:/program files (x86)/atmel/atmel studio 6.0/extensions/atmel/avrgcc/3.4.0.65/avrtoolchain/bin/../lib/gcc/avr/4.6.2/avr51\libgcc.a(_divmodsi4.o)
 .data          0x00000000        0x0 c:/program files (x86)/atmel/atmel studio 6.0/extensions/atmel/avrgcc/3.4.0.65/avrtoolchain/bin/../lib/gcc/avr/4.6.2/avr51\libgcc.a(_divmodsi4.o)
 .bss           0x00000000        0x0 c:/program files (x86)/atmel/atmel studio 6.0/extensions/atmel/avrgcc/3.4.0.65/avrtoolchain/bin/../lib/gcc/avr/4.6.2/avr51\libgcc.a(_divmodsi4.o)

Memory Configuration

Name             Origin             Length             Attributes
text             0x00000000         0x00020000         xr
data             0x00800100         0x0000ff00         rw !x
eeprom           0x00810000         0x00010000         rw !x
fuse             0x00820000         0x00000400         rw !x
lock             0x00830000         0x00000400         rw !x
signature        0x00840000         0x00000400         rw !x
*default*        0x00000000         0xffffffff

Linker script and memory map

Address of section .data set to 0x800200
LOAD c:/program files (x86)/atmel/atmel studio 6.0/extensions/atmel/avrgcc/3.4.0.65/avrtoolchain/bin/../lib/gcc/avr/4.6.2/../../../../avr/lib/avr51/crtm128rfa1.o
LOAD otaInterface.o
LOAD RTC.o
LOAD stack/hal/src/hal.o
LOAD stack/hal/src/halPhy.o
LOAD stack/hal/src/halSleep.o
LOAD stack/hal/src/halTimer.o
LOAD stack/hal/src/halUart.o
LOAD stack/nwk/src/nwk.o
LOAD stack/nwk/src/nwkDataReq.o
LOAD stack/nwk/src/nwkFrame.o
LOAD stack/nwk/src/nwkRoute.o
LOAD stack/nwk/src/nwkRx.o
LOAD stack/nwk/src/nwkSecurity.o
LOAD stack/nwk/src/nwkTx.o
LOAD stack/phy/src/phy.o
LOAD stack/service/src/otaClient.o
LOAD stack/service/src/otaServer.o
LOAD stack/sys/src/sys.o
LOAD stack/sys/src/sysEncrypt.o
LOAD stack/sys/src/sysTimer.o
LOAD WSNDemo.o
START GROUP
END GROUP
LOAD c:/program files (x86)/atmel/atmel studio 6.0/extensions/atmel/avrgcc/3.4.0.65/avrtoolchain/bin/../lib/gcc/avr/4.6.2/avr51\libgcc.a
LOAD c:/program files (x86)/atmel/atmel studio 6.0/extensions/atmel/avrgcc/3.4.0.65/avrtoolchain/bin/../lib/gcc/avr/4.6.2/../../../../avr/lib/avr51\libc.a
LOAD c:/program files (x86)/atmel/atmel studio 6.0/extensions/atmel/avrgcc/3.4.0.65/avrtoolchain/bin/../lib/gcc/avr/4.6.2/avr51\libgcc.a

.hash
 *(.hash)

.dynsym
 *(.dynsym)

.dynstr
 *(.dynstr)

.gnu.version
 *(.gnu.version)

.gnu.version_d
 *(.gnu.version_d)

.gnu.version_r
 *(.gnu.version_r)

.rel.init
 *(.rel.init)

.rela.init
 *(.rela.init)

.rel.text
 *(.rel.text)
 *(.rel.text.*)
 *(.rel.gnu.linkonce.t*)

.rela.text
 *(.rela.text)
 *(.rela.text.*)
 *(.rela.gnu.linkonce.t*)

.rel.fini
 *(.rel.fini)

.rela.fini
 *(.rela.fini)

.rel.rodata
 *(.rel.rodata)
 *(.rel.rodata.*)
 *(.rel.gnu.linkonce.r*)

.rela.rodata
 *(.rela.rodata)
 *(.rela.rodata.*)
 *(.rela.gnu.linkonce.r*)

.rel.data
 *(.rel.data)
 *(.rel.data.*)
 *(.rel.gnu.linkonce.d*)

.rela.data
 *(.rela.data)
 *(.rela.data.*)
 *(.rela.gnu.linkonce.d*)

.rel.ctors
 *(.rel.ctors)

.rela.ctors
 *(.rela.ctors)

.rel.dtors
 *(.rel.dtors)

.rela.dtors
 *(.rela.dtors)

.rel.got
 *(.rel.got)

.rela.got
 *(.rela.got)

.rel.bss
 *(.rel.bss)

.rela.bss
 *(.rela.bss)

.rel.plt
 *(.rel.plt)

.rela.plt
 *(.rela.plt)

.text           0x00000000     0x1dbe
 *(.vectors)
 .vectors       0x00000000      0x120 c:/program files (x86)/atmel/atmel studio 6.0/extensions/atmel/avrgcc/3.4.0.65/avrtoolchain/bin/../lib/gcc/avr/4.6.2/../../../../avr/lib/avr51/crtm128rfa1.o
                0x00000000                __vector_default
                0x00000000                __vectors
 *(.vectors)
 *(.progmem.gcc*)
 *(.progmem*)
                0x00000120                . = ALIGN (0x2)
                0x00000120                __trampolines_start = .
 *(.trampolines)
 .trampolines   0x00000120        0x0 linker stubs
 *(.trampolines*)
                0x00000120                __trampolines_end = .
 *(.jumptables)
 *(.jumptables*)
 *(.lowtext)
 *(.lowtext*)
                0x00000120                __ctors_start = .
 *(.ctors)
                0x00000120                __ctors_end = .
                0x00000120                __dtors_start = .
 *(.dtors)
                0x00000120                __dtors_end = .
 SORT(*)(.ctors)
 SORT(*)(.dtors)
 *(.init0)
 .init0         0x00000120        0x0 c:/program files (x86)/atmel/atmel studio 6.0/extensions/atmel/avrgcc/3.4.0.65/avrtoolchain/bin/../lib/gcc/avr/4.6.2/../../../../avr/lib/avr51/crtm128rfa1.o
                0x00000120                __init
 *(.init0)
 *(.init1)
 *(.init1)
 *(.init2)
 .init2         0x00000120        0xc c:/program files (x86)/atmel/atmel studio 6.0/extensions/atmel/avrgcc/3.4.0.65/avrtoolchain/bin/../lib/gcc/avr/4.6.2/../../../../avr/lib/avr51/crtm128rfa1.o
 *(.init2)
 *(.init3)
 *(.init3)
 *(.init4)
 .init4         0x0000012c       0x1a c:/program files (x86)/atmel/atmel studio 6.0/extensions/atmel/avrgcc/3.4.0.65/avrtoolchain/bin/../lib/gcc/avr/4.6.2/avr51\libgcc.a(_copy_data.o)
                0x0000012c                __do_copy_data
 .init4         0x00000146       0x10 c:/program files (x86)/atmel/atmel studio 6.0/extensions/atmel/avrgcc/3.4.0.65/avrtoolchain/bin/../lib/gcc/avr/4.6.2/avr51\libgcc.a(_clear_bss.o)
                0x00000146                __do_clear_bss
 *(.init4)
 *(.init5)
 *(.init5)
 *(.init6)
 *(.init6)
 *(.init7)
 *(.init7)
 *(.init8)
 *(.init8)
 *(.init9)
 .init9         0x00000156        0x8 c:/program files (x86)/atmel/atmel studio 6.0/extensions/atmel/avrgcc/3.4.0.65/avrtoolchain/bin/../lib/gcc/avr/4.6.2/../../../../avr/lib/avr51/crtm128rfa1.o
 *(.init9)
 *(.text)
 .text          0x0000015e        0x4 c:/program files (x86)/atmel/atmel studio 6.0/extensions/atmel/avrgcc/3.4.0.65/avrtoolchain/bin/../lib/gcc/avr/4.6.2/../../../../avr/lib/avr51/crtm128rfa1.o
                0x0000015e                __vector_38
                0x0000015e                __vector_22
                0x0000015e                __vector_28
                0x0000015e                __vector_67
                0x0000015e                __vector_1
                0x0000015e                __vector_32
                0x0000015e                __vector_71
                0x0000015e                __vector_34
                0x0000015e                __vector_62
                0x0000015e                __vector_24
                0x0000015e                __vector_12
                0x0000015e                __vector_55
                0x0000015e                __vector_69
                0x0000015e                __vector_46
                0x0000015e                __bad_interrupt
                0x0000015e                __vector_6
                0x0000015e                __vector_31
                0x0000015e                __vector_35
                0x0000015e                __vector_39
                0x0000015e                __vector_3
                0x0000015e                __vector_23
                0x0000015e                __vector_68
                0x0000015e                __vector_30
                0x0000015e                __vector_45
                0x0000015e                __vector_61
                0x0000015e                __vector_11
                0x0000015e                __vector_54
                0x0000015e                __vector_17
                0x0000015e                __vector_19
                0x0000015e                __vector_56
                0x0000015e                __vector_7
                0x0000015e                __vector_49
                0x0000015e                __vector_41
                0x0000015e                __vector_64
                0x0000015e                __vector_27
                0x0000015e                __vector_5
                0x0000015e                __vector_33
                0x0000015e                __vector_47
                0x0000015e                __vector_52
                0x0000015e                __vector_37
                0x0000015e                __vector_4
                0x0000015e                __vector_44
                0x0000015e                __vector_51
                0x0000015e                __vector_9
                0x0000015e                __vector_2
                0x0000015e                __vector_21
                0x0000015e                __vector_66
                0x0000015e                __vector_36
                0x0000015e                __vector_58
                0x0000015e                __vector_70
                0x0000015e                __vector_29
                0x0000015e                __vector_40
                0x0000015e                __vector_8
                0x0000015e                __vector_48
                0x0000015e                __vector_14
                0x0000015e                __vector_57
                0x0000015e                __vector_53
                0x0000015e                __vector_10
                0x0000015e                __vector_50
                0x0000015e                __vector_16
                0x0000015e                __vector_59
                0x0000015e                __vector_18
                0x0000015e                __vector_20
                0x0000015e                __vector_65
                0x00000162                . = ALIGN (0x2)
 *(.text.*)
 .text.RTC_Init
                0x00000162       0x38 RTC.o
                0x00000162                RTC_Init
 .text.__vector_15
                0x0000019a       0x96 RTC.o
                0x0000019a                __vector_15
 .text.HAL_Init
                0x00000230       0x1a stack/hal/src/hal.o
                0x00000230                HAL_Init
 .text.HAL_Sleep
                0x0000024a       0xfe stack/hal/src/halSleep.o
                0x0000024a                HAL_Sleep
 .text.__vector_13
                0x00000348       0x1e stack/hal/src/halSleep.o
                0x00000348                __vector_13
 .text.HAL_TimerInit
                0x00000366       0x2a stack/hal/src/halTimer.o
                0x00000366                HAL_TimerInit
 .text.__vector_42
                0x00000390       0x22 stack/hal/src/halTimer.o
                0x00000390                __vector_42
 .text.__vector_43
                0x000003b2       0x1e stack/hal/src/halTimer.o
                0x000003b2                __vector_43
 .text.HAL_UartInit
                0x000003d0       0xbc stack/hal/src/halUart.o
                0x000003d0                HAL_UartInit
 .text.HAL_UartWriteByte
                0x0000048c       0x54 stack/hal/src/halUart.o
                0x0000048c                HAL_UartWriteByte
 .text.HAL_UartReadByte
                0x000004e0       0x5c stack/hal/src/halUart.o
                0x000004e0                HAL_UartReadByte
 .text.__vector_26
                0x0000053c       0x38 stack/hal/src/halUart.o
                0x0000053c                __vector_26
 .text.__vector_25
                0x00000574       0xb0 stack/hal/src/halUart.o
                0x00000574                __vector_25
 .text.HAL_UartTaskHandler
                0x00000624       0x8e stack/hal/src/halUart.o
                0x00000624                HAL_UartTaskHandler
 .text.NWK_Init
                0x000006b2       0x32 stack/nwk/src/nwk.o
                0x000006b2                NWK_Init
 .text.NWK_SetAddr
                0x000006e4        0xe stack/nwk/src/nwk.o
                0x000006e4                NWK_SetAddr
 .text.NWK_SetPanId
                0x000006f2        0xe stack/nwk/src/nwk.o
                0x000006f2                NWK_SetPanId
 .text.NWK_OpenEndpoint
                0x00000700       0x12 stack/nwk/src/nwk.o
                0x00000700                NWK_OpenEndpoint
 .text.NWK_Busy
                0x00000712       0x2a stack/nwk/src/nwk.o
                0x00000712                NWK_Busy
 .text.NWK_SleepReq
                0x0000073c        0x6 stack/nwk/src/nwk.o
                0x0000073c                NWK_SleepReq
 .text.NWK_WakeupReq
                0x00000742        0x6 stack/nwk/src/nwk.o
                0x00000742                NWK_WakeupReq
 .text.NWK_TaskHandler
                0x00000748        0xe stack/nwk/src/nwk.o
                0x00000748                NWK_TaskHandler
 .text.nwkDataReqTxConf
                0x00000756       0x3e stack/nwk/src/nwkDataReq.o
 .text.nwkDataReqInit
                0x00000794        0xa stack/nwk/src/nwkDataReq.o
                0x00000794                nwkDataReqInit
 .text.nwkDataReqBusy
                0x0000079e       0x14 stack/nwk/src/nwkDataReq.o
                0x0000079e                nwkDataReqBusy
 .text.nwkDataReqTaskHandler
                0x000007b2      0x11a stack/nwk/src/nwkDataReq.o
                0x000007b2                nwkDataReqTaskHandler
 .text.nwkFrameInit
                0x000008cc        0xe stack/nwk/src/nwkFrame.o
                0x000008cc                nwkFrameInit
 .text.nwkFrameAlloc
                0x000008da       0x4c stack/nwk/src/nwkFrame.o
                0x000008da                nwkFrameAlloc
 .text.nwkFrameFree
                0x00000926        0x6 stack/nwk/src/nwkFrame.o
                0x00000926                nwkFrameFree
 .text.nwkFrameByIndex
                0x0000092c       0x1c stack/nwk/src/nwkFrame.o
                0x0000092c                nwkFrameByIndex
 .text.nwkFrameCommandInit
                0x00000948       0x4a stack/nwk/src/nwkFrame.o
                0x00000948                nwkFrameCommandInit
 .text.nwkRouteFindRecord
                0x00000992       0x42 stack/nwk/src/nwkRoute.o
 .text.nwkRouteErrorConf
                0x000009d4        0x6 stack/nwk/src/nwkRoute.o
 .text.nwkRouteTxFrameConf
                0x000009da        0x6 stack/nwk/src/nwkRoute.o
 .text.nwkRouteInit
                0x000009e0       0x18 stack/nwk/src/nwkRoute.o
                0x000009e0                nwkRouteInit
 .text.nwkRouteRemove
                0x000009f8       0x14 stack/nwk/src/nwkRoute.o
                0x000009f8                nwkRouteRemove
 .text.nwkRouteFrameReceived
                0x00000a0c       0x82 stack/nwk/src/nwkRoute.o
                0x00000a0c                nwkRouteFrameReceived
 .text.nwkRouteFrameSent
                0x00000a8e       0xb2 stack/nwk/src/nwkRoute.o
                0x00000a8e                nwkRouteFrameSent
 .text.nwkRouteNextHop
                0x00000b40       0x4a stack/nwk/src/nwkRoute.o
                0x00000b40                nwkRouteNextHop
 .text.nwkRouteFrame
                0x00000b8a       0x98 stack/nwk/src/nwkRoute.o
                0x00000b8a                nwkRouteFrame
 .text.nwkRouteErrorReceived
                0x00000c22       0x14 stack/nwk/src/nwkRoute.o
                0x00000c22                nwkRouteErrorReceived
 .text.NWK_RouteNextHop
                0x00000c36        0x6 stack/nwk/src/nwkRoute.o
                0x00000c36                NWK_RouteNextHop
 .text.nwkRxSendAckConf
                0x00000c3c        0x6 stack/nwk/src/nwkRx.o
 .text.nwkRxDuplicateRejectionTimerHandler
                0x00000c42       0x2e stack/nwk/src/nwkRx.o
 .text.nwkRxSeriveDataInd
                0x00000c70       0x26 stack/nwk/src/nwkRx.o
 .text.nwkRxInit
                0x00000c96       0x4a stack/nwk/src/nwkRx.o
                0x00000c96                nwkRxInit
 .text.PHY_DataInd
                0x00000ce0       0x60 stack/nwk/src/nwkRx.o
                0x00000ce0                PHY_DataInd
 .text.nwkRxBusy
                0x00000d40        0xe stack/nwk/src/nwkRx.o
                0x00000d40                nwkRxBusy
 .text.nwkRxTaskHandler
                0x00000d4e      0x3b2 stack/nwk/src/nwkRx.o
                0x00000d4e                nwkRxTaskHandler
 .text.nwkTxBroadcastConf
                0x00001100        0x6 stack/nwk/src/nwkTx.o
 .text.nwkTxAckWaitTimerHandler
                0x00001106       0x60 stack/nwk/src/nwkTx.o
 .text.nwkTxInit
                0x00001166       0x36 stack/nwk/src/nwkTx.o
                0x00001166                nwkTxInit
 .text.nwkTxFrame
                0x0000119c       0x7a stack/nwk/src/nwkTx.o
                0x0000119c                nwkTxFrame
 .text.nwkTxBroadcastFrame
                0x00001216       0x90 stack/nwk/src/nwkTx.o
                0x00001216                nwkTxBroadcastFrame
 .text.nwkTxAckReceived
                0x000012a6       0x48 stack/nwk/src/nwkTx.o
                0x000012a6                nwkTxAckReceived
 .text.nwkTxBusy
                0x000012ee        0xe stack/nwk/src/nwkTx.o
                0x000012ee                nwkTxBusy
 .text.PHY_DataConf
                0x000012fc       0x38 stack/nwk/src/nwkTx.o
                0x000012fc                PHY_DataConf
 .text.nwkTxTaskHandler
                0x00001334       0xd6 stack/nwk/src/nwkTx.o
                0x00001334                nwkTxTaskHandler
 .text.phyTrxSetState
                0x0000140a       0x16 stack/phy/src/phy.o
 .text.phySetRxState
                0x00001420       0x14 stack/phy/src/phy.o
 .text.PHY_Init
                0x00001434       0x56 stack/phy/src/phy.o
                0x00001434                PHY_Init
 .text.PHY_SetRxState
                0x0000148a       0x10 stack/phy/src/phy.o
                0x0000148a                PHY_SetRxState
 .text.PHY_SetChannel
                0x0000149a       0x10 stack/phy/src/phy.o
                0x0000149a                PHY_SetChannel
 .text.PHY_SetPanId
                0x000014aa       0x14 stack/phy/src/phy.o
                0x000014aa                PHY_SetPanId
 .text.PHY_SetShortAddr
                0x000014be       0x14 stack/phy/src/phy.o
                0x000014be                PHY_SetShortAddr
 .text.PHY_Busy
                0x000014d2       0x20 stack/phy/src/phy.o
                0x000014d2                PHY_Busy
 .text.PHY_Sleep
                0x000014f2       0x18 stack/phy/src/phy.o
                0x000014f2                PHY_Sleep
 .text.PHY_Wakeup
                0x0000150a       0x16 stack/phy/src/phy.o
                0x0000150a                PHY_Wakeup
 .text.PHY_DataReq
                0x00001520       0x52 stack/phy/src/phy.o
                0x00001520                PHY_DataReq
 .text.__vector_63
                0x00001572       0x70 stack/phy/src/phy.o
                0x00001572                __vector_63
 .text.__vector_60
                0x000015e2       0x34 stack/phy/src/phy.o
                0x000015e2                __vector_60
 .text.PHY_TaskHandler
                0x00001616      0x112 stack/phy/src/phy.o
                0x00001616                PHY_TaskHandler
 .text.SYS_Init
                0x00001728       0x12 stack/sys/src/sys.o
                0x00001728                SYS_Init
 .text.SYS_TaskHandler
                0x0000173a        0xe stack/sys/src/sys.o
                0x0000173a                SYS_TaskHandler
 .text.placeTimer
                0x00001748       0xae stack/sys/src/sysTimer.o
 .text.SYS_TimerInit
                0x000017f6        0xa stack/sys/src/sysTimer.o
                0x000017f6                SYS_TimerInit
 .text.SYS_TimerStarted
                0x00001800       0x22 stack/sys/src/sysTimer.o
                0x00001800                SYS_TimerStarted
 .text.SYS_TimerStart
                0x00001822       0x1a stack/sys/src/sysTimer.o
                0x00001822                SYS_TimerStart
 .text.SYS_TimerTaskHandler
                0x0000183c       0xa0 stack/sys/src/sysTimer.o
                0x0000183c                SYS_TimerTaskHandler
 .text.appSendMessage
                0x000018dc       0x88 WSNDemo.o
 .text.appDataInd
                0x00001964       0x2a WSNDemo.o
 .text.appDataSendingTimerHandler
                0x0000198e       0x1a WSNDemo.o
 .text.HAL_UartBytesReceived
                0x000019a8       0x2e WSNDemo.o
                0x000019a8                HAL_UartBytesReceived
 .text.startup.main
                0x000019d6      0x250 WSNDemo.o
                0x000019d6                main
 .text.libgcc   0x00001c26       0x3e c:/program files (x86)/atmel/atmel studio 6.0/extensions/atmel/avrgcc/3.4.0.65/avrtoolchain/bin/../lib/gcc/avr/4.6.2/avr51\libgcc.a(_mulsi3.o)
                0x00001c26                __mulsi3
 .text.libgcc   0x00001c64       0x44 c:/program files (x86)/atmel/atmel studio 6.0/extensions/atmel/avrgcc/3.4.0.65/avrtoolchain/bin/../lib/gcc/avr/4.6.2/avr51\libgcc.a(_udivmodsi4.o)
                0x00001c64                __udivmodsi4
 .text.avr-libc
                0x00001ca8       0xca c:/program files (x86)/atmel/atmel studio 6.0/extensions/atmel/avrgcc/3.4.0.65/avrtoolchain/bin/../lib/gcc/avr/4.6.2/../../../../avr/lib/avr51\libc.a(rand.o)
                0x00001d4c                rand_r
                0x00001d52                rand
                0x00001d5c                srand
 .text.avr-libc
                0x00001d72       0x12 c:/program files (x86)/atmel/atmel studio 6.0/extensions/atmel/avrgcc/3.4.0.65/avrtoolchain/bin/../lib/gcc/avr/4.6.2/../../../../avr/lib/avr51\libc.a(memcpy.o)
                0x00001d72                memcpy
 .text.libgcc   0x00001d84       0x36 c:/program files (x86)/atmel/atmel studio 6.0/extensions/atmel/avrgcc/3.4.0.65/avrtoolchain/bin/../lib/gcc/avr/4.6.2/avr51\libgcc.a(_divmodsi4.o)
                0x00001d84                __divmodsi4
                0x00001dba                . = ALIGN (0x2)
 *(.fini9)
 .fini9         0x00001dba        0x0 c:/program files (x86)/atmel/atmel studio 6.0/extensions/atmel/avrgcc/3.4.0.65/avrtoolchain/bin/../lib/gcc/avr/4.6.2/avr51\libgcc.a(_exit.o)
                0x00001dba                _exit
                0x00001dba                exit
 *(.fini9)
 *(.fini8)
 *(.fini8)
 *(.fini7)
 *(.fini7)
 *(.fini6)
 *(.fini6)
 *(.fini5)
 *(.fini5)
 *(.fini4)
 *(.fini4)
 *(.fini3)
 *(.fini3)
 *(.fini2)
 *(.fini2)
 *(.fini1)
 *(.fini1)
 *(.fini0)
 .fini0         0x00001dba        0x4 c:/program files (x86)/atmel/atmel studio 6.0/extensions/atmel/avrgcc/3.4.0.65/avrtoolchain/bin/../lib/gcc/avr/4.6.2/avr51\libgcc.a(_exit.o)
 *(.fini0)
                0x00001dbe                _etext = .

.data           0x00800200       0x10 load address 0x00001dbe
                0x00800200                PROVIDE (__data_start, .)
 *(.data)
 .data          0x00800200        0xc WSNDemo.o
 .data          0x0080020c        0x4 c:/program files (x86)/atmel/atmel studio 6.0/extensions/atmel/avrgcc/3.4.0.65/avrtoolchain/bin/../lib/gcc/avr/4.6.2/../../../../avr/lib/avr51\libc.a(rand.o)
 *(.data*)
 *(.rodata)
 *(.rodata*)
 *(.gnu.linkonce.d*)
                0x00800210                . = ALIGN (0x2)
                0x00800210                _edata = .
                0x00800210                PROVIDE (__data_end, .)

.bss            0x00800210      0x59b
                0x00800210                PROVIDE (__bss_start, .)
 *(.bss)
 *(.bss*)
 .bss.halSleepTimerEvent
                0x00800210        0x1 stack/hal/src/halSleep.o
 .bss.halTimerDelayInt
                0x00800211        0x1 stack/hal/src/halTimer.o
 .bss.newData   0x00800212        0x1 stack/hal/src/halUart.o
 .bss.udrEmpty  0x00800213        0x1 stack/hal/src/halUart.o
 .bss.rxFifo    0x00800214        0xa stack/hal/src/halUart.o
 .bss.txFifo    0x0080021e        0xa stack/hal/src/halUart.o
 .bss.txData    0x00800228       0x65 stack/hal/src/halUart.o
 .bss.rxData    0x0080028d        0x2 stack/hal/src/halUart.o
 .bss.nwkDataReqQueue
                0x0080028f        0x2 stack/nwk/src/nwkDataReq.o
 .bss.nwkFrameFrames
                0x00800291      0x18f stack/nwk/src/nwkFrame.o
 .bss.nwkRouteTable
                0x00800420      0x258 stack/nwk/src/nwkRoute.o
 .bss.nwkRxAckControl
                0x00800678        0x1 stack/nwk/src/nwkRx.o
 .bss.nwkRxDuplicateRejectionTable
                0x00800679       0x32 stack/nwk/src/nwkRx.o
 .bss.nwkRxActiveFrames
                0x008006ab        0x1 stack/nwk/src/nwkRx.o
 .bss.nwkRxDuplicateRejectionTimer
                0x008006ac        0xd stack/nwk/src/nwkRx.o
 .bss.nwkTxPhyActiveFrame
                0x008006b9        0x2 stack/nwk/src/nwkTx.o
 .bss.nwkTxActiveFrames
                0x008006bb        0x1 stack/nwk/src/nwkTx.o
 .bss.nwkTxAckWaitTimer
                0x008006bc        0xd stack/nwk/src/nwkTx.o
 .bss.phyRxSize
                0x008006c9        0x1 stack/phy/src/phy.o
 .bss.phyRxRssi
                0x008006ca        0x1 stack/phy/src/phy.o
 .bss.phyTxStatus
                0x008006cb        0x1 stack/phy/src/phy.o
 .bss.phyState  0x008006cc        0x1 stack/phy/src/phy.o
 .bss.phyIb     0x008006cd        0x7 stack/phy/src/phy.o
 .bss.phyRxBuffer
                0x008006d4       0x80 stack/phy/src/phy.o
 .bss.timers    0x00800754        0x2 stack/sys/src/sysTimer.o
 .bss.appState  0x00800756        0x1 WSNDemo.o
 .bss.msg       0x00800757       0x36 WSNDemo.o
 .bss.appDataSendingTimer
                0x0080078d        0xd WSNDemo.o
 *(COMMON)
 COMMON         0x0080079a        0x4 RTC.o
                0x0080079a                aa
                0x0080079b                current_Time
 COMMON         0x0080079e        0x1 stack/hal/src/halTimer.o
                0x0080079e                halTimerIrqCount
 COMMON         0x0080079f        0xc stack/nwk/src/nwk.o
                0x0080079f                nwkIb
                0x008007ab                PROVIDE (__bss_end, .)
                0x00001dbe                __data_load_start = LOADADDR (.data)
                0x00001dce                __data_load_end = (__data_load_start + SIZEOF (.data))

.noinit         0x008007ab        0x0
                0x008007ab                PROVIDE (__noinit_start, .)
 *(.noinit*)
                0x008007ab                PROVIDE (__noinit_end, .)
                0x008007ab                _end = .
                0x008007ab                PROVIDE (__heap_start, .)

.eeprom         0x00810000        0x0
 *(.eeprom*)
                0x00810000                __eeprom_end = .

.fuse
 *(.fuse)
 *(.lfuse)
 *(.hfuse)
 *(.efuse)

.lock
 *(.lock*)

.signature
 *(.signature*)

.stab           0x00000000      0x750
 *(.stab)
 .stab          0x00000000      0x6cc c:/program files (x86)/atmel/atmel studio 6.0/extensions/atmel/avrgcc/3.4.0.65/avrtoolchain/bin/../lib/gcc/avr/4.6.2/../../../../avr/lib/avr51/crtm128rfa1.o
 .stab          0x000006cc       0x84 c:/program files (x86)/atmel/atmel studio 6.0/extensions/atmel/avrgcc/3.4.0.65/avrtoolchain/bin/../lib/gcc/avr/4.6.2/../../../../avr/lib/avr51\libc.a(memcpy.o)
                                 0x90 (size before relaxing)

.stabstr        0x00000000       0xe7
 *(.stabstr)
 .stabstr       0x00000000       0xe7 c:/program files (x86)/atmel/atmel studio 6.0/extensions/atmel/avrgcc/3.4.0.65/avrtoolchain/bin/../lib/gcc/avr/4.6.2/../../../../avr/lib/avr51/crtm128rfa1.o

.stab.excl
 *(.stab.excl)

.stab.exclstr
 *(.stab.exclstr)

.stab.index
 *(.stab.index)

.stab.indexstr
 *(.stab.indexstr)

.comment
 *(.comment)

.debug
 *(.debug)

.line
 *(.line)

.debug_srcinfo
 *(.debug_srcinfo)

.debug_sfnames
 *(.debug_sfnames)

.debug_aranges  0x00000000      0x540
 *(.debug_aranges)
 .debug_aranges
                0x00000000       0x30 RTC.o
 .debug_aranges
                0x00000030       0x28 stack/hal/src/hal.o
 .debug_aranges
                0x00000058       0x28 stack/hal/src/halSleep.o
 .debug_aranges
                0x00000080       0x38 stack/hal/src/halTimer.o
 .debug_aranges
                0x000000b8       0x58 stack/hal/src/halUart.o
 .debug_aranges
                0x00000110       0x58 stack/nwk/src/nwk.o
 .debug_aranges
                0x00000168       0x40 stack/nwk/src/nwkDataReq.o
 .debug_aranges
                0x000001a8       0x40 stack/nwk/src/nwkFrame.o
 .debug_aranges
                0x000001e8       0x70 stack/nwk/src/nwkRoute.o
 .debug_aranges
                0x00000258       0x58 stack/nwk/src/nwkRx.o
 .debug_aranges
                0x000002b0       0x60 stack/nwk/src/nwkTx.o
 .debug_aranges
                0x00000310       0x88 stack/phy/src/phy.o
 .debug_aranges
                0x00000398       0x28 stack/sys/src/sys.o
 .debug_aranges
                0x000003c0       0x48 stack/sys/src/sysTimer.o
 .debug_aranges
                0x00000408       0x40 WSNDemo.o
 .debug_aranges
                0x00000448       0x20 c:/program files (x86)/atmel/atmel studio 6.0/extensions/atmel/avrgcc/3.4.0.65/avrtoolchain/bin/../lib/gcc/avr/4.6.2/avr51\libgcc.a(_mulsi3.o)
 .debug_aranges
                0x00000468       0x20 c:/program files (x86)/atmel/atmel studio 6.0/extensions/atmel/avrgcc/3.4.0.65/avrtoolchain/bin/../lib/gcc/avr/4.6.2/avr51\libgcc.a(_udivmodsi4.o)
 .debug_aranges
                0x00000488       0x20 c:/program files (x86)/atmel/atmel studio 6.0/extensions/atmel/avrgcc/3.4.0.65/avrtoolchain/bin/../lib/gcc/avr/4.6.2/avr51\libgcc.a(_exit.o)
 .debug_aranges
                0x000004a8       0x20 c:/program files (x86)/atmel/atmel studio 6.0/extensions/atmel/avrgcc/3.4.0.65/avrtoolchain/bin/../lib/gcc/avr/4.6.2/avr51\libgcc.a(_copy_data.o)
 .debug_aranges
                0x000004c8       0x20 c:/program files (x86)/atmel/atmel studio 6.0/extensions/atmel/avrgcc/3.4.0.65/avrtoolchain/bin/../lib/gcc/avr/4.6.2/avr51\libgcc.a(_clear_bss.o)
 .debug_aranges
                0x000004e8       0x38 c:/program files (x86)/atmel/atmel studio 6.0/extensions/atmel/avrgcc/3.4.0.65/avrtoolchain/bin/../lib/gcc/avr/4.6.2/../../../../avr/lib/avr51\libc.a(rand.o)
 .debug_aranges
                0x00000520       0x20 c:/program files (x86)/atmel/atmel studio 6.0/extensions/atmel/avrgcc/3.4.0.65/avrtoolchain/bin/../lib/gcc/avr/4.6.2/avr51\libgcc.a(_divmodsi4.o)

.debug_pubnames
 *(.debug_pubnames)

.debug_info     0x00000000     0x49b0
 *(.debug_info)
 .debug_info    0x00000000      0x180 RTC.o
 .debug_info    0x00000180       0xb5 stack/hal/src/hal.o
 .debug_info    0x00000235      0x187 stack/hal/src/halSleep.o
 .debug_info    0x000003bc      0x118 stack/hal/src/halTimer.o
 .debug_info    0x000004d4      0x3be stack/hal/src/halUart.o
 .debug_info    0x00000892      0x2da stack/nwk/src/nwk.o
 .debug_info    0x00000b6c      0x6ea stack/nwk/src/nwkDataReq.o
 .debug_info    0x00001256      0x548 stack/nwk/src/nwkFrame.o
 .debug_info    0x0000179e      0x78c stack/nwk/src/nwkRoute.o
 .debug_info    0x00001f2a      0x9e6 stack/nwk/src/nwkRx.o
 .debug_info    0x00002910      0x815 stack/nwk/src/nwkTx.o
 .debug_info    0x00003125      0x768 stack/phy/src/phy.o
 .debug_info    0x0000388d       0x90 stack/sys/src/sys.o
 .debug_info    0x0000391d      0x339 stack/sys/src/sysTimer.o
 .debug_info    0x00003c56      0x706 WSNDemo.o
 .debug_info    0x0000435c       0xde c:/program files (x86)/atmel/atmel studio 6.0/extensions/atmel/avrgcc/3.4.0.65/avrtoolchain/bin/../lib/gcc/avr/4.6.2/avr51\libgcc.a(_mulsi3.o)
 .debug_info    0x0000443a       0xde c:/program files (x86)/atmel/atmel studio 6.0/extensions/atmel/avrgcc/3.4.0.65/avrtoolchain/bin/../lib/gcc/avr/4.6.2/avr51\libgcc.a(_udivmodsi4.o)
 .debug_info    0x00004518       0xde c:/program files (x86)/atmel/atmel studio 6.0/extensions/atmel/avrgcc/3.4.0.65/avrtoolchain/bin/../lib/gcc/avr/4.6.2/avr51\libgcc.a(_exit.o)
 .debug_info    0x000045f6       0xde c:/program files (x86)/atmel/atmel studio 6.0/extensions/atmel/avrgcc/3.4.0.65/avrtoolchain/bin/../lib/gcc/avr/4.6.2/avr51\libgcc.a(_copy_data.o)
 .debug_info    0x000046d4       0xde c:/program files (x86)/atmel/atmel studio 6.0/extensions/atmel/avrgcc/3.4.0.65/avrtoolchain/bin/../lib/gcc/avr/4.6.2/avr51\libgcc.a(_clear_bss.o)
 .debug_info    0x000047b2      0x120 c:/program files (x86)/atmel/atmel studio 6.0/extensions/atmel/avrgcc/3.4.0.65/avrtoolchain/bin/../lib/gcc/avr/4.6.2/../../../../avr/lib/avr51\libc.a(rand.o)
 .debug_info    0x000048d2       0xde c:/program files (x86)/atmel/atmel studio 6.0/extensions/atmel/avrgcc/3.4.0.65/avrtoolchain/bin/../lib/gcc/avr/4.6.2/avr51\libgcc.a(_divmodsi4.o)
 *(.gnu.linkonce.wi.*)

.debug_abbrev   0x00000000     0x1955
 *(.debug_abbrev)
 .debug_abbrev  0x00000000      0x100 RTC.o
 .debug_abbrev  0x00000100       0x74 stack/hal/src/hal.o
 .debug_abbrev  0x00000174       0xc4 stack/hal/src/halSleep.o
 .debug_abbrev  0x00000238       0xc3 stack/hal/src/halTimer.o
 .debug_abbrev  0x000002fb      0x155 stack/hal/src/halUart.o
 .debug_abbrev  0x00000450      0x13f stack/nwk/src/nwk.o
 .debug_abbrev  0x0000058f      0x227 stack/nwk/src/nwkDataReq.o
 .debug_abbrev  0x000007b6      0x18e stack/nwk/src/nwkFrame.o
 .debug_abbrev  0x00000944      0x263 stack/nwk/src/nwkRoute.o
 .debug_abbrev  0x00000ba7      0x335 stack/nwk/src/nwkRx.o
 .debug_abbrev  0x00000edc      0x277 stack/nwk/src/nwkTx.o
 .debug_abbrev  0x00001153      0x280 stack/phy/src/phy.o
 .debug_abbrev  0x000013d3       0x43 stack/sys/src/sys.o
 .debug_abbrev  0x00001416      0x1a4 stack/sys/src/sysTimer.o
 .debug_abbrev  0x000015ba      0x256 WSNDemo.o
 .debug_abbrev  0x00001810       0x14 c:/program files (x86)/atmel/atmel studio 6.0/extensions/atmel/avrgcc/3.4.0.65/avrtoolchain/bin/../lib/gcc/avr/4.6.2/avr51\libgcc.a(_mulsi3.o)
 .debug_abbrev  0x00001824       0x14 c:/program files (x86)/atmel/atmel studio 6.0/extensions/atmel/avrgcc/3.4.0.65/avrtoolchain/bin/../lib/gcc/avr/4.6.2/avr51\libgcc.a(_udivmodsi4.o)
 .debug_abbrev  0x00001838       0x14 c:/program files (x86)/atmel/atmel studio 6.0/extensions/atmel/avrgcc/3.4.0.65/avrtoolchain/bin/../lib/gcc/avr/4.6.2/avr51\libgcc.a(_exit.o)
 .debug_abbrev  0x0000184c       0x14 c:/program files (x86)/atmel/atmel studio 6.0/extensions/atmel/avrgcc/3.4.0.65/avrtoolchain/bin/../lib/gcc/avr/4.6.2/avr51\libgcc.a(_copy_data.o)
 .debug_abbrev  0x00001860       0x14 c:/program files (x86)/atmel/atmel studio 6.0/extensions/atmel/avrgcc/3.4.0.65/avrtoolchain/bin/../lib/gcc/avr/4.6.2/avr51\libgcc.a(_clear_bss.o)
 .debug_abbrev  0x00001874       0xcd c:/program files (x86)/atmel/atmel studio 6.0/extensions/atmel/avrgcc/3.4.0.65/avrtoolchain/bin/../lib/gcc/avr/4.6.2/../../../../avr/lib/avr51\libc.a(rand.o)
 .debug_abbrev  0x00001941       0x14 c:/program files (x86)/atmel/atmel studio 6.0/extensions/atmel/avrgcc/3.4.0.65/avrtoolchain/bin/../lib/gcc/avr/4.6.2/avr51\libgcc.a(_divmodsi4.o)

.debug_line     0x00000000     0x3d07
 *(.debug_line)
 .debug_line    0x00000000      0x2a9 RTC.o
 .debug_line    0x000002a9      0x2f4 stack/hal/src/hal.o
 .debug_line    0x0000059d      0x341 stack/hal/src/halSleep.o
 .debug_line    0x000008de      0x329 stack/hal/src/halTimer.o
 .debug_line    0x00000c07      0x3f6 stack/hal/src/halUart.o
 .debug_line    0x00000ffd      0x3e9 stack/nwk/src/nwk.o
 .debug_line    0x000013e6      0x3b4 stack/nwk/src/nwkDataReq.o
 .debug_line    0x0000179a      0x37e stack/nwk/src/nwkFrame.o
 .debug_line    0x00001b18      0x424 stack/nwk/src/nwkRoute.o
 .debug_line    0x00001f3c      0x4a8 stack/nwk/src/nwkRx.o
 .debug_line    0x000023e4      0x46e stack/nwk/src/nwkTx.o
 .debug_line    0x00002852      0x48d stack/phy/src/phy.o
 .debug_line    0x00002cdf      0x368 stack/sys/src/sys.o
 .debug_line    0x00003047      0x3b6 stack/sys/src/sysTimer.o
 .debug_line    0x000033fd      0x4e2 WSNDemo.o
 .debug_line    0x000038df       0xa5 c:/program files (x86)/atmel/atmel studio 6.0/extensions/atmel/avrgcc/3.4.0.65/avrtoolchain/bin/../lib/gcc/avr/4.6.2/avr51\libgcc.a(_mulsi3.o)
 .debug_line    0x00003984       0xa8 c:/program files (x86)/atmel/atmel studio 6.0/extensions/atmel/avrgcc/3.4.0.65/avrtoolchain/bin/../lib/gcc/avr/4.6.2/avr51\libgcc.a(_udivmodsi4.o)
 .debug_line    0x00003a2c       0x88 c:/program files (x86)/atmel/atmel studio 6.0/extensions/atmel/avrgcc/3.4.0.65/avrtoolchain/bin/../lib/gcc/avr/4.6.2/avr51\libgcc.a(_exit.o)
 .debug_line    0x00003ab4       0x93 c:/program files (x86)/atmel/atmel studio 6.0/extensions/atmel/avrgcc/3.4.0.65/avrtoolchain/bin/../lib/gcc/avr/4.6.2/avr51\libgcc.a(_copy_data.o)
 .debug_line    0x00003b47       0x8e c:/program files (x86)/atmel/atmel studio 6.0/extensions/atmel/avrgcc/3.4.0.65/avrtoolchain/bin/../lib/gcc/avr/4.6.2/avr51\libgcc.a(_clear_bss.o)
 .debug_line    0x00003bd5       0x91 c:/program files (x86)/atmel/atmel studio 6.0/extensions/atmel/avrgcc/3.4.0.65/avrtoolchain/bin/../lib/gcc/avr/4.6.2/../../../../avr/lib/avr51\libc.a(rand.o)
 .debug_line    0x00003c66       0xa1 c:/program files (x86)/atmel/atmel studio 6.0/extensions/atmel/avrgcc/3.4.0.65/avrtoolchain/bin/../lib/gcc/avr/4.6.2/avr51\libgcc.a(_divmodsi4.o)

.debug_frame    0x00000000      0xaf8
 *(.debug_frame)
 .debug_frame   0x00000000       0x94 RTC.o
 .debug_frame   0x00000094       0x34 stack/hal/src/hal.o
 .debug_frame   0x000000c8       0x50 stack/hal/src/halSleep.o
 .debug_frame   0x00000118       0x74 stack/hal/src/halTimer.o
 .debug_frame   0x0000018c      0x138 stack/hal/src/halUart.o
 .debug_frame   0x000002c4       0x94 stack/nwk/src/nwk.o
 .debug_frame   0x00000358       0x78 stack/nwk/src/nwkDataReq.o
 .debug_frame   0x000003d0       0x64 stack/nwk/src/nwkFrame.o
 .debug_frame   0x00000434      0x128 stack/nwk/src/nwkRoute.o
 .debug_frame   0x0000055c       0xe0 stack/nwk/src/nwkRx.o
 .debug_frame   0x0000063c      0x118 stack/nwk/src/nwkTx.o
 .debug_frame   0x00000754      0x17c stack/phy/src/phy.o
 .debug_frame   0x000008d0       0x34 stack/sys/src/sys.o
 .debug_frame   0x00000904       0xc0 stack/sys/src/sysTimer.o
 .debug_frame   0x000009c4       0xac WSNDemo.o
 .debug_frame   0x00000a70       0x88 c:/program files (x86)/atmel/atmel studio 6.0/extensions/atmel/avrgcc/3.4.0.65/avrtoolchain/bin/../lib/gcc/avr/4.6.2/../../../../avr/lib/avr51\libc.a(rand.o)

.debug_str      0x00000000     0x179a
 *(.debug_str)
 .debug_str     0x00000000       0xd3 RTC.o
                                0x10c (size before relaxing)
 .debug_str     0x000000d3       0x33 stack/hal/src/hal.o
                                 0xda (size before relaxing)
 .debug_str     0x00000106       0x99 stack/hal/src/halSleep.o
                                0x149 (size before relaxing)
 .debug_str     0x0000019f       0x73 stack/hal/src/halTimer.o
                                0x123 (size before relaxing)
 .debug_str     0x00000212      0x105 stack/hal/src/halUart.o
                                0x1e4 (size before relaxing)
 .debug_str     0x00000317       0xf7 stack/nwk/src/nwk.o
                                0x1be (size before relaxing)
 .debug_str     0x0000040e      0x321 stack/nwk/src/nwkDataReq.o
                                0x460 (size before relaxing)
 .debug_str     0x0000072f       0x8c stack/nwk/src/nwkFrame.o
                                0x345 (size before relaxing)
 .debug_str     0x000007bb      0x16e stack/nwk/src/nwkRoute.o
                                0x435 (size before relaxing)
 .debug_str     0x00000929      0x31b stack/nwk/src/nwkRx.o
                                0x598 (size before relaxing)
 .debug_str     0x00000c44      0x214 stack/nwk/src/nwkTx.o
                                0x592 (size before relaxing)
 .debug_str     0x00000e58      0x5bf stack/phy/src/phy.o
                                0x6aa (size before relaxing)
 .debug_str     0x00001417       0x30 stack/sys/src/sys.o
                                 0xcf (size before relaxing)
 .debug_str     0x00001447       0x87 stack/sys/src/sysTimer.o
                                0x1d1 (size before relaxing)
 .debug_str     0x000014ce      0x262 WSNDemo.o
                                0x420 (size before relaxing)
 .debug_str     0x00001730       0x6a c:/program files (x86)/atmel/atmel studio 6.0/extensions/atmel/avrgcc/3.4.0.65/avrtoolchain/bin/../lib/gcc/avr/4.6.2/../../../../avr/lib/avr51\libc.a(rand.o)
                                 0xa8 (size before relaxing)

.debug_loc      0x00000000     0x1e0c
 *(.debug_loc)
 .debug_loc     0x00000000      0x113 RTC.o
 .debug_loc     0x00000113       0x13 stack/hal/src/hal.o
 .debug_loc     0x00000126      0x134 stack/hal/src/halSleep.o
 .debug_loc     0x0000025a       0x90 stack/hal/src/halTimer.o
 .debug_loc     0x000002ea      0x358 stack/hal/src/halUart.o
 .debug_loc     0x00000642       0x86 stack/nwk/src/nwk.o
 .debug_loc     0x000006c8      0x15b stack/nwk/src/nwkDataReq.o
 .debug_loc     0x00000823      0x10a stack/nwk/src/nwkFrame.o
 .debug_loc     0x0000092d      0x441 stack/nwk/src/nwkRoute.o
 .debug_loc     0x00000d6e      0x39d stack/nwk/src/nwkRx.o
 .debug_loc     0x0000110b      0x3d3 stack/nwk/src/nwkTx.o
 .debug_loc     0x000014de      0x20e stack/phy/src/phy.o
 .debug_loc     0x000016ec      0x3ab stack/sys/src/sysTimer.o
 .debug_loc     0x00001a97      0x20e WSNDemo.o
 .debug_loc     0x00001ca5      0x167 c:/program files (x86)/atmel/atmel studio 6.0/extensions/atmel/avrgcc/3.4.0.65/avrtoolchain/bin/../lib/gcc/avr/4.6.2/../../../../avr/lib/avr51\libc.a(rand.o)

.debug_macinfo  0x00000000   0x104879
 *(.debug_macinfo)
 .debug_macinfo
                0x00000000     0xe53b RTC.o
 .debug_macinfo
                0x0000e53b    0x10da5 stack/hal/src/hal.o
 .debug_macinfo
                0x0001f2e0    0x10e22 stack/hal/src/halSleep.o
 .debug_macinfo
                0x00030102    0x10db9 stack/hal/src/halTimer.o
 .debug_macinfo
                0x00040ebb    0x1109f stack/hal/src/halUart.o
 .debug_macinfo
                0x00051f5a    0x1244f stack/nwk/src/nwk.o
 .debug_macinfo
                0x000643a9    0x11564 stack/nwk/src/nwkDataReq.o
 .debug_macinfo
                0x0007590d    0x11564 stack/nwk/src/nwkFrame.o
 .debug_macinfo
                0x00086e71    0x113bd stack/nwk/src/nwkRoute.o
 .debug_macinfo
                0x0009822e    0x1251d stack/nwk/src/nwkRx.o
 .debug_macinfo
                0x000aa74b    0x1248c stack/nwk/src/nwkTx.o
 .debug_macinfo
                0x000bcbd7    0x11f1a stack/phy/src/phy.o
 .debug_macinfo
                0x000ceaf1    0x11f54 stack/sys/src/sys.o
 .debug_macinfo
                0x000e0a45    0x110de stack/sys/src/sysTimer.o
 .debug_macinfo
                0x000f1b23    0x12d56 WSNDemo.o
OUTPUT(WSNDemo.elf elf32-avr)
LOAD linker stubs

.debug_ranges   0x00000000      0x470
 .debug_ranges  0x00000000       0x20 RTC.o
 .debug_ranges  0x00000020       0x18 stack/hal/src/hal.o
 .debug_ranges  0x00000038       0x18 stack/hal/src/halSleep.o
 .debug_ranges  0x00000050       0x28 stack/hal/src/halTimer.o
 .debug_ranges  0x00000078       0x48 stack/hal/src/halUart.o
 .debug_ranges  0x000000c0       0x48 stack/nwk/src/nwk.o
 .debug_ranges  0x00000108       0x30 stack/nwk/src/nwkDataReq.o
 .debug_ranges  0x00000138       0x30 stack/nwk/src/nwkFrame.o
 .debug_ranges  0x00000168       0x60 stack/nwk/src/nwkRoute.o
 .debug_ranges  0x000001c8       0xd8 stack/nwk/src/nwkRx.o
 .debug_ranges  0x000002a0       0x50 stack/nwk/src/nwkTx.o
 .debug_ranges  0x000002f0       0xa8 stack/phy/src/phy.o
 .debug_ranges  0x00000398       0x18 stack/sys/src/sys.o
 .debug_ranges  0x000003b0       0x38 stack/sys/src/sysTimer.o
 .debug_ranges  0x000003e8       0x60 WSNDemo.o
 .debug_ranges  0x00000448       0x28 c:/program files (x86)/atmel/atmel studio 6.0/extensions/atmel/avrgcc/3.4.0.65/avrtoolchain/bin/../lib/gcc/avr/4.6.2/../../../../avr/lib/avr51\libc.a(rand.o)
