Archive member included because of file (symbol)

c:/program files (x86)/atmel/atmel studio 6.0/extensions/atmel/avrgcc/3.4.0.65/avrtoolchain/bin/../lib/gcc/avr/4.6.2/avr51\libgcc.a(_mulsi3.o)
                              stack/sys/src/sysTimer.o (__mulsi3)
c:/program files (x86)/atmel/atmel studio 6.0/extensions/atmel/avrgcc/3.4.0.65/avrtoolchain/bin/../lib/gcc/avr/4.6.2/avr51\libgcc.a(_udivmodhi4.o)
                              libraries/RTC.o (__udivmodhi4)
c:/program files (x86)/atmel/atmel studio 6.0/extensions/atmel/avrgcc/3.4.0.65/avrtoolchain/bin/../lib/gcc/avr/4.6.2/avr51\libgcc.a(_udivmodsi4.o)
                              stack/hal/src/halSleep.o (__udivmodsi4)
c:/program files (x86)/atmel/atmel studio 6.0/extensions/atmel/avrgcc/3.4.0.65/avrtoolchain/bin/../lib/gcc/avr/4.6.2/avr51\libgcc.a(_exit.o)
                              c:/program files (x86)/atmel/atmel studio 6.0/extensions/atmel/avrgcc/3.4.0.65/avrtoolchain/bin/../lib/gcc/avr/4.6.2/../../../../avr/lib/avr51/crtm128rfa1.o (exit)
c:/program files (x86)/atmel/atmel studio 6.0/extensions/atmel/avrgcc/3.4.0.65/avrtoolchain/bin/../lib/gcc/avr/4.6.2/avr51\libgcc.a(_copy_data.o)
                              libraries/ANALOG.o (__do_copy_data)
c:/program files (x86)/atmel/atmel studio 6.0/extensions/atmel/avrgcc/3.4.0.65/avrtoolchain/bin/../lib/gcc/avr/4.6.2/avr51\libgcc.a(_clear_bss.o)
                              libraries/ANALOG.o (__do_clear_bss)
c:/program files (x86)/atmel/atmel studio 6.0/extensions/atmel/avrgcc/3.4.0.65/avrtoolchain/bin/../lib/gcc/avr/4.6.2/../../../../avr/lib/avr51\libc.a(rand.o)
                              WSNDemo.o (rand)
c:/program files (x86)/atmel/atmel studio 6.0/extensions/atmel/avrgcc/3.4.0.65/avrtoolchain/bin/../lib/gcc/avr/4.6.2/../../../../avr/lib/avr51\libc.a(memcpy.o)
                              stack/nwk/src/nwkDataReq.o (memcpy)
c:/program files (x86)/atmel/atmel studio 6.0/extensions/atmel/avrgcc/3.4.0.65/avrtoolchain/bin/../lib/gcc/avr/4.6.2/../../../../avr/lib/avr51\libc.a(itoa.o)
                              WSNDemo.o (itoa)
c:/program files (x86)/atmel/atmel studio 6.0/extensions/atmel/avrgcc/3.4.0.65/avrtoolchain/bin/../lib/gcc/avr/4.6.2/../../../../avr/lib/avr51\libc.a(eerd_byte_atmega128rfa1.o)
                              libraries/EEPROM.o (__eerd_byte_m128rfa1)
c:/program files (x86)/atmel/atmel studio 6.0/extensions/atmel/avrgcc/3.4.0.65/avrtoolchain/bin/../lib/gcc/avr/4.6.2/../../../../avr/lib/avr51\libc.a(eewr_byte_atmega128rfa1.o)
                              libraries/EEPROM.o (__eewr_byte_m128rfa1)
c:/program files (x86)/atmel/atmel studio 6.0/extensions/atmel/avrgcc/3.4.0.65/avrtoolchain/bin/../lib/gcc/avr/4.6.2/../../../../avr/lib/avr51\libc.a(strrev.o)
                              c:/program files (x86)/atmel/atmel studio 6.0/extensions/atmel/avrgcc/3.4.0.65/avrtoolchain/bin/../lib/gcc/avr/4.6.2/../../../../avr/lib/avr51\libc.a(itoa.o) (strrev)
c:/program files (x86)/atmel/atmel studio 6.0/extensions/atmel/avrgcc/3.4.0.65/avrtoolchain/bin/../lib/gcc/avr/4.6.2/avr51\libgcc.a(_divmodsi4.o)
                              c:/program files (x86)/atmel/atmel studio 6.0/extensions/atmel/avrgcc/3.4.0.65/avrtoolchain/bin/../lib/gcc/avr/4.6.2/../../../../avr/lib/avr51\libc.a(rand.o) (__divmodsi4)

Allocating common symbols
Common symbol       size              file

securityKey         0x10              WSNDemo.o
current_Channel     0x1               WSNDemo.o
nwkIb               0xc               stack/nwk/src/nwk.o
valid_Time          0x1               WSNDemo.o
current_PanId       0x2               WSNDemo.o
adcVal              0x2               WSNDemo.o
current_Time        0x3               WSNDemo.o
buf                 0x5               WSNDemo.o
halTimerIrqCount    0x1               stack/hal/src/halTimer.o
device_Address      0x2               WSNDemo.o

Discarded input sections

 .data          0x00000000        0x0 c:/program files (x86)/atmel/atmel studio 6.0/extensions/atmel/avrgcc/3.4.0.65/avrtoolchain/bin/../lib/gcc/avr/4.6.2/../../../../avr/lib/avr51/crtm128rfa1.o
 .bss           0x00000000        0x0 c:/program files (x86)/atmel/atmel studio 6.0/extensions/atmel/avrgcc/3.4.0.65/avrtoolchain/bin/../lib/gcc/avr/4.6.2/../../../../avr/lib/avr51/crtm128rfa1.o
 .text          0x00000000        0x0 libraries/ANALOG.o
 .data          0x00000000        0x0 libraries/ANALOG.o
 .bss           0x00000000        0x0 libraries/ANALOG.o
 .text          0x00000000        0x0 libraries/EEPROM.o
 .data          0x00000000        0x0 libraries/EEPROM.o
 .bss           0x00000000        0x0 libraries/EEPROM.o
 .text.EEPROM_Read
                0x00000000        0x6 libraries/EEPROM.o
 .text.EEPROM_Write
                0x00000000        0x6 libraries/EEPROM.o
 .debug_info    0x00000000       0xd2 libraries/EEPROM.o
 .debug_abbrev  0x00000000       0x78 libraries/EEPROM.o
 .debug_loc     0x00000000       0x43 libraries/EEPROM.o
 .debug_aranges
                0x00000000       0x28 libraries/EEPROM.o
 .debug_ranges  0x00000000       0x18 libraries/EEPROM.o
 .debug_line    0x00000000      0x2b5 libraries/EEPROM.o
 .debug_macinfo
                0x00000000     0xebe2 libraries/EEPROM.o
 .debug_str     0x00000000       0xe4 libraries/EEPROM.o
 .debug_frame   0x00000000       0x34 libraries/EEPROM.o
 .text          0x00000000        0x0 libraries/RTC.o
 .data          0x00000000        0x0 libraries/RTC.o
 .bss           0x00000000        0x0 libraries/RTC.o
 .text          0x00000000        0x0 otaInterface.o
 .data          0x00000000        0x0 otaInterface.o
 .bss           0x00000000        0x0 otaInterface.o
 .debug_info    0x00000000       0x62 otaInterface.o
 .debug_abbrev  0x00000000       0x2c otaInterface.o
 .debug_line    0x00000000      0x31c otaInterface.o
 .debug_macinfo
                0x00000000    0x110f8 otaInterface.o
 .debug_str     0x00000000       0xb3 otaInterface.o
 .text          0x00000000        0x0 stack/hal/src/hal.o
 .data          0x00000000        0x0 stack/hal/src/hal.o
 .bss           0x00000000        0x0 stack/hal/src/hal.o
 .text          0x00000000        0x0 stack/hal/src/halPhy.o
 .data          0x00000000        0x0 stack/hal/src/halPhy.o
 .bss           0x00000000        0x0 stack/hal/src/halPhy.o
 .debug_info    0x00000000       0x29 stack/hal/src/halPhy.o
 .debug_abbrev  0x00000000       0x16 stack/hal/src/halPhy.o
 .debug_line    0x00000000       0x37 stack/hal/src/halPhy.o
 .debug_macinfo
                0x00000000     0x21fe stack/hal/src/halPhy.o
 .debug_str     0x00000000       0x52 stack/hal/src/halPhy.o
 .text          0x00000000        0x0 stack/hal/src/halSleep.o
 .data          0x00000000        0x0 stack/hal/src/halSleep.o
 .bss           0x00000000        0x0 stack/hal/src/halSleep.o
 .text          0x00000000        0x0 stack/hal/src/halTimer.o
 .data          0x00000000        0x0 stack/hal/src/halTimer.o
 .bss           0x00000000        0x0 stack/hal/src/halTimer.o
 .text          0x00000000        0x0 stack/hal/src/halUart.o
 .data          0x00000000        0x0 stack/hal/src/halUart.o
 .bss           0x00000000        0x0 stack/hal/src/halUart.o
 .text.HAL_UartWriteBuffer
                0x00000000       0x3a stack/hal/src/halUart.o
 .text          0x00000000        0x0 stack/nwk/src/nwk.o
 .data          0x00000000        0x0 stack/nwk/src/nwk.o
 .bss           0x00000000        0x0 stack/nwk/src/nwk.o
 .text          0x00000000        0x0 stack/nwk/src/nwkDataReq.o
 .data          0x00000000        0x0 stack/nwk/src/nwkDataReq.o
 .bss           0x00000000        0x0 stack/nwk/src/nwkDataReq.o
 .text          0x00000000        0x0 stack/nwk/src/nwkFrame.o
 .data          0x00000000        0x0 stack/nwk/src/nwkFrame.o
 .bss           0x00000000        0x0 stack/nwk/src/nwkFrame.o
 .text          0x00000000        0x0 stack/nwk/src/nwkRoute.o
 .data          0x00000000        0x0 stack/nwk/src/nwkRoute.o
 .bss           0x00000000        0x0 stack/nwk/src/nwkRoute.o
 .text          0x00000000        0x0 stack/nwk/src/nwkRx.o
 .data          0x00000000        0x0 stack/nwk/src/nwkRx.o
 .bss           0x00000000        0x0 stack/nwk/src/nwkRx.o
 .text.NWK_SetAckControl
                0x00000000        0x6 stack/nwk/src/nwkRx.o
 .text          0x00000000        0x0 stack/nwk/src/nwkSecurity.o
 .data          0x00000000        0x0 stack/nwk/src/nwkSecurity.o
 .bss           0x00000000        0x0 stack/nwk/src/nwkSecurity.o
 .debug_info    0x00000000       0x69 stack/nwk/src/nwkSecurity.o
 .debug_abbrev  0x00000000       0x2c stack/nwk/src/nwkSecurity.o
 .debug_line    0x00000000      0x32c stack/nwk/src/nwkSecurity.o
 .debug_macinfo
                0x00000000    0x115a7 stack/nwk/src/nwkSecurity.o
 .debug_str     0x00000000       0xc4 stack/nwk/src/nwkSecurity.o
 .text          0x00000000        0x0 stack/nwk/src/nwkTx.o
 .data          0x00000000        0x0 stack/nwk/src/nwkTx.o
 .bss           0x00000000        0x0 stack/nwk/src/nwkTx.o
 .text          0x00000000        0x0 stack/phy/src/phy.o
 .data          0x00000000        0x0 stack/phy/src/phy.o
 .bss           0x00000000        0x0 stack/phy/src/phy.o
 .text          0x00000000        0x0 stack/service/src/otaClient.o
 .data          0x00000000        0x0 stack/service/src/otaClient.o
 .bss           0x00000000        0x0 stack/service/src/otaClient.o
 .debug_info    0x00000000       0x62 stack/service/src/otaClient.o
 .debug_abbrev  0x00000000       0x2c stack/service/src/otaClient.o
 .debug_line    0x00000000      0x21b stack/service/src/otaClient.o
 .debug_macinfo
                0x00000000     0x3352 stack/service/src/otaClient.o
 .debug_str     0x00000000       0xc0 stack/service/src/otaClient.o
 .text          0x00000000        0x0 stack/service/src/otaServer.o
 .data          0x00000000        0x0 stack/service/src/otaServer.o
 .bss           0x00000000        0x0 stack/service/src/otaServer.o
 .debug_info    0x00000000       0x62 stack/service/src/otaServer.o
 .debug_abbrev  0x00000000       0x2c stack/service/src/otaServer.o
 .debug_line    0x00000000      0x21b stack/service/src/otaServer.o
 .debug_macinfo
                0x00000000     0x3352 stack/service/src/otaServer.o
 .debug_str     0x00000000       0xc0 stack/service/src/otaServer.o
 .text          0x00000000        0x0 stack/sys/src/sys.o
 .data          0x00000000        0x0 stack/sys/src/sys.o
 .bss           0x00000000        0x0 stack/sys/src/sys.o
 .text          0x00000000        0x0 stack/sys/src/sysEncrypt.o
 .data          0x00000000        0x0 stack/sys/src/sysEncrypt.o
 .bss           0x00000000        0x0 stack/sys/src/sysEncrypt.o
 .debug_info    0x00000000       0x62 stack/sys/src/sysEncrypt.o
 .debug_abbrev  0x00000000       0x2c stack/sys/src/sysEncrypt.o
 .debug_line    0x00000000      0x322 stack/sys/src/sysEncrypt.o
 .debug_macinfo
                0x00000000    0x120ec stack/sys/src/sysEncrypt.o
 .debug_str     0x00000000       0xbd stack/sys/src/sysEncrypt.o
 .text          0x00000000        0x0 stack/sys/src/sysTimer.o
 .data          0x00000000        0x0 stack/sys/src/sysTimer.o
 .bss           0x00000000        0x0 stack/sys/src/sysTimer.o
 .text          0x00000000        0x0 WSNDemo.o
 .bss           0x00000000        0x0 WSNDemo.o
 .text          0x00000000        0x0 c:/program files (x86)/atmel/atmel studio 6.0/extensions/atmel/avrgcc/3.4.0.65/avrtoolchain/bin/../lib/gcc/avr/4.6.2/avr51\libgcc.a(_mulsi3.o)
 .data          0x00000000        0x0 c:/program files (x86)/atmel/atmel studio 6.0/extensions/atmel/avrgcc/3.4.0.65/avrtoolchain/bin/../lib/gcc/avr/4.6.2/avr51\libgcc.a(_mulsi3.o)
 .bss           0x00000000        0x0 c:/program files (x86)/atmel/atmel studio 6.0/extensions/atmel/avrgcc/3.4.0.65/avrtoolchain/bin/../lib/gcc/avr/4.6.2/avr51\libgcc.a(_mulsi3.o)
 .text          0x00000000        0x0 c:/program files (x86)/atmel/atmel studio 6.0/extensions/atmel/avrgcc/3.4.0.65/avrtoolchain/bin/../lib/gcc/avr/4.6.2/avr51\libgcc.a(_udivmodhi4.o)
 .data          0x00000000        0x0 c:/program files (x86)/atmel/atmel studio 6.0/extensions/atmel/avrgcc/3.4.0.65/avrtoolchain/bin/../lib/gcc/avr/4.6.2/avr51\libgcc.a(_udivmodhi4.o)
 .bss           0x00000000        0x0 c:/program files (x86)/atmel/atmel studio 6.0/extensions/atmel/avrgcc/3.4.0.65/avrtoolchain/bin/../lib/gcc/avr/4.6.2/avr51\libgcc.a(_udivmodhi4.o)
 .text          0x00000000        0x0 c:/program files (x86)/atmel/atmel studio 6.0/extensions/atmel/avrgcc/3.4.0.65/avrtoolchain/bin/../lib/gcc/avr/4.6.2/avr51\libgcc.a(_udivmodsi4.o)
 .data          0x00000000        0x0 c:/program files (x86)/atmel/atmel studio 6.0/extensions/atmel/avrgcc/3.4.0.65/avrtoolchain/bin/../lib/gcc/avr/4.6.2/avr51\libgcc.a(_udivmodsi4.o)
 .bss           0x00000000        0x0 c:/program files (x86)/atmel/atmel studio 6.0/extensions/atmel/avrgcc/3.4.0.65/avrtoolchain/bin/../lib/gcc/avr/4.6.2/avr51\libgcc.a(_udivmodsi4.o)
 .text          0x00000000        0x0 c:/program files (x86)/atmel/atmel studio 6.0/extensions/atmel/avrgcc/3.4.0.65/avrtoolchain/bin/../lib/gcc/avr/4.6.2/avr51\libgcc.a(_exit.o)
 .data          0x00000000        0x0 c:/program files (x86)/atmel/atmel studio 6.0/extensions/atmel/avrgcc/3.4.0.65/avrtoolchain/bin/../lib/gcc/avr/4.6.2/avr51\libgcc.a(_exit.o)
 .bss           0x00000000        0x0 c:/program files (x86)/atmel/atmel studio 6.0/extensions/atmel/avrgcc/3.4.0.65/avrtoolchain/bin/../lib/gcc/avr/4.6.2/avr51\libgcc.a(_exit.o)
 .text.libgcc   0x00000000        0x0 c:/program files (x86)/atmel/atmel studio 6.0/extensions/atmel/avrgcc/3.4.0.65/avrtoolchain/bin/../lib/gcc/avr/4.6.2/avr51\libgcc.a(_exit.o)
 .text          0x00000000        0x0 c:/program files (x86)/atmel/atmel studio 6.0/extensions/atmel/avrgcc/3.4.0.65/avrtoolchain/bin/../lib/gcc/avr/4.6.2/avr51\libgcc.a(_copy_data.o)
 .data          0x00000000        0x0 c:/program files (x86)/atmel/atmel studio 6.0/extensions/atmel/avrgcc/3.4.0.65/avrtoolchain/bin/../lib/gcc/avr/4.6.2/avr51\libgcc.a(_copy_data.o)
 .bss           0x00000000        0x0 c:/program files (x86)/atmel/atmel studio 6.0/extensions/atmel/avrgcc/3.4.0.65/avrtoolchain/bin/../lib/gcc/avr/4.6.2/avr51\libgcc.a(_copy_data.o)
 .text.libgcc   0x00000000        0x0 c:/program files (x86)/atmel/atmel studio 6.0/extensions/atmel/avrgcc/3.4.0.65/avrtoolchain/bin/../lib/gcc/avr/4.6.2/avr51\libgcc.a(_copy_data.o)
 .text          0x00000000        0x0 c:/program files (x86)/atmel/atmel studio 6.0/extensions/atmel/avrgcc/3.4.0.65/avrtoolchain/bin/../lib/gcc/avr/4.6.2/avr51\libgcc.a(_clear_bss.o)
 .data          0x00000000        0x0 c:/program files (x86)/atmel/atmel studio 6.0/extensions/atmel/avrgcc/3.4.0.65/avrtoolchain/bin/../lib/gcc/avr/4.6.2/avr51\libgcc.a(_clear_bss.o)
 .bss           0x00000000        0x0 c:/program files (x86)/atmel/atmel studio 6.0/extensions/atmel/avrgcc/3.4.0.65/avrtoolchain/bin/../lib/gcc/avr/4.6.2/avr51\libgcc.a(_clear_bss.o)
 .text.libgcc   0x00000000        0x0 c:/program files (x86)/atmel/atmel studio 6.0/extensions/atmel/avrgcc/3.4.0.65/avrtoolchain/bin/../lib/gcc/avr/4.6.2/avr51\libgcc.a(_clear_bss.o)
 .text          0x00000000        0x0 c:/program files (x86)/atmel/atmel studio 6.0/extensions/atmel/avrgcc/3.4.0.65/avrtoolchain/bin/../lib/gcc/avr/4.6.2/../../../../avr/lib/avr51\libc.a(rand.o)
 .bss           0x00000000        0x0 c:/program files (x86)/atmel/atmel studio 6.0/extensions/atmel/avrgcc/3.4.0.65/avrtoolchain/bin/../lib/gcc/avr/4.6.2/../../../../avr/lib/avr51\libc.a(rand.o)
 .text          0x00000000        0x0 c:/program files (x86)/atmel/atmel studio 6.0/extensions/atmel/avrgcc/3.4.0.65/avrtoolchain/bin/../lib/gcc/avr/4.6.2/../../../../avr/lib/avr51\libc.a(memcpy.o)
 .data          0x00000000        0x0 c:/program files (x86)/atmel/atmel studio 6.0/extensions/atmel/avrgcc/3.4.0.65/avrtoolchain/bin/../lib/gcc/avr/4.6.2/../../../../avr/lib/avr51\libc.a(memcpy.o)
 .bss           0x00000000        0x0 c:/program files (x86)/atmel/atmel studio 6.0/extensions/atmel/avrgcc/3.4.0.65/avrtoolchain/bin/../lib/gcc/avr/4.6.2/../../../../avr/lib/avr51\libc.a(memcpy.o)
 .text          0x00000000        0x0 c:/program files (x86)/atmel/atmel studio 6.0/extensions/atmel/avrgcc/3.4.0.65/avrtoolchain/bin/../lib/gcc/avr/4.6.2/../../../../avr/lib/avr51\libc.a(itoa.o)
 .data          0x00000000        0x0 c:/program files (x86)/atmel/atmel studio 6.0/extensions/atmel/avrgcc/3.4.0.65/avrtoolchain/bin/../lib/gcc/avr/4.6.2/../../../../avr/lib/avr51\libc.a(itoa.o)
 .bss           0x00000000        0x0 c:/program files (x86)/atmel/atmel studio 6.0/extensions/atmel/avrgcc/3.4.0.65/avrtoolchain/bin/../lib/gcc/avr/4.6.2/../../../../avr/lib/avr51\libc.a(itoa.o)
 .text          0x00000000        0x0 c:/program files (x86)/atmel/atmel studio 6.0/extensions/atmel/avrgcc/3.4.0.65/avrtoolchain/bin/../lib/gcc/avr/4.6.2/../../../../avr/lib/avr51\libc.a(eerd_byte_atmega128rfa1.o)
 .data          0x00000000        0x0 c:/program files (x86)/atmel/atmel studio 6.0/extensions/atmel/avrgcc/3.4.0.65/avrtoolchain/bin/../lib/gcc/avr/4.6.2/../../../../avr/lib/avr51\libc.a(eerd_byte_atmega128rfa1.o)
 .bss           0x00000000        0x0 c:/program files (x86)/atmel/atmel studio 6.0/extensions/atmel/avrgcc/3.4.0.65/avrtoolchain/bin/../lib/gcc/avr/4.6.2/../../../../avr/lib/avr51\libc.a(eerd_byte_atmega128rfa1.o)
 .stab          0x00000000       0x90 c:/program files (x86)/atmel/atmel studio 6.0/extensions/atmel/avrgcc/3.4.0.65/avrtoolchain/bin/../lib/gcc/avr/4.6.2/../../../../avr/lib/avr51\libc.a(eerd_byte_atmega128rfa1.o)
                                 0x9c (size before relaxing)
 .text.avr-libc
                0x00000000       0x10 c:/program files (x86)/atmel/atmel studio 6.0/extensions/atmel/avrgcc/3.4.0.65/avrtoolchain/bin/../lib/gcc/avr/4.6.2/../../../../avr/lib/avr51\libc.a(eerd_byte_atmega128rfa1.o)
 .text          0x00000000        0x0 c:/program files (x86)/atmel/atmel studio 6.0/extensions/atmel/avrgcc/3.4.0.65/avrtoolchain/bin/../lib/gcc/avr/4.6.2/../../../../avr/lib/avr51\libc.a(eewr_byte_atmega128rfa1.o)
 .data          0x00000000        0x0 c:/program files (x86)/atmel/atmel studio 6.0/extensions/atmel/avrgcc/3.4.0.65/avrtoolchain/bin/../lib/gcc/avr/4.6.2/../../../../avr/lib/avr51\libc.a(eewr_byte_atmega128rfa1.o)
 .bss           0x00000000        0x0 c:/program files (x86)/atmel/atmel studio 6.0/extensions/atmel/avrgcc/3.4.0.65/avrtoolchain/bin/../lib/gcc/avr/4.6.2/../../../../avr/lib/avr51\libc.a(eewr_byte_atmega128rfa1.o)
 .stab          0x00000000       0xe4 c:/program files (x86)/atmel/atmel studio 6.0/extensions/atmel/avrgcc/3.4.0.65/avrtoolchain/bin/../lib/gcc/avr/4.6.2/../../../../avr/lib/avr51\libc.a(eewr_byte_atmega128rfa1.o)
                                 0xf0 (size before relaxing)
 .text.avr-libc
                0x00000000       0x1c c:/program files (x86)/atmel/atmel studio 6.0/extensions/atmel/avrgcc/3.4.0.65/avrtoolchain/bin/../lib/gcc/avr/4.6.2/../../../../avr/lib/avr51\libc.a(eewr_byte_atmega128rfa1.o)
 .text          0x00000000        0x0 c:/program files (x86)/atmel/atmel studio 6.0/extensions/atmel/avrgcc/3.4.0.65/avrtoolchain/bin/../lib/gcc/avr/4.6.2/../../../../avr/lib/avr51\libc.a(strrev.o)
 .data          0x00000000        0x0 c:/program files (x86)/atmel/atmel studio 6.0/extensions/atmel/avrgcc/3.4.0.65/avrtoolchain/bin/../lib/gcc/avr/4.6.2/../../../../avr/lib/avr51\libc.a(strrev.o)
 .bss           0x00000000        0x0 c:/program files (x86)/atmel/atmel studio 6.0/extensions/atmel/avrgcc/3.4.0.65/avrtoolchain/bin/../lib/gcc/avr/4.6.2/../../../../avr/lib/avr51\libc.a(strrev.o)
 .text          0x00000000        0x0 c:/program files (x86)/atmel/atmel studio 6.0/extensions/atmel/avrgcc/3.4.0.65/avrtoolchain/bin/../lib/gcc/avr/4.6.2/avr51\libgcc.a(_divmodsi4.o)
 .data          0x00000000        0x0 c:/program files (x86)/atmel/atmel studio 6.0/extensions/atmel/avrgcc/3.4.0.65/avrtoolchain/bin/../lib/gcc/avr/4.6.2/avr51\libgcc.a(_divmodsi4.o)
 .bss           0x00000000        0x0 c:/program files (x86)/atmel/atmel studio 6.0/extensions/atmel/avrgcc/3.4.0.65/avrtoolchain/bin/../lib/gcc/avr/4.6.2/avr51\libgcc.a(_divmodsi4.o)

Memory Configuration

Name             Origin             Length             Attributes
text             0x00000000         0x00020000         xr
data             0x00800100         0x0000ff00         rw !x
eeprom           0x00810000         0x00010000         rw !x
fuse             0x00820000         0x00000400         rw !x
lock             0x00830000         0x00000400         rw !x
signature        0x00840000         0x00000400         rw !x
*default*        0x00000000         0xffffffff

Linker script and memory map

Address of section .data set to 0x800200
LOAD c:/program files (x86)/atmel/atmel studio 6.0/extensions/atmel/avrgcc/3.4.0.65/avrtoolchain/bin/../lib/gcc/avr/4.6.2/../../../../avr/lib/avr51/crtm128rfa1.o
LOAD libraries/ANALOG.o
LOAD libraries/EEPROM.o
LOAD libraries/RTC.o
LOAD otaInterface.o
LOAD stack/hal/src/hal.o
LOAD stack/hal/src/halPhy.o
LOAD stack/hal/src/halSleep.o
LOAD stack/hal/src/halTimer.o
LOAD stack/hal/src/halUart.o
LOAD stack/nwk/src/nwk.o
LOAD stack/nwk/src/nwkDataReq.o
LOAD stack/nwk/src/nwkFrame.o
LOAD stack/nwk/src/nwkRoute.o
LOAD stack/nwk/src/nwkRx.o
LOAD stack/nwk/src/nwkSecurity.o
LOAD stack/nwk/src/nwkTx.o
LOAD stack/phy/src/phy.o
LOAD stack/service/src/otaClient.o
LOAD stack/service/src/otaServer.o
LOAD stack/sys/src/sys.o
LOAD stack/sys/src/sysEncrypt.o
LOAD stack/sys/src/sysTimer.o
LOAD WSNDemo.o
START GROUP
END GROUP
LOAD c:/program files (x86)/atmel/atmel studio 6.0/extensions/atmel/avrgcc/3.4.0.65/avrtoolchain/bin/../lib/gcc/avr/4.6.2/avr51\libgcc.a
LOAD c:/program files (x86)/atmel/atmel studio 6.0/extensions/atmel/avrgcc/3.4.0.65/avrtoolchain/bin/../lib/gcc/avr/4.6.2/../../../../avr/lib/avr51\libc.a
LOAD c:/program files (x86)/atmel/atmel studio 6.0/extensions/atmel/avrgcc/3.4.0.65/avrtoolchain/bin/../lib/gcc/avr/4.6.2/avr51\libgcc.a

.hash
 *(.hash)

.dynsym
 *(.dynsym)

.dynstr
 *(.dynstr)

.gnu.version
 *(.gnu.version)

.gnu.version_d
 *(.gnu.version_d)

.gnu.version_r
 *(.gnu.version_r)

.rel.init
 *(.rel.init)

.rela.init
 *(.rela.init)

.rel.text
 *(.rel.text)
 *(.rel.text.*)
 *(.rel.gnu.linkonce.t*)

.rela.text
 *(.rela.text)
 *(.rela.text.*)
 *(.rela.gnu.linkonce.t*)

.rel.fini
 *(.rel.fini)

.rela.fini
 *(.rela.fini)

.rel.rodata
 *(.rel.rodata)
 *(.rel.rodata.*)
 *(.rel.gnu.linkonce.r*)

.rela.rodata
 *(.rela.rodata)
 *(.rela.rodata.*)
 *(.rela.gnu.linkonce.r*)

.rel.data
 *(.rel.data)
 *(.rel.data.*)
 *(.rel.gnu.linkonce.d*)

.rela.data
 *(.rela.data)
 *(.rela.data.*)
 *(.rela.gnu.linkonce.d*)

.rel.ctors
 *(.rel.ctors)

.rela.ctors
 *(.rela.ctors)

.rel.dtors
 *(.rel.dtors)

.rela.dtors
 *(.rela.dtors)

.rel.got
 *(.rel.got)

.rela.got
 *(.rela.got)

.rel.bss
 *(.rel.bss)

.rela.bss
 *(.rela.bss)

.rel.plt
 *(.rel.plt)

.rela.plt
 *(.rela.plt)

.text           0x00000000     0x227e
 *(.vectors)
 .vectors       0x00000000      0x120 c:/program files (x86)/atmel/atmel studio 6.0/extensions/atmel/avrgcc/3.4.0.65/avrtoolchain/bin/../lib/gcc/avr/4.6.2/../../../../avr/lib/avr51/crtm128rfa1.o
                0x00000000                __vector_default
                0x00000000                __vectors
 *(.vectors)
 *(.progmem.gcc*)
 *(.progmem*)
                0x00000120                . = ALIGN (0x2)
                0x00000120                __trampolines_start = .
 *(.trampolines)
 .trampolines   0x00000120        0x0 linker stubs
 *(.trampolines*)
                0x00000120                __trampolines_end = .
 *(.jumptables)
 *(.jumptables*)
 *(.lowtext)
 *(.lowtext*)
                0x00000120                __ctors_start = .
 *(.ctors)
                0x00000120                __ctors_end = .
                0x00000120                __dtors_start = .
 *(.dtors)
                0x00000120                __dtors_end = .
 SORT(*)(.ctors)
 SORT(*)(.dtors)
 *(.init0)
 .init0         0x00000120        0x0 c:/program files (x86)/atmel/atmel studio 6.0/extensions/atmel/avrgcc/3.4.0.65/avrtoolchain/bin/../lib/gcc/avr/4.6.2/../../../../avr/lib/avr51/crtm128rfa1.o
                0x00000120                __init
 *(.init0)
 *(.init1)
 *(.init1)
 *(.init2)
 .init2         0x00000120        0xc c:/program files (x86)/atmel/atmel studio 6.0/extensions/atmel/avrgcc/3.4.0.65/avrtoolchain/bin/../lib/gcc/avr/4.6.2/../../../../avr/lib/avr51/crtm128rfa1.o
 *(.init2)
 *(.init3)
 *(.init3)
 *(.init4)
 .init4         0x0000012c       0x1a c:/program files (x86)/atmel/atmel studio 6.0/extensions/atmel/avrgcc/3.4.0.65/avrtoolchain/bin/../lib/gcc/avr/4.6.2/avr51\libgcc.a(_copy_data.o)
                0x0000012c                __do_copy_data
 .init4         0x00000146       0x10 c:/program files (x86)/atmel/atmel studio 6.0/extensions/atmel/avrgcc/3.4.0.65/avrtoolchain/bin/../lib/gcc/avr/4.6.2/avr51\libgcc.a(_clear_bss.o)
                0x00000146                __do_clear_bss
 *(.init4)
 *(.init5)
 *(.init5)
 *(.init6)
 *(.init6)
 *(.init7)
 *(.init7)
 *(.init8)
 *(.init8)
 *(.init9)
 .init9         0x00000156        0x8 c:/program files (x86)/atmel/atmel studio 6.0/extensions/atmel/avrgcc/3.4.0.65/avrtoolchain/bin/../lib/gcc/avr/4.6.2/../../../../avr/lib/avr51/crtm128rfa1.o
 *(.init9)
 *(.text)
 .text          0x0000015e        0x4 c:/program files (x86)/atmel/atmel studio 6.0/extensions/atmel/avrgcc/3.4.0.65/avrtoolchain/bin/../lib/gcc/avr/4.6.2/../../../../avr/lib/avr51/crtm128rfa1.o
                0x0000015e                __vector_38
                0x0000015e                __vector_22
                0x0000015e                __vector_28
                0x0000015e                __vector_67
                0x0000015e                __vector_1
                0x0000015e                __vector_32
                0x0000015e                __vector_71
                0x0000015e                __vector_34
                0x0000015e                __vector_62
                0x0000015e                __vector_24
                0x0000015e                __vector_12
                0x0000015e                __vector_55
                0x0000015e                __vector_69
                0x0000015e                __vector_46
                0x0000015e                __bad_interrupt
                0x0000015e                __vector_6
                0x0000015e                __vector_31
                0x0000015e                __vector_35
                0x0000015e                __vector_39
                0x0000015e                __vector_3
                0x0000015e                __vector_23
                0x0000015e                __vector_68
                0x0000015e                __vector_30
                0x0000015e                __vector_45
                0x0000015e                __vector_61
                0x0000015e                __vector_11
                0x0000015e                __vector_54
                0x0000015e                __vector_17
                0x0000015e                __vector_19
                0x0000015e                __vector_56
                0x0000015e                __vector_7
                0x0000015e                __vector_49
                0x0000015e                __vector_41
                0x0000015e                __vector_64
                0x0000015e                __vector_27
                0x0000015e                __vector_5
                0x0000015e                __vector_33
                0x0000015e                __vector_47
                0x0000015e                __vector_52
                0x0000015e                __vector_37
                0x0000015e                __vector_4
                0x0000015e                __vector_44
                0x0000015e                __vector_51
                0x0000015e                __vector_9
                0x0000015e                __vector_2
                0x0000015e                __vector_21
                0x0000015e                __vector_66
                0x0000015e                __vector_36
                0x0000015e                __vector_58
                0x0000015e                __vector_70
                0x0000015e                __vector_29
                0x0000015e                __vector_40
                0x0000015e                __vector_8
                0x0000015e                __vector_48
                0x0000015e                __vector_14
                0x0000015e                __vector_57
                0x0000015e                __vector_53
                0x0000015e                __vector_10
                0x0000015e                __vector_50
                0x0000015e                __vector_16
                0x0000015e                __vector_59
                0x0000015e                __vector_18
                0x0000015e                __vector_20
                0x0000015e                __vector_65
                0x00000162                . = ALIGN (0x2)
 *(.text.*)
 .text.ADC_Reference
                0x00000162        0x6 libraries/ANALOG.o
                0x00000162                ADC_Reference
 .text.ADC_Read
                0x00000168       0x60 libraries/ANALOG.o
                0x00000168                ADC_Read
 .text.RTC_Init
                0x000001c8       0x44 libraries/RTC.o
                0x000001c8                RTC_Init
 .text.numWrite
                0x0000020c       0x86 libraries/RTC.o
                0x0000020c                numWrite
 .text.__vector_15
                0x00000292       0x4e libraries/RTC.o
                0x00000292                __vector_15
 .text.HAL_Init
                0x000002e0       0x1a stack/hal/src/hal.o
                0x000002e0                HAL_Init
 .text.HAL_Delay
                0x000002fa        0x8 stack/hal/src/hal.o
                0x000002fa                HAL_Delay
 .text.HAL_Sleep
                0x00000302       0xfe stack/hal/src/halSleep.o
                0x00000302                HAL_Sleep
 .text.__vector_13
                0x00000400       0x1e stack/hal/src/halSleep.o
                0x00000400                __vector_13
 .text.HAL_TimerInit
                0x0000041e       0x2a stack/hal/src/halTimer.o
                0x0000041e                HAL_TimerInit
 .text.HAL_TimerDelay
                0x00000448       0x68 stack/hal/src/halTimer.o
                0x00000448                HAL_TimerDelay
 .text.__vector_42
                0x000004b0       0x22 stack/hal/src/halTimer.o
                0x000004b0                __vector_42
 .text.__vector_43
                0x000004d2       0x1e stack/hal/src/halTimer.o
                0x000004d2                __vector_43
 .text.HAL_UartInit
                0x000004f0       0xb8 stack/hal/src/halUart.o
                0x000004f0                HAL_UartInit
 .text.HAL_UartWriteByte
                0x000005a8       0x54 stack/hal/src/halUart.o
                0x000005a8                HAL_UartWriteByte
 .text.HAL_UartPrint
                0x000005fc       0x5e stack/hal/src/halUart.o
                0x000005fc                HAL_UartPrint
 .text.HAL_UartReadByte
                0x0000065a       0x5c stack/hal/src/halUart.o
                0x0000065a                HAL_UartReadByte
 .text.__vector_26
                0x000006b6       0x38 stack/hal/src/halUart.o
                0x000006b6                __vector_26
 .text.__vector_25
                0x000006ee       0xb0 stack/hal/src/halUart.o
                0x000006ee                __vector_25
 .text.HAL_UartTaskHandler
                0x0000079e       0x8e stack/hal/src/halUart.o
                0x0000079e                HAL_UartTaskHandler
 .text.NWK_Init
                0x0000082c       0x32 stack/nwk/src/nwk.o
                0x0000082c                NWK_Init
 .text.NWK_SetAddr
                0x0000085e        0xe stack/nwk/src/nwk.o
                0x0000085e                NWK_SetAddr
 .text.NWK_SetPanId
                0x0000086c        0xe stack/nwk/src/nwk.o
                0x0000086c                NWK_SetPanId
 .text.NWK_OpenEndpoint
                0x0000087a       0x12 stack/nwk/src/nwk.o
                0x0000087a                NWK_OpenEndpoint
 .text.NWK_Busy
                0x0000088c       0x2a stack/nwk/src/nwk.o
                0x0000088c                NWK_Busy
 .text.NWK_SleepReq
                0x000008b6        0x6 stack/nwk/src/nwk.o
                0x000008b6                NWK_SleepReq
 .text.NWK_WakeupReq
                0x000008bc        0x6 stack/nwk/src/nwk.o
                0x000008bc                NWK_WakeupReq
 .text.NWK_TaskHandler
                0x000008c2        0xe stack/nwk/src/nwk.o
                0x000008c2                NWK_TaskHandler
 .text.nwkDataReqTxConf
                0x000008d0       0x3e stack/nwk/src/nwkDataReq.o
 .text.nwkDataReqInit
                0x0000090e        0xa stack/nwk/src/nwkDataReq.o
                0x0000090e                nwkDataReqInit
 .text.NWK_DataReq
                0x00000918       0x2a stack/nwk/src/nwkDataReq.o
                0x00000918                NWK_DataReq
 .text.nwkDataReqBusy
                0x00000942       0x14 stack/nwk/src/nwkDataReq.o
                0x00000942                nwkDataReqBusy
 .text.nwkDataReqTaskHandler
                0x00000956      0x11a stack/nwk/src/nwkDataReq.o
                0x00000956                nwkDataReqTaskHandler
 .text.nwkFrameInit
                0x00000a70        0xe stack/nwk/src/nwkFrame.o
                0x00000a70                nwkFrameInit
 .text.nwkFrameAlloc
                0x00000a7e       0x4c stack/nwk/src/nwkFrame.o
                0x00000a7e                nwkFrameAlloc
 .text.nwkFrameFree
                0x00000aca        0x6 stack/nwk/src/nwkFrame.o
                0x00000aca                nwkFrameFree
 .text.nwkFrameByIndex
                0x00000ad0       0x1c stack/nwk/src/nwkFrame.o
                0x00000ad0                nwkFrameByIndex
 .text.nwkFrameCommandInit
                0x00000aec       0x4a stack/nwk/src/nwkFrame.o
                0x00000aec                nwkFrameCommandInit
 .text.nwkRouteFindRecord
                0x00000b36       0x42 stack/nwk/src/nwkRoute.o
 .text.nwkRouteErrorConf
                0x00000b78        0x6 stack/nwk/src/nwkRoute.o
 .text.nwkRouteTxFrameConf
                0x00000b7e        0x6 stack/nwk/src/nwkRoute.o
 .text.nwkRouteInit
                0x00000b84       0x18 stack/nwk/src/nwkRoute.o
                0x00000b84                nwkRouteInit
 .text.nwkRouteRemove
                0x00000b9c       0x14 stack/nwk/src/nwkRoute.o
                0x00000b9c                nwkRouteRemove
 .text.nwkRouteFrameReceived
                0x00000bb0       0x82 stack/nwk/src/nwkRoute.o
                0x00000bb0                nwkRouteFrameReceived
 .text.nwkRouteFrameSent
                0x00000c32       0xb2 stack/nwk/src/nwkRoute.o
                0x00000c32                nwkRouteFrameSent
 .text.nwkRouteNextHop
                0x00000ce4       0x4a stack/nwk/src/nwkRoute.o
                0x00000ce4                nwkRouteNextHop
 .text.nwkRouteFrame
                0x00000d2e       0x98 stack/nwk/src/nwkRoute.o
                0x00000d2e                nwkRouteFrame
 .text.nwkRouteErrorReceived
                0x00000dc6       0x14 stack/nwk/src/nwkRoute.o
                0x00000dc6                nwkRouteErrorReceived
 .text.NWK_RouteNextHop
                0x00000dda        0x6 stack/nwk/src/nwkRoute.o
                0x00000dda                NWK_RouteNextHop
 .text.nwkRxSendAckConf
                0x00000de0        0x6 stack/nwk/src/nwkRx.o
 .text.nwkRxDuplicateRejectionTimerHandler
                0x00000de6       0x2e stack/nwk/src/nwkRx.o
 .text.nwkRxSeriveDataInd
                0x00000e14       0x26 stack/nwk/src/nwkRx.o
 .text.nwkRxInit
                0x00000e3a       0x4a stack/nwk/src/nwkRx.o
                0x00000e3a                nwkRxInit
 .text.PHY_DataInd
                0x00000e84       0x60 stack/nwk/src/nwkRx.o
                0x00000e84                PHY_DataInd
 .text.nwkRxBusy
                0x00000ee4        0xe stack/nwk/src/nwkRx.o
                0x00000ee4                nwkRxBusy
 .text.nwkRxTaskHandler
                0x00000ef2      0x3b2 stack/nwk/src/nwkRx.o
                0x00000ef2                nwkRxTaskHandler
 .text.nwkTxBroadcastConf
                0x000012a4        0x6 stack/nwk/src/nwkTx.o
 .text.nwkTxAckWaitTimerHandler
                0x000012aa       0x60 stack/nwk/src/nwkTx.o
 .text.nwkTxInit
                0x0000130a       0x36 stack/nwk/src/nwkTx.o
                0x0000130a                nwkTxInit
 .text.nwkTxFrame
                0x00001340       0x7a stack/nwk/src/nwkTx.o
                0x00001340                nwkTxFrame
 .text.nwkTxBroadcastFrame
                0x000013ba       0x90 stack/nwk/src/nwkTx.o
                0x000013ba                nwkTxBroadcastFrame
 .text.nwkTxAckReceived
                0x0000144a       0x48 stack/nwk/src/nwkTx.o
                0x0000144a                nwkTxAckReceived
 .text.nwkTxBusy
                0x00001492        0xe stack/nwk/src/nwkTx.o
                0x00001492                nwkTxBusy
 .text.PHY_DataConf
                0x000014a0       0x38 stack/nwk/src/nwkTx.o
                0x000014a0                PHY_DataConf
 .text.nwkTxTaskHandler
                0x000014d8       0xd6 stack/nwk/src/nwkTx.o
                0x000014d8                nwkTxTaskHandler
 .text.phyTrxSetState
                0x000015ae       0x16 stack/phy/src/phy.o
 .text.phySetRxState
                0x000015c4       0x14 stack/phy/src/phy.o
 .text.phyGetRandomNumber
                0x000015d8       0x70 stack/phy/src/phy.o
 .text.PHY_Init
                0x00001648       0x58 stack/phy/src/phy.o
                0x00001648                PHY_Init
 .text.PHY_SetRxState
                0x000016a0       0x10 stack/phy/src/phy.o
                0x000016a0                PHY_SetRxState
 .text.PHY_SetChannel
                0x000016b0       0x10 stack/phy/src/phy.o
                0x000016b0                PHY_SetChannel
 .text.PHY_SetPanId
                0x000016c0       0x14 stack/phy/src/phy.o
                0x000016c0                PHY_SetPanId
 .text.PHY_SetShortAddr
                0x000016d4       0x14 stack/phy/src/phy.o
                0x000016d4                PHY_SetShortAddr
 .text.PHY_Busy
                0x000016e8       0x20 stack/phy/src/phy.o
                0x000016e8                PHY_Busy
 .text.PHY_Sleep
                0x00001708       0x18 stack/phy/src/phy.o
                0x00001708                PHY_Sleep
 .text.PHY_Wakeup
                0x00001720       0x16 stack/phy/src/phy.o
                0x00001720                PHY_Wakeup
 .text.PHY_DataReq
                0x00001736       0x52 stack/phy/src/phy.o
                0x00001736                PHY_DataReq
 .text.PHY_RandomReq
                0x00001788        0xc stack/phy/src/phy.o
                0x00001788                PHY_RandomReq
 .text.__vector_63
                0x00001794       0x70 stack/phy/src/phy.o
                0x00001794                __vector_63
 .text.__vector_60
                0x00001804       0x34 stack/phy/src/phy.o
                0x00001804                __vector_60
 .text.PHY_TaskHandler
                0x00001838      0x122 stack/phy/src/phy.o
                0x00001838                PHY_TaskHandler
 .text.SYS_Init
                0x0000195a       0x12 stack/sys/src/sys.o
                0x0000195a                SYS_Init
 .text.SYS_TaskHandler
                0x0000196c        0xe stack/sys/src/sys.o
                0x0000196c                SYS_TaskHandler
 .text.placeTimer
                0x0000197a       0xae stack/sys/src/sysTimer.o
 .text.SYS_TimerInit
                0x00001a28        0xa stack/sys/src/sysTimer.o
                0x00001a28                SYS_TimerInit
 .text.SYS_TimerStop
                0x00001a32       0x72 stack/sys/src/sysTimer.o
                0x00001a32                SYS_TimerStop
 .text.SYS_TimerStarted
                0x00001aa4       0x22 stack/sys/src/sysTimer.o
                0x00001aa4                SYS_TimerStarted
 .text.SYS_TimerStart
                0x00001ac6       0x1a stack/sys/src/sysTimer.o
                0x00001ac6                SYS_TimerStart
 .text.SYS_TimerTaskHandler
                0x00001ae0       0xa0 stack/sys/src/sysTimer.o
                0x00001ae0                SYS_TimerTaskHandler
 .text.appNetworkStatusTimerHandler
                0x00001b80        0xa WSNDemo.o
 .text.appDataSendingTimerHandler
                0x00001b8a       0x1a WSNDemo.o
 .text.appDataInd
                0x00001ba4       0x90 WSNDemo.o
 .text.appDataConf
                0x00001c34       0xba WSNDemo.o
 .text.HAL_UartBytesReceived
                0x00001cee       0x2e WSNDemo.o
                0x00001cee                HAL_UartBytesReceived
 .text.PHY_RandomConf
                0x00001d1c        0x6 WSNDemo.o
                0x00001d1c                PHY_RandomConf
 .text.startup.main
                0x00001d22      0x33a WSNDemo.o
                0x00001d22                main
 .text.libgcc   0x0000205c       0x3e c:/program files (x86)/atmel/atmel studio 6.0/extensions/atmel/avrgcc/3.4.0.65/avrtoolchain/bin/../lib/gcc/avr/4.6.2/avr51\libgcc.a(_mulsi3.o)
                0x0000205c                __mulsi3
 .text.libgcc   0x0000209a       0x28 c:/program files (x86)/atmel/atmel studio 6.0/extensions/atmel/avrgcc/3.4.0.65/avrtoolchain/bin/../lib/gcc/avr/4.6.2/avr51\libgcc.a(_udivmodhi4.o)
                0x0000209a                __udivmodhi4
 .text.libgcc   0x000020c2       0x44 c:/program files (x86)/atmel/atmel studio 6.0/extensions/atmel/avrgcc/3.4.0.65/avrtoolchain/bin/../lib/gcc/avr/4.6.2/avr51\libgcc.a(_udivmodsi4.o)
                0x000020c2                __udivmodsi4
 .text.avr-libc
                0x00002106       0xca c:/program files (x86)/atmel/atmel studio 6.0/extensions/atmel/avrgcc/3.4.0.65/avrtoolchain/bin/../lib/gcc/avr/4.6.2/../../../../avr/lib/avr51\libc.a(rand.o)
                0x000021aa                rand_r
                0x000021b0                rand
                0x000021ba                srand
 .text.avr-libc
                0x000021d0       0x12 c:/program files (x86)/atmel/atmel studio 6.0/extensions/atmel/avrgcc/3.4.0.65/avrtoolchain/bin/../lib/gcc/avr/4.6.2/../../../../avr/lib/avr51\libc.a(memcpy.o)
                0x000021d0                memcpy
 .text.avr-libc
                0x000021e2       0x42 c:/program files (x86)/atmel/atmel studio 6.0/extensions/atmel/avrgcc/3.4.0.65/avrtoolchain/bin/../lib/gcc/avr/4.6.2/../../../../avr/lib/avr51\libc.a(itoa.o)
                0x000021e2                itoa
 .text.avr-libc
                0x00002224       0x20 c:/program files (x86)/atmel/atmel studio 6.0/extensions/atmel/avrgcc/3.4.0.65/avrtoolchain/bin/../lib/gcc/avr/4.6.2/../../../../avr/lib/avr51\libc.a(strrev.o)
                0x00002224                strrev
 .text.libgcc   0x00002244       0x36 c:/program files (x86)/atmel/atmel studio 6.0/extensions/atmel/avrgcc/3.4.0.65/avrtoolchain/bin/../lib/gcc/avr/4.6.2/avr51\libgcc.a(_divmodsi4.o)
                0x00002244                __divmodsi4
                0x0000227a                . = ALIGN (0x2)
 *(.fini9)
 .fini9         0x0000227a        0x0 c:/program files (x86)/atmel/atmel studio 6.0/extensions/atmel/avrgcc/3.4.0.65/avrtoolchain/bin/../lib/gcc/avr/4.6.2/avr51\libgcc.a(_exit.o)
                0x0000227a                _exit
                0x0000227a                exit
 *(.fini9)
 *(.fini8)
 *(.fini8)
 *(.fini7)
 *(.fini7)
 *(.fini6)
 *(.fini6)
 *(.fini5)
 *(.fini5)
 *(.fini4)
 *(.fini4)
 *(.fini3)
 *(.fini3)
 *(.fini2)
 *(.fini2)
 *(.fini1)
 *(.fini1)
 *(.fini0)
 .fini0         0x0000227a        0x4 c:/program files (x86)/atmel/atmel studio 6.0/extensions/atmel/avrgcc/3.4.0.65/avrtoolchain/bin/../lib/gcc/avr/4.6.2/avr51\libgcc.a(_exit.o)
 *(.fini0)
                0x0000227e                _etext = .

.data           0x00800200       0x8e load address 0x0000227e
                0x00800200                PROVIDE (__data_start, .)
 *(.data)
 .data          0x00800200       0x89 WSNDemo.o
 .data          0x00800289        0x4 c:/program files (x86)/atmel/atmel studio 6.0/extensions/atmel/avrgcc/3.4.0.65/avrtoolchain/bin/../lib/gcc/avr/4.6.2/../../../../avr/lib/avr51\libc.a(rand.o)
 *(.data*)
 .data.analog_reference
                0x0080028d        0x1 libraries/ANALOG.o
                0x0080028d                analog_reference
 *(.rodata)
 *(.rodata*)
 *(.gnu.linkonce.d*)
                0x0080028e                . = ALIGN (0x2)
                0x0080028e                _edata = .
                0x0080028e                PROVIDE (__data_end, .)

.bss            0x0080028e      0x66c
                0x0080028e                PROVIDE (__bss_start, .)
 *(.bss)
 *(.bss*)
 .bss.halSleepTimerEvent
                0x0080028e        0x1 stack/hal/src/halSleep.o
 .bss.halTimerDelayInt
                0x0080028f        0x1 stack/hal/src/halTimer.o
 .bss.newData   0x00800290        0x1 stack/hal/src/halUart.o
 .bss.udrEmpty  0x00800291        0x1 stack/hal/src/halUart.o
 .bss.rxFifo    0x00800292        0xa stack/hal/src/halUart.o
 .bss.txFifo    0x0080029c        0xa stack/hal/src/halUart.o
 .bss.txData    0x008002a6       0x81 stack/hal/src/halUart.o
 .bss.rxData    0x00800327       0x81 stack/hal/src/halUart.o
 .bss.nwkDataReqQueue
                0x008003a8        0x2 stack/nwk/src/nwkDataReq.o
 .bss.nwkFrameFrames
                0x008003aa      0x18f stack/nwk/src/nwkFrame.o
 .bss.nwkRouteTable
                0x00800539      0x258 stack/nwk/src/nwkRoute.o
 .bss.nwkRxAckControl
                0x00800791        0x1 stack/nwk/src/nwkRx.o
 .bss.nwkRxDuplicateRejectionTable
                0x00800792       0x32 stack/nwk/src/nwkRx.o
 .bss.nwkRxActiveFrames
                0x008007c4        0x1 stack/nwk/src/nwkRx.o
 .bss.nwkRxDuplicateRejectionTimer
                0x008007c5        0xd stack/nwk/src/nwkRx.o
 .bss.nwkTxPhyActiveFrame
                0x008007d2        0x2 stack/nwk/src/nwkTx.o
 .bss.nwkTxActiveFrames
                0x008007d4        0x1 stack/nwk/src/nwkTx.o
 .bss.nwkTxAckWaitTimer
                0x008007d5        0xd stack/nwk/src/nwkTx.o
 .bss.phyRxSize
                0x008007e2        0x1 stack/phy/src/phy.o
 .bss.phyRxRssi
                0x008007e3        0x1 stack/phy/src/phy.o
 .bss.phyTxStatus
                0x008007e4        0x1 stack/phy/src/phy.o
 .bss.phyState  0x008007e5        0x1 stack/phy/src/phy.o
 .bss.phyIb     0x008007e6        0x7 stack/phy/src/phy.o
 .bss.phyRxBuffer
                0x008007ed       0x80 stack/phy/src/phy.o
 .bss.timers    0x0080086d        0x2 stack/sys/src/sysTimer.o
 .bss.appState  0x0080086f        0x1 WSNDemo.o
 .bss.appDataSendingTimer
                0x00800870        0xd WSNDemo.o
 .bss.msg       0x0080087d       0x31 WSNDemo.o
 .bss.appNetworkStatus
                0x008008ae        0x1 WSNDemo.o
 .bss.appNetworkStatusTimer
                0x008008af        0xd WSNDemo.o
 .bss.nwkDataReq
                0x008008bc       0x11 WSNDemo.o
 *(COMMON)
 COMMON         0x008008cd        0x1 stack/hal/src/halTimer.o
                0x008008cd                halTimerIrqCount
 COMMON         0x008008ce        0xc stack/nwk/src/nwk.o
                0x008008ce                nwkIb
 COMMON         0x008008da       0x20 WSNDemo.o
                0x008008da                securityKey
                0x008008ea                current_Channel
                0x008008eb                valid_Time
                0x008008ec                current_PanId
                0x008008ee                adcVal
                0x008008f0                current_Time
                0x008008f3                buf
                0x008008f8                device_Address
                0x008008fa                PROVIDE (__bss_end, .)
                0x0000227e                __data_load_start = LOADADDR (.data)
                0x0000230c                __data_load_end = (__data_load_start + SIZEOF (.data))

.noinit         0x008008fa        0x0
                0x008008fa                PROVIDE (__noinit_start, .)
 *(.noinit*)
                0x008008fa                PROVIDE (__noinit_end, .)
                0x008008fa                _end = .
                0x008008fa                PROVIDE (__heap_start, .)

.eeprom         0x00810000        0x0
 *(.eeprom*)
                0x00810000                __eeprom_end = .

.fuse
 *(.fuse)
 *(.lfuse)
 *(.hfuse)
 *(.efuse)

.lock
 *(.lock*)

.signature
 *(.signature*)

.stab           0x00000000      0x9d8
 *(.stab)
 .stab          0x00000000      0x6cc c:/program files (x86)/atmel/atmel studio 6.0/extensions/atmel/avrgcc/3.4.0.65/avrtoolchain/bin/../lib/gcc/avr/4.6.2/../../../../avr/lib/avr51/crtm128rfa1.o
 .stab          0x000006cc       0x84 c:/program files (x86)/atmel/atmel studio 6.0/extensions/atmel/avrgcc/3.4.0.65/avrtoolchain/bin/../lib/gcc/avr/4.6.2/../../../../avr/lib/avr51\libc.a(memcpy.o)
                                 0x90 (size before relaxing)
 .stab          0x00000750      0x1b0 c:/program files (x86)/atmel/atmel studio 6.0/extensions/atmel/avrgcc/3.4.0.65/avrtoolchain/bin/../lib/gcc/avr/4.6.2/../../../../avr/lib/avr51\libc.a(itoa.o)
                                0x1bc (size before relaxing)
 .stab          0x00000900       0xd8 c:/program files (x86)/atmel/atmel studio 6.0/extensions/atmel/avrgcc/3.4.0.65/avrtoolchain/bin/../lib/gcc/avr/4.6.2/../../../../avr/lib/avr51\libc.a(strrev.o)
                                 0xe4 (size before relaxing)

.stabstr        0x00000000      0x275
 *(.stabstr)
 .stabstr       0x00000000      0x275 c:/program files (x86)/atmel/atmel studio 6.0/extensions/atmel/avrgcc/3.4.0.65/avrtoolchain/bin/../lib/gcc/avr/4.6.2/../../../../avr/lib/avr51/crtm128rfa1.o

.stab.excl
 *(.stab.excl)

.stab.exclstr
 *(.stab.exclstr)

.stab.index
 *(.stab.index)

.stab.indexstr
 *(.stab.indexstr)

.comment
 *(.comment)

.debug
 *(.debug)

.line
 *(.line)

.debug_srcinfo
 *(.debug_srcinfo)

.debug_sfnames
 *(.debug_sfnames)

.debug_aranges  0x00000000      0x5a8
 *(.debug_aranges)
 .debug_aranges
                0x00000000       0x28 libraries/ANALOG.o
 .debug_aranges
                0x00000028       0x30 libraries/RTC.o
 .debug_aranges
                0x00000058       0x28 stack/hal/src/hal.o
 .debug_aranges
                0x00000080       0x28 stack/hal/src/halSleep.o
 .debug_aranges
                0x000000a8       0x38 stack/hal/src/halTimer.o
 .debug_aranges
                0x000000e0       0x58 stack/hal/src/halUart.o
 .debug_aranges
                0x00000138       0x58 stack/nwk/src/nwk.o
 .debug_aranges
                0x00000190       0x40 stack/nwk/src/nwkDataReq.o
 .debug_aranges
                0x000001d0       0x40 stack/nwk/src/nwkFrame.o
 .debug_aranges
                0x00000210       0x70 stack/nwk/src/nwkRoute.o
 .debug_aranges
                0x00000280       0x58 stack/nwk/src/nwkRx.o
 .debug_aranges
                0x000002d8       0x60 stack/nwk/src/nwkTx.o
 .debug_aranges
                0x00000338       0x98 stack/phy/src/phy.o
 .debug_aranges
                0x000003d0       0x28 stack/sys/src/sys.o
 .debug_aranges
                0x000003f8       0x48 stack/sys/src/sysTimer.o
 .debug_aranges
                0x00000440       0x50 WSNDemo.o
 .debug_aranges
                0x00000490       0x20 c:/program files (x86)/atmel/atmel studio 6.0/extensions/atmel/avrgcc/3.4.0.65/avrtoolchain/bin/../lib/gcc/avr/4.6.2/avr51\libgcc.a(_mulsi3.o)
 .debug_aranges
                0x000004b0       0x20 c:/program files (x86)/atmel/atmel studio 6.0/extensions/atmel/avrgcc/3.4.0.65/avrtoolchain/bin/../lib/gcc/avr/4.6.2/avr51\libgcc.a(_udivmodhi4.o)
 .debug_aranges
                0x000004d0       0x20 c:/program files (x86)/atmel/atmel studio 6.0/extensions/atmel/avrgcc/3.4.0.65/avrtoolchain/bin/../lib/gcc/avr/4.6.2/avr51\libgcc.a(_udivmodsi4.o)
 .debug_aranges
                0x000004f0       0x20 c:/program files (x86)/atmel/atmel studio 6.0/extensions/atmel/avrgcc/3.4.0.65/avrtoolchain/bin/../lib/gcc/avr/4.6.2/avr51\libgcc.a(_exit.o)
 .debug_aranges
                0x00000510       0x20 c:/program files (x86)/atmel/atmel studio 6.0/extensions/atmel/avrgcc/3.4.0.65/avrtoolchain/bin/../lib/gcc/avr/4.6.2/avr51\libgcc.a(_copy_data.o)
 .debug_aranges
                0x00000530       0x20 c:/program files (x86)/atmel/atmel studio 6.0/extensions/atmel/avrgcc/3.4.0.65/avrtoolchain/bin/../lib/gcc/avr/4.6.2/avr51\libgcc.a(_clear_bss.o)
 .debug_aranges
                0x00000550       0x38 c:/program files (x86)/atmel/atmel studio 6.0/extensions/atmel/avrgcc/3.4.0.65/avrtoolchain/bin/../lib/gcc/avr/4.6.2/../../../../avr/lib/avr51\libc.a(rand.o)
 .debug_aranges
                0x00000588       0x20 c:/program files (x86)/atmel/atmel studio 6.0/extensions/atmel/avrgcc/3.4.0.65/avrtoolchain/bin/../lib/gcc/avr/4.6.2/avr51\libgcc.a(_divmodsi4.o)

.debug_pubnames
 *(.debug_pubnames)

.debug_info     0x00000000     0x5027
 *(.debug_info)
 .debug_info    0x00000000      0x11c libraries/ANALOG.o
 .debug_info    0x0000011c      0x1ae libraries/RTC.o
 .debug_info    0x000002ca       0xb5 stack/hal/src/hal.o
 .debug_info    0x0000037f      0x187 stack/hal/src/halSleep.o
 .debug_info    0x00000506      0x118 stack/hal/src/halTimer.o
 .debug_info    0x0000061e      0x3ae stack/hal/src/halUart.o
 .debug_info    0x000009cc      0x2da stack/nwk/src/nwk.o
 .debug_info    0x00000ca6      0x6ea stack/nwk/src/nwkDataReq.o
 .debug_info    0x00001390      0x548 stack/nwk/src/nwkFrame.o
 .debug_info    0x000018d8      0x78c stack/nwk/src/nwkRoute.o
 .debug_info    0x00002064      0x9e6 stack/nwk/src/nwkRx.o
 .debug_info    0x00002a4a      0x815 stack/nwk/src/nwkTx.o
 .debug_info    0x0000325f      0x82c stack/phy/src/phy.o
 .debug_info    0x00003a8b       0x90 stack/sys/src/sys.o
 .debug_info    0x00003b1b      0x339 stack/sys/src/sysTimer.o
 .debug_info    0x00003e54      0xaa1 WSNDemo.o
 .debug_info    0x000048f5       0xde c:/program files (x86)/atmel/atmel studio 6.0/extensions/atmel/avrgcc/3.4.0.65/avrtoolchain/bin/../lib/gcc/avr/4.6.2/avr51\libgcc.a(_mulsi3.o)
 .debug_info    0x000049d3       0xde c:/program files (x86)/atmel/atmel studio 6.0/extensions/atmel/avrgcc/3.4.0.65/avrtoolchain/bin/../lib/gcc/avr/4.6.2/avr51\libgcc.a(_udivmodhi4.o)
 .debug_info    0x00004ab1       0xde c:/program files (x86)/atmel/atmel studio 6.0/extensions/atmel/avrgcc/3.4.0.65/avrtoolchain/bin/../lib/gcc/avr/4.6.2/avr51\libgcc.a(_udivmodsi4.o)
 .debug_info    0x00004b8f       0xde c:/program files (x86)/atmel/atmel studio 6.0/extensions/atmel/avrgcc/3.4.0.65/avrtoolchain/bin/../lib/gcc/avr/4.6.2/avr51\libgcc.a(_exit.o)
 .debug_info    0x00004c6d       0xde c:/program files (x86)/atmel/atmel studio 6.0/extensions/atmel/avrgcc/3.4.0.65/avrtoolchain/bin/../lib/gcc/avr/4.6.2/avr51\libgcc.a(_copy_data.o)
 .debug_info    0x00004d4b       0xde c:/program files (x86)/atmel/atmel studio 6.0/extensions/atmel/avrgcc/3.4.0.65/avrtoolchain/bin/../lib/gcc/avr/4.6.2/avr51\libgcc.a(_clear_bss.o)
 .debug_info    0x00004e29      0x120 c:/program files (x86)/atmel/atmel studio 6.0/extensions/atmel/avrgcc/3.4.0.65/avrtoolchain/bin/../lib/gcc/avr/4.6.2/../../../../avr/lib/avr51\libc.a(rand.o)
 .debug_info    0x00004f49       0xde c:/program files (x86)/atmel/atmel studio 6.0/extensions/atmel/avrgcc/3.4.0.65/avrtoolchain/bin/../lib/gcc/avr/4.6.2/avr51\libgcc.a(_divmodsi4.o)
 *(.gnu.linkonce.wi.*)

.debug_abbrev   0x00000000     0x1b5f
 *(.debug_abbrev)
 .debug_abbrev  0x00000000       0xdf libraries/ANALOG.o
 .debug_abbrev  0x000000df      0x107 libraries/RTC.o
 .debug_abbrev  0x000001e6       0x74 stack/hal/src/hal.o
 .debug_abbrev  0x0000025a       0xc4 stack/hal/src/halSleep.o
 .debug_abbrev  0x0000031e       0xc3 stack/hal/src/halTimer.o
 .debug_abbrev  0x000003e1      0x155 stack/hal/src/halUart.o
 .debug_abbrev  0x00000536      0x13f stack/nwk/src/nwk.o
 .debug_abbrev  0x00000675      0x227 stack/nwk/src/nwkDataReq.o
 .debug_abbrev  0x0000089c      0x18e stack/nwk/src/nwkFrame.o
 .debug_abbrev  0x00000a2a      0x263 stack/nwk/src/nwkRoute.o
 .debug_abbrev  0x00000c8d      0x335 stack/nwk/src/nwkRx.o
 .debug_abbrev  0x00000fc2      0x277 stack/nwk/src/nwkTx.o
 .debug_abbrev  0x00001239      0x2a0 stack/phy/src/phy.o
 .debug_abbrev  0x000014d9       0x43 stack/sys/src/sys.o
 .debug_abbrev  0x0000151c      0x1a4 stack/sys/src/sysTimer.o
 .debug_abbrev  0x000016c0      0x346 WSNDemo.o
 .debug_abbrev  0x00001a06       0x14 c:/program files (x86)/atmel/atmel studio 6.0/extensions/atmel/avrgcc/3.4.0.65/avrtoolchain/bin/../lib/gcc/avr/4.6.2/avr51\libgcc.a(_mulsi3.o)
 .debug_abbrev  0x00001a1a       0x14 c:/program files (x86)/atmel/atmel studio 6.0/extensions/atmel/avrgcc/3.4.0.65/avrtoolchain/bin/../lib/gcc/avr/4.6.2/avr51\libgcc.a(_udivmodhi4.o)
 .debug_abbrev  0x00001a2e       0x14 c:/program files (x86)/atmel/atmel studio 6.0/extensions/atmel/avrgcc/3.4.0.65/avrtoolchain/bin/../lib/gcc/avr/4.6.2/avr51\libgcc.a(_udivmodsi4.o)
 .debug_abbrev  0x00001a42       0x14 c:/program files (x86)/atmel/atmel studio 6.0/extensions/atmel/avrgcc/3.4.0.65/avrtoolchain/bin/../lib/gcc/avr/4.6.2/avr51\libgcc.a(_exit.o)
 .debug_abbrev  0x00001a56       0x14 c:/program files (x86)/atmel/atmel studio 6.0/extensions/atmel/avrgcc/3.4.0.65/avrtoolchain/bin/../lib/gcc/avr/4.6.2/avr51\libgcc.a(_copy_data.o)
 .debug_abbrev  0x00001a6a       0x14 c:/program files (x86)/atmel/atmel studio 6.0/extensions/atmel/avrgcc/3.4.0.65/avrtoolchain/bin/../lib/gcc/avr/4.6.2/avr51\libgcc.a(_clear_bss.o)
 .debug_abbrev  0x00001a7e       0xcd c:/program files (x86)/atmel/atmel studio 6.0/extensions/atmel/avrgcc/3.4.0.65/avrtoolchain/bin/../lib/gcc/avr/4.6.2/../../../../avr/lib/avr51\libc.a(rand.o)
 .debug_abbrev  0x00001b4b       0x14 c:/program files (x86)/atmel/atmel studio 6.0/extensions/atmel/avrgcc/3.4.0.65/avrtoolchain/bin/../lib/gcc/avr/4.6.2/avr51\libgcc.a(_divmodsi4.o)

.debug_line     0x00000000     0x41ce
 *(.debug_line)
 .debug_line    0x00000000      0x2f2 libraries/ANALOG.o
 .debug_line    0x000002f2      0x2eb libraries/RTC.o
 .debug_line    0x000005dd      0x2f4 stack/hal/src/hal.o
 .debug_line    0x000008d1      0x341 stack/hal/src/halSleep.o
 .debug_line    0x00000c12      0x329 stack/hal/src/halTimer.o
 .debug_line    0x00000f3b      0x3f6 stack/hal/src/halUart.o
 .debug_line    0x00001331      0x3e9 stack/nwk/src/nwk.o
 .debug_line    0x0000171a      0x3b4 stack/nwk/src/nwkDataReq.o
 .debug_line    0x00001ace      0x37e stack/nwk/src/nwkFrame.o
 .debug_line    0x00001e4c      0x424 stack/nwk/src/nwkRoute.o
 .debug_line    0x00002270      0x4a8 stack/nwk/src/nwkRx.o
 .debug_line    0x00002718      0x46e stack/nwk/src/nwkTx.o
 .debug_line    0x00002b86      0x4c9 stack/phy/src/phy.o
 .debug_line    0x0000304f      0x368 stack/sys/src/sys.o
 .debug_line    0x000033b7      0x3b6 stack/sys/src/sysTimer.o
 .debug_line    0x0000376d      0x59f WSNDemo.o
 .debug_line    0x00003d0c       0xa5 c:/program files (x86)/atmel/atmel studio 6.0/extensions/atmel/avrgcc/3.4.0.65/avrtoolchain/bin/../lib/gcc/avr/4.6.2/avr51\libgcc.a(_mulsi3.o)
 .debug_line    0x00003db1       0x9a c:/program files (x86)/atmel/atmel studio 6.0/extensions/atmel/avrgcc/3.4.0.65/avrtoolchain/bin/../lib/gcc/avr/4.6.2/avr51\libgcc.a(_udivmodhi4.o)
 .debug_line    0x00003e4b       0xa8 c:/program files (x86)/atmel/atmel studio 6.0/extensions/atmel/avrgcc/3.4.0.65/avrtoolchain/bin/../lib/gcc/avr/4.6.2/avr51\libgcc.a(_udivmodsi4.o)
 .debug_line    0x00003ef3       0x88 c:/program files (x86)/atmel/atmel studio 6.0/extensions/atmel/avrgcc/3.4.0.65/avrtoolchain/bin/../lib/gcc/avr/4.6.2/avr51\libgcc.a(_exit.o)
 .debug_line    0x00003f7b       0x93 c:/program files (x86)/atmel/atmel studio 6.0/extensions/atmel/avrgcc/3.4.0.65/avrtoolchain/bin/../lib/gcc/avr/4.6.2/avr51\libgcc.a(_copy_data.o)
 .debug_line    0x0000400e       0x8e c:/program files (x86)/atmel/atmel studio 6.0/extensions/atmel/avrgcc/3.4.0.65/avrtoolchain/bin/../lib/gcc/avr/4.6.2/avr51\libgcc.a(_clear_bss.o)
 .debug_line    0x0000409c       0x91 c:/program files (x86)/atmel/atmel studio 6.0/extensions/atmel/avrgcc/3.4.0.65/avrtoolchain/bin/../lib/gcc/avr/4.6.2/../../../../avr/lib/avr51\libc.a(rand.o)
 .debug_line    0x0000412d       0xa1 c:/program files (x86)/atmel/atmel studio 6.0/extensions/atmel/avrgcc/3.4.0.65/avrtoolchain/bin/../lib/gcc/avr/4.6.2/avr51\libgcc.a(_divmodsi4.o)

.debug_frame    0x00000000      0xb48
 *(.debug_frame)
 .debug_frame   0x00000000       0x34 libraries/ANALOG.o
 .debug_frame   0x00000034       0x60 libraries/RTC.o
 .debug_frame   0x00000094       0x34 stack/hal/src/hal.o
 .debug_frame   0x000000c8       0x50 stack/hal/src/halSleep.o
 .debug_frame   0x00000118       0x74 stack/hal/src/halTimer.o
 .debug_frame   0x0000018c      0x138 stack/hal/src/halUart.o
 .debug_frame   0x000002c4       0x94 stack/nwk/src/nwk.o
 .debug_frame   0x00000358       0x78 stack/nwk/src/nwkDataReq.o
 .debug_frame   0x000003d0       0x64 stack/nwk/src/nwkFrame.o
 .debug_frame   0x00000434      0x128 stack/nwk/src/nwkRoute.o
 .debug_frame   0x0000055c       0xe0 stack/nwk/src/nwkRx.o
 .debug_frame   0x0000063c      0x118 stack/nwk/src/nwkTx.o
 .debug_frame   0x00000754      0x1b0 stack/phy/src/phy.o
 .debug_frame   0x00000904       0x34 stack/sys/src/sys.o
 .debug_frame   0x00000938       0xc0 stack/sys/src/sysTimer.o
 .debug_frame   0x000009f8       0xc8 WSNDemo.o
 .debug_frame   0x00000ac0       0x88 c:/program files (x86)/atmel/atmel studio 6.0/extensions/atmel/avrgcc/3.4.0.65/avrtoolchain/bin/../lib/gcc/avr/4.6.2/../../../../avr/lib/avr51\libc.a(rand.o)

.debug_str      0x00000000     0x18fe
 *(.debug_str)
 .debug_str     0x00000000       0xce libraries/ANALOG.o
                                0x102 (size before relaxing)
 .debug_str     0x000000ce       0x68 libraries/RTC.o
                                0x10f (size before relaxing)
 .debug_str     0x00000136       0x20 stack/hal/src/hal.o
                                 0xda (size before relaxing)
 .debug_str     0x00000156       0x99 stack/hal/src/halSleep.o
                                0x149 (size before relaxing)
 .debug_str     0x000001ef       0x73 stack/hal/src/halTimer.o
                                0x123 (size before relaxing)
 .debug_str     0x00000262      0x105 stack/hal/src/halUart.o
                                0x1e4 (size before relaxing)
 .debug_str     0x00000367       0xf7 stack/nwk/src/nwk.o
                                0x1be (size before relaxing)
 .debug_str     0x0000045e      0x321 stack/nwk/src/nwkDataReq.o
                                0x460 (size before relaxing)
 .debug_str     0x0000077f       0x8c stack/nwk/src/nwkFrame.o
                                0x345 (size before relaxing)
 .debug_str     0x0000080b      0x16e stack/nwk/src/nwkRoute.o
                                0x435 (size before relaxing)
 .debug_str     0x00000979      0x316 stack/nwk/src/nwkRx.o
                                0x598 (size before relaxing)
 .debug_str     0x00000c8f      0x214 stack/nwk/src/nwkTx.o
                                0x592 (size before relaxing)
 .debug_str     0x00000ea3      0x60a stack/phy/src/phy.o
                                0x6f5 (size before relaxing)
 .debug_str     0x000014ad       0x30 stack/sys/src/sys.o
                                 0xcf (size before relaxing)
 .debug_str     0x000014dd       0x87 stack/sys/src/sysTimer.o
                                0x1d1 (size before relaxing)
 .debug_str     0x00001564      0x330 WSNDemo.o
                                0x613 (size before relaxing)
 .debug_str     0x00001894       0x6a c:/program files (x86)/atmel/atmel studio 6.0/extensions/atmel/avrgcc/3.4.0.65/avrtoolchain/bin/../lib/gcc/avr/4.6.2/../../../../avr/lib/avr51\libc.a(rand.o)
                                 0xa8 (size before relaxing)

.debug_loc      0x00000000     0x1ef0
 *(.debug_loc)
 .debug_loc     0x00000000       0x44 libraries/ANALOG.o
 .debug_loc     0x00000044       0x93 libraries/RTC.o
 .debug_loc     0x000000d7       0x13 stack/hal/src/hal.o
 .debug_loc     0x000000ea      0x134 stack/hal/src/halSleep.o
 .debug_loc     0x0000021e       0x90 stack/hal/src/halTimer.o
 .debug_loc     0x000002ae      0x358 stack/hal/src/halUart.o
 .debug_loc     0x00000606       0x86 stack/nwk/src/nwk.o
 .debug_loc     0x0000068c      0x15b stack/nwk/src/nwkDataReq.o
 .debug_loc     0x000007e7      0x10a stack/nwk/src/nwkFrame.o
 .debug_loc     0x000008f1      0x441 stack/nwk/src/nwkRoute.o
 .debug_loc     0x00000d32      0x39d stack/nwk/src/nwkRx.o
 .debug_loc     0x000010cf      0x3d3 stack/nwk/src/nwkTx.o
 .debug_loc     0x000014a2      0x2b7 stack/phy/src/phy.o
 .debug_loc     0x00001759      0x3ab stack/sys/src/sysTimer.o
 .debug_loc     0x00001b04      0x285 WSNDemo.o
 .debug_loc     0x00001d89      0x167 c:/program files (x86)/atmel/atmel studio 6.0/extensions/atmel/avrgcc/3.4.0.65/avrtoolchain/bin/../lib/gcc/avr/4.6.2/../../../../avr/lib/avr51\libc.a(rand.o)

.debug_macinfo  0x00000000   0x116cdc
 *(.debug_macinfo)
 .debug_macinfo
                0x00000000    0x11558 libraries/ANALOG.o
 .debug_macinfo
                0x00011558     0xe790 libraries/RTC.o
 .debug_macinfo
                0x0001fce8    0x10da5 stack/hal/src/hal.o
 .debug_macinfo
                0x00030a8d    0x10e22 stack/hal/src/halSleep.o
 .debug_macinfo
                0x000418af    0x10db9 stack/hal/src/halTimer.o
 .debug_macinfo
                0x00052668    0x110c7 stack/hal/src/halUart.o
 .debug_macinfo
                0x0006372f    0x12477 stack/nwk/src/nwk.o
 .debug_macinfo
                0x00075ba6    0x1158c stack/nwk/src/nwkDataReq.o
 .debug_macinfo
                0x00087132    0x1158c stack/nwk/src/nwkFrame.o
 .debug_macinfo
                0x000986be    0x113e5 stack/nwk/src/nwkRoute.o
 .debug_macinfo
                0x000a9aa3    0x12545 stack/nwk/src/nwkRx.o
 .debug_macinfo
                0x000bbfe8    0x124b4 stack/nwk/src/nwkTx.o
 .debug_macinfo
                0x000ce49c    0x11f42 stack/phy/src/phy.o
 .debug_macinfo
                0x000e03de    0x11f7c stack/sys/src/sys.o
 .debug_macinfo
                0x000f235a    0x110de stack/sys/src/sysTimer.o
 .debug_macinfo
                0x00103438    0x138a4 WSNDemo.o
OUTPUT(WSNDemo.elf elf32-avr)
LOAD linker stubs

.debug_ranges   0x00000000      0x4d8
 .debug_ranges  0x00000000       0x18 libraries/ANALOG.o
 .debug_ranges  0x00000018       0x20 libraries/RTC.o
 .debug_ranges  0x00000038       0x18 stack/hal/src/hal.o
 .debug_ranges  0x00000050       0x18 stack/hal/src/halSleep.o
 .debug_ranges  0x00000068       0x28 stack/hal/src/halTimer.o
 .debug_ranges  0x00000090       0x48 stack/hal/src/halUart.o
 .debug_ranges  0x000000d8       0x48 stack/nwk/src/nwk.o
 .debug_ranges  0x00000120       0x30 stack/nwk/src/nwkDataReq.o
 .debug_ranges  0x00000150       0x30 stack/nwk/src/nwkFrame.o
 .debug_ranges  0x00000180       0x60 stack/nwk/src/nwkRoute.o
 .debug_ranges  0x000001e0       0xd8 stack/nwk/src/nwkRx.o
 .debug_ranges  0x000002b8       0x50 stack/nwk/src/nwkTx.o
 .debug_ranges  0x00000308       0xb8 stack/phy/src/phy.o
 .debug_ranges  0x000003c0       0x18 stack/sys/src/sys.o
 .debug_ranges  0x000003d8       0x38 stack/sys/src/sysTimer.o
 .debug_ranges  0x00000410       0xa0 WSNDemo.o
 .debug_ranges  0x000004b0       0x28 c:/program files (x86)/atmel/atmel studio 6.0/extensions/atmel/avrgcc/3.4.0.65/avrtoolchain/bin/../lib/gcc/avr/4.6.2/../../../../avr/lib/avr51\libc.a(rand.o)
