Archive member included because of file (symbol)

c:/program files (x86)/atmel/atmel studio 6.0/extensions/atmel/avrgcc/3.4.0.65/avrtoolchain/bin/../lib/gcc/avr/4.6.2/avr51\libgcc.a(_mulsi3.o)
                              stack/sys/src/sysTimer.o (__mulsi3)
c:/program files (x86)/atmel/atmel studio 6.0/extensions/atmel/avrgcc/3.4.0.65/avrtoolchain/bin/../lib/gcc/avr/4.6.2/avr51\libgcc.a(_udivmodsi4.o)
                              stack/hal/src/halSleep.o (__udivmodsi4)
c:/program files (x86)/atmel/atmel studio 6.0/extensions/atmel/avrgcc/3.4.0.65/avrtoolchain/bin/../lib/gcc/avr/4.6.2/avr51\libgcc.a(_exit.o)
                              c:/program files (x86)/atmel/atmel studio 6.0/extensions/atmel/avrgcc/3.4.0.65/avrtoolchain/bin/../lib/gcc/avr/4.6.2/../../../../avr/lib/avr51/crtm128rfa1.o (exit)
c:/program files (x86)/atmel/atmel studio 6.0/extensions/atmel/avrgcc/3.4.0.65/avrtoolchain/bin/../lib/gcc/avr/4.6.2/avr51\libgcc.a(_copy_data.o)
                              otaInterface.o (__do_copy_data)
c:/program files (x86)/atmel/atmel studio 6.0/extensions/atmel/avrgcc/3.4.0.65/avrtoolchain/bin/../lib/gcc/avr/4.6.2/avr51\libgcc.a(_clear_bss.o)
                              otaInterface.o (__do_clear_bss)
c:/program files (x86)/atmel/atmel studio 6.0/extensions/atmel/avrgcc/3.4.0.65/avrtoolchain/bin/../lib/gcc/avr/4.6.2/../../../../avr/lib/avr51\libc.a(rand.o)
                              WSNDemo.o (rand)
c:/program files (x86)/atmel/atmel studio 6.0/extensions/atmel/avrgcc/3.4.0.65/avrtoolchain/bin/../lib/gcc/avr/4.6.2/../../../../avr/lib/avr51\libc.a(memcpy.o)
                              stack/nwk/src/nwkDataReq.o (memcpy)
c:/program files (x86)/atmel/atmel studio 6.0/extensions/atmel/avrgcc/3.4.0.65/avrtoolchain/bin/../lib/gcc/avr/4.6.2/avr51\libgcc.a(_divmodsi4.o)
                              c:/program files (x86)/atmel/atmel studio 6.0/extensions/atmel/avrgcc/3.4.0.65/avrtoolchain/bin/../lib/gcc/avr/4.6.2/../../../../avr/lib/avr51\libc.a(rand.o) (__divmodsi4)

Allocating common symbols
Common symbol       size              file

nwkIb               0xc               stack/nwk/src/nwk.o
halTimerIrqCount    0x1               stack/hal/src/halTimer.o

Discarded input sections

 .data          0x00000000        0x0 c:/program files (x86)/atmel/atmel studio 6.0/extensions/atmel/avrgcc/3.4.0.65/avrtoolchain/bin/../lib/gcc/avr/4.6.2/../../../../avr/lib/avr51/crtm128rfa1.o
 .bss           0x00000000        0x0 c:/program files (x86)/atmel/atmel studio 6.0/extensions/atmel/avrgcc/3.4.0.65/avrtoolchain/bin/../lib/gcc/avr/4.6.2/../../../../avr/lib/avr51/crtm128rfa1.o
 .text          0x00000000        0x0 otaInterface.o
 .data          0x00000000        0x0 otaInterface.o
 .bss           0x00000000        0x0 otaInterface.o
 .debug_info    0x00000000       0x62 otaInterface.o
 .debug_abbrev  0x00000000       0x2c otaInterface.o
 .debug_line    0x00000000      0x31c otaInterface.o
 .debug_macinfo
                0x00000000    0x110d0 otaInterface.o
 .debug_str     0x00000000       0xb3 otaInterface.o
 .text          0x00000000        0x0 stack/hal/src/hal.o
 .data          0x00000000        0x0 stack/hal/src/hal.o
 .bss           0x00000000        0x0 stack/hal/src/hal.o
 .text.HAL_Delay
                0x00000000        0x8 stack/hal/src/hal.o
 .text          0x00000000        0x0 stack/hal/src/halPhy.o
 .data          0x00000000        0x0 stack/hal/src/halPhy.o
 .bss           0x00000000        0x0 stack/hal/src/halPhy.o
 .debug_info    0x00000000       0x29 stack/hal/src/halPhy.o
 .debug_abbrev  0x00000000       0x16 stack/hal/src/halPhy.o
 .debug_line    0x00000000       0x37 stack/hal/src/halPhy.o
 .debug_macinfo
                0x00000000     0x21fe stack/hal/src/halPhy.o
 .debug_str     0x00000000       0x52 stack/hal/src/halPhy.o
 .text          0x00000000        0x0 stack/hal/src/halSleep.o
 .data          0x00000000        0x0 stack/hal/src/halSleep.o
 .bss           0x00000000        0x0 stack/hal/src/halSleep.o
 .text          0x00000000        0x0 stack/hal/src/halTimer.o
 .data          0x00000000        0x0 stack/hal/src/halTimer.o
 .bss           0x00000000        0x0 stack/hal/src/halTimer.o
 .text.HAL_TimerDelay
                0x00000000       0x68 stack/hal/src/halTimer.o
 .text          0x00000000        0x0 stack/hal/src/halUart.o
 .data          0x00000000        0x0 stack/hal/src/halUart.o
 .bss           0x00000000        0x0 stack/hal/src/halUart.o
 .text          0x00000000        0x0 stack/nwk/src/nwk.o
 .data          0x00000000        0x0 stack/nwk/src/nwk.o
 .bss           0x00000000        0x0 stack/nwk/src/nwk.o
 .text          0x00000000        0x0 stack/nwk/src/nwkDataReq.o
 .data          0x00000000        0x0 stack/nwk/src/nwkDataReq.o
 .bss           0x00000000        0x0 stack/nwk/src/nwkDataReq.o
 .text          0x00000000        0x0 stack/nwk/src/nwkFrame.o
 .data          0x00000000        0x0 stack/nwk/src/nwkFrame.o
 .bss           0x00000000        0x0 stack/nwk/src/nwkFrame.o
 .text          0x00000000        0x0 stack/nwk/src/nwkRoute.o
 .data          0x00000000        0x0 stack/nwk/src/nwkRoute.o
 .bss           0x00000000        0x0 stack/nwk/src/nwkRoute.o
 .text          0x00000000        0x0 stack/nwk/src/nwkRx.o
 .data          0x00000000        0x0 stack/nwk/src/nwkRx.o
 .bss           0x00000000        0x0 stack/nwk/src/nwkRx.o
 .text.NWK_SetAckControl
                0x00000000        0x6 stack/nwk/src/nwkRx.o
 .text          0x00000000        0x0 stack/nwk/src/nwkSecurity.o
 .data          0x00000000        0x0 stack/nwk/src/nwkSecurity.o
 .bss           0x00000000        0x0 stack/nwk/src/nwkSecurity.o
 .debug_info    0x00000000       0x69 stack/nwk/src/nwkSecurity.o
 .debug_abbrev  0x00000000       0x2c stack/nwk/src/nwkSecurity.o
 .debug_line    0x00000000      0x32c stack/nwk/src/nwkSecurity.o
 .debug_macinfo
                0x00000000    0x1157f stack/nwk/src/nwkSecurity.o
 .debug_str     0x00000000       0xc4 stack/nwk/src/nwkSecurity.o
 .text          0x00000000        0x0 stack/nwk/src/nwkTx.o
 .data          0x00000000        0x0 stack/nwk/src/nwkTx.o
 .bss           0x00000000        0x0 stack/nwk/src/nwkTx.o
 .text          0x00000000        0x0 stack/phy/src/phy.o
 .data          0x00000000        0x0 stack/phy/src/phy.o
 .bss           0x00000000        0x0 stack/phy/src/phy.o
 .text          0x00000000        0x0 stack/service/src/otaClient.o
 .data          0x00000000        0x0 stack/service/src/otaClient.o
 .bss           0x00000000        0x0 stack/service/src/otaClient.o
 .debug_info    0x00000000       0x62 stack/service/src/otaClient.o
 .debug_abbrev  0x00000000       0x2c stack/service/src/otaClient.o
 .debug_line    0x00000000      0x21b stack/service/src/otaClient.o
 .debug_macinfo
                0x00000000     0x332a stack/service/src/otaClient.o
 .debug_str     0x00000000       0xc0 stack/service/src/otaClient.o
 .text          0x00000000        0x0 stack/service/src/otaServer.o
 .data          0x00000000        0x0 stack/service/src/otaServer.o
 .bss           0x00000000        0x0 stack/service/src/otaServer.o
 .debug_info    0x00000000       0x62 stack/service/src/otaServer.o
 .debug_abbrev  0x00000000       0x2c stack/service/src/otaServer.o
 .debug_line    0x00000000      0x21b stack/service/src/otaServer.o
 .debug_macinfo
                0x00000000     0x332a stack/service/src/otaServer.o
 .debug_str     0x00000000       0xc0 stack/service/src/otaServer.o
 .text          0x00000000        0x0 stack/sys/src/sys.o
 .data          0x00000000        0x0 stack/sys/src/sys.o
 .bss           0x00000000        0x0 stack/sys/src/sys.o
 .text          0x00000000        0x0 stack/sys/src/sysEncrypt.o
 .data          0x00000000        0x0 stack/sys/src/sysEncrypt.o
 .bss           0x00000000        0x0 stack/sys/src/sysEncrypt.o
 .debug_info    0x00000000       0x62 stack/sys/src/sysEncrypt.o
 .debug_abbrev  0x00000000       0x2c stack/sys/src/sysEncrypt.o
 .debug_line    0x00000000      0x322 stack/sys/src/sysEncrypt.o
 .debug_macinfo
                0x00000000    0x120c4 stack/sys/src/sysEncrypt.o
 .debug_str     0x00000000       0xbd stack/sys/src/sysEncrypt.o
 .text          0x00000000        0x0 stack/sys/src/sysTimer.o
 .data          0x00000000        0x0 stack/sys/src/sysTimer.o
 .bss           0x00000000        0x0 stack/sys/src/sysTimer.o
 .text          0x00000000        0x0 WSNDemo.o
 .bss           0x00000000        0x0 WSNDemo.o
 .text          0x00000000        0x0 c:/program files (x86)/atmel/atmel studio 6.0/extensions/atmel/avrgcc/3.4.0.65/avrtoolchain/bin/../lib/gcc/avr/4.6.2/avr51\libgcc.a(_mulsi3.o)
 .data          0x00000000        0x0 c:/program files (x86)/atmel/atmel studio 6.0/extensions/atmel/avrgcc/3.4.0.65/avrtoolchain/bin/../lib/gcc/avr/4.6.2/avr51\libgcc.a(_mulsi3.o)
 .bss           0x00000000        0x0 c:/program files (x86)/atmel/atmel studio 6.0/extensions/atmel/avrgcc/3.4.0.65/avrtoolchain/bin/../lib/gcc/avr/4.6.2/avr51\libgcc.a(_mulsi3.o)
 .text          0x00000000        0x0 c:/program files (x86)/atmel/atmel studio 6.0/extensions/atmel/avrgcc/3.4.0.65/avrtoolchain/bin/../lib/gcc/avr/4.6.2/avr51\libgcc.a(_udivmodsi4.o)
 .data          0x00000000        0x0 c:/program files (x86)/atmel/atmel studio 6.0/extensions/atmel/avrgcc/3.4.0.65/avrtoolchain/bin/../lib/gcc/avr/4.6.2/avr51\libgcc.a(_udivmodsi4.o)
 .bss           0x00000000        0x0 c:/program files (x86)/atmel/atmel studio 6.0/extensions/atmel/avrgcc/3.4.0.65/avrtoolchain/bin/../lib/gcc/avr/4.6.2/avr51\libgcc.a(_udivmodsi4.o)
 .text          0x00000000        0x0 c:/program files (x86)/atmel/atmel studio 6.0/extensions/atmel/avrgcc/3.4.0.65/avrtoolchain/bin/../lib/gcc/avr/4.6.2/avr51\libgcc.a(_exit.o)
 .data          0x00000000        0x0 c:/program files (x86)/atmel/atmel studio 6.0/extensions/atmel/avrgcc/3.4.0.65/avrtoolchain/bin/../lib/gcc/avr/4.6.2/avr51\libgcc.a(_exit.o)
 .bss           0x00000000        0x0 c:/program files (x86)/atmel/atmel studio 6.0/extensions/atmel/avrgcc/3.4.0.65/avrtoolchain/bin/../lib/gcc/avr/4.6.2/avr51\libgcc.a(_exit.o)
 .text.libgcc   0x00000000        0x0 c:/program files (x86)/atmel/atmel studio 6.0/extensions/atmel/avrgcc/3.4.0.65/avrtoolchain/bin/../lib/gcc/avr/4.6.2/avr51\libgcc.a(_exit.o)
 .text          0x00000000        0x0 c:/program files (x86)/atmel/atmel studio 6.0/extensions/atmel/avrgcc/3.4.0.65/avrtoolchain/bin/../lib/gcc/avr/4.6.2/avr51\libgcc.a(_copy_data.o)
 .data          0x00000000        0x0 c:/program files (x86)/atmel/atmel studio 6.0/extensions/atmel/avrgcc/3.4.0.65/avrtoolchain/bin/../lib/gcc/avr/4.6.2/avr51\libgcc.a(_copy_data.o)
 .bss           0x00000000        0x0 c:/program files (x86)/atmel/atmel studio 6.0/extensions/atmel/avrgcc/3.4.0.65/avrtoolchain/bin/../lib/gcc/avr/4.6.2/avr51\libgcc.a(_copy_data.o)
 .text.libgcc   0x00000000        0x0 c:/program files (x86)/atmel/atmel studio 6.0/extensions/atmel/avrgcc/3.4.0.65/avrtoolchain/bin/../lib/gcc/avr/4.6.2/avr51\libgcc.a(_copy_data.o)
 .text          0x00000000        0x0 c:/program files (x86)/atmel/atmel studio 6.0/extensions/atmel/avrgcc/3.4.0.65/avrtoolchain/bin/../lib/gcc/avr/4.6.2/avr51\libgcc.a(_clear_bss.o)
 .data          0x00000000        0x0 c:/program files (x86)/atmel/atmel studio 6.0/extensions/atmel/avrgcc/3.4.0.65/avrtoolchain/bin/../lib/gcc/avr/4.6.2/avr51\libgcc.a(_clear_bss.o)
 .bss           0x00000000        0x0 c:/program files (x86)/atmel/atmel studio 6.0/extensions/atmel/avrgcc/3.4.0.65/avrtoolchain/bin/../lib/gcc/avr/4.6.2/avr51\libgcc.a(_clear_bss.o)
 .text.libgcc   0x00000000        0x0 c:/program files (x86)/atmel/atmel studio 6.0/extensions/atmel/avrgcc/3.4.0.65/avrtoolchain/bin/../lib/gcc/avr/4.6.2/avr51\libgcc.a(_clear_bss.o)
 .text          0x00000000        0x0 c:/program files (x86)/atmel/atmel studio 6.0/extensions/atmel/avrgcc/3.4.0.65/avrtoolchain/bin/../lib/gcc/avr/4.6.2/../../../../avr/lib/avr51\libc.a(rand.o)
 .bss           0x00000000        0x0 c:/program files (x86)/atmel/atmel studio 6.0/extensions/atmel/avrgcc/3.4.0.65/avrtoolchain/bin/../lib/gcc/avr/4.6.2/../../../../avr/lib/avr51\libc.a(rand.o)
 .text          0x00000000        0x0 c:/program files (x86)/atmel/atmel studio 6.0/extensions/atmel/avrgcc/3.4.0.65/avrtoolchain/bin/../lib/gcc/avr/4.6.2/../../../../avr/lib/avr51\libc.a(memcpy.o)
 .data          0x00000000        0x0 c:/program files (x86)/atmel/atmel studio 6.0/extensions/atmel/avrgcc/3.4.0.65/avrtoolchain/bin/../lib/gcc/avr/4.6.2/../../../../avr/lib/avr51\libc.a(memcpy.o)
 .bss           0x00000000        0x0 c:/program files (x86)/atmel/atmel studio 6.0/extensions/atmel/avrgcc/3.4.0.65/avrtoolchain/bin/../lib/gcc/avr/4.6.2/../../../../avr/lib/avr51\libc.a(memcpy.o)
 .text          0x00000000        0x0 c:/program files (x86)/atmel/atmel studio 6.0/extensions/atmel/avrgcc/3.4.0.65/avrtoolchain/bin/../lib/gcc/avr/4.6.2/avr51\libgcc.a(_divmodsi4.o)
 .data          0x00000000        0x0 c:/program files (x86)/atmel/atmel studio 6.0/extensions/atmel/avrgcc/3.4.0.65/avrtoolchain/bin/../lib/gcc/avr/4.6.2/avr51\libgcc.a(_divmodsi4.o)
 .bss           0x00000000        0x0 c:/program files (x86)/atmel/atmel studio 6.0/extensions/atmel/avrgcc/3.4.0.65/avrtoolchain/bin/../lib/gcc/avr/4.6.2/avr51\libgcc.a(_divmodsi4.o)

Memory Configuration

Name             Origin             Length             Attributes
text             0x00000000         0x00020000         xr
data             0x00800100         0x0000ff00         rw !x
eeprom           0x00810000         0x00010000         rw !x
fuse             0x00820000         0x00000400         rw !x
lock             0x00830000         0x00000400         rw !x
signature        0x00840000         0x00000400         rw !x
*default*        0x00000000         0xffffffff

Linker script and memory map

Address of section .data set to 0x800200
LOAD c:/program files (x86)/atmel/atmel studio 6.0/extensions/atmel/avrgcc/3.4.0.65/avrtoolchain/bin/../lib/gcc/avr/4.6.2/../../../../avr/lib/avr51/crtm128rfa1.o
LOAD otaInterface.o
LOAD stack/hal/src/hal.o
LOAD stack/hal/src/halPhy.o
LOAD stack/hal/src/halSleep.o
LOAD stack/hal/src/halTimer.o
LOAD stack/hal/src/halUart.o
LOAD stack/nwk/src/nwk.o
LOAD stack/nwk/src/nwkDataReq.o
LOAD stack/nwk/src/nwkFrame.o
LOAD stack/nwk/src/nwkRoute.o
LOAD stack/nwk/src/nwkRx.o
LOAD stack/nwk/src/nwkSecurity.o
LOAD stack/nwk/src/nwkTx.o
LOAD stack/phy/src/phy.o
LOAD stack/service/src/otaClient.o
LOAD stack/service/src/otaServer.o
LOAD stack/sys/src/sys.o
LOAD stack/sys/src/sysEncrypt.o
LOAD stack/sys/src/sysTimer.o
LOAD WSNDemo.o
START GROUP
END GROUP
LOAD c:/program files (x86)/atmel/atmel studio 6.0/extensions/atmel/avrgcc/3.4.0.65/avrtoolchain/bin/../lib/gcc/avr/4.6.2/avr51\libgcc.a
LOAD c:/program files (x86)/atmel/atmel studio 6.0/extensions/atmel/avrgcc/3.4.0.65/avrtoolchain/bin/../lib/gcc/avr/4.6.2/../../../../avr/lib/avr51\libc.a
LOAD c:/program files (x86)/atmel/atmel studio 6.0/extensions/atmel/avrgcc/3.4.0.65/avrtoolchain/bin/../lib/gcc/avr/4.6.2/avr51\libgcc.a

.hash
 *(.hash)

.dynsym
 *(.dynsym)

.dynstr
 *(.dynstr)

.gnu.version
 *(.gnu.version)

.gnu.version_d
 *(.gnu.version_d)

.gnu.version_r
 *(.gnu.version_r)

.rel.init
 *(.rel.init)

.rela.init
 *(.rela.init)

.rel.text
 *(.rel.text)
 *(.rel.text.*)
 *(.rel.gnu.linkonce.t*)

.rela.text
 *(.rela.text)
 *(.rela.text.*)
 *(.rela.gnu.linkonce.t*)

.rel.fini
 *(.rel.fini)

.rela.fini
 *(.rela.fini)

.rel.rodata
 *(.rel.rodata)
 *(.rel.rodata.*)
 *(.rel.gnu.linkonce.r*)

.rela.rodata
 *(.rela.rodata)
 *(.rela.rodata.*)
 *(.rela.gnu.linkonce.r*)

.rel.data
 *(.rel.data)
 *(.rel.data.*)
 *(.rel.gnu.linkonce.d*)

.rela.data
 *(.rela.data)
 *(.rela.data.*)
 *(.rela.gnu.linkonce.d*)

.rel.ctors
 *(.rel.ctors)

.rela.ctors
 *(.rela.ctors)

.rel.dtors
 *(.rel.dtors)

.rela.dtors
 *(.rela.dtors)

.rel.got
 *(.rel.got)

.rela.got
 *(.rela.got)

.rel.bss
 *(.rel.bss)

.rela.bss
 *(.rela.bss)

.rel.plt
 *(.rel.plt)

.rela.plt
 *(.rela.plt)

.text           0x00000000     0x1e4c
 *(.vectors)
 .vectors       0x00000000      0x120 c:/program files (x86)/atmel/atmel studio 6.0/extensions/atmel/avrgcc/3.4.0.65/avrtoolchain/bin/../lib/gcc/avr/4.6.2/../../../../avr/lib/avr51/crtm128rfa1.o
                0x00000000                __vector_default
                0x00000000                __vectors
 *(.vectors)
 *(.progmem.gcc*)
 *(.progmem*)
                0x00000120                . = ALIGN (0x2)
                0x00000120                __trampolines_start = .
 *(.trampolines)
 .trampolines   0x00000120        0x0 linker stubs
 *(.trampolines*)
                0x00000120                __trampolines_end = .
 *(.jumptables)
 *(.jumptables*)
 *(.lowtext)
 *(.lowtext*)
                0x00000120                __ctors_start = .
 *(.ctors)
                0x00000120                __ctors_end = .
                0x00000120                __dtors_start = .
 *(.dtors)
                0x00000120                __dtors_end = .
 SORT(*)(.ctors)
 SORT(*)(.dtors)
 *(.init0)
 .init0         0x00000120        0x0 c:/program files (x86)/atmel/atmel studio 6.0/extensions/atmel/avrgcc/3.4.0.65/avrtoolchain/bin/../lib/gcc/avr/4.6.2/../../../../avr/lib/avr51/crtm128rfa1.o
                0x00000120                __init
 *(.init0)
 *(.init1)
 *(.init1)
 *(.init2)
 .init2         0x00000120        0xc c:/program files (x86)/atmel/atmel studio 6.0/extensions/atmel/avrgcc/3.4.0.65/avrtoolchain/bin/../lib/gcc/avr/4.6.2/../../../../avr/lib/avr51/crtm128rfa1.o
 *(.init2)
 *(.init3)
 *(.init3)
 *(.init4)
 .init4         0x0000012c       0x1a c:/program files (x86)/atmel/atmel studio 6.0/extensions/atmel/avrgcc/3.4.0.65/avrtoolchain/bin/../lib/gcc/avr/4.6.2/avr51\libgcc.a(_copy_data.o)
                0x0000012c                __do_copy_data
 .init4         0x00000146       0x10 c:/program files (x86)/atmel/atmel studio 6.0/extensions/atmel/avrgcc/3.4.0.65/avrtoolchain/bin/../lib/gcc/avr/4.6.2/avr51\libgcc.a(_clear_bss.o)
                0x00000146                __do_clear_bss
 *(.init4)
 *(.init5)
 *(.init5)
 *(.init6)
 *(.init6)
 *(.init7)
 *(.init7)
 *(.init8)
 *(.init8)
 *(.init9)
 .init9         0x00000156        0x8 c:/program files (x86)/atmel/atmel studio 6.0/extensions/atmel/avrgcc/3.4.0.65/avrtoolchain/bin/../lib/gcc/avr/4.6.2/../../../../avr/lib/avr51/crtm128rfa1.o
 *(.init9)
 *(.text)
 .text          0x0000015e        0x4 c:/program files (x86)/atmel/atmel studio 6.0/extensions/atmel/avrgcc/3.4.0.65/avrtoolchain/bin/../lib/gcc/avr/4.6.2/../../../../avr/lib/avr51/crtm128rfa1.o
                0x0000015e                __vector_38
                0x0000015e                __vector_22
                0x0000015e                __vector_28
                0x0000015e                __vector_67
                0x0000015e                __vector_1
                0x0000015e                __vector_32
                0x0000015e                __vector_71
                0x0000015e                __vector_34
                0x0000015e                __vector_62
                0x0000015e                __vector_24
                0x0000015e                __vector_12
                0x0000015e                __vector_55
                0x0000015e                __vector_69
                0x0000015e                __vector_46
                0x0000015e                __bad_interrupt
                0x0000015e                __vector_6
                0x0000015e                __vector_31
                0x0000015e                __vector_35
                0x0000015e                __vector_39
                0x0000015e                __vector_3
                0x0000015e                __vector_23
                0x0000015e                __vector_68
                0x0000015e                __vector_30
                0x0000015e                __vector_45
                0x0000015e                __vector_61
                0x0000015e                __vector_11
                0x0000015e                __vector_54
                0x0000015e                __vector_17
                0x0000015e                __vector_19
                0x0000015e                __vector_56
                0x0000015e                __vector_7
                0x0000015e                __vector_49
                0x0000015e                __vector_41
                0x0000015e                __vector_64
                0x0000015e                __vector_27
                0x0000015e                __vector_5
                0x0000015e                __vector_33
                0x0000015e                __vector_47
                0x0000015e                __vector_52
                0x0000015e                __vector_37
                0x0000015e                __vector_4
                0x0000015e                __vector_44
                0x0000015e                __vector_51
                0x0000015e                __vector_9
                0x0000015e                __vector_2
                0x0000015e                __vector_21
                0x0000015e                __vector_15
                0x0000015e                __vector_66
                0x0000015e                __vector_36
                0x0000015e                __vector_58
                0x0000015e                __vector_70
                0x0000015e                __vector_29
                0x0000015e                __vector_40
                0x0000015e                __vector_8
                0x0000015e                __vector_48
                0x0000015e                __vector_14
                0x0000015e                __vector_57
                0x0000015e                __vector_53
                0x0000015e                __vector_10
                0x0000015e                __vector_50
                0x0000015e                __vector_16
                0x0000015e                __vector_59
                0x0000015e                __vector_18
                0x0000015e                __vector_20
                0x0000015e                __vector_65
                0x00000162                . = ALIGN (0x2)
 *(.text.*)
 .text.HAL_Init
                0x00000162       0x1a stack/hal/src/hal.o
                0x00000162                HAL_Init
 .text.HAL_Sleep
                0x0000017c       0xfe stack/hal/src/halSleep.o
                0x0000017c                HAL_Sleep
 .text.__vector_13
                0x0000027a       0x1e stack/hal/src/halSleep.o
                0x0000027a                __vector_13
 .text.HAL_TimerInit
                0x00000298       0x2a stack/hal/src/halTimer.o
                0x00000298                HAL_TimerInit
 .text.__vector_42
                0x000002c2       0x22 stack/hal/src/halTimer.o
                0x000002c2                __vector_42
 .text.__vector_43
                0x000002e4       0x1e stack/hal/src/halTimer.o
                0x000002e4                __vector_43
 .text.HAL_UartInit
                0x00000302       0xbc stack/hal/src/halUart.o
                0x00000302                HAL_UartInit
 .text.HAL_UartWriteByte
                0x000003be       0x54 stack/hal/src/halUart.o
                0x000003be                HAL_UartWriteByte
 .text.HAL_UartReadByte
                0x00000412       0x5c stack/hal/src/halUart.o
                0x00000412                HAL_UartReadByte
 .text.__vector_26
                0x0000046e       0x38 stack/hal/src/halUart.o
                0x0000046e                __vector_26
 .text.__vector_25
                0x000004a6       0xb0 stack/hal/src/halUart.o
                0x000004a6                __vector_25
 .text.HAL_UartTaskHandler
                0x00000556       0x8e stack/hal/src/halUart.o
                0x00000556                HAL_UartTaskHandler
 .text.NWK_Init
                0x000005e4       0x32 stack/nwk/src/nwk.o
                0x000005e4                NWK_Init
 .text.NWK_SetAddr
                0x00000616        0xe stack/nwk/src/nwk.o
                0x00000616                NWK_SetAddr
 .text.NWK_SetPanId
                0x00000624        0xe stack/nwk/src/nwk.o
                0x00000624                NWK_SetPanId
 .text.NWK_OpenEndpoint
                0x00000632       0x12 stack/nwk/src/nwk.o
                0x00000632                NWK_OpenEndpoint
 .text.NWK_Busy
                0x00000644       0x2a stack/nwk/src/nwk.o
                0x00000644                NWK_Busy
 .text.NWK_SleepReq
                0x0000066e        0x6 stack/nwk/src/nwk.o
                0x0000066e                NWK_SleepReq
 .text.NWK_WakeupReq
                0x00000674        0x6 stack/nwk/src/nwk.o
                0x00000674                NWK_WakeupReq
 .text.NWK_TaskHandler
                0x0000067a        0xe stack/nwk/src/nwk.o
                0x0000067a                NWK_TaskHandler
 .text.nwkDataReqTxConf
                0x00000688       0x3e stack/nwk/src/nwkDataReq.o
 .text.nwkDataReqInit
                0x000006c6        0xa stack/nwk/src/nwkDataReq.o
                0x000006c6                nwkDataReqInit
 .text.NWK_DataReq
                0x000006d0       0x2a stack/nwk/src/nwkDataReq.o
                0x000006d0                NWK_DataReq
 .text.nwkDataReqBusy
                0x000006fa       0x14 stack/nwk/src/nwkDataReq.o
                0x000006fa                nwkDataReqBusy
 .text.nwkDataReqTaskHandler
                0x0000070e      0x11a stack/nwk/src/nwkDataReq.o
                0x0000070e                nwkDataReqTaskHandler
 .text.nwkFrameInit
                0x00000828        0xe stack/nwk/src/nwkFrame.o
                0x00000828                nwkFrameInit
 .text.nwkFrameAlloc
                0x00000836       0x4c stack/nwk/src/nwkFrame.o
                0x00000836                nwkFrameAlloc
 .text.nwkFrameFree
                0x00000882        0x6 stack/nwk/src/nwkFrame.o
                0x00000882                nwkFrameFree
 .text.nwkFrameByIndex
                0x00000888       0x1c stack/nwk/src/nwkFrame.o
                0x00000888                nwkFrameByIndex
 .text.nwkFrameCommandInit
                0x000008a4       0x4a stack/nwk/src/nwkFrame.o
                0x000008a4                nwkFrameCommandInit
 .text.nwkRouteFindRecord
                0x000008ee       0x42 stack/nwk/src/nwkRoute.o
 .text.nwkRouteErrorConf
                0x00000930        0x6 stack/nwk/src/nwkRoute.o
 .text.nwkRouteTxFrameConf
                0x00000936        0x6 stack/nwk/src/nwkRoute.o
 .text.nwkRouteInit
                0x0000093c       0x18 stack/nwk/src/nwkRoute.o
                0x0000093c                nwkRouteInit
 .text.nwkRouteRemove
                0x00000954       0x14 stack/nwk/src/nwkRoute.o
                0x00000954                nwkRouteRemove
 .text.nwkRouteFrameReceived
                0x00000968       0x82 stack/nwk/src/nwkRoute.o
                0x00000968                nwkRouteFrameReceived
 .text.nwkRouteFrameSent
                0x000009ea       0xb2 stack/nwk/src/nwkRoute.o
                0x000009ea                nwkRouteFrameSent
 .text.nwkRouteNextHop
                0x00000a9c       0x4a stack/nwk/src/nwkRoute.o
                0x00000a9c                nwkRouteNextHop
 .text.nwkRouteFrame
                0x00000ae6       0x98 stack/nwk/src/nwkRoute.o
                0x00000ae6                nwkRouteFrame
 .text.nwkRouteErrorReceived
                0x00000b7e       0x14 stack/nwk/src/nwkRoute.o
                0x00000b7e                nwkRouteErrorReceived
 .text.NWK_RouteNextHop
                0x00000b92        0x6 stack/nwk/src/nwkRoute.o
                0x00000b92                NWK_RouteNextHop
 .text.nwkRxSendAckConf
                0x00000b98        0x6 stack/nwk/src/nwkRx.o
 .text.nwkRxDuplicateRejectionTimerHandler
                0x00000b9e       0x2e stack/nwk/src/nwkRx.o
 .text.nwkRxSeriveDataInd
                0x00000bcc       0x26 stack/nwk/src/nwkRx.o
 .text.nwkRxInit
                0x00000bf2       0x4a stack/nwk/src/nwkRx.o
                0x00000bf2                nwkRxInit
 .text.PHY_DataInd
                0x00000c3c       0x60 stack/nwk/src/nwkRx.o
                0x00000c3c                PHY_DataInd
 .text.nwkRxBusy
                0x00000c9c        0xe stack/nwk/src/nwkRx.o
                0x00000c9c                nwkRxBusy
 .text.nwkRxTaskHandler
                0x00000caa      0x3b2 stack/nwk/src/nwkRx.o
                0x00000caa                nwkRxTaskHandler
 .text.nwkTxBroadcastConf
                0x0000105c        0x6 stack/nwk/src/nwkTx.o
 .text.nwkTxAckWaitTimerHandler
                0x00001062       0x60 stack/nwk/src/nwkTx.o
 .text.nwkTxInit
                0x000010c2       0x36 stack/nwk/src/nwkTx.o
                0x000010c2                nwkTxInit
 .text.nwkTxFrame
                0x000010f8       0x7a stack/nwk/src/nwkTx.o
                0x000010f8                nwkTxFrame
 .text.nwkTxBroadcastFrame
                0x00001172       0x90 stack/nwk/src/nwkTx.o
                0x00001172                nwkTxBroadcastFrame
 .text.nwkTxAckReceived
                0x00001202       0x48 stack/nwk/src/nwkTx.o
                0x00001202                nwkTxAckReceived
 .text.nwkTxBusy
                0x0000124a        0xe stack/nwk/src/nwkTx.o
                0x0000124a                nwkTxBusy
 .text.PHY_DataConf
                0x00001258       0x38 stack/nwk/src/nwkTx.o
                0x00001258                PHY_DataConf
 .text.nwkTxTaskHandler
                0x00001290       0xd6 stack/nwk/src/nwkTx.o
                0x00001290                nwkTxTaskHandler
 .text.phyTrxSetState
                0x00001366       0x16 stack/phy/src/phy.o
 .text.phySetRxState
                0x0000137c       0x14 stack/phy/src/phy.o
 .text.PHY_Init
                0x00001390       0x56 stack/phy/src/phy.o
                0x00001390                PHY_Init
 .text.PHY_SetRxState
                0x000013e6       0x10 stack/phy/src/phy.o
                0x000013e6                PHY_SetRxState
 .text.PHY_SetChannel
                0x000013f6       0x10 stack/phy/src/phy.o
                0x000013f6                PHY_SetChannel
 .text.PHY_SetPanId
                0x00001406       0x14 stack/phy/src/phy.o
                0x00001406                PHY_SetPanId
 .text.PHY_SetShortAddr
                0x0000141a       0x14 stack/phy/src/phy.o
                0x0000141a                PHY_SetShortAddr
 .text.PHY_Busy
                0x0000142e       0x20 stack/phy/src/phy.o
                0x0000142e                PHY_Busy
 .text.PHY_Sleep
                0x0000144e       0x18 stack/phy/src/phy.o
                0x0000144e                PHY_Sleep
 .text.PHY_Wakeup
                0x00001466       0x16 stack/phy/src/phy.o
                0x00001466                PHY_Wakeup
 .text.PHY_DataReq
                0x0000147c       0x52 stack/phy/src/phy.o
                0x0000147c                PHY_DataReq
 .text.__vector_63
                0x000014ce       0x70 stack/phy/src/phy.o
                0x000014ce                __vector_63
 .text.__vector_60
                0x0000153e       0x34 stack/phy/src/phy.o
                0x0000153e                __vector_60
 .text.PHY_TaskHandler
                0x00001572      0x112 stack/phy/src/phy.o
                0x00001572                PHY_TaskHandler
 .text.SYS_Init
                0x00001684       0x12 stack/sys/src/sys.o
                0x00001684                SYS_Init
 .text.SYS_TaskHandler
                0x00001696        0xe stack/sys/src/sys.o
                0x00001696                SYS_TaskHandler
 .text.placeTimer
                0x000016a4       0xae stack/sys/src/sysTimer.o
 .text.SYS_TimerInit
                0x00001752        0xa stack/sys/src/sysTimer.o
                0x00001752                SYS_TimerInit
 .text.SYS_TimerStop
                0x0000175c       0x72 stack/sys/src/sysTimer.o
                0x0000175c                SYS_TimerStop
 .text.SYS_TimerStarted
                0x000017ce       0x22 stack/sys/src/sysTimer.o
                0x000017ce                SYS_TimerStarted
 .text.SYS_TimerStart
                0x000017f0       0x1a stack/sys/src/sysTimer.o
                0x000017f0                SYS_TimerStart
 .text.SYS_TimerTaskHandler
                0x0000180a       0xa0 stack/sys/src/sysTimer.o
                0x0000180a                SYS_TimerTaskHandler
 .text.appNetworkStatusTimerHandler
                0x000018aa        0xa WSNDemo.o
 .text.appDataSendingTimerHandler
                0x000018b4       0x1a WSNDemo.o
 .text.appDataInd
                0x000018ce       0x90 WSNDemo.o
 .text.appDataConf
                0x0000195e       0x80 WSNDemo.o
 .text.HAL_UartBytesReceived
                0x000019de       0x2e WSNDemo.o
                0x000019de                HAL_UartBytesReceived
 .text.startup.main
                0x00001a0c      0x2a8 WSNDemo.o
                0x00001a0c                main
 .text.libgcc   0x00001cb4       0x3e c:/program files (x86)/atmel/atmel studio 6.0/extensions/atmel/avrgcc/3.4.0.65/avrtoolchain/bin/../lib/gcc/avr/4.6.2/avr51\libgcc.a(_mulsi3.o)
                0x00001cb4                __mulsi3
 .text.libgcc   0x00001cf2       0x44 c:/program files (x86)/atmel/atmel studio 6.0/extensions/atmel/avrgcc/3.4.0.65/avrtoolchain/bin/../lib/gcc/avr/4.6.2/avr51\libgcc.a(_udivmodsi4.o)
                0x00001cf2                __udivmodsi4
 .text.avr-libc
                0x00001d36       0xca c:/program files (x86)/atmel/atmel studio 6.0/extensions/atmel/avrgcc/3.4.0.65/avrtoolchain/bin/../lib/gcc/avr/4.6.2/../../../../avr/lib/avr51\libc.a(rand.o)
                0x00001dda                rand_r
                0x00001de0                rand
                0x00001dea                srand
 .text.avr-libc
                0x00001e00       0x12 c:/program files (x86)/atmel/atmel studio 6.0/extensions/atmel/avrgcc/3.4.0.65/avrtoolchain/bin/../lib/gcc/avr/4.6.2/../../../../avr/lib/avr51\libc.a(memcpy.o)
                0x00001e00                memcpy
 .text.libgcc   0x00001e12       0x36 c:/program files (x86)/atmel/atmel studio 6.0/extensions/atmel/avrgcc/3.4.0.65/avrtoolchain/bin/../lib/gcc/avr/4.6.2/avr51\libgcc.a(_divmodsi4.o)
                0x00001e12                __divmodsi4
                0x00001e48                . = ALIGN (0x2)
 *(.fini9)
 .fini9         0x00001e48        0x0 c:/program files (x86)/atmel/atmel studio 6.0/extensions/atmel/avrgcc/3.4.0.65/avrtoolchain/bin/../lib/gcc/avr/4.6.2/avr51\libgcc.a(_exit.o)
                0x00001e48                _exit
                0x00001e48                exit
 *(.fini9)
 *(.fini8)
 *(.fini8)
 *(.fini7)
 *(.fini7)
 *(.fini6)
 *(.fini6)
 *(.fini5)
 *(.fini5)
 *(.fini4)
 *(.fini4)
 *(.fini3)
 *(.fini3)
 *(.fini2)
 *(.fini2)
 *(.fini1)
 *(.fini1)
 *(.fini0)
 .fini0         0x00001e48        0x4 c:/program files (x86)/atmel/atmel studio 6.0/extensions/atmel/avrgcc/3.4.0.65/avrtoolchain/bin/../lib/gcc/avr/4.6.2/avr51\libgcc.a(_exit.o)
 *(.fini0)
                0x00001e4c                _etext = .

.data           0x00800200        0xc load address 0x00001e4c
                0x00800200                PROVIDE (__data_start, .)
 *(.data)
 .data          0x00800200        0x7 WSNDemo.o
 .data          0x00800207        0x4 c:/program files (x86)/atmel/atmel studio 6.0/extensions/atmel/avrgcc/3.4.0.65/avrtoolchain/bin/../lib/gcc/avr/4.6.2/../../../../avr/lib/avr51\libc.a(rand.o)
 *(.data*)
 *(.rodata)
 *(.rodata*)
 *(.gnu.linkonce.d*)
                0x0080020c                . = ALIGN (0x2)
 *fill*         0x0080020b        0x1 00
                0x0080020c                _edata = .
                0x0080020c                PROVIDE (__data_end, .)

.bss            0x0080020c      0x5b1
                0x0080020c                PROVIDE (__bss_start, .)
 *(.bss)
 *(.bss*)
 .bss.halSleepTimerEvent
                0x0080020c        0x1 stack/hal/src/halSleep.o
 .bss.halTimerDelayInt
                0x0080020d        0x1 stack/hal/src/halTimer.o
 .bss.newData   0x0080020e        0x1 stack/hal/src/halUart.o
 .bss.udrEmpty  0x0080020f        0x1 stack/hal/src/halUart.o
 .bss.rxFifo    0x00800210        0xa stack/hal/src/halUart.o
 .bss.txFifo    0x0080021a        0xa stack/hal/src/halUart.o
 .bss.txData    0x00800224       0x65 stack/hal/src/halUart.o
 .bss.rxData    0x00800289        0x2 stack/hal/src/halUart.o
 .bss.nwkDataReqQueue
                0x0080028b        0x2 stack/nwk/src/nwkDataReq.o
 .bss.nwkFrameFrames
                0x0080028d      0x18f stack/nwk/src/nwkFrame.o
 .bss.nwkRouteTable
                0x0080041c      0x258 stack/nwk/src/nwkRoute.o
 .bss.nwkRxAckControl
                0x00800674        0x1 stack/nwk/src/nwkRx.o
 .bss.nwkRxDuplicateRejectionTable
                0x00800675       0x32 stack/nwk/src/nwkRx.o
 .bss.nwkRxActiveFrames
                0x008006a7        0x1 stack/nwk/src/nwkRx.o
 .bss.nwkRxDuplicateRejectionTimer
                0x008006a8        0xd stack/nwk/src/nwkRx.o
 .bss.nwkTxPhyActiveFrame
                0x008006b5        0x2 stack/nwk/src/nwkTx.o
 .bss.nwkTxActiveFrames
                0x008006b7        0x1 stack/nwk/src/nwkTx.o
 .bss.nwkTxAckWaitTimer
                0x008006b8        0xd stack/nwk/src/nwkTx.o
 .bss.phyRxSize
                0x008006c5        0x1 stack/phy/src/phy.o
 .bss.phyRxRssi
                0x008006c6        0x1 stack/phy/src/phy.o
 .bss.phyTxStatus
                0x008006c7        0x1 stack/phy/src/phy.o
 .bss.phyState  0x008006c8        0x1 stack/phy/src/phy.o
 .bss.phyIb     0x008006c9        0x7 stack/phy/src/phy.o
 .bss.phyRxBuffer
                0x008006d0       0x80 stack/phy/src/phy.o
 .bss.timers    0x00800750        0x2 stack/sys/src/sysTimer.o
 .bss.appState  0x00800752        0x1 WSNDemo.o
 .bss.msg       0x00800753       0x31 WSNDemo.o
 .bss.nwkDataReq
                0x00800784       0x11 WSNDemo.o
 .bss.appDataSendingTimer
                0x00800795        0xd WSNDemo.o
 .bss.appNetworkStatus
                0x008007a2        0x1 WSNDemo.o
 .bss.appNetworkStatusTimer
                0x008007a3        0xd WSNDemo.o
 *(COMMON)
 COMMON         0x008007b0        0x1 stack/hal/src/halTimer.o
                0x008007b0                halTimerIrqCount
 COMMON         0x008007b1        0xc stack/nwk/src/nwk.o
                0x008007b1                nwkIb
                0x008007bd                PROVIDE (__bss_end, .)
                0x00001e4c                __data_load_start = LOADADDR (.data)
                0x00001e58                __data_load_end = (__data_load_start + SIZEOF (.data))

.noinit         0x008007bd        0x0
                0x008007bd                PROVIDE (__noinit_start, .)
 *(.noinit*)
                0x008007bd                PROVIDE (__noinit_end, .)
                0x008007bd                _end = .
                0x008007bd                PROVIDE (__heap_start, .)

.eeprom         0x00810000        0x0
 *(.eeprom*)
                0x00810000                __eeprom_end = .

.fuse
 *(.fuse)
 *(.lfuse)
 *(.hfuse)
 *(.efuse)

.lock
 *(.lock*)

.signature
 *(.signature*)

.stab           0x00000000      0x750
 *(.stab)
 .stab          0x00000000      0x6cc c:/program files (x86)/atmel/atmel studio 6.0/extensions/atmel/avrgcc/3.4.0.65/avrtoolchain/bin/../lib/gcc/avr/4.6.2/../../../../avr/lib/avr51/crtm128rfa1.o
 .stab          0x000006cc       0x84 c:/program files (x86)/atmel/atmel studio 6.0/extensions/atmel/avrgcc/3.4.0.65/avrtoolchain/bin/../lib/gcc/avr/4.6.2/../../../../avr/lib/avr51\libc.a(memcpy.o)
                                 0x90 (size before relaxing)

.stabstr        0x00000000       0xe7
 *(.stabstr)
 .stabstr       0x00000000       0xe7 c:/program files (x86)/atmel/atmel studio 6.0/extensions/atmel/avrgcc/3.4.0.65/avrtoolchain/bin/../lib/gcc/avr/4.6.2/../../../../avr/lib/avr51/crtm128rfa1.o

.stab.excl
 *(.stab.excl)

.stab.exclstr
 *(.stab.exclstr)

.stab.index
 *(.stab.index)

.stab.indexstr
 *(.stab.indexstr)

.comment
 *(.comment)

.debug
 *(.debug)

.line
 *(.line)

.debug_srcinfo
 *(.debug_srcinfo)

.debug_sfnames
 *(.debug_sfnames)

.debug_aranges  0x00000000      0x508
 *(.debug_aranges)
 .debug_aranges
                0x00000000       0x28 stack/hal/src/hal.o
 .debug_aranges
                0x00000028       0x28 stack/hal/src/halSleep.o
 .debug_aranges
                0x00000050       0x38 stack/hal/src/halTimer.o
 .debug_aranges
                0x00000088       0x48 stack/hal/src/halUart.o
 .debug_aranges
                0x000000d0       0x58 stack/nwk/src/nwk.o
 .debug_aranges
                0x00000128       0x40 stack/nwk/src/nwkDataReq.o
 .debug_aranges
                0x00000168       0x40 stack/nwk/src/nwkFrame.o
 .debug_aranges
                0x000001a8       0x70 stack/nwk/src/nwkRoute.o
 .debug_aranges
                0x00000218       0x58 stack/nwk/src/nwkRx.o
 .debug_aranges
                0x00000270       0x60 stack/nwk/src/nwkTx.o
 .debug_aranges
                0x000002d0       0x88 stack/phy/src/phy.o
 .debug_aranges
                0x00000358       0x28 stack/sys/src/sys.o
 .debug_aranges
                0x00000380       0x48 stack/sys/src/sysTimer.o
 .debug_aranges
                0x000003c8       0x48 WSNDemo.o
 .debug_aranges
                0x00000410       0x20 c:/program files (x86)/atmel/atmel studio 6.0/extensions/atmel/avrgcc/3.4.0.65/avrtoolchain/bin/../lib/gcc/avr/4.6.2/avr51\libgcc.a(_mulsi3.o)
 .debug_aranges
                0x00000430       0x20 c:/program files (x86)/atmel/atmel studio 6.0/extensions/atmel/avrgcc/3.4.0.65/avrtoolchain/bin/../lib/gcc/avr/4.6.2/avr51\libgcc.a(_udivmodsi4.o)
 .debug_aranges
                0x00000450       0x20 c:/program files (x86)/atmel/atmel studio 6.0/extensions/atmel/avrgcc/3.4.0.65/avrtoolchain/bin/../lib/gcc/avr/4.6.2/avr51\libgcc.a(_exit.o)
 .debug_aranges
                0x00000470       0x20 c:/program files (x86)/atmel/atmel studio 6.0/extensions/atmel/avrgcc/3.4.0.65/avrtoolchain/bin/../lib/gcc/avr/4.6.2/avr51\libgcc.a(_copy_data.o)
 .debug_aranges
                0x00000490       0x20 c:/program files (x86)/atmel/atmel studio 6.0/extensions/atmel/avrgcc/3.4.0.65/avrtoolchain/bin/../lib/gcc/avr/4.6.2/avr51\libgcc.a(_clear_bss.o)
 .debug_aranges
                0x000004b0       0x38 c:/program files (x86)/atmel/atmel studio 6.0/extensions/atmel/avrgcc/3.4.0.65/avrtoolchain/bin/../lib/gcc/avr/4.6.2/../../../../avr/lib/avr51\libc.a(rand.o)
 .debug_aranges
                0x000004e8       0x20 c:/program files (x86)/atmel/atmel studio 6.0/extensions/atmel/avrgcc/3.4.0.65/avrtoolchain/bin/../lib/gcc/avr/4.6.2/avr51\libgcc.a(_divmodsi4.o)

.debug_pubnames
 *(.debug_pubnames)

.debug_info     0x00000000     0x4990
 *(.debug_info)
 .debug_info    0x00000000       0xb5 stack/hal/src/hal.o
 .debug_info    0x000000b5      0x187 stack/hal/src/halSleep.o
 .debug_info    0x0000023c      0x118 stack/hal/src/halTimer.o
 .debug_info    0x00000354      0x2fe stack/hal/src/halUart.o
 .debug_info    0x00000652      0x2da stack/nwk/src/nwk.o
 .debug_info    0x0000092c      0x6ea stack/nwk/src/nwkDataReq.o
 .debug_info    0x00001016      0x548 stack/nwk/src/nwkFrame.o
 .debug_info    0x0000155e      0x78c stack/nwk/src/nwkRoute.o
 .debug_info    0x00001cea      0x9e6 stack/nwk/src/nwkRx.o
 .debug_info    0x000026d0      0x815 stack/nwk/src/nwkTx.o
 .debug_info    0x00002ee5      0x768 stack/phy/src/phy.o
 .debug_info    0x0000364d       0x90 stack/sys/src/sys.o
 .debug_info    0x000036dd      0x339 stack/sys/src/sysTimer.o
 .debug_info    0x00003a16      0x926 WSNDemo.o
 .debug_info    0x0000433c       0xde c:/program files (x86)/atmel/atmel studio 6.0/extensions/atmel/avrgcc/3.4.0.65/avrtoolchain/bin/../lib/gcc/avr/4.6.2/avr51\libgcc.a(_mulsi3.o)
 .debug_info    0x0000441a       0xde c:/program files (x86)/atmel/atmel studio 6.0/extensions/atmel/avrgcc/3.4.0.65/avrtoolchain/bin/../lib/gcc/avr/4.6.2/avr51\libgcc.a(_udivmodsi4.o)
 .debug_info    0x000044f8       0xde c:/program files (x86)/atmel/atmel studio 6.0/extensions/atmel/avrgcc/3.4.0.65/avrtoolchain/bin/../lib/gcc/avr/4.6.2/avr51\libgcc.a(_exit.o)
 .debug_info    0x000045d6       0xde c:/program files (x86)/atmel/atmel studio 6.0/extensions/atmel/avrgcc/3.4.0.65/avrtoolchain/bin/../lib/gcc/avr/4.6.2/avr51\libgcc.a(_copy_data.o)
 .debug_info    0x000046b4       0xde c:/program files (x86)/atmel/atmel studio 6.0/extensions/atmel/avrgcc/3.4.0.65/avrtoolchain/bin/../lib/gcc/avr/4.6.2/avr51\libgcc.a(_clear_bss.o)
 .debug_info    0x00004792      0x120 c:/program files (x86)/atmel/atmel studio 6.0/extensions/atmel/avrgcc/3.4.0.65/avrtoolchain/bin/../lib/gcc/avr/4.6.2/../../../../avr/lib/avr51\libc.a(rand.o)
 .debug_info    0x000048b2       0xde c:/program files (x86)/atmel/atmel studio 6.0/extensions/atmel/avrgcc/3.4.0.65/avrtoolchain/bin/../lib/gcc/avr/4.6.2/avr51\libgcc.a(_divmodsi4.o)
 *(.gnu.linkonce.wi.*)

.debug_abbrev   0x00000000     0x184e
 *(.debug_abbrev)
 .debug_abbrev  0x00000000       0x74 stack/hal/src/hal.o
 .debug_abbrev  0x00000074       0xc4 stack/hal/src/halSleep.o
 .debug_abbrev  0x00000138       0xc3 stack/hal/src/halTimer.o
 .debug_abbrev  0x000001fb      0x134 stack/hal/src/halUart.o
 .debug_abbrev  0x0000032f      0x13f stack/nwk/src/nwk.o
 .debug_abbrev  0x0000046e      0x227 stack/nwk/src/nwkDataReq.o
 .debug_abbrev  0x00000695      0x18e stack/nwk/src/nwkFrame.o
 .debug_abbrev  0x00000823      0x263 stack/nwk/src/nwkRoute.o
 .debug_abbrev  0x00000a86      0x335 stack/nwk/src/nwkRx.o
 .debug_abbrev  0x00000dbb      0x277 stack/nwk/src/nwkTx.o
 .debug_abbrev  0x00001032      0x280 stack/phy/src/phy.o
 .debug_abbrev  0x000012b2       0x43 stack/sys/src/sys.o
 .debug_abbrev  0x000012f5      0x1a4 stack/sys/src/sysTimer.o
 .debug_abbrev  0x00001499      0x270 WSNDemo.o
 .debug_abbrev  0x00001709       0x14 c:/program files (x86)/atmel/atmel studio 6.0/extensions/atmel/avrgcc/3.4.0.65/avrtoolchain/bin/../lib/gcc/avr/4.6.2/avr51\libgcc.a(_mulsi3.o)
 .debug_abbrev  0x0000171d       0x14 c:/program files (x86)/atmel/atmel studio 6.0/extensions/atmel/avrgcc/3.4.0.65/avrtoolchain/bin/../lib/gcc/avr/4.6.2/avr51\libgcc.a(_udivmodsi4.o)
 .debug_abbrev  0x00001731       0x14 c:/program files (x86)/atmel/atmel studio 6.0/extensions/atmel/avrgcc/3.4.0.65/avrtoolchain/bin/../lib/gcc/avr/4.6.2/avr51\libgcc.a(_exit.o)
 .debug_abbrev  0x00001745       0x14 c:/program files (x86)/atmel/atmel studio 6.0/extensions/atmel/avrgcc/3.4.0.65/avrtoolchain/bin/../lib/gcc/avr/4.6.2/avr51\libgcc.a(_copy_data.o)
 .debug_abbrev  0x00001759       0x14 c:/program files (x86)/atmel/atmel studio 6.0/extensions/atmel/avrgcc/3.4.0.65/avrtoolchain/bin/../lib/gcc/avr/4.6.2/avr51\libgcc.a(_clear_bss.o)
 .debug_abbrev  0x0000176d       0xcd c:/program files (x86)/atmel/atmel studio 6.0/extensions/atmel/avrgcc/3.4.0.65/avrtoolchain/bin/../lib/gcc/avr/4.6.2/../../../../avr/lib/avr51\libc.a(rand.o)
 .debug_abbrev  0x0000183a       0x14 c:/program files (x86)/atmel/atmel studio 6.0/extensions/atmel/avrgcc/3.4.0.65/avrtoolchain/bin/../lib/gcc/avr/4.6.2/avr51\libgcc.a(_divmodsi4.o)

.debug_line     0x00000000     0x3a58
 *(.debug_line)
 .debug_line    0x00000000      0x2f4 stack/hal/src/hal.o
 .debug_line    0x000002f4      0x341 stack/hal/src/halSleep.o
 .debug_line    0x00000635      0x329 stack/hal/src/halTimer.o
 .debug_line    0x0000095e      0x3a2 stack/hal/src/halUart.o
 .debug_line    0x00000d00      0x3e9 stack/nwk/src/nwk.o
 .debug_line    0x000010e9      0x3b4 stack/nwk/src/nwkDataReq.o
 .debug_line    0x0000149d      0x37e stack/nwk/src/nwkFrame.o
 .debug_line    0x0000181b      0x424 stack/nwk/src/nwkRoute.o
 .debug_line    0x00001c3f      0x4a8 stack/nwk/src/nwkRx.o
 .debug_line    0x000020e7      0x46e stack/nwk/src/nwkTx.o
 .debug_line    0x00002555      0x48d stack/phy/src/phy.o
 .debug_line    0x000029e2      0x368 stack/sys/src/sys.o
 .debug_line    0x00002d4a      0x3b6 stack/sys/src/sysTimer.o
 .debug_line    0x00003100      0x530 WSNDemo.o
 .debug_line    0x00003630       0xa5 c:/program files (x86)/atmel/atmel studio 6.0/extensions/atmel/avrgcc/3.4.0.65/avrtoolchain/bin/../lib/gcc/avr/4.6.2/avr51\libgcc.a(_mulsi3.o)
 .debug_line    0x000036d5       0xa8 c:/program files (x86)/atmel/atmel studio 6.0/extensions/atmel/avrgcc/3.4.0.65/avrtoolchain/bin/../lib/gcc/avr/4.6.2/avr51\libgcc.a(_udivmodsi4.o)
 .debug_line    0x0000377d       0x88 c:/program files (x86)/atmel/atmel studio 6.0/extensions/atmel/avrgcc/3.4.0.65/avrtoolchain/bin/../lib/gcc/avr/4.6.2/avr51\libgcc.a(_exit.o)
 .debug_line    0x00003805       0x93 c:/program files (x86)/atmel/atmel studio 6.0/extensions/atmel/avrgcc/3.4.0.65/avrtoolchain/bin/../lib/gcc/avr/4.6.2/avr51\libgcc.a(_copy_data.o)
 .debug_line    0x00003898       0x8e c:/program files (x86)/atmel/atmel studio 6.0/extensions/atmel/avrgcc/3.4.0.65/avrtoolchain/bin/../lib/gcc/avr/4.6.2/avr51\libgcc.a(_clear_bss.o)
 .debug_line    0x00003926       0x91 c:/program files (x86)/atmel/atmel studio 6.0/extensions/atmel/avrgcc/3.4.0.65/avrtoolchain/bin/../lib/gcc/avr/4.6.2/../../../../avr/lib/avr51\libc.a(rand.o)
 .debug_line    0x000039b7       0xa1 c:/program files (x86)/atmel/atmel studio 6.0/extensions/atmel/avrgcc/3.4.0.65/avrtoolchain/bin/../lib/gcc/avr/4.6.2/avr51\libgcc.a(_divmodsi4.o)

.debug_frame    0x00000000      0x9f8
 *(.debug_frame)
 .debug_frame   0x00000000       0x34 stack/hal/src/hal.o
 .debug_frame   0x00000034       0x50 stack/hal/src/halSleep.o
 .debug_frame   0x00000084       0x74 stack/hal/src/halTimer.o
 .debug_frame   0x000000f8       0xcc stack/hal/src/halUart.o
 .debug_frame   0x000001c4       0x94 stack/nwk/src/nwk.o
 .debug_frame   0x00000258       0x78 stack/nwk/src/nwkDataReq.o
 .debug_frame   0x000002d0       0x64 stack/nwk/src/nwkFrame.o
 .debug_frame   0x00000334      0x128 stack/nwk/src/nwkRoute.o
 .debug_frame   0x0000045c       0xe0 stack/nwk/src/nwkRx.o
 .debug_frame   0x0000053c      0x118 stack/nwk/src/nwkTx.o
 .debug_frame   0x00000654      0x17c stack/phy/src/phy.o
 .debug_frame   0x000007d0       0x34 stack/sys/src/sys.o
 .debug_frame   0x00000804       0xc0 stack/sys/src/sysTimer.o
 .debug_frame   0x000008c4       0xac WSNDemo.o
 .debug_frame   0x00000970       0x88 c:/program files (x86)/atmel/atmel studio 6.0/extensions/atmel/avrgcc/3.4.0.65/avrtoolchain/bin/../lib/gcc/avr/4.6.2/../../../../avr/lib/avr51\libc.a(rand.o)

.debug_str      0x00000000     0x1789
 *(.debug_str)
 .debug_str     0x00000000       0xa6 stack/hal/src/hal.o
                                 0xda (size before relaxing)
 .debug_str     0x000000a6       0x99 stack/hal/src/halSleep.o
                                0x149 (size before relaxing)
 .debug_str     0x0000013f       0x73 stack/hal/src/halTimer.o
                                0x123 (size before relaxing)
 .debug_str     0x000001b2       0xe0 stack/hal/src/halUart.o
                                0x1a8 (size before relaxing)
 .debug_str     0x00000292       0xf7 stack/nwk/src/nwk.o
                                0x1be (size before relaxing)
 .debug_str     0x00000389      0x321 stack/nwk/src/nwkDataReq.o
                                0x460 (size before relaxing)
 .debug_str     0x000006aa       0x8c stack/nwk/src/nwkFrame.o
                                0x345 (size before relaxing)
 .debug_str     0x00000736      0x16e stack/nwk/src/nwkRoute.o
                                0x435 (size before relaxing)
 .debug_str     0x000008a4      0x31b stack/nwk/src/nwkRx.o
                                0x598 (size before relaxing)
 .debug_str     0x00000bbf      0x214 stack/nwk/src/nwkTx.o
                                0x592 (size before relaxing)
 .debug_str     0x00000dd3      0x5bf stack/phy/src/phy.o
                                0x6aa (size before relaxing)
 .debug_str     0x00001392       0x30 stack/sys/src/sys.o
                                 0xcf (size before relaxing)
 .debug_str     0x000013c2       0x87 stack/sys/src/sysTimer.o
                                0x1d1 (size before relaxing)
 .debug_str     0x00001449      0x2d6 WSNDemo.o
                                0x58b (size before relaxing)
 .debug_str     0x0000171f       0x6a c:/program files (x86)/atmel/atmel studio 6.0/extensions/atmel/avrgcc/3.4.0.65/avrtoolchain/bin/../lib/gcc/avr/4.6.2/../../../../avr/lib/avr51\libc.a(rand.o)
                                 0xa8 (size before relaxing)

.debug_loc      0x00000000     0x1ba7
 *(.debug_loc)
 .debug_loc     0x00000000       0x13 stack/hal/src/hal.o
 .debug_loc     0x00000013      0x134 stack/hal/src/halSleep.o
 .debug_loc     0x00000147       0x90 stack/hal/src/halTimer.o
 .debug_loc     0x000001d7      0x1d6 stack/hal/src/halUart.o
 .debug_loc     0x000003ad       0x86 stack/nwk/src/nwk.o
 .debug_loc     0x00000433      0x15b stack/nwk/src/nwkDataReq.o
 .debug_loc     0x0000058e      0x10a stack/nwk/src/nwkFrame.o
 .debug_loc     0x00000698      0x441 stack/nwk/src/nwkRoute.o
 .debug_loc     0x00000ad9      0x39d stack/nwk/src/nwkRx.o
 .debug_loc     0x00000e76      0x3d3 stack/nwk/src/nwkTx.o
 .debug_loc     0x00001249      0x20e stack/phy/src/phy.o
 .debug_loc     0x00001457      0x3ab stack/sys/src/sysTimer.o
 .debug_loc     0x00001802      0x23e WSNDemo.o
 .debug_loc     0x00001a40      0x167 c:/program files (x86)/atmel/atmel studio 6.0/extensions/atmel/avrgcc/3.4.0.65/avrtoolchain/bin/../lib/gcc/avr/4.6.2/../../../../avr/lib/avr51\libc.a(rand.o)

.debug_macinfo  0x00000000    0xf6326
 *(.debug_macinfo)
 .debug_macinfo
                0x00000000    0x10da5 stack/hal/src/hal.o
 .debug_macinfo
                0x00010da5    0x10e22 stack/hal/src/halSleep.o
 .debug_macinfo
                0x00021bc7    0x10db9 stack/hal/src/halTimer.o
 .debug_macinfo
                0x00032980    0x1109f stack/hal/src/halUart.o
 .debug_macinfo
                0x00043a1f    0x1244f stack/nwk/src/nwk.o
 .debug_macinfo
                0x00055e6e    0x11564 stack/nwk/src/nwkDataReq.o
 .debug_macinfo
                0x000673d2    0x11564 stack/nwk/src/nwkFrame.o
 .debug_macinfo
                0x00078936    0x113bd stack/nwk/src/nwkRoute.o
 .debug_macinfo
                0x00089cf3    0x1251d stack/nwk/src/nwkRx.o
 .debug_macinfo
                0x0009c210    0x1248c stack/nwk/src/nwkTx.o
 .debug_macinfo
                0x000ae69c    0x11f1a stack/phy/src/phy.o
 .debug_macinfo
                0x000c05b6    0x11f54 stack/sys/src/sys.o
 .debug_macinfo
                0x000d250a    0x110de stack/sys/src/sysTimer.o
 .debug_macinfo
                0x000e35e8    0x12d3e WSNDemo.o
OUTPUT(WSNDemo.elf elf32-avr)
LOAD linker stubs

.debug_ranges   0x00000000      0x460
 .debug_ranges  0x00000000       0x18 stack/hal/src/hal.o
 .debug_ranges  0x00000018       0x18 stack/hal/src/halSleep.o
 .debug_ranges  0x00000030       0x28 stack/hal/src/halTimer.o
 .debug_ranges  0x00000058       0x38 stack/hal/src/halUart.o
 .debug_ranges  0x00000090       0x48 stack/nwk/src/nwk.o
 .debug_ranges  0x000000d8       0x30 stack/nwk/src/nwkDataReq.o
 .debug_ranges  0x00000108       0x30 stack/nwk/src/nwkFrame.o
 .debug_ranges  0x00000138       0x60 stack/nwk/src/nwkRoute.o
 .debug_ranges  0x00000198       0xd8 stack/nwk/src/nwkRx.o
 .debug_ranges  0x00000270       0x50 stack/nwk/src/nwkTx.o
 .debug_ranges  0x000002c0       0xa8 stack/phy/src/phy.o
 .debug_ranges  0x00000368       0x18 stack/sys/src/sys.o
 .debug_ranges  0x00000380       0x38 stack/sys/src/sysTimer.o
 .debug_ranges  0x000003b8       0x80 WSNDemo.o
 .debug_ranges  0x00000438       0x28 c:/program files (x86)/atmel/atmel studio 6.0/extensions/atmel/avrgcc/3.4.0.65/avrtoolchain/bin/../lib/gcc/avr/4.6.2/../../../../avr/lib/avr51\libc.a(rand.o)
