Archive member included because of file (symbol)

c:/program files (x86)/atmel/atmel studio 6.0/extensions/atmel/avrgcc/3.4.0.65/avrtoolchain/bin/../lib/gcc/avr/4.6.2/avr51\libgcc.a(_mulsi3.o)
                              stack/sys/src/sysTimer.o (__mulsi3)
c:/program files (x86)/atmel/atmel studio 6.0/extensions/atmel/avrgcc/3.4.0.65/avrtoolchain/bin/../lib/gcc/avr/4.6.2/avr51\libgcc.a(_udivmodhi4.o)
                              libraries/RTC.o (__udivmodhi4)
c:/program files (x86)/atmel/atmel studio 6.0/extensions/atmel/avrgcc/3.4.0.65/avrtoolchain/bin/../lib/gcc/avr/4.6.2/avr51\libgcc.a(_udivmodsi4.o)
                              stack/hal/src/halSleep.o (__udivmodsi4)
c:/program files (x86)/atmel/atmel studio 6.0/extensions/atmel/avrgcc/3.4.0.65/avrtoolchain/bin/../lib/gcc/avr/4.6.2/avr51\libgcc.a(_exit.o)
                              c:/program files (x86)/atmel/atmel studio 6.0/extensions/atmel/avrgcc/3.4.0.65/avrtoolchain/bin/../lib/gcc/avr/4.6.2/../../../../avr/lib/avr51/crtm128rfa1.o (exit)
c:/program files (x86)/atmel/atmel studio 6.0/extensions/atmel/avrgcc/3.4.0.65/avrtoolchain/bin/../lib/gcc/avr/4.6.2/avr51\libgcc.a(_copy_data.o)
                              components/command.o (__do_copy_data)
c:/program files (x86)/atmel/atmel studio 6.0/extensions/atmel/avrgcc/3.4.0.65/avrtoolchain/bin/../lib/gcc/avr/4.6.2/avr51\libgcc.a(_clear_bss.o)
                              components/command.o (__do_clear_bss)
c:/program files (x86)/atmel/atmel studio 6.0/extensions/atmel/avrgcc/3.4.0.65/avrtoolchain/bin/../lib/gcc/avr/4.6.2/../../../../avr/lib/avr51\libc.a(rand.o)
                              WSNDemo.o (rand)
c:/program files (x86)/atmel/atmel studio 6.0/extensions/atmel/avrgcc/3.4.0.65/avrtoolchain/bin/../lib/gcc/avr/4.6.2/../../../../avr/lib/avr51\libc.a(memcpy.o)
                              stack/nwk/src/nwkDataReq.o (memcpy)
c:/program files (x86)/atmel/atmel studio 6.0/extensions/atmel/avrgcc/3.4.0.65/avrtoolchain/bin/../lib/gcc/avr/4.6.2/../../../../avr/lib/avr51\libc.a(itoa.o)
                              WSNDemo.o (itoa)
c:/program files (x86)/atmel/atmel studio 6.0/extensions/atmel/avrgcc/3.4.0.65/avrtoolchain/bin/../lib/gcc/avr/4.6.2/../../../../avr/lib/avr51\libc.a(eerd_block_atmega128rfa1.o)
                              libraries/EEPROM.o (__eerd_block_m128rfa1)
c:/program files (x86)/atmel/atmel studio 6.0/extensions/atmel/avrgcc/3.4.0.65/avrtoolchain/bin/../lib/gcc/avr/4.6.2/../../../../avr/lib/avr51\libc.a(strrev.o)
                              c:/program files (x86)/atmel/atmel studio 6.0/extensions/atmel/avrgcc/3.4.0.65/avrtoolchain/bin/../lib/gcc/avr/4.6.2/../../../../avr/lib/avr51\libc.a(itoa.o) (strrev)
c:/program files (x86)/atmel/atmel studio 6.0/extensions/atmel/avrgcc/3.4.0.65/avrtoolchain/bin/../lib/gcc/avr/4.6.2/avr51\libgcc.a(_divmodsi4.o)
                              c:/program files (x86)/atmel/atmel studio 6.0/extensions/atmel/avrgcc/3.4.0.65/avrtoolchain/bin/../lib/gcc/avr/4.6.2/../../../../avr/lib/avr51\libc.a(rand.o) (__divmodsi4)

Allocating common symbols
Common symbol       size              file

validTime           0x1               WSNDemo.o
eoeoe               0x2               components/radio.o
debounceBuffer      0x18              components/portMonitor.o
nwkIb               0xc               stack/nwk/src/nwk.o
adcVal              0x2               WSNDemo.o
buf                 0x5               WSNDemo.o
halTimerIrqCount    0x1               stack/hal/src/halTimer.o
runningConfiguration
                    0x1000            WSNDemo.o
currentTime         0x3               WSNDemo.o
time_event_header   0x2               libraries/RTC.o

Discarded input sections

 .data          0x00000000        0x0 c:/program files (x86)/atmel/atmel studio 6.0/extensions/atmel/avrgcc/3.4.0.65/avrtoolchain/bin/../lib/gcc/avr/4.6.2/../../../../avr/lib/avr51/crtm128rfa1.o
 .bss           0x00000000        0x0 c:/program files (x86)/atmel/atmel studio 6.0/extensions/atmel/avrgcc/3.4.0.65/avrtoolchain/bin/../lib/gcc/avr/4.6.2/../../../../avr/lib/avr51/crtm128rfa1.o
 .text          0x00000000        0x0 components/command.o
 .data          0x00000000        0x0 components/command.o
 .bss           0x00000000        0x0 components/command.o
 .text          0x00000000        0x0 components/portMonitor.o
 .data          0x00000000       0x18 components/portMonitor.o
 .bss           0x00000000        0x0 components/portMonitor.o
 .text.launchEvents
                0x00000000      0x12c components/portMonitor.o
 .text.PortMonitor_TaskHandler
                0x00000000      0x368 components/portMonitor.o
 .bss.debounce_prt
                0x00000000        0x1 components/portMonitor.o
 .bss.lastValuesA
                0x00000000        0x8 components/portMonitor.o
 .bss.lastValuesD
                0x00000000        0x5 components/portMonitor.o
 .data.firstTime
                0x00000000        0x1 components/portMonitor.o
 .debug_info    0x00000000      0x833 components/portMonitor.o
 .debug_abbrev  0x00000000      0x1af components/portMonitor.o
 .debug_loc     0x00000000      0x430 components/portMonitor.o
 .debug_aranges
                0x00000000       0x28 components/portMonitor.o
 .debug_ranges  0x00000000       0x70 components/portMonitor.o
 .debug_line    0x00000000      0x461 components/portMonitor.o
 .debug_macinfo
                0x00000000    0x129f7 components/portMonitor.o
 .debug_str     0x00000000      0x600 components/portMonitor.o
 .debug_frame   0x00000000       0xd0 components/portMonitor.o
 COMMON         0x00000000       0x18 components/portMonitor.o
 .text          0x00000000        0x0 components/radio.o
 .bss           0x00000000        0x0 components/radio.o
 .text          0x00000000        0x0 libraries/ANALOG.o
 .data          0x00000000        0x0 libraries/ANALOG.o
 .bss           0x00000000        0x0 libraries/ANALOG.o
 .text          0x00000000        0x0 libraries/EEPROM.o
 .data          0x00000000        0x0 libraries/EEPROM.o
 .bss           0x00000000        0x0 libraries/EEPROM.o
 .text          0x00000000        0x0 libraries/RTC.o
 .data          0x00000000        0x0 libraries/RTC.o
 .bss           0x00000000        0x0 libraries/RTC.o
 .text          0x00000000        0x0 otaInterface.o
 .data          0x00000000        0x0 otaInterface.o
 .bss           0x00000000        0x0 otaInterface.o
 .debug_info    0x00000000       0x62 otaInterface.o
 .debug_abbrev  0x00000000       0x2c otaInterface.o
 .debug_line    0x00000000      0x31c otaInterface.o
 .debug_macinfo
                0x00000000    0x111d1 otaInterface.o
 .debug_str     0x00000000       0xb3 otaInterface.o
 .text          0x00000000        0x0 stack/hal/src/hal.o
 .data          0x00000000        0x0 stack/hal/src/hal.o
 .bss           0x00000000        0x0 stack/hal/src/hal.o
 .text          0x00000000        0x0 stack/hal/src/halPhy.o
 .data          0x00000000        0x0 stack/hal/src/halPhy.o
 .bss           0x00000000        0x0 stack/hal/src/halPhy.o
 .debug_info    0x00000000       0x29 stack/hal/src/halPhy.o
 .debug_abbrev  0x00000000       0x16 stack/hal/src/halPhy.o
 .debug_line    0x00000000       0x37 stack/hal/src/halPhy.o
 .debug_macinfo
                0x00000000     0x21fe stack/hal/src/halPhy.o
 .debug_str     0x00000000       0x52 stack/hal/src/halPhy.o
 .text          0x00000000        0x0 stack/hal/src/halSleep.o
 .data          0x00000000        0x0 stack/hal/src/halSleep.o
 .bss           0x00000000        0x0 stack/hal/src/halSleep.o
 .text          0x00000000        0x0 stack/hal/src/halTimer.o
 .data          0x00000000        0x0 stack/hal/src/halTimer.o
 .bss           0x00000000        0x0 stack/hal/src/halTimer.o
 .text          0x00000000        0x0 stack/hal/src/halUart.o
 .data          0x00000000        0x0 stack/hal/src/halUart.o
 .bss           0x00000000        0x0 stack/hal/src/halUart.o
 .text.HAL_UartWriteBuffer
                0x00000000       0x3a stack/hal/src/halUart.o
 .text          0x00000000        0x0 stack/nwk/src/nwk.o
 .data          0x00000000        0x0 stack/nwk/src/nwk.o
 .bss           0x00000000        0x0 stack/nwk/src/nwk.o
 .text          0x00000000        0x0 stack/nwk/src/nwkDataReq.o
 .data          0x00000000        0x0 stack/nwk/src/nwkDataReq.o
 .bss           0x00000000        0x0 stack/nwk/src/nwkDataReq.o
 .text          0x00000000        0x0 stack/nwk/src/nwkFrame.o
 .data          0x00000000        0x0 stack/nwk/src/nwkFrame.o
 .bss           0x00000000        0x0 stack/nwk/src/nwkFrame.o
 .text          0x00000000        0x0 stack/nwk/src/nwkRoute.o
 .data          0x00000000        0x0 stack/nwk/src/nwkRoute.o
 .bss           0x00000000        0x0 stack/nwk/src/nwkRoute.o
 .text          0x00000000        0x0 stack/nwk/src/nwkRx.o
 .data          0x00000000        0x0 stack/nwk/src/nwkRx.o
 .bss           0x00000000        0x0 stack/nwk/src/nwkRx.o
 .text.NWK_SetAckControl
                0x00000000        0x6 stack/nwk/src/nwkRx.o
 .text          0x00000000        0x0 stack/nwk/src/nwkSecurity.o
 .data          0x00000000        0x0 stack/nwk/src/nwkSecurity.o
 .bss           0x00000000        0x0 stack/nwk/src/nwkSecurity.o
 .debug_info    0x00000000       0x69 stack/nwk/src/nwkSecurity.o
 .debug_abbrev  0x00000000       0x2c stack/nwk/src/nwkSecurity.o
 .debug_line    0x00000000      0x32c stack/nwk/src/nwkSecurity.o
 .debug_macinfo
                0x00000000    0x11680 stack/nwk/src/nwkSecurity.o
 .debug_str     0x00000000       0xc4 stack/nwk/src/nwkSecurity.o
 .text          0x00000000        0x0 stack/nwk/src/nwkTx.o
 .data          0x00000000        0x0 stack/nwk/src/nwkTx.o
 .bss           0x00000000        0x0 stack/nwk/src/nwkTx.o
 .text          0x00000000        0x0 stack/phy/src/phy.o
 .data          0x00000000        0x0 stack/phy/src/phy.o
 .bss           0x00000000        0x0 stack/phy/src/phy.o
 .text          0x00000000        0x0 stack/service/src/otaClient.o
 .data          0x00000000        0x0 stack/service/src/otaClient.o
 .bss           0x00000000        0x0 stack/service/src/otaClient.o
 .debug_info    0x00000000       0x62 stack/service/src/otaClient.o
 .debug_abbrev  0x00000000       0x2c stack/service/src/otaClient.o
 .debug_line    0x00000000      0x21b stack/service/src/otaClient.o
 .debug_macinfo
                0x00000000     0x342b stack/service/src/otaClient.o
 .debug_str     0x00000000       0xc0 stack/service/src/otaClient.o
 .text          0x00000000        0x0 stack/service/src/otaServer.o
 .data          0x00000000        0x0 stack/service/src/otaServer.o
 .bss           0x00000000        0x0 stack/service/src/otaServer.o
 .debug_info    0x00000000       0x62 stack/service/src/otaServer.o
 .debug_abbrev  0x00000000       0x2c stack/service/src/otaServer.o
 .debug_line    0x00000000      0x21b stack/service/src/otaServer.o
 .debug_macinfo
                0x00000000     0x342b stack/service/src/otaServer.o
 .debug_str     0x00000000       0xc0 stack/service/src/otaServer.o
 .text          0x00000000        0x0 stack/sys/src/sys.o
 .data          0x00000000        0x0 stack/sys/src/sys.o
 .bss           0x00000000        0x0 stack/sys/src/sys.o
 .text          0x00000000        0x0 stack/sys/src/sysEncrypt.o
 .data          0x00000000        0x0 stack/sys/src/sysEncrypt.o
 .bss           0x00000000        0x0 stack/sys/src/sysEncrypt.o
 .debug_info    0x00000000       0x62 stack/sys/src/sysEncrypt.o
 .debug_abbrev  0x00000000       0x2c stack/sys/src/sysEncrypt.o
 .debug_line    0x00000000      0x322 stack/sys/src/sysEncrypt.o
 .debug_macinfo
                0x00000000    0x121c5 stack/sys/src/sysEncrypt.o
 .debug_str     0x00000000       0xbd stack/sys/src/sysEncrypt.o
 .text          0x00000000        0x0 stack/sys/src/sysTimer.o
 .data          0x00000000        0x0 stack/sys/src/sysTimer.o
 .bss           0x00000000        0x0 stack/sys/src/sysTimer.o
 .text          0x00000000        0x0 WSNDemo.o
 .bss           0x00000000        0x0 WSNDemo.o
 .text          0x00000000        0x0 c:/program files (x86)/atmel/atmel studio 6.0/extensions/atmel/avrgcc/3.4.0.65/avrtoolchain/bin/../lib/gcc/avr/4.6.2/avr51\libgcc.a(_mulsi3.o)
 .data          0x00000000        0x0 c:/program files (x86)/atmel/atmel studio 6.0/extensions/atmel/avrgcc/3.4.0.65/avrtoolchain/bin/../lib/gcc/avr/4.6.2/avr51\libgcc.a(_mulsi3.o)
 .bss           0x00000000        0x0 c:/program files (x86)/atmel/atmel studio 6.0/extensions/atmel/avrgcc/3.4.0.65/avrtoolchain/bin/../lib/gcc/avr/4.6.2/avr51\libgcc.a(_mulsi3.o)
 .text          0x00000000        0x0 c:/program files (x86)/atmel/atmel studio 6.0/extensions/atmel/avrgcc/3.4.0.65/avrtoolchain/bin/../lib/gcc/avr/4.6.2/avr51\libgcc.a(_udivmodhi4.o)
 .data          0x00000000        0x0 c:/program files (x86)/atmel/atmel studio 6.0/extensions/atmel/avrgcc/3.4.0.65/avrtoolchain/bin/../lib/gcc/avr/4.6.2/avr51\libgcc.a(_udivmodhi4.o)
 .bss           0x00000000        0x0 c:/program files (x86)/atmel/atmel studio 6.0/extensions/atmel/avrgcc/3.4.0.65/avrtoolchain/bin/../lib/gcc/avr/4.6.2/avr51\libgcc.a(_udivmodhi4.o)
 .text          0x00000000        0x0 c:/program files (x86)/atmel/atmel studio 6.0/extensions/atmel/avrgcc/3.4.0.65/avrtoolchain/bin/../lib/gcc/avr/4.6.2/avr51\libgcc.a(_udivmodsi4.o)
 .data          0x00000000        0x0 c:/program files (x86)/atmel/atmel studio 6.0/extensions/atmel/avrgcc/3.4.0.65/avrtoolchain/bin/../lib/gcc/avr/4.6.2/avr51\libgcc.a(_udivmodsi4.o)
 .bss           0x00000000        0x0 c:/program files (x86)/atmel/atmel studio 6.0/extensions/atmel/avrgcc/3.4.0.65/avrtoolchain/bin/../lib/gcc/avr/4.6.2/avr51\libgcc.a(_udivmodsi4.o)
 .text          0x00000000        0x0 c:/program files (x86)/atmel/atmel studio 6.0/extensions/atmel/avrgcc/3.4.0.65/avrtoolchain/bin/../lib/gcc/avr/4.6.2/avr51\libgcc.a(_exit.o)
 .data          0x00000000        0x0 c:/program files (x86)/atmel/atmel studio 6.0/extensions/atmel/avrgcc/3.4.0.65/avrtoolchain/bin/../lib/gcc/avr/4.6.2/avr51\libgcc.a(_exit.o)
 .bss           0x00000000        0x0 c:/program files (x86)/atmel/atmel studio 6.0/extensions/atmel/avrgcc/3.4.0.65/avrtoolchain/bin/../lib/gcc/avr/4.6.2/avr51\libgcc.a(_exit.o)
 .text.libgcc   0x00000000        0x0 c:/program files (x86)/atmel/atmel studio 6.0/extensions/atmel/avrgcc/3.4.0.65/avrtoolchain/bin/../lib/gcc/avr/4.6.2/avr51\libgcc.a(_exit.o)
 .text          0x00000000        0x0 c:/program files (x86)/atmel/atmel studio 6.0/extensions/atmel/avrgcc/3.4.0.65/avrtoolchain/bin/../lib/gcc/avr/4.6.2/avr51\libgcc.a(_copy_data.o)
 .data          0x00000000        0x0 c:/program files (x86)/atmel/atmel studio 6.0/extensions/atmel/avrgcc/3.4.0.65/avrtoolchain/bin/../lib/gcc/avr/4.6.2/avr51\libgcc.a(_copy_data.o)
 .bss           0x00000000        0x0 c:/program files (x86)/atmel/atmel studio 6.0/extensions/atmel/avrgcc/3.4.0.65/avrtoolchain/bin/../lib/gcc/avr/4.6.2/avr51\libgcc.a(_copy_data.o)
 .text.libgcc   0x00000000        0x0 c:/program files (x86)/atmel/atmel studio 6.0/extensions/atmel/avrgcc/3.4.0.65/avrtoolchain/bin/../lib/gcc/avr/4.6.2/avr51\libgcc.a(_copy_data.o)
 .text          0x00000000        0x0 c:/program files (x86)/atmel/atmel studio 6.0/extensions/atmel/avrgcc/3.4.0.65/avrtoolchain/bin/../lib/gcc/avr/4.6.2/avr51\libgcc.a(_clear_bss.o)
 .data          0x00000000        0x0 c:/program files (x86)/atmel/atmel studio 6.0/extensions/atmel/avrgcc/3.4.0.65/avrtoolchain/bin/../lib/gcc/avr/4.6.2/avr51\libgcc.a(_clear_bss.o)
 .bss           0x00000000        0x0 c:/program files (x86)/atmel/atmel studio 6.0/extensions/atmel/avrgcc/3.4.0.65/avrtoolchain/bin/../lib/gcc/avr/4.6.2/avr51\libgcc.a(_clear_bss.o)
 .text.libgcc   0x00000000        0x0 c:/program files (x86)/atmel/atmel studio 6.0/extensions/atmel/avrgcc/3.4.0.65/avrtoolchain/bin/../lib/gcc/avr/4.6.2/avr51\libgcc.a(_clear_bss.o)
 .text          0x00000000        0x0 c:/program files (x86)/atmel/atmel studio 6.0/extensions/atmel/avrgcc/3.4.0.65/avrtoolchain/bin/../lib/gcc/avr/4.6.2/../../../../avr/lib/avr51\libc.a(rand.o)
 .bss           0x00000000        0x0 c:/program files (x86)/atmel/atmel studio 6.0/extensions/atmel/avrgcc/3.4.0.65/avrtoolchain/bin/../lib/gcc/avr/4.6.2/../../../../avr/lib/avr51\libc.a(rand.o)
 .text          0x00000000        0x0 c:/program files (x86)/atmel/atmel studio 6.0/extensions/atmel/avrgcc/3.4.0.65/avrtoolchain/bin/../lib/gcc/avr/4.6.2/../../../../avr/lib/avr51\libc.a(memcpy.o)
 .data          0x00000000        0x0 c:/program files (x86)/atmel/atmel studio 6.0/extensions/atmel/avrgcc/3.4.0.65/avrtoolchain/bin/../lib/gcc/avr/4.6.2/../../../../avr/lib/avr51\libc.a(memcpy.o)
 .bss           0x00000000        0x0 c:/program files (x86)/atmel/atmel studio 6.0/extensions/atmel/avrgcc/3.4.0.65/avrtoolchain/bin/../lib/gcc/avr/4.6.2/../../../../avr/lib/avr51\libc.a(memcpy.o)
 .text          0x00000000        0x0 c:/program files (x86)/atmel/atmel studio 6.0/extensions/atmel/avrgcc/3.4.0.65/avrtoolchain/bin/../lib/gcc/avr/4.6.2/../../../../avr/lib/avr51\libc.a(itoa.o)
 .data          0x00000000        0x0 c:/program files (x86)/atmel/atmel studio 6.0/extensions/atmel/avrgcc/3.4.0.65/avrtoolchain/bin/../lib/gcc/avr/4.6.2/../../../../avr/lib/avr51\libc.a(itoa.o)
 .bss           0x00000000        0x0 c:/program files (x86)/atmel/atmel studio 6.0/extensions/atmel/avrgcc/3.4.0.65/avrtoolchain/bin/../lib/gcc/avr/4.6.2/../../../../avr/lib/avr51\libc.a(itoa.o)
 .text          0x00000000        0x0 c:/program files (x86)/atmel/atmel studio 6.0/extensions/atmel/avrgcc/3.4.0.65/avrtoolchain/bin/../lib/gcc/avr/4.6.2/../../../../avr/lib/avr51\libc.a(eerd_block_atmega128rfa1.o)
 .data          0x00000000        0x0 c:/program files (x86)/atmel/atmel studio 6.0/extensions/atmel/avrgcc/3.4.0.65/avrtoolchain/bin/../lib/gcc/avr/4.6.2/../../../../avr/lib/avr51\libc.a(eerd_block_atmega128rfa1.o)
 .bss           0x00000000        0x0 c:/program files (x86)/atmel/atmel studio 6.0/extensions/atmel/avrgcc/3.4.0.65/avrtoolchain/bin/../lib/gcc/avr/4.6.2/../../../../avr/lib/avr51\libc.a(eerd_block_atmega128rfa1.o)
 .text          0x00000000        0x0 c:/program files (x86)/atmel/atmel studio 6.0/extensions/atmel/avrgcc/3.4.0.65/avrtoolchain/bin/../lib/gcc/avr/4.6.2/../../../../avr/lib/avr51\libc.a(strrev.o)
 .data          0x00000000        0x0 c:/program files (x86)/atmel/atmel studio 6.0/extensions/atmel/avrgcc/3.4.0.65/avrtoolchain/bin/../lib/gcc/avr/4.6.2/../../../../avr/lib/avr51\libc.a(strrev.o)
 .bss           0x00000000        0x0 c:/program files (x86)/atmel/atmel studio 6.0/extensions/atmel/avrgcc/3.4.0.65/avrtoolchain/bin/../lib/gcc/avr/4.6.2/../../../../avr/lib/avr51\libc.a(strrev.o)
 .text          0x00000000        0x0 c:/program files (x86)/atmel/atmel studio 6.0/extensions/atmel/avrgcc/3.4.0.65/avrtoolchain/bin/../lib/gcc/avr/4.6.2/avr51\libgcc.a(_divmodsi4.o)
 .data          0x00000000        0x0 c:/program files (x86)/atmel/atmel studio 6.0/extensions/atmel/avrgcc/3.4.0.65/avrtoolchain/bin/../lib/gcc/avr/4.6.2/avr51\libgcc.a(_divmodsi4.o)
 .bss           0x00000000        0x0 c:/program files (x86)/atmel/atmel studio 6.0/extensions/atmel/avrgcc/3.4.0.65/avrtoolchain/bin/../lib/gcc/avr/4.6.2/avr51\libgcc.a(_divmodsi4.o)

Memory Configuration

Name             Origin             Length             Attributes
text             0x00000000         0x00020000         xr
data             0x00800100         0x0000ff00         rw !x
eeprom           0x00810000         0x00010000         rw !x
fuse             0x00820000         0x00000400         rw !x
lock             0x00830000         0x00000400         rw !x
signature        0x00840000         0x00000400         rw !x
*default*        0x00000000         0xffffffff

Linker script and memory map

Address of section .data set to 0x800200
LOAD c:/program files (x86)/atmel/atmel studio 6.0/extensions/atmel/avrgcc/3.4.0.65/avrtoolchain/bin/../lib/gcc/avr/4.6.2/../../../../avr/lib/avr51/crtm128rfa1.o
LOAD components/command.o
LOAD components/portMonitor.o
LOAD components/radio.o
LOAD libraries/ANALOG.o
LOAD libraries/EEPROM.o
LOAD libraries/RTC.o
LOAD otaInterface.o
LOAD stack/hal/src/hal.o
LOAD stack/hal/src/halPhy.o
LOAD stack/hal/src/halSleep.o
LOAD stack/hal/src/halTimer.o
LOAD stack/hal/src/halUart.o
LOAD stack/nwk/src/nwk.o
LOAD stack/nwk/src/nwkDataReq.o
LOAD stack/nwk/src/nwkFrame.o
LOAD stack/nwk/src/nwkRoute.o
LOAD stack/nwk/src/nwkRx.o
LOAD stack/nwk/src/nwkSecurity.o
LOAD stack/nwk/src/nwkTx.o
LOAD stack/phy/src/phy.o
LOAD stack/service/src/otaClient.o
LOAD stack/service/src/otaServer.o
LOAD stack/sys/src/sys.o
LOAD stack/sys/src/sysEncrypt.o
LOAD stack/sys/src/sysTimer.o
LOAD WSNDemo.o
START GROUP
END GROUP
LOAD c:/program files (x86)/atmel/atmel studio 6.0/extensions/atmel/avrgcc/3.4.0.65/avrtoolchain/bin/../lib/gcc/avr/4.6.2/avr51\libgcc.a
LOAD c:/program files (x86)/atmel/atmel studio 6.0/extensions/atmel/avrgcc/3.4.0.65/avrtoolchain/bin/../lib/gcc/avr/4.6.2/../../../../avr/lib/avr51\libc.a
LOAD c:/program files (x86)/atmel/atmel studio 6.0/extensions/atmel/avrgcc/3.4.0.65/avrtoolchain/bin/../lib/gcc/avr/4.6.2/avr51\libgcc.a

.hash
 *(.hash)

.dynsym
 *(.dynsym)

.dynstr
 *(.dynstr)

.gnu.version
 *(.gnu.version)

.gnu.version_d
 *(.gnu.version_d)

.gnu.version_r
 *(.gnu.version_r)

.rel.init
 *(.rel.init)

.rela.init
 *(.rela.init)

.rel.text
 *(.rel.text)
 *(.rel.text.*)
 *(.rel.gnu.linkonce.t*)

.rela.text
 *(.rela.text)
 *(.rela.text.*)
 *(.rela.gnu.linkonce.t*)

.rel.fini
 *(.rel.fini)

.rela.fini
 *(.rela.fini)

.rel.rodata
 *(.rel.rodata)
 *(.rel.rodata.*)
 *(.rel.gnu.linkonce.r*)

.rela.rodata
 *(.rela.rodata)
 *(.rela.rodata.*)
 *(.rela.gnu.linkonce.r*)

.rel.data
 *(.rel.data)
 *(.rel.data.*)
 *(.rel.gnu.linkonce.d*)

.rela.data
 *(.rela.data)
 *(.rela.data.*)
 *(.rela.gnu.linkonce.d*)

.rel.ctors
 *(.rel.ctors)

.rela.ctors
 *(.rela.ctors)

.rel.dtors
 *(.rel.dtors)

.rela.dtors
 *(.rela.dtors)

.rel.got
 *(.rel.got)

.rela.got
 *(.rela.got)

.rel.bss
 *(.rel.bss)

.rela.bss
 *(.rela.bss)

.rel.plt
 *(.rel.plt)

.rela.plt
 *(.rela.plt)

.text           0x00000000     0x2540
 *(.vectors)
 .vectors       0x00000000      0x120 c:/program files (x86)/atmel/atmel studio 6.0/extensions/atmel/avrgcc/3.4.0.65/avrtoolchain/bin/../lib/gcc/avr/4.6.2/../../../../avr/lib/avr51/crtm128rfa1.o
                0x00000000                __vector_default
                0x00000000                __vectors
 *(.vectors)
 *(.progmem.gcc*)
 *(.progmem*)
                0x00000120                . = ALIGN (0x2)
                0x00000120                __trampolines_start = .
 *(.trampolines)
 .trampolines   0x00000120        0x0 linker stubs
 *(.trampolines*)
                0x00000120                __trampolines_end = .
 *(.jumptables)
 *(.jumptables*)
 *(.lowtext)
 *(.lowtext*)
                0x00000120                __ctors_start = .
 *(.ctors)
                0x00000120                __ctors_end = .
                0x00000120                __dtors_start = .
 *(.dtors)
                0x00000120                __dtors_end = .
 SORT(*)(.ctors)
 SORT(*)(.dtors)
 *(.init0)
 .init0         0x00000120        0x0 c:/program files (x86)/atmel/atmel studio 6.0/extensions/atmel/avrgcc/3.4.0.65/avrtoolchain/bin/../lib/gcc/avr/4.6.2/../../../../avr/lib/avr51/crtm128rfa1.o
                0x00000120                __init
 *(.init0)
 *(.init1)
 *(.init1)
 *(.init2)
 .init2         0x00000120        0xc c:/program files (x86)/atmel/atmel studio 6.0/extensions/atmel/avrgcc/3.4.0.65/avrtoolchain/bin/../lib/gcc/avr/4.6.2/../../../../avr/lib/avr51/crtm128rfa1.o
 *(.init2)
 *(.init3)
 *(.init3)
 *(.init4)
 .init4         0x0000012c       0x1a c:/program files (x86)/atmel/atmel studio 6.0/extensions/atmel/avrgcc/3.4.0.65/avrtoolchain/bin/../lib/gcc/avr/4.6.2/avr51\libgcc.a(_copy_data.o)
                0x0000012c                __do_copy_data
 .init4         0x00000146       0x10 c:/program files (x86)/atmel/atmel studio 6.0/extensions/atmel/avrgcc/3.4.0.65/avrtoolchain/bin/../lib/gcc/avr/4.6.2/avr51\libgcc.a(_clear_bss.o)
                0x00000146                __do_clear_bss
 *(.init4)
 *(.init5)
 *(.init5)
 *(.init6)
 *(.init6)
 *(.init7)
 *(.init7)
 *(.init8)
 *(.init8)
 *(.init9)
 .init9         0x00000156        0x8 c:/program files (x86)/atmel/atmel studio 6.0/extensions/atmel/avrgcc/3.4.0.65/avrtoolchain/bin/../lib/gcc/avr/4.6.2/../../../../avr/lib/avr51/crtm128rfa1.o
 *(.init9)
 *(.text)
 .text          0x0000015e        0x4 c:/program files (x86)/atmel/atmel studio 6.0/extensions/atmel/avrgcc/3.4.0.65/avrtoolchain/bin/../lib/gcc/avr/4.6.2/../../../../avr/lib/avr51/crtm128rfa1.o
                0x0000015e                __vector_38
                0x0000015e                __vector_22
                0x0000015e                __vector_28
                0x0000015e                __vector_67
                0x0000015e                __vector_1
                0x0000015e                __vector_32
                0x0000015e                __vector_71
                0x0000015e                __vector_34
                0x0000015e                __vector_62
                0x0000015e                __vector_24
                0x0000015e                __vector_12
                0x0000015e                __vector_55
                0x0000015e                __vector_69
                0x0000015e                __vector_46
                0x0000015e                __bad_interrupt
                0x0000015e                __vector_6
                0x0000015e                __vector_31
                0x0000015e                __vector_35
                0x0000015e                __vector_39
                0x0000015e                __vector_3
                0x0000015e                __vector_23
                0x0000015e                __vector_68
                0x0000015e                __vector_30
                0x0000015e                __vector_45
                0x0000015e                __vector_61
                0x0000015e                __vector_11
                0x0000015e                __vector_54
                0x0000015e                __vector_17
                0x0000015e                __vector_19
                0x0000015e                __vector_56
                0x0000015e                __vector_7
                0x0000015e                __vector_49
                0x0000015e                __vector_41
                0x0000015e                __vector_64
                0x0000015e                __vector_27
                0x0000015e                __vector_5
                0x0000015e                __vector_33
                0x0000015e                __vector_47
                0x0000015e                __vector_52
                0x0000015e                __vector_37
                0x0000015e                __vector_4
                0x0000015e                __vector_44
                0x0000015e                __vector_51
                0x0000015e                __vector_9
                0x0000015e                __vector_2
                0x0000015e                __vector_21
                0x0000015e                __vector_66
                0x0000015e                __vector_36
                0x0000015e                __vector_58
                0x0000015e                __vector_70
                0x0000015e                __vector_29
                0x0000015e                __vector_40
                0x0000015e                __vector_8
                0x0000015e                __vector_48
                0x0000015e                __vector_14
                0x0000015e                __vector_57
                0x0000015e                __vector_53
                0x0000015e                __vector_10
                0x0000015e                __vector_50
                0x0000015e                __vector_16
                0x0000015e                __vector_59
                0x0000015e                __vector_18
                0x0000015e                __vector_20
                0x0000015e                __vector_65
                0x00000162                . = ALIGN (0x2)
 *(.text.*)
 .text.getCommandArgsLenght
                0x00000162       0x30 components/command.o
                0x00000162                getCommandArgsLenght
 .text.RF_Send_Event
                0x00000192       0xa2 components/radio.o
                0x00000192                RF_Send_Event
 .text.ADC_Reference
                0x00000234        0x6 libraries/ANALOG.o
                0x00000234                ADC_Reference
 .text.ADC_Read
                0x0000023a       0x60 libraries/ANALOG.o
                0x0000023a                ADC_Read
 .text.EEPROM_Init
                0x0000029a       0x32 libraries/EEPROM.o
                0x0000029a                EEPROM_Init
 .text.RTC_Init
                0x000002cc       0x48 libraries/RTC.o
                0x000002cc                RTC_Init
 .text.Validate_Time
                0x00000314       0x1c libraries/RTC.o
                0x00000314                Validate_Time
 .text.numWrite
                0x00000330       0x80 libraries/RTC.o
                0x00000330                numWrite
 .text.compareTimes
                0x000003b0       0x42 libraries/RTC.o
                0x000003b0                compareTimes
 .text.searchFirstTimeEvent
                0x000003f2       0x82 libraries/RTC.o
                0x000003f2                searchFirstTimeEvent
 .text.__vector_15
                0x00000474      0x100 libraries/RTC.o
                0x00000474                __vector_15
 .text.HAL_Init
                0x00000574       0x1a stack/hal/src/hal.o
                0x00000574                HAL_Init
 .text.HAL_Delay
                0x0000058e        0x8 stack/hal/src/hal.o
                0x0000058e                HAL_Delay
 .text.HAL_Sleep
                0x00000596       0xfe stack/hal/src/halSleep.o
                0x00000596                HAL_Sleep
 .text.__vector_13
                0x00000694       0x1e stack/hal/src/halSleep.o
                0x00000694                __vector_13
 .text.HAL_TimerInit
                0x000006b2       0x2a stack/hal/src/halTimer.o
                0x000006b2                HAL_TimerInit
 .text.HAL_TimerDelay
                0x000006dc       0x68 stack/hal/src/halTimer.o
                0x000006dc                HAL_TimerDelay
 .text.__vector_42
                0x00000744       0x22 stack/hal/src/halTimer.o
                0x00000744                __vector_42
 .text.__vector_43
                0x00000766       0x1e stack/hal/src/halTimer.o
                0x00000766                __vector_43
 .text.HAL_UartInit
                0x00000784       0xb8 stack/hal/src/halUart.o
                0x00000784                HAL_UartInit
 .text.HAL_UartWriteByte
                0x0000083c       0x54 stack/hal/src/halUart.o
                0x0000083c                HAL_UartWriteByte
 .text.HAL_UartPrint
                0x00000890       0x5e stack/hal/src/halUart.o
                0x00000890                HAL_UartPrint
 .text.HAL_UartReadByte
                0x000008ee       0x5c stack/hal/src/halUart.o
                0x000008ee                HAL_UartReadByte
 .text.__vector_26
                0x0000094a       0x38 stack/hal/src/halUart.o
                0x0000094a                __vector_26
 .text.__vector_25
                0x00000982       0xb0 stack/hal/src/halUart.o
                0x00000982                __vector_25
 .text.HAL_UartTaskHandler
                0x00000a32       0x8e stack/hal/src/halUart.o
                0x00000a32                HAL_UartTaskHandler
 .text.NWK_Init
                0x00000ac0       0x32 stack/nwk/src/nwk.o
                0x00000ac0                NWK_Init
 .text.NWK_SetAddr
                0x00000af2        0xe stack/nwk/src/nwk.o
                0x00000af2                NWK_SetAddr
 .text.NWK_SetPanId
                0x00000b00        0xe stack/nwk/src/nwk.o
                0x00000b00                NWK_SetPanId
 .text.NWK_OpenEndpoint
                0x00000b0e       0x12 stack/nwk/src/nwk.o
                0x00000b0e                NWK_OpenEndpoint
 .text.NWK_Busy
                0x00000b20       0x2a stack/nwk/src/nwk.o
                0x00000b20                NWK_Busy
 .text.NWK_SleepReq
                0x00000b4a        0x6 stack/nwk/src/nwk.o
                0x00000b4a                NWK_SleepReq
 .text.NWK_WakeupReq
                0x00000b50        0x6 stack/nwk/src/nwk.o
                0x00000b50                NWK_WakeupReq
 .text.NWK_TaskHandler
                0x00000b56        0xe stack/nwk/src/nwk.o
                0x00000b56                NWK_TaskHandler
 .text.nwkDataReqTxConf
                0x00000b64       0x3e stack/nwk/src/nwkDataReq.o
 .text.nwkDataReqInit
                0x00000ba2        0xa stack/nwk/src/nwkDataReq.o
                0x00000ba2                nwkDataReqInit
 .text.NWK_DataReq
                0x00000bac       0x2a stack/nwk/src/nwkDataReq.o
                0x00000bac                NWK_DataReq
 .text.nwkDataReqBusy
                0x00000bd6       0x14 stack/nwk/src/nwkDataReq.o
                0x00000bd6                nwkDataReqBusy
 .text.nwkDataReqTaskHandler
                0x00000bea      0x11a stack/nwk/src/nwkDataReq.o
                0x00000bea                nwkDataReqTaskHandler
 .text.nwkFrameInit
                0x00000d04        0xe stack/nwk/src/nwkFrame.o
                0x00000d04                nwkFrameInit
 .text.nwkFrameAlloc
                0x00000d12       0x4c stack/nwk/src/nwkFrame.o
                0x00000d12                nwkFrameAlloc
 .text.nwkFrameFree
                0x00000d5e        0x6 stack/nwk/src/nwkFrame.o
                0x00000d5e                nwkFrameFree
 .text.nwkFrameByIndex
                0x00000d64       0x1c stack/nwk/src/nwkFrame.o
                0x00000d64                nwkFrameByIndex
 .text.nwkFrameCommandInit
                0x00000d80       0x4a stack/nwk/src/nwkFrame.o
                0x00000d80                nwkFrameCommandInit
 .text.nwkRouteFindRecord
                0x00000dca       0x42 stack/nwk/src/nwkRoute.o
 .text.nwkRouteErrorConf
                0x00000e0c        0x6 stack/nwk/src/nwkRoute.o
 .text.nwkRouteTxFrameConf
                0x00000e12        0x6 stack/nwk/src/nwkRoute.o
 .text.nwkRouteInit
                0x00000e18       0x18 stack/nwk/src/nwkRoute.o
                0x00000e18                nwkRouteInit
 .text.nwkRouteRemove
                0x00000e30       0x14 stack/nwk/src/nwkRoute.o
                0x00000e30                nwkRouteRemove
 .text.nwkRouteFrameReceived
                0x00000e44       0x82 stack/nwk/src/nwkRoute.o
                0x00000e44                nwkRouteFrameReceived
 .text.nwkRouteFrameSent
                0x00000ec6       0xb2 stack/nwk/src/nwkRoute.o
                0x00000ec6                nwkRouteFrameSent
 .text.nwkRouteNextHop
                0x00000f78       0x4a stack/nwk/src/nwkRoute.o
                0x00000f78                nwkRouteNextHop
 .text.nwkRouteFrame
                0x00000fc2       0x98 stack/nwk/src/nwkRoute.o
                0x00000fc2                nwkRouteFrame
 .text.nwkRouteErrorReceived
                0x0000105a       0x14 stack/nwk/src/nwkRoute.o
                0x0000105a                nwkRouteErrorReceived
 .text.NWK_RouteNextHop
                0x0000106e        0x6 stack/nwk/src/nwkRoute.o
                0x0000106e                NWK_RouteNextHop
 .text.nwkRxSendAckConf
                0x00001074        0x6 stack/nwk/src/nwkRx.o
 .text.nwkRxDuplicateRejectionTimerHandler
                0x0000107a       0x2e stack/nwk/src/nwkRx.o
 .text.nwkRxSeriveDataInd
                0x000010a8       0x26 stack/nwk/src/nwkRx.o
 .text.nwkRxInit
                0x000010ce       0x4a stack/nwk/src/nwkRx.o
                0x000010ce                nwkRxInit
 .text.PHY_DataInd
                0x00001118       0x60 stack/nwk/src/nwkRx.o
                0x00001118                PHY_DataInd
 .text.nwkRxBusy
                0x00001178        0xe stack/nwk/src/nwkRx.o
                0x00001178                nwkRxBusy
 .text.nwkRxTaskHandler
                0x00001186      0x3b2 stack/nwk/src/nwkRx.o
                0x00001186                nwkRxTaskHandler
 .text.nwkTxBroadcastConf
                0x00001538        0x6 stack/nwk/src/nwkTx.o
 .text.nwkTxAckWaitTimerHandler
                0x0000153e       0x60 stack/nwk/src/nwkTx.o
 .text.nwkTxInit
                0x0000159e       0x36 stack/nwk/src/nwkTx.o
                0x0000159e                nwkTxInit
 .text.nwkTxFrame
                0x000015d4       0x7a stack/nwk/src/nwkTx.o
                0x000015d4                nwkTxFrame
 .text.nwkTxBroadcastFrame
                0x0000164e       0x90 stack/nwk/src/nwkTx.o
                0x0000164e                nwkTxBroadcastFrame
 .text.nwkTxAckReceived
                0x000016de       0x48 stack/nwk/src/nwkTx.o
                0x000016de                nwkTxAckReceived
 .text.nwkTxBusy
                0x00001726        0xe stack/nwk/src/nwkTx.o
                0x00001726                nwkTxBusy
 .text.PHY_DataConf
                0x00001734       0x38 stack/nwk/src/nwkTx.o
                0x00001734                PHY_DataConf
 .text.nwkTxTaskHandler
                0x0000176c       0xd6 stack/nwk/src/nwkTx.o
                0x0000176c                nwkTxTaskHandler
 .text.phyTrxSetState
                0x00001842       0x16 stack/phy/src/phy.o
 .text.phySetRxState
                0x00001858       0x14 stack/phy/src/phy.o
 .text.phyGetRandomNumber
                0x0000186c       0x70 stack/phy/src/phy.o
 .text.PHY_Init
                0x000018dc       0x58 stack/phy/src/phy.o
                0x000018dc                PHY_Init
 .text.PHY_SetRxState
                0x00001934       0x10 stack/phy/src/phy.o
                0x00001934                PHY_SetRxState
 .text.PHY_SetChannel
                0x00001944       0x10 stack/phy/src/phy.o
                0x00001944                PHY_SetChannel
 .text.PHY_SetPanId
                0x00001954       0x14 stack/phy/src/phy.o
                0x00001954                PHY_SetPanId
 .text.PHY_SetShortAddr
                0x00001968       0x14 stack/phy/src/phy.o
                0x00001968                PHY_SetShortAddr
 .text.PHY_Busy
                0x0000197c       0x20 stack/phy/src/phy.o
                0x0000197c                PHY_Busy
 .text.PHY_Sleep
                0x0000199c       0x18 stack/phy/src/phy.o
                0x0000199c                PHY_Sleep
 .text.PHY_Wakeup
                0x000019b4       0x16 stack/phy/src/phy.o
                0x000019b4                PHY_Wakeup
 .text.PHY_DataReq
                0x000019ca       0x52 stack/phy/src/phy.o
                0x000019ca                PHY_DataReq
 .text.PHY_RandomReq
                0x00001a1c        0xc stack/phy/src/phy.o
                0x00001a1c                PHY_RandomReq
 .text.__vector_63
                0x00001a28       0x70 stack/phy/src/phy.o
                0x00001a28                __vector_63
 .text.__vector_60
                0x00001a98       0x34 stack/phy/src/phy.o
                0x00001a98                __vector_60
 .text.PHY_TaskHandler
                0x00001acc      0x122 stack/phy/src/phy.o
                0x00001acc                PHY_TaskHandler
 .text.SYS_Init
                0x00001bee       0x12 stack/sys/src/sys.o
                0x00001bee                SYS_Init
 .text.SYS_TaskHandler
                0x00001c00        0xe stack/sys/src/sys.o
                0x00001c00                SYS_TaskHandler
 .text.placeTimer
                0x00001c0e       0xae stack/sys/src/sysTimer.o
 .text.SYS_TimerInit
                0x00001cbc        0xa stack/sys/src/sysTimer.o
                0x00001cbc                SYS_TimerInit
 .text.SYS_TimerStop
                0x00001cc6       0x72 stack/sys/src/sysTimer.o
                0x00001cc6                SYS_TimerStop
 .text.SYS_TimerStarted
                0x00001d38       0x22 stack/sys/src/sysTimer.o
                0x00001d38                SYS_TimerStarted
 .text.SYS_TimerStart
                0x00001d5a       0x1a stack/sys/src/sysTimer.o
                0x00001d5a                SYS_TimerStart
 .text.SYS_TimerTaskHandler
                0x00001d74       0xa0 stack/sys/src/sysTimer.o
                0x00001d74                SYS_TimerTaskHandler
 .text.appNetworkStatusTimerHandler
                0x00001e14        0xa WSNDemo.o
 .text.appDataSendingTimerHandler
                0x00001e1e       0x1a WSNDemo.o
 .text.appDataInd
                0x00001e38       0x90 WSNDemo.o
 .text.appDataConf
                0x00001ec8       0xba WSNDemo.o
 .text.HAL_UartBytesReceived
                0x00001f82       0x2e WSNDemo.o
                0x00001f82                HAL_UartBytesReceived
 .text.PHY_RandomConf
                0x00001fb0        0x6 WSNDemo.o
                0x00001fb0                PHY_RandomConf
 .text.startup.main
                0x00001fb6      0x348 WSNDemo.o
                0x00001fb6                main
 .text.libgcc   0x000022fe       0x3e c:/program files (x86)/atmel/atmel studio 6.0/extensions/atmel/avrgcc/3.4.0.65/avrtoolchain/bin/../lib/gcc/avr/4.6.2/avr51\libgcc.a(_mulsi3.o)
                0x000022fe                __mulsi3
 .text.libgcc   0x0000233c       0x28 c:/program files (x86)/atmel/atmel studio 6.0/extensions/atmel/avrgcc/3.4.0.65/avrtoolchain/bin/../lib/gcc/avr/4.6.2/avr51\libgcc.a(_udivmodhi4.o)
                0x0000233c                __udivmodhi4
 .text.libgcc   0x00002364       0x44 c:/program files (x86)/atmel/atmel studio 6.0/extensions/atmel/avrgcc/3.4.0.65/avrtoolchain/bin/../lib/gcc/avr/4.6.2/avr51\libgcc.a(_udivmodsi4.o)
                0x00002364                __udivmodsi4
 .text.avr-libc
                0x000023a8       0xca c:/program files (x86)/atmel/atmel studio 6.0/extensions/atmel/avrgcc/3.4.0.65/avrtoolchain/bin/../lib/gcc/avr/4.6.2/../../../../avr/lib/avr51\libc.a(rand.o)
                0x0000244c                rand_r
                0x00002452                rand
                0x0000245c                srand
 .text.avr-libc
                0x00002472       0x12 c:/program files (x86)/atmel/atmel studio 6.0/extensions/atmel/avrgcc/3.4.0.65/avrtoolchain/bin/../lib/gcc/avr/4.6.2/../../../../avr/lib/avr51\libc.a(memcpy.o)
                0x00002472                memcpy
 .text.avr-libc
                0x00002484       0x42 c:/program files (x86)/atmel/atmel studio 6.0/extensions/atmel/avrgcc/3.4.0.65/avrtoolchain/bin/../lib/gcc/avr/4.6.2/../../../../avr/lib/avr51\libc.a(itoa.o)
                0x00002484                itoa
 .text.avr-libc
                0x000024c6       0x20 c:/program files (x86)/atmel/atmel studio 6.0/extensions/atmel/avrgcc/3.4.0.65/avrtoolchain/bin/../lib/gcc/avr/4.6.2/../../../../avr/lib/avr51\libc.a(eerd_block_atmega128rfa1.o)
                0x000024c6                __eerd_block_m128rfa1
                0x000024ca                __eerd_blraw_m128rfa1
 .text.avr-libc
                0x000024e6       0x20 c:/program files (x86)/atmel/atmel studio 6.0/extensions/atmel/avrgcc/3.4.0.65/avrtoolchain/bin/../lib/gcc/avr/4.6.2/../../../../avr/lib/avr51\libc.a(strrev.o)
                0x000024e6                strrev
 .text.libgcc   0x00002506       0x36 c:/program files (x86)/atmel/atmel studio 6.0/extensions/atmel/avrgcc/3.4.0.65/avrtoolchain/bin/../lib/gcc/avr/4.6.2/avr51\libgcc.a(_divmodsi4.o)
                0x00002506                __divmodsi4
                0x0000253c                . = ALIGN (0x2)
 *(.fini9)
 .fini9         0x0000253c        0x0 c:/program files (x86)/atmel/atmel studio 6.0/extensions/atmel/avrgcc/3.4.0.65/avrtoolchain/bin/../lib/gcc/avr/4.6.2/avr51\libgcc.a(_exit.o)
                0x0000253c                _exit
                0x0000253c                exit
 *(.fini9)
 *(.fini8)
 *(.fini8)
 *(.fini7)
 *(.fini7)
 *(.fini6)
 *(.fini6)
 *(.fini5)
 *(.fini5)
 *(.fini4)
 *(.fini4)
 *(.fini3)
 *(.fini3)
 *(.fini2)
 *(.fini2)
 *(.fini1)
 *(.fini1)
 *(.fini0)
 .fini0         0x0000253c        0x4 c:/program files (x86)/atmel/atmel studio 6.0/extensions/atmel/avrgcc/3.4.0.65/avrtoolchain/bin/../lib/gcc/avr/4.6.2/avr51\libgcc.a(_exit.o)
 *(.fini0)
                0x00002540                _etext = .

.data           0x00800200       0xb6 load address 0x00002540
                0x00800200                PROVIDE (__data_start, .)
 *(.data)
 .data          0x00800200       0x1d components/radio.o
 .data          0x0080021d       0x94 WSNDemo.o
 .data          0x008002b1        0x4 c:/program files (x86)/atmel/atmel studio 6.0/extensions/atmel/avrgcc/3.4.0.65/avrtoolchain/bin/../lib/gcc/avr/4.6.2/../../../../avr/lib/avr51\libc.a(rand.o)
 *(.data*)
 .data.analog_reference
                0x008002b5        0x1 libraries/ANALOG.o
                0x008002b5                analog_reference
 *(.rodata)
 *(.rodata*)
 *(.gnu.linkonce.d*)
                0x008002b6                . = ALIGN (0x2)
                0x008002b6                _edata = .
                0x008002b6                PROVIDE (__data_end, .)

.bss            0x008002b6     0x165b
                0x008002b6                PROVIDE (__bss_start, .)
 *(.bss)
 *(.bss*)
 .bss.halSleepTimerEvent
                0x008002b6        0x1 stack/hal/src/halSleep.o
 .bss.halTimerDelayInt
                0x008002b7        0x1 stack/hal/src/halTimer.o
 .bss.newData   0x008002b8        0x1 stack/hal/src/halUart.o
 .bss.udrEmpty  0x008002b9        0x1 stack/hal/src/halUart.o
 .bss.rxFifo    0x008002ba        0xa stack/hal/src/halUart.o
 .bss.txFifo    0x008002c4        0xa stack/hal/src/halUart.o
 .bss.txData    0x008002ce       0x81 stack/hal/src/halUart.o
 .bss.rxData    0x0080034f       0x81 stack/hal/src/halUart.o
 .bss.nwkDataReqQueue
                0x008003d0        0x2 stack/nwk/src/nwkDataReq.o
 .bss.nwkFrameFrames
                0x008003d2      0x18f stack/nwk/src/nwkFrame.o
 .bss.nwkRouteTable
                0x00800561      0x258 stack/nwk/src/nwkRoute.o
 .bss.nwkRxAckControl
                0x008007b9        0x1 stack/nwk/src/nwkRx.o
 .bss.nwkRxDuplicateRejectionTable
                0x008007ba       0x32 stack/nwk/src/nwkRx.o
 .bss.nwkRxActiveFrames
                0x008007ec        0x1 stack/nwk/src/nwkRx.o
 .bss.nwkRxDuplicateRejectionTimer
                0x008007ed        0xd stack/nwk/src/nwkRx.o
 .bss.nwkTxPhyActiveFrame
                0x008007fa        0x2 stack/nwk/src/nwkTx.o
 .bss.nwkTxActiveFrames
                0x008007fc        0x1 stack/nwk/src/nwkTx.o
 .bss.nwkTxAckWaitTimer
                0x008007fd        0xd stack/nwk/src/nwkTx.o
 .bss.phyRxSize
                0x0080080a        0x1 stack/phy/src/phy.o
 .bss.phyRxRssi
                0x0080080b        0x1 stack/phy/src/phy.o
 .bss.phyTxStatus
                0x0080080c        0x1 stack/phy/src/phy.o
 .bss.phyState  0x0080080d        0x1 stack/phy/src/phy.o
 .bss.phyIb     0x0080080e        0x7 stack/phy/src/phy.o
 .bss.phyRxBuffer
                0x00800815       0x80 stack/phy/src/phy.o
 .bss.timers    0x00800895        0x2 stack/sys/src/sysTimer.o
 .bss.appState  0x00800897        0x1 WSNDemo.o
 .bss.appDataSendingTimer
                0x00800898        0xd WSNDemo.o
 .bss.msg       0x008008a5       0x31 WSNDemo.o
 .bss.appNetworkStatus
                0x008008d6        0x1 WSNDemo.o
 .bss.appNetworkStatusTimer
                0x008008d7        0xd WSNDemo.o
 .bss.nwkDataReq
                0x008008e4       0x11 WSNDemo.o
 *(COMMON)
 COMMON         0x008008f5        0x2 components/radio.o
                0x008008f5                eoeoe
 COMMON         0x008008f7        0x2 libraries/RTC.o
                0x008008f7                time_event_header
 COMMON         0x008008f9        0x1 stack/hal/src/halTimer.o
                0x008008f9                halTimerIrqCount
 COMMON         0x008008fa        0xc stack/nwk/src/nwk.o
                0x008008fa                nwkIb
 COMMON         0x00800906     0x100b WSNDemo.o
                0x00800906                validTime
                0x00800907                adcVal
                0x00800909                buf
                0x0080090e                runningConfiguration
                0x0080190e                currentTime
                0x00801911                PROVIDE (__bss_end, .)
                0x00002540                __data_load_start = LOADADDR (.data)
                0x000025f6                __data_load_end = (__data_load_start + SIZEOF (.data))

.noinit         0x00801911        0x0
                0x00801911                PROVIDE (__noinit_start, .)
 *(.noinit*)
                0x00801911                PROVIDE (__noinit_end, .)
                0x00801911                _end = .
                0x00801911                PROVIDE (__heap_start, .)

.eeprom         0x00810000        0x0
 *(.eeprom*)
                0x00810000                __eeprom_end = .

.fuse
 *(.fuse)
 *(.lfuse)
 *(.hfuse)
 *(.efuse)

.lock
 *(.lock*)

.signature
 *(.signature*)

.stab           0x00000000      0xae0
 *(.stab)
 .stab          0x00000000      0x6cc c:/program files (x86)/atmel/atmel studio 6.0/extensions/atmel/avrgcc/3.4.0.65/avrtoolchain/bin/../lib/gcc/avr/4.6.2/../../../../avr/lib/avr51/crtm128rfa1.o
 .stab          0x000006cc       0x84 c:/program files (x86)/atmel/atmel studio 6.0/extensions/atmel/avrgcc/3.4.0.65/avrtoolchain/bin/../lib/gcc/avr/4.6.2/../../../../avr/lib/avr51\libc.a(memcpy.o)
                                 0x90 (size before relaxing)
 .stab          0x00000750      0x1b0 c:/program files (x86)/atmel/atmel studio 6.0/extensions/atmel/avrgcc/3.4.0.65/avrtoolchain/bin/../lib/gcc/avr/4.6.2/../../../../avr/lib/avr51\libc.a(itoa.o)
                                0x1bc (size before relaxing)
 .stab          0x00000900      0x108 c:/program files (x86)/atmel/atmel studio 6.0/extensions/atmel/avrgcc/3.4.0.65/avrtoolchain/bin/../lib/gcc/avr/4.6.2/../../../../avr/lib/avr51\libc.a(eerd_block_atmega128rfa1.o)
                                0x114 (size before relaxing)
 .stab          0x00000a08       0xd8 c:/program files (x86)/atmel/atmel studio 6.0/extensions/atmel/avrgcc/3.4.0.65/avrtoolchain/bin/../lib/gcc/avr/4.6.2/../../../../avr/lib/avr51\libc.a(strrev.o)
                                 0xe4 (size before relaxing)

.stabstr        0x00000000      0x213
 *(.stabstr)
 .stabstr       0x00000000      0x213 c:/program files (x86)/atmel/atmel studio 6.0/extensions/atmel/avrgcc/3.4.0.65/avrtoolchain/bin/../lib/gcc/avr/4.6.2/../../../../avr/lib/avr51/crtm128rfa1.o

.stab.excl
 *(.stab.excl)

.stab.exclstr
 *(.stab.exclstr)

.stab.index
 *(.stab.index)

.stab.indexstr
 *(.stab.indexstr)

.comment
 *(.comment)

.debug
 *(.debug)

.line
 *(.line)

.debug_srcinfo
 *(.debug_srcinfo)

.debug_sfnames
 *(.debug_sfnames)

.debug_aranges  0x00000000      0x620
 *(.debug_aranges)
 .debug_aranges
                0x00000000       0x20 components/command.o
 .debug_aranges
                0x00000020       0x20 components/radio.o
 .debug_aranges
                0x00000040       0x28 libraries/ANALOG.o
 .debug_aranges
                0x00000068       0x20 libraries/EEPROM.o
 .debug_aranges
                0x00000088       0x48 libraries/RTC.o
 .debug_aranges
                0x000000d0       0x28 stack/hal/src/hal.o
 .debug_aranges
                0x000000f8       0x28 stack/hal/src/halSleep.o
 .debug_aranges
                0x00000120       0x38 stack/hal/src/halTimer.o
 .debug_aranges
                0x00000158       0x58 stack/hal/src/halUart.o
 .debug_aranges
                0x000001b0       0x58 stack/nwk/src/nwk.o
 .debug_aranges
                0x00000208       0x40 stack/nwk/src/nwkDataReq.o
 .debug_aranges
                0x00000248       0x40 stack/nwk/src/nwkFrame.o
 .debug_aranges
                0x00000288       0x70 stack/nwk/src/nwkRoute.o
 .debug_aranges
                0x000002f8       0x58 stack/nwk/src/nwkRx.o
 .debug_aranges
                0x00000350       0x60 stack/nwk/src/nwkTx.o
 .debug_aranges
                0x000003b0       0x98 stack/phy/src/phy.o
 .debug_aranges
                0x00000448       0x28 stack/sys/src/sys.o
 .debug_aranges
                0x00000470       0x48 stack/sys/src/sysTimer.o
 .debug_aranges
                0x000004b8       0x50 WSNDemo.o
 .debug_aranges
                0x00000508       0x20 c:/program files (x86)/atmel/atmel studio 6.0/extensions/atmel/avrgcc/3.4.0.65/avrtoolchain/bin/../lib/gcc/avr/4.6.2/avr51\libgcc.a(_mulsi3.o)
 .debug_aranges
                0x00000528       0x20 c:/program files (x86)/atmel/atmel studio 6.0/extensions/atmel/avrgcc/3.4.0.65/avrtoolchain/bin/../lib/gcc/avr/4.6.2/avr51\libgcc.a(_udivmodhi4.o)
 .debug_aranges
                0x00000548       0x20 c:/program files (x86)/atmel/atmel studio 6.0/extensions/atmel/avrgcc/3.4.0.65/avrtoolchain/bin/../lib/gcc/avr/4.6.2/avr51\libgcc.a(_udivmodsi4.o)
 .debug_aranges
                0x00000568       0x20 c:/program files (x86)/atmel/atmel studio 6.0/extensions/atmel/avrgcc/3.4.0.65/avrtoolchain/bin/../lib/gcc/avr/4.6.2/avr51\libgcc.a(_exit.o)
 .debug_aranges
                0x00000588       0x20 c:/program files (x86)/atmel/atmel studio 6.0/extensions/atmel/avrgcc/3.4.0.65/avrtoolchain/bin/../lib/gcc/avr/4.6.2/avr51\libgcc.a(_copy_data.o)
 .debug_aranges
                0x000005a8       0x20 c:/program files (x86)/atmel/atmel studio 6.0/extensions/atmel/avrgcc/3.4.0.65/avrtoolchain/bin/../lib/gcc/avr/4.6.2/avr51\libgcc.a(_clear_bss.o)
 .debug_aranges
                0x000005c8       0x38 c:/program files (x86)/atmel/atmel studio 6.0/extensions/atmel/avrgcc/3.4.0.65/avrtoolchain/bin/../lib/gcc/avr/4.6.2/../../../../avr/lib/avr51\libc.a(rand.o)
 .debug_aranges
                0x00000600       0x20 c:/program files (x86)/atmel/atmel studio 6.0/extensions/atmel/avrgcc/3.4.0.65/avrtoolchain/bin/../lib/gcc/avr/4.6.2/avr51\libgcc.a(_divmodsi4.o)

.debug_pubnames
 *(.debug_pubnames)

.debug_info     0x00000000     0x5f47
 *(.debug_info)
 .debug_info    0x00000000       0xa4 components/command.o
 .debug_info    0x000000a4      0x159 components/radio.o
 .debug_info    0x000001fd      0x11c libraries/ANALOG.o
 .debug_info    0x00000319      0x4c5 libraries/EEPROM.o
 .debug_info    0x000007de      0x70d libraries/RTC.o
 .debug_info    0x00000eeb       0xb5 stack/hal/src/hal.o
 .debug_info    0x00000fa0      0x187 stack/hal/src/halSleep.o
 .debug_info    0x00001127      0x118 stack/hal/src/halTimer.o
 .debug_info    0x0000123f      0x3ae stack/hal/src/halUart.o
 .debug_info    0x000015ed      0x2da stack/nwk/src/nwk.o
 .debug_info    0x000018c7      0x6ea stack/nwk/src/nwkDataReq.o
 .debug_info    0x00001fb1      0x548 stack/nwk/src/nwkFrame.o
 .debug_info    0x000024f9      0x78c stack/nwk/src/nwkRoute.o
 .debug_info    0x00002c85      0x9e6 stack/nwk/src/nwkRx.o
 .debug_info    0x0000366b      0x815 stack/nwk/src/nwkTx.o
 .debug_info    0x00003e80      0x82c stack/phy/src/phy.o
 .debug_info    0x000046ac       0x90 stack/sys/src/sys.o
 .debug_info    0x0000473c      0x339 stack/sys/src/sysTimer.o
 .debug_info    0x00004a75      0xda0 WSNDemo.o
 .debug_info    0x00005815       0xde c:/program files (x86)/atmel/atmel studio 6.0/extensions/atmel/avrgcc/3.4.0.65/avrtoolchain/bin/../lib/gcc/avr/4.6.2/avr51\libgcc.a(_mulsi3.o)
 .debug_info    0x000058f3       0xde c:/program files (x86)/atmel/atmel studio 6.0/extensions/atmel/avrgcc/3.4.0.65/avrtoolchain/bin/../lib/gcc/avr/4.6.2/avr51\libgcc.a(_udivmodhi4.o)
 .debug_info    0x000059d1       0xde c:/program files (x86)/atmel/atmel studio 6.0/extensions/atmel/avrgcc/3.4.0.65/avrtoolchain/bin/../lib/gcc/avr/4.6.2/avr51\libgcc.a(_udivmodsi4.o)
 .debug_info    0x00005aaf       0xde c:/program files (x86)/atmel/atmel studio 6.0/extensions/atmel/avrgcc/3.4.0.65/avrtoolchain/bin/../lib/gcc/avr/4.6.2/avr51\libgcc.a(_exit.o)
 .debug_info    0x00005b8d       0xde c:/program files (x86)/atmel/atmel studio 6.0/extensions/atmel/avrgcc/3.4.0.65/avrtoolchain/bin/../lib/gcc/avr/4.6.2/avr51\libgcc.a(_copy_data.o)
 .debug_info    0x00005c6b       0xde c:/program files (x86)/atmel/atmel studio 6.0/extensions/atmel/avrgcc/3.4.0.65/avrtoolchain/bin/../lib/gcc/avr/4.6.2/avr51\libgcc.a(_clear_bss.o)
 .debug_info    0x00005d49      0x120 c:/program files (x86)/atmel/atmel studio 6.0/extensions/atmel/avrgcc/3.4.0.65/avrtoolchain/bin/../lib/gcc/avr/4.6.2/../../../../avr/lib/avr51\libc.a(rand.o)
 .debug_info    0x00005e69       0xde c:/program files (x86)/atmel/atmel studio 6.0/extensions/atmel/avrgcc/3.4.0.65/avrtoolchain/bin/../lib/gcc/avr/4.6.2/avr51\libgcc.a(_divmodsi4.o)
 *(.gnu.linkonce.wi.*)

.debug_abbrev   0x00000000     0x1f3f
 *(.debug_abbrev)
 .debug_abbrev  0x00000000       0x6c components/command.o
 .debug_abbrev  0x0000006c       0xe7 components/radio.o
 .debug_abbrev  0x00000153       0xdf libraries/ANALOG.o
 .debug_abbrev  0x00000232      0x13c libraries/EEPROM.o
 .debug_abbrev  0x0000036e      0x215 libraries/RTC.o
 .debug_abbrev  0x00000583       0x74 stack/hal/src/hal.o
 .debug_abbrev  0x000005f7       0xc4 stack/hal/src/halSleep.o
 .debug_abbrev  0x000006bb       0xc3 stack/hal/src/halTimer.o
 .debug_abbrev  0x0000077e      0x155 stack/hal/src/halUart.o
 .debug_abbrev  0x000008d3      0x13f stack/nwk/src/nwk.o
 .debug_abbrev  0x00000a12      0x227 stack/nwk/src/nwkDataReq.o
 .debug_abbrev  0x00000c39      0x18e stack/nwk/src/nwkFrame.o
 .debug_abbrev  0x00000dc7      0x263 stack/nwk/src/nwkRoute.o
 .debug_abbrev  0x0000102a      0x335 stack/nwk/src/nwkRx.o
 .debug_abbrev  0x0000135f      0x277 stack/nwk/src/nwkTx.o
 .debug_abbrev  0x000015d6      0x2a0 stack/phy/src/phy.o
 .debug_abbrev  0x00001876       0x43 stack/sys/src/sys.o
 .debug_abbrev  0x000018b9      0x1a4 stack/sys/src/sysTimer.o
 .debug_abbrev  0x00001a5d      0x389 WSNDemo.o
 .debug_abbrev  0x00001de6       0x14 c:/program files (x86)/atmel/atmel studio 6.0/extensions/atmel/avrgcc/3.4.0.65/avrtoolchain/bin/../lib/gcc/avr/4.6.2/avr51\libgcc.a(_mulsi3.o)
 .debug_abbrev  0x00001dfa       0x14 c:/program files (x86)/atmel/atmel studio 6.0/extensions/atmel/avrgcc/3.4.0.65/avrtoolchain/bin/../lib/gcc/avr/4.6.2/avr51\libgcc.a(_udivmodhi4.o)
 .debug_abbrev  0x00001e0e       0x14 c:/program files (x86)/atmel/atmel studio 6.0/extensions/atmel/avrgcc/3.4.0.65/avrtoolchain/bin/../lib/gcc/avr/4.6.2/avr51\libgcc.a(_udivmodsi4.o)
 .debug_abbrev  0x00001e22       0x14 c:/program files (x86)/atmel/atmel studio 6.0/extensions/atmel/avrgcc/3.4.0.65/avrtoolchain/bin/../lib/gcc/avr/4.6.2/avr51\libgcc.a(_exit.o)
 .debug_abbrev  0x00001e36       0x14 c:/program files (x86)/atmel/atmel studio 6.0/extensions/atmel/avrgcc/3.4.0.65/avrtoolchain/bin/../lib/gcc/avr/4.6.2/avr51\libgcc.a(_copy_data.o)
 .debug_abbrev  0x00001e4a       0x14 c:/program files (x86)/atmel/atmel studio 6.0/extensions/atmel/avrgcc/3.4.0.65/avrtoolchain/bin/../lib/gcc/avr/4.6.2/avr51\libgcc.a(_clear_bss.o)
 .debug_abbrev  0x00001e5e       0xcd c:/program files (x86)/atmel/atmel studio 6.0/extensions/atmel/avrgcc/3.4.0.65/avrtoolchain/bin/../lib/gcc/avr/4.6.2/../../../../avr/lib/avr51\libc.a(rand.o)
 .debug_abbrev  0x00001f2b       0x14 c:/program files (x86)/atmel/atmel studio 6.0/extensions/atmel/avrgcc/3.4.0.65/avrtoolchain/bin/../lib/gcc/avr/4.6.2/avr51\libgcc.a(_divmodsi4.o)

.debug_line     0x00000000     0x49ed
 *(.debug_line)
 .debug_line    0x00000000      0x190 components/command.o
 .debug_line    0x00000190      0x2f7 components/radio.o
 .debug_line    0x00000487      0x2f2 libraries/ANALOG.o
 .debug_line    0x00000779      0x2da libraries/EEPROM.o
 .debug_line    0x00000a53      0x39b libraries/RTC.o
 .debug_line    0x00000dee      0x2f4 stack/hal/src/hal.o
 .debug_line    0x000010e2      0x341 stack/hal/src/halSleep.o
 .debug_line    0x00001423      0x329 stack/hal/src/halTimer.o
 .debug_line    0x0000174c      0x3f6 stack/hal/src/halUart.o
 .debug_line    0x00001b42      0x3e9 stack/nwk/src/nwk.o
 .debug_line    0x00001f2b      0x3b4 stack/nwk/src/nwkDataReq.o
 .debug_line    0x000022df      0x37e stack/nwk/src/nwkFrame.o
 .debug_line    0x0000265d      0x424 stack/nwk/src/nwkRoute.o
 .debug_line    0x00002a81      0x4a8 stack/nwk/src/nwkRx.o
 .debug_line    0x00002f29      0x46e stack/nwk/src/nwkTx.o
 .debug_line    0x00003397      0x4c9 stack/phy/src/phy.o
 .debug_line    0x00003860      0x368 stack/sys/src/sys.o
 .debug_line    0x00003bc8      0x3b6 stack/sys/src/sysTimer.o
 .debug_line    0x00003f7e      0x5ad WSNDemo.o
 .debug_line    0x0000452b       0xa5 c:/program files (x86)/atmel/atmel studio 6.0/extensions/atmel/avrgcc/3.4.0.65/avrtoolchain/bin/../lib/gcc/avr/4.6.2/avr51\libgcc.a(_mulsi3.o)
 .debug_line    0x000045d0       0x9a c:/program files (x86)/atmel/atmel studio 6.0/extensions/atmel/avrgcc/3.4.0.65/avrtoolchain/bin/../lib/gcc/avr/4.6.2/avr51\libgcc.a(_udivmodhi4.o)
 .debug_line    0x0000466a       0xa8 c:/program files (x86)/atmel/atmel studio 6.0/extensions/atmel/avrgcc/3.4.0.65/avrtoolchain/bin/../lib/gcc/avr/4.6.2/avr51\libgcc.a(_udivmodsi4.o)
 .debug_line    0x00004712       0x88 c:/program files (x86)/atmel/atmel studio 6.0/extensions/atmel/avrgcc/3.4.0.65/avrtoolchain/bin/../lib/gcc/avr/4.6.2/avr51\libgcc.a(_exit.o)
 .debug_line    0x0000479a       0x93 c:/program files (x86)/atmel/atmel studio 6.0/extensions/atmel/avrgcc/3.4.0.65/avrtoolchain/bin/../lib/gcc/avr/4.6.2/avr51\libgcc.a(_copy_data.o)
 .debug_line    0x0000482d       0x8e c:/program files (x86)/atmel/atmel studio 6.0/extensions/atmel/avrgcc/3.4.0.65/avrtoolchain/bin/../lib/gcc/avr/4.6.2/avr51\libgcc.a(_clear_bss.o)
 .debug_line    0x000048bb       0x91 c:/program files (x86)/atmel/atmel studio 6.0/extensions/atmel/avrgcc/3.4.0.65/avrtoolchain/bin/../lib/gcc/avr/4.6.2/../../../../avr/lib/avr51\libc.a(rand.o)
 .debug_line    0x0000494c       0xa1 c:/program files (x86)/atmel/atmel studio 6.0/extensions/atmel/avrgcc/3.4.0.65/avrtoolchain/bin/../lib/gcc/avr/4.6.2/avr51\libgcc.a(_divmodsi4.o)

.debug_frame    0x00000000      0xc70
 *(.debug_frame)
 .debug_frame   0x00000000       0x24 components/command.o
 .debug_frame   0x00000024       0x50 components/radio.o
 .debug_frame   0x00000074       0x34 libraries/ANALOG.o
 .debug_frame   0x000000a8       0x24 libraries/EEPROM.o
 .debug_frame   0x000000cc       0xf0 libraries/RTC.o
 .debug_frame   0x000001bc       0x34 stack/hal/src/hal.o
 .debug_frame   0x000001f0       0x50 stack/hal/src/halSleep.o
 .debug_frame   0x00000240       0x74 stack/hal/src/halTimer.o
 .debug_frame   0x000002b4      0x138 stack/hal/src/halUart.o
 .debug_frame   0x000003ec       0x94 stack/nwk/src/nwk.o
 .debug_frame   0x00000480       0x78 stack/nwk/src/nwkDataReq.o
 .debug_frame   0x000004f8       0x64 stack/nwk/src/nwkFrame.o
 .debug_frame   0x0000055c      0x128 stack/nwk/src/nwkRoute.o
 .debug_frame   0x00000684       0xe0 stack/nwk/src/nwkRx.o
 .debug_frame   0x00000764      0x118 stack/nwk/src/nwkTx.o
 .debug_frame   0x0000087c      0x1b0 stack/phy/src/phy.o
 .debug_frame   0x00000a2c       0x34 stack/sys/src/sys.o
 .debug_frame   0x00000a60       0xc0 stack/sys/src/sysTimer.o
 .debug_frame   0x00000b20       0xc8 WSNDemo.o
 .debug_frame   0x00000be8       0x88 c:/program files (x86)/atmel/atmel studio 6.0/extensions/atmel/avrgcc/3.4.0.65/avrtoolchain/bin/../lib/gcc/avr/4.6.2/../../../../avr/lib/avr51\libc.a(rand.o)

.debug_str      0x00000000     0x1cf4
 *(.debug_str)
 .debug_str     0x00000000       0xa7 components/command.o
                                 0xdb (size before relaxing)
 .debug_str     0x000000a7       0x73 components/radio.o
                                0x145 (size before relaxing)
 .debug_str     0x0000011a       0x52 libraries/ANALOG.o
                                0x102 (size before relaxing)
 .debug_str     0x0000016c      0x348 libraries/EEPROM.o
                                0x3ff (size before relaxing)
 .debug_str     0x000004b4       0xf1 libraries/RTC.o
                                0x4f0 (size before relaxing)
 .debug_str     0x000005a5       0x20 stack/hal/src/hal.o
                                 0xda (size before relaxing)
 .debug_str     0x000005c5       0x93 stack/hal/src/halSleep.o
                                0x149 (size before relaxing)
 .debug_str     0x00000658       0x73 stack/hal/src/halTimer.o
                                0x123 (size before relaxing)
 .debug_str     0x000006cb       0xeb stack/hal/src/halUart.o
                                0x1e4 (size before relaxing)
 .debug_str     0x000007b6       0xf1 stack/nwk/src/nwk.o
                                0x1be (size before relaxing)
 .debug_str     0x000008a7      0x31a stack/nwk/src/nwkDataReq.o
                                0x460 (size before relaxing)
 .debug_str     0x00000bc1       0x8c stack/nwk/src/nwkFrame.o
                                0x345 (size before relaxing)
 .debug_str     0x00000c4d      0x16e stack/nwk/src/nwkRoute.o
                                0x435 (size before relaxing)
 .debug_str     0x00000dbb      0x316 stack/nwk/src/nwkRx.o
                                0x598 (size before relaxing)
 .debug_str     0x000010d1      0x214 stack/nwk/src/nwkTx.o
                                0x592 (size before relaxing)
 .debug_str     0x000012e5      0x602 stack/phy/src/phy.o
                                0x6f5 (size before relaxing)
 .debug_str     0x000018e7       0x30 stack/sys/src/sys.o
                                 0xcf (size before relaxing)
 .debug_str     0x00001917       0x87 stack/sys/src/sysTimer.o
                                0x1d1 (size before relaxing)
 .debug_str     0x0000199e      0x2ec WSNDemo.o
                                0x8c1 (size before relaxing)
 .debug_str     0x00001c8a       0x6a c:/program files (x86)/atmel/atmel studio 6.0/extensions/atmel/avrgcc/3.4.0.65/avrtoolchain/bin/../lib/gcc/avr/4.6.2/../../../../avr/lib/avr51\libc.a(rand.o)
                                 0xa8 (size before relaxing)

.debug_loc      0x00000000     0x227d
 *(.debug_loc)
 .debug_loc     0x00000000       0x28 components/command.o
 .debug_loc     0x00000028       0xdf components/radio.o
 .debug_loc     0x00000107       0x44 libraries/ANALOG.o
 .debug_loc     0x0000014b       0x14 libraries/EEPROM.o
 .debug_loc     0x0000015f      0x305 libraries/RTC.o
 .debug_loc     0x00000464       0x13 stack/hal/src/hal.o
 .debug_loc     0x00000477      0x134 stack/hal/src/halSleep.o
 .debug_loc     0x000005ab       0x90 stack/hal/src/halTimer.o
 .debug_loc     0x0000063b      0x358 stack/hal/src/halUart.o
 .debug_loc     0x00000993       0x86 stack/nwk/src/nwk.o
 .debug_loc     0x00000a19      0x15b stack/nwk/src/nwkDataReq.o
 .debug_loc     0x00000b74      0x10a stack/nwk/src/nwkFrame.o
 .debug_loc     0x00000c7e      0x441 stack/nwk/src/nwkRoute.o
 .debug_loc     0x000010bf      0x39d stack/nwk/src/nwkRx.o
 .debug_loc     0x0000145c      0x3d3 stack/nwk/src/nwkTx.o
 .debug_loc     0x0000182f      0x2b7 stack/phy/src/phy.o
 .debug_loc     0x00001ae6      0x3ab stack/sys/src/sysTimer.o
 .debug_loc     0x00001e91      0x285 WSNDemo.o
 .debug_loc     0x00002116      0x167 c:/program files (x86)/atmel/atmel studio 6.0/extensions/atmel/avrgcc/3.4.0.65/avrtoolchain/bin/../lib/gcc/avr/4.6.2/../../../../avr/lib/avr51\libc.a(rand.o)

.debug_macinfo  0x00000000   0x139ed2
 *(.debug_macinfo)
 .debug_macinfo
                0x00000000     0x2a39 components/command.o
 .debug_macinfo
                0x00002a39     0xf435 components/radio.o
 .debug_macinfo
                0x00011e6e    0x11558 libraries/ANALOG.o
 .debug_macinfo
                0x000233c6     0xf44f libraries/EEPROM.o
 .debug_macinfo
                0x00032815     0xf500 libraries/RTC.o
 .debug_macinfo
                0x00041d15    0x10da5 stack/hal/src/hal.o
 .debug_macinfo
                0x00052aba    0x10e22 stack/hal/src/halSleep.o
 .debug_macinfo
                0x000638dc    0x10db9 stack/hal/src/halTimer.o
 .debug_macinfo
                0x00074695    0x111a0 stack/hal/src/halUart.o
 .debug_macinfo
                0x00085835    0x12550 stack/nwk/src/nwk.o
 .debug_macinfo
                0x00097d85    0x11665 stack/nwk/src/nwkDataReq.o
 .debug_macinfo
                0x000a93ea    0x11665 stack/nwk/src/nwkFrame.o
 .debug_macinfo
                0x000baa4f    0x114be stack/nwk/src/nwkRoute.o
 .debug_macinfo
                0x000cbf0d    0x1261e stack/nwk/src/nwkRx.o
 .debug_macinfo
                0x000de52b    0x1258d stack/nwk/src/nwkTx.o
 .debug_macinfo
                0x000f0ab8    0x1201b stack/phy/src/phy.o
 .debug_macinfo
                0x00102ad3    0x12055 stack/sys/src/sys.o
 .debug_macinfo
                0x00114b28    0x110de stack/sys/src/sysTimer.o
 .debug_macinfo
                0x00125c06    0x142cc WSNDemo.o
OUTPUT(WSNDemo.elf elf32-avr)
LOAD linker stubs

.debug_ranges   0x00000000      0x520
 .debug_ranges  0x00000000       0x10 components/command.o
 .debug_ranges  0x00000010       0x10 components/radio.o
 .debug_ranges  0x00000020       0x18 libraries/ANALOG.o
 .debug_ranges  0x00000038       0x10 libraries/EEPROM.o
 .debug_ranges  0x00000048       0x38 libraries/RTC.o
 .debug_ranges  0x00000080       0x18 stack/hal/src/hal.o
 .debug_ranges  0x00000098       0x18 stack/hal/src/halSleep.o
 .debug_ranges  0x000000b0       0x28 stack/hal/src/halTimer.o
 .debug_ranges  0x000000d8       0x48 stack/hal/src/halUart.o
 .debug_ranges  0x00000120       0x48 stack/nwk/src/nwk.o
 .debug_ranges  0x00000168       0x30 stack/nwk/src/nwkDataReq.o
 .debug_ranges  0x00000198       0x30 stack/nwk/src/nwkFrame.o
 .debug_ranges  0x000001c8       0x60 stack/nwk/src/nwkRoute.o
 .debug_ranges  0x00000228       0xd8 stack/nwk/src/nwkRx.o
 .debug_ranges  0x00000300       0x50 stack/nwk/src/nwkTx.o
 .debug_ranges  0x00000350       0xb8 stack/phy/src/phy.o
 .debug_ranges  0x00000408       0x18 stack/sys/src/sys.o
 .debug_ranges  0x00000420       0x38 stack/sys/src/sysTimer.o
 .debug_ranges  0x00000458       0xa0 WSNDemo.o
 .debug_ranges  0x000004f8       0x28 c:/program files (x86)/atmel/atmel studio 6.0/extensions/atmel/avrgcc/3.4.0.65/avrtoolchain/bin/../lib/gcc/avr/4.6.2/../../../../avr/lib/avr51\libc.a(rand.o)
