Archive member included because of file (symbol)

c:/program files/atmel/atmel studio 6.0/extensions/atmel/avrgcc/3.4.0.65/avrtoolchain/bin/../lib/gcc/avr/4.6.2/avr51\libgcc.a(_mulsi3.o)
                              stack/sys/src/sysTimer.o (__mulsi3)
c:/program files/atmel/atmel studio 6.0/extensions/atmel/avrgcc/3.4.0.65/avrtoolchain/bin/../lib/gcc/avr/4.6.2/avr51\libgcc.a(_udivmodhi4.o)
                              libraries/RTC.o (__udivmodhi4)
c:/program files/atmel/atmel studio 6.0/extensions/atmel/avrgcc/3.4.0.65/avrtoolchain/bin/../lib/gcc/avr/4.6.2/avr51\libgcc.a(_udivmodsi4.o)
                              stack/hal/src/halSleep.o (__udivmodsi4)
c:/program files/atmel/atmel studio 6.0/extensions/atmel/avrgcc/3.4.0.65/avrtoolchain/bin/../lib/gcc/avr/4.6.2/avr51\libgcc.a(_exit.o)
                              c:/program files/atmel/atmel studio 6.0/extensions/atmel/avrgcc/3.4.0.65/avrtoolchain/bin/../lib/gcc/avr/4.6.2/../../../../avr/lib/avr51/crtm128rfa1.o (exit)
c:/program files/atmel/atmel studio 6.0/extensions/atmel/avrgcc/3.4.0.65/avrtoolchain/bin/../lib/gcc/avr/4.6.2/avr51\libgcc.a(_copy_data.o)
                              components/command.o (__do_copy_data)
c:/program files/atmel/atmel studio 6.0/extensions/atmel/avrgcc/3.4.0.65/avrtoolchain/bin/../lib/gcc/avr/4.6.2/avr51\libgcc.a(_clear_bss.o)
                              components/command.o (__do_clear_bss)
c:/program files/atmel/atmel studio 6.0/extensions/atmel/avrgcc/3.4.0.65/avrtoolchain/bin/../lib/gcc/avr/4.6.2/../../../../avr/lib/avr51\libc.a(rand.o)
                              WSNDemo.o (rand)
c:/program files/atmel/atmel studio 6.0/extensions/atmel/avrgcc/3.4.0.65/avrtoolchain/bin/../lib/gcc/avr/4.6.2/../../../../avr/lib/avr51\libc.a(memcpy.o)
                              stack/nwk/src/nwkDataReq.o (memcpy)
c:/program files/atmel/atmel studio 6.0/extensions/atmel/avrgcc/3.4.0.65/avrtoolchain/bin/../lib/gcc/avr/4.6.2/../../../../avr/lib/avr51\libc.a(itoa.o)
                              WSNDemo.o (itoa)
c:/program files/atmel/atmel studio 6.0/extensions/atmel/avrgcc/3.4.0.65/avrtoolchain/bin/../lib/gcc/avr/4.6.2/../../../../avr/lib/avr51\libc.a(eerd_block_atmega128rfa1.o)
                              libraries/EEPROM.o (__eerd_block_m128rfa1)
c:/program files/atmel/atmel studio 6.0/extensions/atmel/avrgcc/3.4.0.65/avrtoolchain/bin/../lib/gcc/avr/4.6.2/../../../../avr/lib/avr51\libc.a(strrev.o)
                              c:/program files/atmel/atmel studio 6.0/extensions/atmel/avrgcc/3.4.0.65/avrtoolchain/bin/../lib/gcc/avr/4.6.2/../../../../avr/lib/avr51\libc.a(itoa.o) (strrev)
c:/program files/atmel/atmel studio 6.0/extensions/atmel/avrgcc/3.4.0.65/avrtoolchain/bin/../lib/gcc/avr/4.6.2/avr51\libgcc.a(_divmodsi4.o)
                              c:/program files/atmel/atmel studio 6.0/extensions/atmel/avrgcc/3.4.0.65/avrtoolchain/bin/../lib/gcc/avr/4.6.2/../../../../avr/lib/avr51\libc.a(rand.o) (__divmodsi4)

Allocating common symbols
Common symbol       size              file

validTime           0x1               WSNDemo.o
nwkIb               0xc               stack/nwk/src/nwk.o
adcVal              0x2               WSNDemo.o
buf                 0x5               WSNDemo.o
halTimerIrqCount    0x1               stack/hal/src/halTimer.o
runningConfiguration
                    0x1000            WSNDemo.o
currentTime         0x3               WSNDemo.o
time_event_header   0x2               libraries/RTC.o

Discarded input sections

 .data          0x00000000        0x0 c:/program files/atmel/atmel studio 6.0/extensions/atmel/avrgcc/3.4.0.65/avrtoolchain/bin/../lib/gcc/avr/4.6.2/../../../../avr/lib/avr51/crtm128rfa1.o
 .bss           0x00000000        0x0 c:/program files/atmel/atmel studio 6.0/extensions/atmel/avrgcc/3.4.0.65/avrtoolchain/bin/../lib/gcc/avr/4.6.2/../../../../avr/lib/avr51/crtm128rfa1.o
 .text          0x00000000        0x0 components/command.o
 .data          0x00000000        0x0 components/command.o
 .bss           0x00000000        0x0 components/command.o
 .text          0x00000000        0x0 components/portMonitor.o
 .data          0x00000000        0x0 components/portMonitor.o
 .bss           0x00000000        0x0 components/portMonitor.o
 .text.launchEvents
                0x00000000      0x196 components/portMonitor.o
 .text.PortMonitor_TaskHandler
                0x00000000      0x28e components/portMonitor.o
 .bss.lastValuesA
                0x00000000        0x8 components/portMonitor.o
 .bss.lastValuesD
                0x00000000        0x5 components/portMonitor.o
 .data.firstTime
                0x00000000        0x1 components/portMonitor.o
 .debug_info    0x00000000      0x753 components/portMonitor.o
 .debug_abbrev  0x00000000      0x1a9 components/portMonitor.o
 .debug_loc     0x00000000      0x528 components/portMonitor.o
 .debug_aranges
                0x00000000       0x28 components/portMonitor.o
 .debug_ranges  0x00000000       0xa0 components/portMonitor.o
 .debug_line    0x00000000      0x43f components/portMonitor.o
 .debug_macinfo
                0x00000000    0x1282d components/portMonitor.o
 .debug_str     0x00000000      0x5df components/portMonitor.o
 .debug_frame   0x00000000       0xe8 components/portMonitor.o
 .text          0x00000000        0x0 components/radio.o
 .bss           0x00000000        0x0 components/radio.o
 .text          0x00000000        0x0 libraries/ANALOG.o
 .data          0x00000000        0x0 libraries/ANALOG.o
 .bss           0x00000000        0x0 libraries/ANALOG.o
 .text          0x00000000        0x0 libraries/EEPROM.o
 .data          0x00000000        0x0 libraries/EEPROM.o
 .bss           0x00000000        0x0 libraries/EEPROM.o
 .text.EEPROM_Init
                0x00000000       0x12 libraries/EEPROM.o
 .debug_info    0x00000000      0x404 libraries/EEPROM.o
 .debug_abbrev  0x00000000      0x124 libraries/EEPROM.o
 .debug_aranges
                0x00000000       0x20 libraries/EEPROM.o
 .debug_ranges  0x00000000       0x10 libraries/EEPROM.o
 .debug_line    0x00000000      0x2c4 libraries/EEPROM.o
 .debug_macinfo
                0x00000000     0xf285 libraries/EEPROM.o
 .debug_str     0x00000000      0x3b5 libraries/EEPROM.o
 .debug_frame   0x00000000       0x24 libraries/EEPROM.o
 .text          0x00000000        0x0 libraries/RTC.o
 .data          0x00000000        0x0 libraries/RTC.o
 .bss           0x00000000        0x0 libraries/RTC.o
 .text.Validate_Time
                0x00000000       0x1c libraries/RTC.o
 .text.searchFirstTimeEvent
                0x00000000       0x84 libraries/RTC.o
 .text          0x00000000        0x0 otaInterface.o
 .data          0x00000000        0x0 otaInterface.o
 .bss           0x00000000        0x0 otaInterface.o
 .debug_info    0x00000000       0x62 otaInterface.o
 .debug_abbrev  0x00000000       0x2c otaInterface.o
 .debug_line    0x00000000      0x30a otaInterface.o
 .debug_macinfo
                0x00000000    0x111a8 otaInterface.o
 .debug_str     0x00000000       0xb3 otaInterface.o
 .text          0x00000000        0x0 stack/hal/src/hal.o
 .data          0x00000000        0x0 stack/hal/src/hal.o
 .bss           0x00000000        0x0 stack/hal/src/hal.o
 .text          0x00000000        0x0 stack/hal/src/halPhy.o
 .data          0x00000000        0x0 stack/hal/src/halPhy.o
 .bss           0x00000000        0x0 stack/hal/src/halPhy.o
 .debug_info    0x00000000       0x29 stack/hal/src/halPhy.o
 .debug_abbrev  0x00000000       0x16 stack/hal/src/halPhy.o
 .debug_line    0x00000000       0x37 stack/hal/src/halPhy.o
 .debug_macinfo
                0x00000000     0x21fe stack/hal/src/halPhy.o
 .debug_str     0x00000000       0x52 stack/hal/src/halPhy.o
 .text          0x00000000        0x0 stack/hal/src/halSleep.o
 .data          0x00000000        0x0 stack/hal/src/halSleep.o
 .bss           0x00000000        0x0 stack/hal/src/halSleep.o
 .text          0x00000000        0x0 stack/hal/src/halTimer.o
 .data          0x00000000        0x0 stack/hal/src/halTimer.o
 .bss           0x00000000        0x0 stack/hal/src/halTimer.o
 .text          0x00000000        0x0 stack/hal/src/halUart.o
 .data          0x00000000        0x0 stack/hal/src/halUart.o
 .bss           0x00000000        0x0 stack/hal/src/halUart.o
 .text.HAL_UartWriteBuffer
                0x00000000       0x3a stack/hal/src/halUart.o
 .text          0x00000000        0x0 stack/nwk/src/nwk.o
 .data          0x00000000        0x0 stack/nwk/src/nwk.o
 .bss           0x00000000        0x0 stack/nwk/src/nwk.o
 .text          0x00000000        0x0 stack/nwk/src/nwkDataReq.o
 .data          0x00000000        0x0 stack/nwk/src/nwkDataReq.o
 .bss           0x00000000        0x0 stack/nwk/src/nwkDataReq.o
 .text          0x00000000        0x0 stack/nwk/src/nwkFrame.o
 .data          0x00000000        0x0 stack/nwk/src/nwkFrame.o
 .bss           0x00000000        0x0 stack/nwk/src/nwkFrame.o
 .text          0x00000000        0x0 stack/nwk/src/nwkRoute.o
 .data          0x00000000        0x0 stack/nwk/src/nwkRoute.o
 .bss           0x00000000        0x0 stack/nwk/src/nwkRoute.o
 .text          0x00000000        0x0 stack/nwk/src/nwkRx.o
 .data          0x00000000        0x0 stack/nwk/src/nwkRx.o
 .bss           0x00000000        0x0 stack/nwk/src/nwkRx.o
 .text.NWK_SetAckControl
                0x00000000        0x6 stack/nwk/src/nwkRx.o
 .text          0x00000000        0x0 stack/nwk/src/nwkSecurity.o
 .data          0x00000000        0x0 stack/nwk/src/nwkSecurity.o
 .bss           0x00000000        0x0 stack/nwk/src/nwkSecurity.o
 .debug_info    0x00000000       0x69 stack/nwk/src/nwkSecurity.o
 .debug_abbrev  0x00000000       0x2c stack/nwk/src/nwkSecurity.o
 .debug_line    0x00000000      0x31a stack/nwk/src/nwkSecurity.o
 .debug_macinfo
                0x00000000    0x11657 stack/nwk/src/nwkSecurity.o
 .debug_str     0x00000000       0xc4 stack/nwk/src/nwkSecurity.o
 .text          0x00000000        0x0 stack/nwk/src/nwkTx.o
 .data          0x00000000        0x0 stack/nwk/src/nwkTx.o
 .bss           0x00000000        0x0 stack/nwk/src/nwkTx.o
 .text          0x00000000        0x0 stack/phy/src/phy.o
 .data          0x00000000        0x0 stack/phy/src/phy.o
 .bss           0x00000000        0x0 stack/phy/src/phy.o
 .text          0x00000000        0x0 stack/service/src/otaClient.o
 .data          0x00000000        0x0 stack/service/src/otaClient.o
 .bss           0x00000000        0x0 stack/service/src/otaClient.o
 .debug_info    0x00000000       0x62 stack/service/src/otaClient.o
 .debug_abbrev  0x00000000       0x2c stack/service/src/otaClient.o
 .debug_line    0x00000000      0x20f stack/service/src/otaClient.o
 .debug_macinfo
                0x00000000     0x3402 stack/service/src/otaClient.o
 .debug_str     0x00000000       0xc0 stack/service/src/otaClient.o
 .text          0x00000000        0x0 stack/service/src/otaServer.o
 .data          0x00000000        0x0 stack/service/src/otaServer.o
 .bss           0x00000000        0x0 stack/service/src/otaServer.o
 .debug_info    0x00000000       0x62 stack/service/src/otaServer.o
 .debug_abbrev  0x00000000       0x2c stack/service/src/otaServer.o
 .debug_line    0x00000000      0x20f stack/service/src/otaServer.o
 .debug_macinfo
                0x00000000     0x3402 stack/service/src/otaServer.o
 .debug_str     0x00000000       0xc0 stack/service/src/otaServer.o
 .text          0x00000000        0x0 stack/sys/src/sys.o
 .data          0x00000000        0x0 stack/sys/src/sys.o
 .bss           0x00000000        0x0 stack/sys/src/sys.o
 .text          0x00000000        0x0 stack/sys/src/sysEncrypt.o
 .data          0x00000000        0x0 stack/sys/src/sysEncrypt.o
 .bss           0x00000000        0x0 stack/sys/src/sysEncrypt.o
 .debug_info    0x00000000       0x62 stack/sys/src/sysEncrypt.o
 .debug_abbrev  0x00000000       0x2c stack/sys/src/sysEncrypt.o
 .debug_line    0x00000000      0x310 stack/sys/src/sysEncrypt.o
 .debug_macinfo
                0x00000000    0x1219c stack/sys/src/sysEncrypt.o
 .debug_str     0x00000000       0xbd stack/sys/src/sysEncrypt.o
 .text          0x00000000        0x0 stack/sys/src/sysTimer.o
 .data          0x00000000        0x0 stack/sys/src/sysTimer.o
 .bss           0x00000000        0x0 stack/sys/src/sysTimer.o
 .text          0x00000000        0x0 WSNDemo.o
 .bss           0x00000000        0x0 WSNDemo.o
 .text          0x00000000        0x0 c:/program files/atmel/atmel studio 6.0/extensions/atmel/avrgcc/3.4.0.65/avrtoolchain/bin/../lib/gcc/avr/4.6.2/avr51\libgcc.a(_mulsi3.o)
 .data          0x00000000        0x0 c:/program files/atmel/atmel studio 6.0/extensions/atmel/avrgcc/3.4.0.65/avrtoolchain/bin/../lib/gcc/avr/4.6.2/avr51\libgcc.a(_mulsi3.o)
 .bss           0x00000000        0x0 c:/program files/atmel/atmel studio 6.0/extensions/atmel/avrgcc/3.4.0.65/avrtoolchain/bin/../lib/gcc/avr/4.6.2/avr51\libgcc.a(_mulsi3.o)
 .text          0x00000000        0x0 c:/program files/atmel/atmel studio 6.0/extensions/atmel/avrgcc/3.4.0.65/avrtoolchain/bin/../lib/gcc/avr/4.6.2/avr51\libgcc.a(_udivmodhi4.o)
 .data          0x00000000        0x0 c:/program files/atmel/atmel studio 6.0/extensions/atmel/avrgcc/3.4.0.65/avrtoolchain/bin/../lib/gcc/avr/4.6.2/avr51\libgcc.a(_udivmodhi4.o)
 .bss           0x00000000        0x0 c:/program files/atmel/atmel studio 6.0/extensions/atmel/avrgcc/3.4.0.65/avrtoolchain/bin/../lib/gcc/avr/4.6.2/avr51\libgcc.a(_udivmodhi4.o)
 .text          0x00000000        0x0 c:/program files/atmel/atmel studio 6.0/extensions/atmel/avrgcc/3.4.0.65/avrtoolchain/bin/../lib/gcc/avr/4.6.2/avr51\libgcc.a(_udivmodsi4.o)
 .data          0x00000000        0x0 c:/program files/atmel/atmel studio 6.0/extensions/atmel/avrgcc/3.4.0.65/avrtoolchain/bin/../lib/gcc/avr/4.6.2/avr51\libgcc.a(_udivmodsi4.o)
 .bss           0x00000000        0x0 c:/program files/atmel/atmel studio 6.0/extensions/atmel/avrgcc/3.4.0.65/avrtoolchain/bin/../lib/gcc/avr/4.6.2/avr51\libgcc.a(_udivmodsi4.o)
 .text          0x00000000        0x0 c:/program files/atmel/atmel studio 6.0/extensions/atmel/avrgcc/3.4.0.65/avrtoolchain/bin/../lib/gcc/avr/4.6.2/avr51\libgcc.a(_exit.o)
 .data          0x00000000        0x0 c:/program files/atmel/atmel studio 6.0/extensions/atmel/avrgcc/3.4.0.65/avrtoolchain/bin/../lib/gcc/avr/4.6.2/avr51\libgcc.a(_exit.o)
 .bss           0x00000000        0x0 c:/program files/atmel/atmel studio 6.0/extensions/atmel/avrgcc/3.4.0.65/avrtoolchain/bin/../lib/gcc/avr/4.6.2/avr51\libgcc.a(_exit.o)
 .text.libgcc   0x00000000        0x0 c:/program files/atmel/atmel studio 6.0/extensions/atmel/avrgcc/3.4.0.65/avrtoolchain/bin/../lib/gcc/avr/4.6.2/avr51\libgcc.a(_exit.o)
 .text          0x00000000        0x0 c:/program files/atmel/atmel studio 6.0/extensions/atmel/avrgcc/3.4.0.65/avrtoolchain/bin/../lib/gcc/avr/4.6.2/avr51\libgcc.a(_copy_data.o)
 .data          0x00000000        0x0 c:/program files/atmel/atmel studio 6.0/extensions/atmel/avrgcc/3.4.0.65/avrtoolchain/bin/../lib/gcc/avr/4.6.2/avr51\libgcc.a(_copy_data.o)
 .bss           0x00000000        0x0 c:/program files/atmel/atmel studio 6.0/extensions/atmel/avrgcc/3.4.0.65/avrtoolchain/bin/../lib/gcc/avr/4.6.2/avr51\libgcc.a(_copy_data.o)
 .text.libgcc   0x00000000        0x0 c:/program files/atmel/atmel studio 6.0/extensions/atmel/avrgcc/3.4.0.65/avrtoolchain/bin/../lib/gcc/avr/4.6.2/avr51\libgcc.a(_copy_data.o)
 .text          0x00000000        0x0 c:/program files/atmel/atmel studio 6.0/extensions/atmel/avrgcc/3.4.0.65/avrtoolchain/bin/../lib/gcc/avr/4.6.2/avr51\libgcc.a(_clear_bss.o)
 .data          0x00000000        0x0 c:/program files/atmel/atmel studio 6.0/extensions/atmel/avrgcc/3.4.0.65/avrtoolchain/bin/../lib/gcc/avr/4.6.2/avr51\libgcc.a(_clear_bss.o)
 .bss           0x00000000        0x0 c:/program files/atmel/atmel studio 6.0/extensions/atmel/avrgcc/3.4.0.65/avrtoolchain/bin/../lib/gcc/avr/4.6.2/avr51\libgcc.a(_clear_bss.o)
 .text.libgcc   0x00000000        0x0 c:/program files/atmel/atmel studio 6.0/extensions/atmel/avrgcc/3.4.0.65/avrtoolchain/bin/../lib/gcc/avr/4.6.2/avr51\libgcc.a(_clear_bss.o)
 .text          0x00000000        0x0 c:/program files/atmel/atmel studio 6.0/extensions/atmel/avrgcc/3.4.0.65/avrtoolchain/bin/../lib/gcc/avr/4.6.2/../../../../avr/lib/avr51\libc.a(rand.o)
 .bss           0x00000000        0x0 c:/program files/atmel/atmel studio 6.0/extensions/atmel/avrgcc/3.4.0.65/avrtoolchain/bin/../lib/gcc/avr/4.6.2/../../../../avr/lib/avr51\libc.a(rand.o)
 .text          0x00000000        0x0 c:/program files/atmel/atmel studio 6.0/extensions/atmel/avrgcc/3.4.0.65/avrtoolchain/bin/../lib/gcc/avr/4.6.2/../../../../avr/lib/avr51\libc.a(memcpy.o)
 .data          0x00000000        0x0 c:/program files/atmel/atmel studio 6.0/extensions/atmel/avrgcc/3.4.0.65/avrtoolchain/bin/../lib/gcc/avr/4.6.2/../../../../avr/lib/avr51\libc.a(memcpy.o)
 .bss           0x00000000        0x0 c:/program files/atmel/atmel studio 6.0/extensions/atmel/avrgcc/3.4.0.65/avrtoolchain/bin/../lib/gcc/avr/4.6.2/../../../../avr/lib/avr51\libc.a(memcpy.o)
 .text          0x00000000        0x0 c:/program files/atmel/atmel studio 6.0/extensions/atmel/avrgcc/3.4.0.65/avrtoolchain/bin/../lib/gcc/avr/4.6.2/../../../../avr/lib/avr51\libc.a(itoa.o)
 .data          0x00000000        0x0 c:/program files/atmel/atmel studio 6.0/extensions/atmel/avrgcc/3.4.0.65/avrtoolchain/bin/../lib/gcc/avr/4.6.2/../../../../avr/lib/avr51\libc.a(itoa.o)
 .bss           0x00000000        0x0 c:/program files/atmel/atmel studio 6.0/extensions/atmel/avrgcc/3.4.0.65/avrtoolchain/bin/../lib/gcc/avr/4.6.2/../../../../avr/lib/avr51\libc.a(itoa.o)
 .text          0x00000000        0x0 c:/program files/atmel/atmel studio 6.0/extensions/atmel/avrgcc/3.4.0.65/avrtoolchain/bin/../lib/gcc/avr/4.6.2/../../../../avr/lib/avr51\libc.a(eerd_block_atmega128rfa1.o)
 .data          0x00000000        0x0 c:/program files/atmel/atmel studio 6.0/extensions/atmel/avrgcc/3.4.0.65/avrtoolchain/bin/../lib/gcc/avr/4.6.2/../../../../avr/lib/avr51\libc.a(eerd_block_atmega128rfa1.o)
 .bss           0x00000000        0x0 c:/program files/atmel/atmel studio 6.0/extensions/atmel/avrgcc/3.4.0.65/avrtoolchain/bin/../lib/gcc/avr/4.6.2/../../../../avr/lib/avr51\libc.a(eerd_block_atmega128rfa1.o)
 .stab          0x00000000      0x108 c:/program files/atmel/atmel studio 6.0/extensions/atmel/avrgcc/3.4.0.65/avrtoolchain/bin/../lib/gcc/avr/4.6.2/../../../../avr/lib/avr51\libc.a(eerd_block_atmega128rfa1.o)
                                0x114 (size before relaxing)
 .text.avr-libc
                0x00000000       0x20 c:/program files/atmel/atmel studio 6.0/extensions/atmel/avrgcc/3.4.0.65/avrtoolchain/bin/../lib/gcc/avr/4.6.2/../../../../avr/lib/avr51\libc.a(eerd_block_atmega128rfa1.o)
 .text          0x00000000        0x0 c:/program files/atmel/atmel studio 6.0/extensions/atmel/avrgcc/3.4.0.65/avrtoolchain/bin/../lib/gcc/avr/4.6.2/../../../../avr/lib/avr51\libc.a(strrev.o)
 .data          0x00000000        0x0 c:/program files/atmel/atmel studio 6.0/extensions/atmel/avrgcc/3.4.0.65/avrtoolchain/bin/../lib/gcc/avr/4.6.2/../../../../avr/lib/avr51\libc.a(strrev.o)
 .bss           0x00000000        0x0 c:/program files/atmel/atmel studio 6.0/extensions/atmel/avrgcc/3.4.0.65/avrtoolchain/bin/../lib/gcc/avr/4.6.2/../../../../avr/lib/avr51\libc.a(strrev.o)
 .text          0x00000000        0x0 c:/program files/atmel/atmel studio 6.0/extensions/atmel/avrgcc/3.4.0.65/avrtoolchain/bin/../lib/gcc/avr/4.6.2/avr51\libgcc.a(_divmodsi4.o)
 .data          0x00000000        0x0 c:/program files/atmel/atmel studio 6.0/extensions/atmel/avrgcc/3.4.0.65/avrtoolchain/bin/../lib/gcc/avr/4.6.2/avr51\libgcc.a(_divmodsi4.o)
 .bss           0x00000000        0x0 c:/program files/atmel/atmel studio 6.0/extensions/atmel/avrgcc/3.4.0.65/avrtoolchain/bin/../lib/gcc/avr/4.6.2/avr51\libgcc.a(_divmodsi4.o)

Memory Configuration

Name             Origin             Length             Attributes
text             0x00000000         0x00020000         xr
data             0x00800100         0x0000ff00         rw !x
eeprom           0x00810000         0x00010000         rw !x
fuse             0x00820000         0x00000400         rw !x
lock             0x00830000         0x00000400         rw !x
signature        0x00840000         0x00000400         rw !x
*default*        0x00000000         0xffffffff

Linker script and memory map

Address of section .data set to 0x800200
LOAD c:/program files/atmel/atmel studio 6.0/extensions/atmel/avrgcc/3.4.0.65/avrtoolchain/bin/../lib/gcc/avr/4.6.2/../../../../avr/lib/avr51/crtm128rfa1.o
LOAD components/command.o
LOAD components/portMonitor.o
LOAD components/radio.o
LOAD libraries/ANALOG.o
LOAD libraries/EEPROM.o
LOAD libraries/RTC.o
LOAD otaInterface.o
LOAD stack/hal/src/hal.o
LOAD stack/hal/src/halPhy.o
LOAD stack/hal/src/halSleep.o
LOAD stack/hal/src/halTimer.o
LOAD stack/hal/src/halUart.o
LOAD stack/nwk/src/nwk.o
LOAD stack/nwk/src/nwkDataReq.o
LOAD stack/nwk/src/nwkFrame.o
LOAD stack/nwk/src/nwkRoute.o
LOAD stack/nwk/src/nwkRx.o
LOAD stack/nwk/src/nwkSecurity.o
LOAD stack/nwk/src/nwkTx.o
LOAD stack/phy/src/phy.o
LOAD stack/service/src/otaClient.o
LOAD stack/service/src/otaServer.o
LOAD stack/sys/src/sys.o
LOAD stack/sys/src/sysEncrypt.o
LOAD stack/sys/src/sysTimer.o
LOAD WSNDemo.o
START GROUP
END GROUP
LOAD c:/program files/atmel/atmel studio 6.0/extensions/atmel/avrgcc/3.4.0.65/avrtoolchain/bin/../lib/gcc/avr/4.6.2/avr51\libgcc.a
LOAD c:/program files/atmel/atmel studio 6.0/extensions/atmel/avrgcc/3.4.0.65/avrtoolchain/bin/../lib/gcc/avr/4.6.2/../../../../avr/lib/avr51\libc.a
LOAD c:/program files/atmel/atmel studio 6.0/extensions/atmel/avrgcc/3.4.0.65/avrtoolchain/bin/../lib/gcc/avr/4.6.2/avr51\libgcc.a

.hash
 *(.hash)

.dynsym
 *(.dynsym)

.dynstr
 *(.dynstr)

.gnu.version
 *(.gnu.version)

.gnu.version_d
 *(.gnu.version_d)

.gnu.version_r
 *(.gnu.version_r)

.rel.init
 *(.rel.init)

.rela.init
 *(.rela.init)

.rel.text
 *(.rel.text)
 *(.rel.text.*)
 *(.rel.gnu.linkonce.t*)

.rela.text
 *(.rela.text)
 *(.rela.text.*)
 *(.rela.gnu.linkonce.t*)

.rel.fini
 *(.rel.fini)

.rela.fini
 *(.rela.fini)

.rel.rodata
 *(.rel.rodata)
 *(.rel.rodata.*)
 *(.rel.gnu.linkonce.r*)

.rela.rodata
 *(.rela.rodata)
 *(.rela.rodata.*)
 *(.rela.gnu.linkonce.r*)

.rel.data
 *(.rel.data)
 *(.rel.data.*)
 *(.rel.gnu.linkonce.d*)

.rela.data
 *(.rela.data)
 *(.rela.data.*)
 *(.rela.gnu.linkonce.d*)

.rel.ctors
 *(.rel.ctors)

.rela.ctors
 *(.rela.ctors)

.rel.dtors
 *(.rel.dtors)

.rela.dtors
 *(.rela.dtors)

.rel.got
 *(.rel.got)

.rela.got
 *(.rela.got)

.rel.bss
 *(.rel.bss)

.rela.bss
 *(.rela.bss)

.rel.plt
 *(.rel.plt)

.rela.plt
 *(.rela.plt)

.text           0x00000000     0x2432
 *(.vectors)
 .vectors       0x00000000      0x120 c:/program files/atmel/atmel studio 6.0/extensions/atmel/avrgcc/3.4.0.65/avrtoolchain/bin/../lib/gcc/avr/4.6.2/../../../../avr/lib/avr51/crtm128rfa1.o
                0x00000000                __vector_default
                0x00000000                __vectors
 *(.vectors)
 *(.progmem.gcc*)
 *(.progmem*)
                0x00000120                . = ALIGN (0x2)
                0x00000120                __trampolines_start = .
 *(.trampolines)
 .trampolines   0x00000120        0x0 linker stubs
 *(.trampolines*)
                0x00000120                __trampolines_end = .
 *(.jumptables)
 *(.jumptables*)
 *(.lowtext)
 *(.lowtext*)
                0x00000120                __ctors_start = .
 *(.ctors)
                0x00000120                __ctors_end = .
                0x00000120                __dtors_start = .
 *(.dtors)
                0x00000120                __dtors_end = .
 SORT(*)(.ctors)
 SORT(*)(.dtors)
 *(.init0)
 .init0         0x00000120        0x0 c:/program files/atmel/atmel studio 6.0/extensions/atmel/avrgcc/3.4.0.65/avrtoolchain/bin/../lib/gcc/avr/4.6.2/../../../../avr/lib/avr51/crtm128rfa1.o
                0x00000120                __init
 *(.init0)
 *(.init1)
 *(.init1)
 *(.init2)
 .init2         0x00000120        0xc c:/program files/atmel/atmel studio 6.0/extensions/atmel/avrgcc/3.4.0.65/avrtoolchain/bin/../lib/gcc/avr/4.6.2/../../../../avr/lib/avr51/crtm128rfa1.o
 *(.init2)
 *(.init3)
 *(.init3)
 *(.init4)
 .init4         0x0000012c       0x1a c:/program files/atmel/atmel studio 6.0/extensions/atmel/avrgcc/3.4.0.65/avrtoolchain/bin/../lib/gcc/avr/4.6.2/avr51\libgcc.a(_copy_data.o)
                0x0000012c                __do_copy_data
 .init4         0x00000146       0x10 c:/program files/atmel/atmel studio 6.0/extensions/atmel/avrgcc/3.4.0.65/avrtoolchain/bin/../lib/gcc/avr/4.6.2/avr51\libgcc.a(_clear_bss.o)
                0x00000146                __do_clear_bss
 *(.init4)
 *(.init5)
 *(.init5)
 *(.init6)
 *(.init6)
 *(.init7)
 *(.init7)
 *(.init8)
 *(.init8)
 *(.init9)
 .init9         0x00000156        0x8 c:/program files/atmel/atmel studio 6.0/extensions/atmel/avrgcc/3.4.0.65/avrtoolchain/bin/../lib/gcc/avr/4.6.2/../../../../avr/lib/avr51/crtm128rfa1.o
 *(.init9)
 *(.text)
 .text          0x0000015e        0x4 c:/program files/atmel/atmel studio 6.0/extensions/atmel/avrgcc/3.4.0.65/avrtoolchain/bin/../lib/gcc/avr/4.6.2/../../../../avr/lib/avr51/crtm128rfa1.o
                0x0000015e                __vector_38
                0x0000015e                __vector_22
                0x0000015e                __vector_28
                0x0000015e                __vector_67
                0x0000015e                __vector_1
                0x0000015e                __vector_32
                0x0000015e                __vector_71
                0x0000015e                __vector_34
                0x0000015e                __vector_62
                0x0000015e                __vector_24
                0x0000015e                __vector_12
                0x0000015e                __vector_55
                0x0000015e                __vector_69
                0x0000015e                __vector_46
                0x0000015e                __bad_interrupt
                0x0000015e                __vector_6
                0x0000015e                __vector_31
                0x0000015e                __vector_35
                0x0000015e                __vector_39
                0x0000015e                __vector_3
                0x0000015e                __vector_23
                0x0000015e                __vector_68
                0x0000015e                __vector_30
                0x0000015e                __vector_45
                0x0000015e                __vector_61
                0x0000015e                __vector_11
                0x0000015e                __vector_54
                0x0000015e                __vector_17
                0x0000015e                __vector_19
                0x0000015e                __vector_56
                0x0000015e                __vector_7
                0x0000015e                __vector_49
                0x0000015e                __vector_41
                0x0000015e                __vector_64
                0x0000015e                __vector_27
                0x0000015e                __vector_5
                0x0000015e                __vector_33
                0x0000015e                __vector_47
                0x0000015e                __vector_52
                0x0000015e                __vector_37
                0x0000015e                __vector_4
                0x0000015e                __vector_44
                0x0000015e                __vector_51
                0x0000015e                __vector_9
                0x0000015e                __vector_2
                0x0000015e                __vector_21
                0x0000015e                __vector_66
                0x0000015e                __vector_36
                0x0000015e                __vector_58
                0x0000015e                __vector_70
                0x0000015e                __vector_29
                0x0000015e                __vector_40
                0x0000015e                __vector_8
                0x0000015e                __vector_48
                0x0000015e                __vector_14
                0x0000015e                __vector_57
                0x0000015e                __vector_53
                0x0000015e                __vector_10
                0x0000015e                __vector_50
                0x0000015e                __vector_16
                0x0000015e                __vector_59
                0x0000015e                __vector_18
                0x0000015e                __vector_20
                0x0000015e                __vector_65
                0x00000162                . = ALIGN (0x2)
 *(.text.*)
 .text.getCommandArgsLenght
                0x00000162       0x18 components/command.o
                0x00000162                getCommandArgsLenght
 .text.RF_Send_Event
                0x0000017a       0x34 components/radio.o
                0x0000017a                RF_Send_Event
 .text.ADC_Reference
                0x000001ae        0x6 libraries/ANALOG.o
                0x000001ae                ADC_Reference
 .text.ADC_Read
                0x000001b4       0x60 libraries/ANALOG.o
                0x000001b4                ADC_Read
 .text.RTC_Init
                0x00000214       0x48 libraries/RTC.o
                0x00000214                RTC_Init
 .text.numWrite
                0x0000025c       0x86 libraries/RTC.o
                0x0000025c                numWrite
 .text.compareTimes
                0x000002e2       0x42 libraries/RTC.o
                0x000002e2                compareTimes
 .text.__vector_15
                0x00000324      0x170 libraries/RTC.o
                0x00000324                __vector_15
 .text.HAL_Init
                0x00000494       0x1a stack/hal/src/hal.o
                0x00000494                HAL_Init
 .text.HAL_Delay
                0x000004ae        0x8 stack/hal/src/hal.o
                0x000004ae                HAL_Delay
 .text.HAL_Sleep
                0x000004b6       0xfe stack/hal/src/halSleep.o
                0x000004b6                HAL_Sleep
 .text.__vector_13
                0x000005b4       0x1e stack/hal/src/halSleep.o
                0x000005b4                __vector_13
 .text.HAL_TimerInit
                0x000005d2       0x2a stack/hal/src/halTimer.o
                0x000005d2                HAL_TimerInit
 .text.HAL_TimerDelay
                0x000005fc       0x68 stack/hal/src/halTimer.o
                0x000005fc                HAL_TimerDelay
 .text.__vector_42
                0x00000664       0x22 stack/hal/src/halTimer.o
                0x00000664                __vector_42
 .text.__vector_43
                0x00000686       0x1e stack/hal/src/halTimer.o
                0x00000686                __vector_43
 .text.HAL_UartInit
                0x000006a4       0xb8 stack/hal/src/halUart.o
                0x000006a4                HAL_UartInit
 .text.HAL_UartWriteByte
                0x0000075c       0x54 stack/hal/src/halUart.o
                0x0000075c                HAL_UartWriteByte
 .text.HAL_UartPrint
                0x000007b0       0x5e stack/hal/src/halUart.o
                0x000007b0                HAL_UartPrint
 .text.HAL_UartReadByte
                0x0000080e       0x5c stack/hal/src/halUart.o
                0x0000080e                HAL_UartReadByte
 .text.__vector_26
                0x0000086a       0x38 stack/hal/src/halUart.o
                0x0000086a                __vector_26
 .text.__vector_25
                0x000008a2       0xb0 stack/hal/src/halUart.o
                0x000008a2                __vector_25
 .text.HAL_UartTaskHandler
                0x00000952       0x8e stack/hal/src/halUart.o
                0x00000952                HAL_UartTaskHandler
 .text.NWK_Init
                0x000009e0       0x32 stack/nwk/src/nwk.o
                0x000009e0                NWK_Init
 .text.NWK_SetAddr
                0x00000a12        0xe stack/nwk/src/nwk.o
                0x00000a12                NWK_SetAddr
 .text.NWK_SetPanId
                0x00000a20        0xe stack/nwk/src/nwk.o
                0x00000a20                NWK_SetPanId
 .text.NWK_OpenEndpoint
                0x00000a2e       0x12 stack/nwk/src/nwk.o
                0x00000a2e                NWK_OpenEndpoint
 .text.NWK_Busy
                0x00000a40       0x2a stack/nwk/src/nwk.o
                0x00000a40                NWK_Busy
 .text.NWK_SleepReq
                0x00000a6a        0x6 stack/nwk/src/nwk.o
                0x00000a6a                NWK_SleepReq
 .text.NWK_WakeupReq
                0x00000a70        0x6 stack/nwk/src/nwk.o
                0x00000a70                NWK_WakeupReq
 .text.NWK_TaskHandler
                0x00000a76        0xe stack/nwk/src/nwk.o
                0x00000a76                NWK_TaskHandler
 .text.nwkDataReqTxConf
                0x00000a84       0x3e stack/nwk/src/nwkDataReq.o
 .text.nwkDataReqInit
                0x00000ac2        0xa stack/nwk/src/nwkDataReq.o
                0x00000ac2                nwkDataReqInit
 .text.NWK_DataReq
                0x00000acc       0x2a stack/nwk/src/nwkDataReq.o
                0x00000acc                NWK_DataReq
 .text.nwkDataReqBusy
                0x00000af6       0x14 stack/nwk/src/nwkDataReq.o
                0x00000af6                nwkDataReqBusy
 .text.nwkDataReqTaskHandler
                0x00000b0a      0x11a stack/nwk/src/nwkDataReq.o
                0x00000b0a                nwkDataReqTaskHandler
 .text.nwkFrameInit
                0x00000c24        0xe stack/nwk/src/nwkFrame.o
                0x00000c24                nwkFrameInit
 .text.nwkFrameAlloc
                0x00000c32       0x4c stack/nwk/src/nwkFrame.o
                0x00000c32                nwkFrameAlloc
 .text.nwkFrameFree
                0x00000c7e        0x6 stack/nwk/src/nwkFrame.o
                0x00000c7e                nwkFrameFree
 .text.nwkFrameByIndex
                0x00000c84       0x1c stack/nwk/src/nwkFrame.o
                0x00000c84                nwkFrameByIndex
 .text.nwkFrameCommandInit
                0x00000ca0       0x4a stack/nwk/src/nwkFrame.o
                0x00000ca0                nwkFrameCommandInit
 .text.nwkRouteFindRecord
                0x00000cea       0x42 stack/nwk/src/nwkRoute.o
 .text.nwkRouteErrorConf
                0x00000d2c        0x6 stack/nwk/src/nwkRoute.o
 .text.nwkRouteTxFrameConf
                0x00000d32        0x6 stack/nwk/src/nwkRoute.o
 .text.nwkRouteInit
                0x00000d38       0x18 stack/nwk/src/nwkRoute.o
                0x00000d38                nwkRouteInit
 .text.nwkRouteRemove
                0x00000d50       0x14 stack/nwk/src/nwkRoute.o
                0x00000d50                nwkRouteRemove
 .text.nwkRouteFrameReceived
                0x00000d64       0x82 stack/nwk/src/nwkRoute.o
                0x00000d64                nwkRouteFrameReceived
 .text.nwkRouteFrameSent
                0x00000de6       0xb2 stack/nwk/src/nwkRoute.o
                0x00000de6                nwkRouteFrameSent
 .text.nwkRouteNextHop
                0x00000e98       0x4a stack/nwk/src/nwkRoute.o
                0x00000e98                nwkRouteNextHop
 .text.nwkRouteFrame
                0x00000ee2       0x98 stack/nwk/src/nwkRoute.o
                0x00000ee2                nwkRouteFrame
 .text.nwkRouteErrorReceived
                0x00000f7a       0x14 stack/nwk/src/nwkRoute.o
                0x00000f7a                nwkRouteErrorReceived
 .text.NWK_RouteNextHop
                0x00000f8e        0x6 stack/nwk/src/nwkRoute.o
                0x00000f8e                NWK_RouteNextHop
 .text.nwkRxSendAckConf
                0x00000f94        0x6 stack/nwk/src/nwkRx.o
 .text.nwkRxDuplicateRejectionTimerHandler
                0x00000f9a       0x2e stack/nwk/src/nwkRx.o
 .text.nwkRxSeriveDataInd
                0x00000fc8       0x26 stack/nwk/src/nwkRx.o
 .text.nwkRxInit
                0x00000fee       0x4a stack/nwk/src/nwkRx.o
                0x00000fee                nwkRxInit
 .text.PHY_DataInd
                0x00001038       0x60 stack/nwk/src/nwkRx.o
                0x00001038                PHY_DataInd
 .text.nwkRxBusy
                0x00001098        0xe stack/nwk/src/nwkRx.o
                0x00001098                nwkRxBusy
 .text.nwkRxTaskHandler
                0x000010a6      0x3b2 stack/nwk/src/nwkRx.o
                0x000010a6                nwkRxTaskHandler
 .text.nwkTxBroadcastConf
                0x00001458        0x6 stack/nwk/src/nwkTx.o
 .text.nwkTxAckWaitTimerHandler
                0x0000145e       0x60 stack/nwk/src/nwkTx.o
 .text.nwkTxInit
                0x000014be       0x36 stack/nwk/src/nwkTx.o
                0x000014be                nwkTxInit
 .text.nwkTxFrame
                0x000014f4       0x7a stack/nwk/src/nwkTx.o
                0x000014f4                nwkTxFrame
 .text.nwkTxBroadcastFrame
                0x0000156e       0x90 stack/nwk/src/nwkTx.o
                0x0000156e                nwkTxBroadcastFrame
 .text.nwkTxAckReceived
                0x000015fe       0x48 stack/nwk/src/nwkTx.o
                0x000015fe                nwkTxAckReceived
 .text.nwkTxBusy
                0x00001646        0xe stack/nwk/src/nwkTx.o
                0x00001646                nwkTxBusy
 .text.PHY_DataConf
                0x00001654       0x38 stack/nwk/src/nwkTx.o
                0x00001654                PHY_DataConf
 .text.nwkTxTaskHandler
                0x0000168c       0xd6 stack/nwk/src/nwkTx.o
                0x0000168c                nwkTxTaskHandler
 .text.phyTrxSetState
                0x00001762       0x16 stack/phy/src/phy.o
 .text.phySetRxState
                0x00001778       0x14 stack/phy/src/phy.o
 .text.phyGetRandomNumber
                0x0000178c       0x70 stack/phy/src/phy.o
 .text.PHY_Init
                0x000017fc       0x58 stack/phy/src/phy.o
                0x000017fc                PHY_Init
 .text.PHY_SetRxState
                0x00001854       0x10 stack/phy/src/phy.o
                0x00001854                PHY_SetRxState
 .text.PHY_SetChannel
                0x00001864       0x10 stack/phy/src/phy.o
                0x00001864                PHY_SetChannel
 .text.PHY_SetPanId
                0x00001874       0x14 stack/phy/src/phy.o
                0x00001874                PHY_SetPanId
 .text.PHY_SetShortAddr
                0x00001888       0x14 stack/phy/src/phy.o
                0x00001888                PHY_SetShortAddr
 .text.PHY_Busy
                0x0000189c       0x20 stack/phy/src/phy.o
                0x0000189c                PHY_Busy
 .text.PHY_Sleep
                0x000018bc       0x18 stack/phy/src/phy.o
                0x000018bc                PHY_Sleep
 .text.PHY_Wakeup
                0x000018d4       0x16 stack/phy/src/phy.o
                0x000018d4                PHY_Wakeup
 .text.PHY_DataReq
                0x000018ea       0x52 stack/phy/src/phy.o
                0x000018ea                PHY_DataReq
 .text.PHY_RandomReq
                0x0000193c        0xc stack/phy/src/phy.o
                0x0000193c                PHY_RandomReq
 .text.__vector_63
                0x00001948       0x70 stack/phy/src/phy.o
                0x00001948                __vector_63
 .text.__vector_60
                0x000019b8       0x34 stack/phy/src/phy.o
                0x000019b8                __vector_60
 .text.PHY_TaskHandler
                0x000019ec      0x122 stack/phy/src/phy.o
                0x000019ec                PHY_TaskHandler
 .text.SYS_Init
                0x00001b0e       0x12 stack/sys/src/sys.o
                0x00001b0e                SYS_Init
 .text.SYS_TaskHandler
                0x00001b20        0xe stack/sys/src/sys.o
                0x00001b20                SYS_TaskHandler
 .text.placeTimer
                0x00001b2e       0xae stack/sys/src/sysTimer.o
 .text.SYS_TimerInit
                0x00001bdc        0xa stack/sys/src/sysTimer.o
                0x00001bdc                SYS_TimerInit
 .text.SYS_TimerStop
                0x00001be6       0x72 stack/sys/src/sysTimer.o
                0x00001be6                SYS_TimerStop
 .text.SYS_TimerStarted
                0x00001c58       0x22 stack/sys/src/sysTimer.o
                0x00001c58                SYS_TimerStarted
 .text.SYS_TimerStart
                0x00001c7a       0x1a stack/sys/src/sysTimer.o
                0x00001c7a                SYS_TimerStart
 .text.SYS_TimerTaskHandler
                0x00001c94       0xa0 stack/sys/src/sysTimer.o
                0x00001c94                SYS_TimerTaskHandler
 .text.appNetworkStatusTimerHandler
                0x00001d34        0xa WSNDemo.o
 .text.appDataSendingTimerHandler
                0x00001d3e       0x1a WSNDemo.o
 .text.appDataInd
                0x00001d58       0x90 WSNDemo.o
 .text.appDataConf
                0x00001de8       0xba WSNDemo.o
 .text.HAL_UartBytesReceived
                0x00001ea2       0x2e WSNDemo.o
                0x00001ea2                HAL_UartBytesReceived
 .text.PHY_RandomConf
                0x00001ed0        0x6 WSNDemo.o
                0x00001ed0                PHY_RandomConf
 .text.startup.main
                0x00001ed6      0x33a WSNDemo.o
                0x00001ed6                main
 .text.libgcc   0x00002210       0x3e c:/program files/atmel/atmel studio 6.0/extensions/atmel/avrgcc/3.4.0.65/avrtoolchain/bin/../lib/gcc/avr/4.6.2/avr51\libgcc.a(_mulsi3.o)
                0x00002210                __mulsi3
 .text.libgcc   0x0000224e       0x28 c:/program files/atmel/atmel studio 6.0/extensions/atmel/avrgcc/3.4.0.65/avrtoolchain/bin/../lib/gcc/avr/4.6.2/avr51\libgcc.a(_udivmodhi4.o)
                0x0000224e                __udivmodhi4
 .text.libgcc   0x00002276       0x44 c:/program files/atmel/atmel studio 6.0/extensions/atmel/avrgcc/3.4.0.65/avrtoolchain/bin/../lib/gcc/avr/4.6.2/avr51\libgcc.a(_udivmodsi4.o)
                0x00002276                __udivmodsi4
 .text.avr-libc
                0x000022ba       0xca c:/program files/atmel/atmel studio 6.0/extensions/atmel/avrgcc/3.4.0.65/avrtoolchain/bin/../lib/gcc/avr/4.6.2/../../../../avr/lib/avr51\libc.a(rand.o)
                0x0000235e                rand_r
                0x00002364                rand
                0x0000236e                srand
 .text.avr-libc
                0x00002384       0x12 c:/program files/atmel/atmel studio 6.0/extensions/atmel/avrgcc/3.4.0.65/avrtoolchain/bin/../lib/gcc/avr/4.6.2/../../../../avr/lib/avr51\libc.a(memcpy.o)
                0x00002384                memcpy
 .text.avr-libc
                0x00002396       0x42 c:/program files/atmel/atmel studio 6.0/extensions/atmel/avrgcc/3.4.0.65/avrtoolchain/bin/../lib/gcc/avr/4.6.2/../../../../avr/lib/avr51\libc.a(itoa.o)
                0x00002396                itoa
 .text.avr-libc
                0x000023d8       0x20 c:/program files/atmel/atmel studio 6.0/extensions/atmel/avrgcc/3.4.0.65/avrtoolchain/bin/../lib/gcc/avr/4.6.2/../../../../avr/lib/avr51\libc.a(strrev.o)
                0x000023d8                strrev
 .text.libgcc   0x000023f8       0x36 c:/program files/atmel/atmel studio 6.0/extensions/atmel/avrgcc/3.4.0.65/avrtoolchain/bin/../lib/gcc/avr/4.6.2/avr51\libgcc.a(_divmodsi4.o)
                0x000023f8                __divmodsi4
                0x0000242e                . = ALIGN (0x2)
 *(.fini9)
 .fini9         0x0000242e        0x0 c:/program files/atmel/atmel studio 6.0/extensions/atmel/avrgcc/3.4.0.65/avrtoolchain/bin/../lib/gcc/avr/4.6.2/avr51\libgcc.a(_exit.o)
                0x0000242e                _exit
                0x0000242e                exit
 *(.fini9)
 *(.fini8)
 *(.fini8)
 *(.fini7)
 *(.fini7)
 *(.fini6)
 *(.fini6)
 *(.fini5)
 *(.fini5)
 *(.fini4)
 *(.fini4)
 *(.fini3)
 *(.fini3)
 *(.fini2)
 *(.fini2)
 *(.fini1)
 *(.fini1)
 *(.fini0)
 .fini0         0x0000242e        0x4 c:/program files/atmel/atmel studio 6.0/extensions/atmel/avrgcc/3.4.0.65/avrtoolchain/bin/../lib/gcc/avr/4.6.2/avr51\libgcc.a(_exit.o)
 *(.fini0)
                0x00002432                _etext = .

.data           0x00800200       0xac load address 0x00002432
                0x00800200                PROVIDE (__data_start, .)
 *(.data)
 .data          0x00800200       0x1a components/radio.o
 .data          0x0080021a       0x89 WSNDemo.o
 .data          0x008002a3        0x4 c:/program files/atmel/atmel studio 6.0/extensions/atmel/avrgcc/3.4.0.65/avrtoolchain/bin/../lib/gcc/avr/4.6.2/../../../../avr/lib/avr51\libc.a(rand.o)
 *(.data*)
 .data.analog_reference
                0x008002a7        0x1 libraries/ANALOG.o
                0x008002a7                analog_reference
 *(.rodata)
 *(.rodata*)
 .rodata.CSWTCH.1
                0x008002a8        0x3 components/command.o
 *(.gnu.linkonce.d*)
                0x008002ac                . = ALIGN (0x2)
 *fill*         0x008002ab        0x1 00
                0x008002ac                _edata = .
                0x008002ac                PROVIDE (__data_end, .)

.bss            0x008002ac     0x165a
                0x008002ac                PROVIDE (__bss_start, .)
 *(.bss)
 *(.bss*)
 .bss.enable_flag_prt
                0x008002ac        0x1 libraries/RTC.o
                0x008002ac                enable_flag_prt
 .bss.halSleepTimerEvent
                0x008002ad        0x1 stack/hal/src/halSleep.o
 .bss.halTimerDelayInt
                0x008002ae        0x1 stack/hal/src/halTimer.o
 .bss.newData   0x008002af        0x1 stack/hal/src/halUart.o
 .bss.udrEmpty  0x008002b0        0x1 stack/hal/src/halUart.o
 .bss.rxFifo    0x008002b1        0xa stack/hal/src/halUart.o
 .bss.txFifo    0x008002bb        0xa stack/hal/src/halUart.o
 .bss.txData    0x008002c5       0x81 stack/hal/src/halUart.o
 .bss.rxData    0x00800346       0x81 stack/hal/src/halUart.o
 .bss.nwkDataReqQueue
                0x008003c7        0x2 stack/nwk/src/nwkDataReq.o
 .bss.nwkFrameFrames
                0x008003c9      0x18f stack/nwk/src/nwkFrame.o
 .bss.nwkRouteTable
                0x00800558      0x258 stack/nwk/src/nwkRoute.o
 .bss.nwkRxAckControl
                0x008007b0        0x1 stack/nwk/src/nwkRx.o
 .bss.nwkRxDuplicateRejectionTable
                0x008007b1       0x32 stack/nwk/src/nwkRx.o
 .bss.nwkRxActiveFrames
                0x008007e3        0x1 stack/nwk/src/nwkRx.o
 .bss.nwkRxDuplicateRejectionTimer
                0x008007e4        0xd stack/nwk/src/nwkRx.o
 .bss.nwkTxPhyActiveFrame
                0x008007f1        0x2 stack/nwk/src/nwkTx.o
 .bss.nwkTxActiveFrames
                0x008007f3        0x1 stack/nwk/src/nwkTx.o
 .bss.nwkTxAckWaitTimer
                0x008007f4        0xd stack/nwk/src/nwkTx.o
 .bss.phyRxSize
                0x00800801        0x1 stack/phy/src/phy.o
 .bss.phyRxRssi
                0x00800802        0x1 stack/phy/src/phy.o
 .bss.phyTxStatus
                0x00800803        0x1 stack/phy/src/phy.o
 .bss.phyState  0x00800804        0x1 stack/phy/src/phy.o
 .bss.phyIb     0x00800805        0x7 stack/phy/src/phy.o
 .bss.phyRxBuffer
                0x0080080c       0x80 stack/phy/src/phy.o
 .bss.timers    0x0080088c        0x2 stack/sys/src/sysTimer.o
 .bss.appState  0x0080088e        0x1 WSNDemo.o
 .bss.appDataSendingTimer
                0x0080088f        0xd WSNDemo.o
 .bss.msg       0x0080089c       0x31 WSNDemo.o
 .bss.appNetworkStatus
                0x008008cd        0x1 WSNDemo.o
 .bss.appNetworkStatusTimer
                0x008008ce        0xd WSNDemo.o
 .bss.nwkDataReq
                0x008008db       0x11 WSNDemo.o
 *(COMMON)
 COMMON         0x008008ec        0x2 libraries/RTC.o
                0x008008ec                time_event_header
 COMMON         0x008008ee        0x1 stack/hal/src/halTimer.o
                0x008008ee                halTimerIrqCount
 COMMON         0x008008ef        0xc stack/nwk/src/nwk.o
                0x008008ef                nwkIb
 COMMON         0x008008fb     0x100b WSNDemo.o
                0x008008fb                validTime
                0x008008fc                adcVal
                0x008008fe                buf
                0x00800903                runningConfiguration
                0x00801903                currentTime
                0x00801906                PROVIDE (__bss_end, .)
                0x00002432                __data_load_start = LOADADDR (.data)
                0x000024de                __data_load_end = (__data_load_start + SIZEOF (.data))

.noinit         0x00801906        0x0
                0x00801906                PROVIDE (__noinit_start, .)
 *(.noinit*)
                0x00801906                PROVIDE (__noinit_end, .)
                0x00801906                _end = .
                0x00801906                PROVIDE (__heap_start, .)

.eeprom         0x00810000        0x0
 *(.eeprom*)
                0x00810000                __eeprom_end = .

.fuse
 *(.fuse)
 *(.lfuse)
 *(.hfuse)
 *(.efuse)

.lock
 *(.lock*)

.signature
 *(.signature*)

.stab           0x00000000      0x9d8
 *(.stab)
 .stab          0x00000000      0x6cc c:/program files/atmel/atmel studio 6.0/extensions/atmel/avrgcc/3.4.0.65/avrtoolchain/bin/../lib/gcc/avr/4.6.2/../../../../avr/lib/avr51/crtm128rfa1.o
 .stab          0x000006cc       0x84 c:/program files/atmel/atmel studio 6.0/extensions/atmel/avrgcc/3.4.0.65/avrtoolchain/bin/../lib/gcc/avr/4.6.2/../../../../avr/lib/avr51\libc.a(memcpy.o)
                                 0x90 (size before relaxing)
 .stab          0x00000750      0x1b0 c:/program files/atmel/atmel studio 6.0/extensions/atmel/avrgcc/3.4.0.65/avrtoolchain/bin/../lib/gcc/avr/4.6.2/../../../../avr/lib/avr51\libc.a(itoa.o)
                                0x1bc (size before relaxing)
 .stab          0x00000900       0xd8 c:/program files/atmel/atmel studio 6.0/extensions/atmel/avrgcc/3.4.0.65/avrtoolchain/bin/../lib/gcc/avr/4.6.2/../../../../avr/lib/avr51\libc.a(strrev.o)
                                 0xe4 (size before relaxing)

.stabstr        0x00000000      0x213
 *(.stabstr)
 .stabstr       0x00000000      0x213 c:/program files/atmel/atmel studio 6.0/extensions/atmel/avrgcc/3.4.0.65/avrtoolchain/bin/../lib/gcc/avr/4.6.2/../../../../avr/lib/avr51/crtm128rfa1.o

.stab.excl
 *(.stab.excl)

.stab.exclstr
 *(.stab.exclstr)

.stab.index
 *(.stab.index)

.stab.indexstr
 *(.stab.indexstr)

.comment
 *(.comment)

.debug
 *(.debug)

.line
 *(.line)

.debug_srcinfo
 *(.debug_srcinfo)

.debug_sfnames
 *(.debug_sfnames)

.debug_aranges  0x00000000      0x600
 *(.debug_aranges)
 .debug_aranges
                0x00000000       0x20 components/command.o
 .debug_aranges
                0x00000020       0x20 components/radio.o
 .debug_aranges
                0x00000040       0x28 libraries/ANALOG.o
 .debug_aranges
                0x00000068       0x48 libraries/RTC.o
 .debug_aranges
                0x000000b0       0x28 stack/hal/src/hal.o
 .debug_aranges
                0x000000d8       0x28 stack/hal/src/halSleep.o
 .debug_aranges
                0x00000100       0x38 stack/hal/src/halTimer.o
 .debug_aranges
                0x00000138       0x58 stack/hal/src/halUart.o
 .debug_aranges
                0x00000190       0x58 stack/nwk/src/nwk.o
 .debug_aranges
                0x000001e8       0x40 stack/nwk/src/nwkDataReq.o
 .debug_aranges
                0x00000228       0x40 stack/nwk/src/nwkFrame.o
 .debug_aranges
                0x00000268       0x70 stack/nwk/src/nwkRoute.o
 .debug_aranges
                0x000002d8       0x58 stack/nwk/src/nwkRx.o
 .debug_aranges
                0x00000330       0x60 stack/nwk/src/nwkTx.o
 .debug_aranges
                0x00000390       0x98 stack/phy/src/phy.o
 .debug_aranges
                0x00000428       0x28 stack/sys/src/sys.o
 .debug_aranges
                0x00000450       0x48 stack/sys/src/sysTimer.o
 .debug_aranges
                0x00000498       0x50 WSNDemo.o
 .debug_aranges
                0x000004e8       0x20 c:/program files/atmel/atmel studio 6.0/extensions/atmel/avrgcc/3.4.0.65/avrtoolchain/bin/../lib/gcc/avr/4.6.2/avr51\libgcc.a(_mulsi3.o)
 .debug_aranges
                0x00000508       0x20 c:/program files/atmel/atmel studio 6.0/extensions/atmel/avrgcc/3.4.0.65/avrtoolchain/bin/../lib/gcc/avr/4.6.2/avr51\libgcc.a(_udivmodhi4.o)
 .debug_aranges
                0x00000528       0x20 c:/program files/atmel/atmel studio 6.0/extensions/atmel/avrgcc/3.4.0.65/avrtoolchain/bin/../lib/gcc/avr/4.6.2/avr51\libgcc.a(_udivmodsi4.o)
 .debug_aranges
                0x00000548       0x20 c:/program files/atmel/atmel studio 6.0/extensions/atmel/avrgcc/3.4.0.65/avrtoolchain/bin/../lib/gcc/avr/4.6.2/avr51\libgcc.a(_exit.o)
 .debug_aranges
                0x00000568       0x20 c:/program files/atmel/atmel studio 6.0/extensions/atmel/avrgcc/3.4.0.65/avrtoolchain/bin/../lib/gcc/avr/4.6.2/avr51\libgcc.a(_copy_data.o)
 .debug_aranges
                0x00000588       0x20 c:/program files/atmel/atmel studio 6.0/extensions/atmel/avrgcc/3.4.0.65/avrtoolchain/bin/../lib/gcc/avr/4.6.2/avr51\libgcc.a(_clear_bss.o)
 .debug_aranges
                0x000005a8       0x38 c:/program files/atmel/atmel studio 6.0/extensions/atmel/avrgcc/3.4.0.65/avrtoolchain/bin/../lib/gcc/avr/4.6.2/../../../../avr/lib/avr51\libc.a(rand.o)
 .debug_aranges
                0x000005e0       0x20 c:/program files/atmel/atmel studio 6.0/extensions/atmel/avrgcc/3.4.0.65/avrtoolchain/bin/../lib/gcc/avr/4.6.2/avr51\libgcc.a(_divmodsi4.o)

.debug_pubnames
 *(.debug_pubnames)

.debug_info     0x00000000     0x59b2
 *(.debug_info)
 .debug_info    0x00000000       0xa4 components/command.o
 .debug_info    0x000000a4       0xfd components/radio.o
 .debug_info    0x000001a1      0x11c libraries/ANALOG.o
 .debug_info    0x000002bd      0x715 libraries/RTC.o
 .debug_info    0x000009d2       0xb5 stack/hal/src/hal.o
 .debug_info    0x00000a87      0x187 stack/hal/src/halSleep.o
 .debug_info    0x00000c0e      0x118 stack/hal/src/halTimer.o
 .debug_info    0x00000d26      0x3ae stack/hal/src/halUart.o
 .debug_info    0x000010d4      0x2da stack/nwk/src/nwk.o
 .debug_info    0x000013ae      0x6ea stack/nwk/src/nwkDataReq.o
 .debug_info    0x00001a98      0x548 stack/nwk/src/nwkFrame.o
 .debug_info    0x00001fe0      0x78c stack/nwk/src/nwkRoute.o
 .debug_info    0x0000276c      0x9e6 stack/nwk/src/nwkRx.o
 .debug_info    0x00003152      0x815 stack/nwk/src/nwkTx.o
 .debug_info    0x00003967      0x82c stack/phy/src/phy.o
 .debug_info    0x00004193       0x90 stack/sys/src/sys.o
 .debug_info    0x00004223      0x339 stack/sys/src/sysTimer.o
 .debug_info    0x0000455c      0xd24 WSNDemo.o
 .debug_info    0x00005280       0xde c:/program files/atmel/atmel studio 6.0/extensions/atmel/avrgcc/3.4.0.65/avrtoolchain/bin/../lib/gcc/avr/4.6.2/avr51\libgcc.a(_mulsi3.o)
 .debug_info    0x0000535e       0xde c:/program files/atmel/atmel studio 6.0/extensions/atmel/avrgcc/3.4.0.65/avrtoolchain/bin/../lib/gcc/avr/4.6.2/avr51\libgcc.a(_udivmodhi4.o)
 .debug_info    0x0000543c       0xde c:/program files/atmel/atmel studio 6.0/extensions/atmel/avrgcc/3.4.0.65/avrtoolchain/bin/../lib/gcc/avr/4.6.2/avr51\libgcc.a(_udivmodsi4.o)
 .debug_info    0x0000551a       0xde c:/program files/atmel/atmel studio 6.0/extensions/atmel/avrgcc/3.4.0.65/avrtoolchain/bin/../lib/gcc/avr/4.6.2/avr51\libgcc.a(_exit.o)
 .debug_info    0x000055f8       0xde c:/program files/atmel/atmel studio 6.0/extensions/atmel/avrgcc/3.4.0.65/avrtoolchain/bin/../lib/gcc/avr/4.6.2/avr51\libgcc.a(_copy_data.o)
 .debug_info    0x000056d6       0xde c:/program files/atmel/atmel studio 6.0/extensions/atmel/avrgcc/3.4.0.65/avrtoolchain/bin/../lib/gcc/avr/4.6.2/avr51\libgcc.a(_clear_bss.o)
 .debug_info    0x000057b4      0x120 c:/program files/atmel/atmel studio 6.0/extensions/atmel/avrgcc/3.4.0.65/avrtoolchain/bin/../lib/gcc/avr/4.6.2/../../../../avr/lib/avr51\libc.a(rand.o)
 .debug_info    0x000058d4       0xde c:/program files/atmel/atmel studio 6.0/extensions/atmel/avrgcc/3.4.0.65/avrtoolchain/bin/../lib/gcc/avr/4.6.2/avr51\libgcc.a(_divmodsi4.o)
 *(.gnu.linkonce.wi.*)

.debug_abbrev   0x00000000     0x1dc7
 *(.debug_abbrev)
 .debug_abbrev  0x00000000       0x6c components/command.o
 .debug_abbrev  0x0000006c       0xaf components/radio.o
 .debug_abbrev  0x0000011b       0xdf libraries/ANALOG.o
 .debug_abbrev  0x000001fa      0x224 libraries/RTC.o
 .debug_abbrev  0x0000041e       0x74 stack/hal/src/hal.o
 .debug_abbrev  0x00000492       0xc4 stack/hal/src/halSleep.o
 .debug_abbrev  0x00000556       0xc3 stack/hal/src/halTimer.o
 .debug_abbrev  0x00000619      0x155 stack/hal/src/halUart.o
 .debug_abbrev  0x0000076e      0x13f stack/nwk/src/nwk.o
 .debug_abbrev  0x000008ad      0x227 stack/nwk/src/nwkDataReq.o
 .debug_abbrev  0x00000ad4      0x18e stack/nwk/src/nwkFrame.o
 .debug_abbrev  0x00000c62      0x263 stack/nwk/src/nwkRoute.o
 .debug_abbrev  0x00000ec5      0x335 stack/nwk/src/nwkRx.o
 .debug_abbrev  0x000011fa      0x277 stack/nwk/src/nwkTx.o
 .debug_abbrev  0x00001471      0x2a0 stack/phy/src/phy.o
 .debug_abbrev  0x00001711       0x43 stack/sys/src/sys.o
 .debug_abbrev  0x00001754      0x1a4 stack/sys/src/sysTimer.o
 .debug_abbrev  0x000018f8      0x376 WSNDemo.o
 .debug_abbrev  0x00001c6e       0x14 c:/program files/atmel/atmel studio 6.0/extensions/atmel/avrgcc/3.4.0.65/avrtoolchain/bin/../lib/gcc/avr/4.6.2/avr51\libgcc.a(_mulsi3.o)
 .debug_abbrev  0x00001c82       0x14 c:/program files/atmel/atmel studio 6.0/extensions/atmel/avrgcc/3.4.0.65/avrtoolchain/bin/../lib/gcc/avr/4.6.2/avr51\libgcc.a(_udivmodhi4.o)
 .debug_abbrev  0x00001c96       0x14 c:/program files/atmel/atmel studio 6.0/extensions/atmel/avrgcc/3.4.0.65/avrtoolchain/bin/../lib/gcc/avr/4.6.2/avr51\libgcc.a(_udivmodsi4.o)
 .debug_abbrev  0x00001caa       0x14 c:/program files/atmel/atmel studio 6.0/extensions/atmel/avrgcc/3.4.0.65/avrtoolchain/bin/../lib/gcc/avr/4.6.2/avr51\libgcc.a(_exit.o)
 .debug_abbrev  0x00001cbe       0x14 c:/program files/atmel/atmel studio 6.0/extensions/atmel/avrgcc/3.4.0.65/avrtoolchain/bin/../lib/gcc/avr/4.6.2/avr51\libgcc.a(_copy_data.o)
 .debug_abbrev  0x00001cd2       0x14 c:/program files/atmel/atmel studio 6.0/extensions/atmel/avrgcc/3.4.0.65/avrtoolchain/bin/../lib/gcc/avr/4.6.2/avr51\libgcc.a(_clear_bss.o)
 .debug_abbrev  0x00001ce6       0xcd c:/program files/atmel/atmel studio 6.0/extensions/atmel/avrgcc/3.4.0.65/avrtoolchain/bin/../lib/gcc/avr/4.6.2/../../../../avr/lib/avr51\libc.a(rand.o)
 .debug_abbrev  0x00001db3       0x14 c:/program files/atmel/atmel studio 6.0/extensions/atmel/avrgcc/3.4.0.65/avrtoolchain/bin/../lib/gcc/avr/4.6.2/avr51\libgcc.a(_divmodsi4.o)

.debug_line     0x00000000     0x45c6
 *(.debug_line)
 .debug_line    0x00000000      0x17d components/command.o
 .debug_line    0x0000017d      0x2d1 components/radio.o
 .debug_line    0x0000044e      0x2e0 libraries/ANALOG.o
 .debug_line    0x0000072e      0x397 libraries/RTC.o
 .debug_line    0x00000ac5      0x2e2 stack/hal/src/hal.o
 .debug_line    0x00000da7      0x32f stack/hal/src/halSleep.o
 .debug_line    0x000010d6      0x317 stack/hal/src/halTimer.o
 .debug_line    0x000013ed      0x3e4 stack/hal/src/halUart.o
 .debug_line    0x000017d1      0x3d7 stack/nwk/src/nwk.o
 .debug_line    0x00001ba8      0x3a2 stack/nwk/src/nwkDataReq.o
 .debug_line    0x00001f4a      0x36c stack/nwk/src/nwkFrame.o
 .debug_line    0x000022b6      0x412 stack/nwk/src/nwkRoute.o
 .debug_line    0x000026c8      0x496 stack/nwk/src/nwkRx.o
 .debug_line    0x00002b5e      0x45c stack/nwk/src/nwkTx.o
 .debug_line    0x00002fba      0x4b7 stack/phy/src/phy.o
 .debug_line    0x00003471      0x356 stack/sys/src/sys.o
 .debug_line    0x000037c7      0x3a4 stack/sys/src/sysTimer.o
 .debug_line    0x00003b6b      0x599 WSNDemo.o
 .debug_line    0x00004104       0xa5 c:/program files/atmel/atmel studio 6.0/extensions/atmel/avrgcc/3.4.0.65/avrtoolchain/bin/../lib/gcc/avr/4.6.2/avr51\libgcc.a(_mulsi3.o)
 .debug_line    0x000041a9       0x9a c:/program files/atmel/atmel studio 6.0/extensions/atmel/avrgcc/3.4.0.65/avrtoolchain/bin/../lib/gcc/avr/4.6.2/avr51\libgcc.a(_udivmodhi4.o)
 .debug_line    0x00004243       0xa8 c:/program files/atmel/atmel studio 6.0/extensions/atmel/avrgcc/3.4.0.65/avrtoolchain/bin/../lib/gcc/avr/4.6.2/avr51\libgcc.a(_udivmodsi4.o)
 .debug_line    0x000042eb       0x88 c:/program files/atmel/atmel studio 6.0/extensions/atmel/avrgcc/3.4.0.65/avrtoolchain/bin/../lib/gcc/avr/4.6.2/avr51\libgcc.a(_exit.o)
 .debug_line    0x00004373       0x93 c:/program files/atmel/atmel studio 6.0/extensions/atmel/avrgcc/3.4.0.65/avrtoolchain/bin/../lib/gcc/avr/4.6.2/avr51\libgcc.a(_copy_data.o)
 .debug_line    0x00004406       0x8e c:/program files/atmel/atmel studio 6.0/extensions/atmel/avrgcc/3.4.0.65/avrtoolchain/bin/../lib/gcc/avr/4.6.2/avr51\libgcc.a(_clear_bss.o)
 .debug_line    0x00004494       0x91 c:/program files/atmel/atmel studio 6.0/extensions/atmel/avrgcc/3.4.0.65/avrtoolchain/bin/../lib/gcc/avr/4.6.2/../../../../avr/lib/avr51\libc.a(rand.o)
 .debug_line    0x00004525       0xa1 c:/program files/atmel/atmel studio 6.0/extensions/atmel/avrgcc/3.4.0.65/avrtoolchain/bin/../lib/gcc/avr/4.6.2/avr51\libgcc.a(_divmodsi4.o)

.debug_frame    0x00000000      0xc38
 *(.debug_frame)
 .debug_frame   0x00000000       0x24 components/command.o
 .debug_frame   0x00000024       0x30 components/radio.o
 .debug_frame   0x00000054       0x34 libraries/ANALOG.o
 .debug_frame   0x00000088       0xfc libraries/RTC.o
 .debug_frame   0x00000184       0x34 stack/hal/src/hal.o
 .debug_frame   0x000001b8       0x50 stack/hal/src/halSleep.o
 .debug_frame   0x00000208       0x74 stack/hal/src/halTimer.o
 .debug_frame   0x0000027c      0x138 stack/hal/src/halUart.o
 .debug_frame   0x000003b4       0x94 stack/nwk/src/nwk.o
 .debug_frame   0x00000448       0x78 stack/nwk/src/nwkDataReq.o
 .debug_frame   0x000004c0       0x64 stack/nwk/src/nwkFrame.o
 .debug_frame   0x00000524      0x128 stack/nwk/src/nwkRoute.o
 .debug_frame   0x0000064c       0xe0 stack/nwk/src/nwkRx.o
 .debug_frame   0x0000072c      0x118 stack/nwk/src/nwkTx.o
 .debug_frame   0x00000844      0x1b0 stack/phy/src/phy.o
 .debug_frame   0x000009f4       0x34 stack/sys/src/sys.o
 .debug_frame   0x00000a28       0xc0 stack/sys/src/sysTimer.o
 .debug_frame   0x00000ae8       0xc8 WSNDemo.o
 .debug_frame   0x00000bb0       0x88 c:/program files/atmel/atmel studio 6.0/extensions/atmel/avrgcc/3.4.0.65/avrtoolchain/bin/../lib/gcc/avr/4.6.2/../../../../avr/lib/avr51\libc.a(rand.o)

.debug_str      0x00000000     0x1cc9
 *(.debug_str)
 .debug_str     0x00000000       0xa7 components/command.o
                                 0xdb (size before relaxing)
 .debug_str     0x000000a7       0x76 components/radio.o
                                0x12c (size before relaxing)
 .debug_str     0x0000011d       0x52 libraries/ANALOG.o
                                0x102 (size before relaxing)
 .debug_str     0x0000016f      0x408 libraries/RTC.o
                                0x51e (size before relaxing)
 .debug_str     0x00000577       0x20 stack/hal/src/hal.o
                                 0xda (size before relaxing)
 .debug_str     0x00000597       0x8a stack/hal/src/halSleep.o
                                0x149 (size before relaxing)
 .debug_str     0x00000621       0x73 stack/hal/src/halTimer.o
                                0x123 (size before relaxing)
 .debug_str     0x00000694       0xf7 stack/hal/src/halUart.o
                                0x1e4 (size before relaxing)
 .debug_str     0x0000078b       0xf1 stack/nwk/src/nwk.o
                                0x1be (size before relaxing)
 .debug_str     0x0000087c      0x31a stack/nwk/src/nwkDataReq.o
                                0x460 (size before relaxing)
 .debug_str     0x00000b96       0x8c stack/nwk/src/nwkFrame.o
                                0x345 (size before relaxing)
 .debug_str     0x00000c22      0x16e stack/nwk/src/nwkRoute.o
                                0x435 (size before relaxing)
 .debug_str     0x00000d90      0x316 stack/nwk/src/nwkRx.o
                                0x598 (size before relaxing)
 .debug_str     0x000010a6      0x214 stack/nwk/src/nwkTx.o
                                0x592 (size before relaxing)
 .debug_str     0x000012ba      0x602 stack/phy/src/phy.o
                                0x6f5 (size before relaxing)
 .debug_str     0x000018bc       0x30 stack/sys/src/sys.o
                                 0xcf (size before relaxing)
 .debug_str     0x000018ec       0x87 stack/sys/src/sysTimer.o
                                0x1d1 (size before relaxing)
 .debug_str     0x00001973      0x2ec WSNDemo.o
                                0x87a (size before relaxing)
 .debug_str     0x00001c5f       0x6a c:/program files/atmel/atmel studio 6.0/extensions/atmel/avrgcc/3.4.0.65/avrtoolchain/bin/../lib/gcc/avr/4.6.2/../../../../avr/lib/avr51\libc.a(rand.o)
                                 0xa8 (size before relaxing)

.debug_loc      0x00000000     0x2204
 *(.debug_loc)
 .debug_loc     0x00000000       0x28 components/command.o
 .debug_loc     0x00000028       0x57 components/radio.o
 .debug_loc     0x0000007f       0x44 libraries/ANALOG.o
 .debug_loc     0x000000c3      0x338 libraries/RTC.o
 .debug_loc     0x000003fb       0x13 stack/hal/src/hal.o
 .debug_loc     0x0000040e      0x134 stack/hal/src/halSleep.o
 .debug_loc     0x00000542       0x90 stack/hal/src/halTimer.o
 .debug_loc     0x000005d2      0x358 stack/hal/src/halUart.o
 .debug_loc     0x0000092a       0x86 stack/nwk/src/nwk.o
 .debug_loc     0x000009b0      0x15b stack/nwk/src/nwkDataReq.o
 .debug_loc     0x00000b0b      0x10a stack/nwk/src/nwkFrame.o
 .debug_loc     0x00000c15      0x441 stack/nwk/src/nwkRoute.o
 .debug_loc     0x00001056      0x39d stack/nwk/src/nwkRx.o
 .debug_loc     0x000013f3      0x3d3 stack/nwk/src/nwkTx.o
 .debug_loc     0x000017c6      0x2b7 stack/phy/src/phy.o
 .debug_loc     0x00001a7d      0x3ab stack/sys/src/sysTimer.o
 .debug_loc     0x00001e28      0x275 WSNDemo.o
 .debug_loc     0x0000209d      0x167 c:/program files/atmel/atmel studio 6.0/extensions/atmel/avrgcc/3.4.0.65/avrtoolchain/bin/../lib/gcc/avr/4.6.2/../../../../avr/lib/avr51\libc.a(rand.o)

.debug_macinfo  0x00000000   0x12a4c3
 *(.debug_macinfo)
 .debug_macinfo
                0x00000000     0x2a39 components/command.o
 .debug_macinfo
                0x00002a39     0xf26b components/radio.o
 .debug_macinfo
                0x00011ca4    0x11558 libraries/ANALOG.o
 .debug_macinfo
                0x000231fc     0xf445 libraries/RTC.o
 .debug_macinfo
                0x00032641    0x10da5 stack/hal/src/hal.o
 .debug_macinfo
                0x000433e6    0x10e22 stack/hal/src/halSleep.o
 .debug_macinfo
                0x00054208    0x10db9 stack/hal/src/halTimer.o
 .debug_macinfo
                0x00064fc1    0x11177 stack/hal/src/halUart.o
 .debug_macinfo
                0x00076138    0x12527 stack/nwk/src/nwk.o
 .debug_macinfo
                0x0008865f    0x1163c stack/nwk/src/nwkDataReq.o
 .debug_macinfo
                0x00099c9b    0x1163c stack/nwk/src/nwkFrame.o
 .debug_macinfo
                0x000ab2d7    0x11495 stack/nwk/src/nwkRoute.o
 .debug_macinfo
                0x000bc76c    0x125f5 stack/nwk/src/nwkRx.o
 .debug_macinfo
                0x000ced61    0x12564 stack/nwk/src/nwkTx.o
 .debug_macinfo
                0x000e12c5    0x11ff2 stack/phy/src/phy.o
 .debug_macinfo
                0x000f32b7    0x1202c stack/sys/src/sys.o
 .debug_macinfo
                0x001052e3    0x110de stack/sys/src/sysTimer.o
 .debug_macinfo
                0x001163c1    0x14102 WSNDemo.o
OUTPUT(WSNDemo.elf elf32-avr)
LOAD linker stubs

.debug_ranges   0x00000000      0x510
 .debug_ranges  0x00000000       0x10 components/command.o
 .debug_ranges  0x00000010       0x10 components/radio.o
 .debug_ranges  0x00000020       0x18 libraries/ANALOG.o
 .debug_ranges  0x00000038       0x38 libraries/RTC.o
 .debug_ranges  0x00000070       0x18 stack/hal/src/hal.o
 .debug_ranges  0x00000088       0x18 stack/hal/src/halSleep.o
 .debug_ranges  0x000000a0       0x28 stack/hal/src/halTimer.o
 .debug_ranges  0x000000c8       0x48 stack/hal/src/halUart.o
 .debug_ranges  0x00000110       0x48 stack/nwk/src/nwk.o
 .debug_ranges  0x00000158       0x30 stack/nwk/src/nwkDataReq.o
 .debug_ranges  0x00000188       0x30 stack/nwk/src/nwkFrame.o
 .debug_ranges  0x000001b8       0x60 stack/nwk/src/nwkRoute.o
 .debug_ranges  0x00000218       0xd8 stack/nwk/src/nwkRx.o
 .debug_ranges  0x000002f0       0x50 stack/nwk/src/nwkTx.o
 .debug_ranges  0x00000340       0xb8 stack/phy/src/phy.o
 .debug_ranges  0x000003f8       0x18 stack/sys/src/sys.o
 .debug_ranges  0x00000410       0x38 stack/sys/src/sysTimer.o
 .debug_ranges  0x00000448       0xa0 WSNDemo.o
 .debug_ranges  0x000004e8       0x28 c:/program files/atmel/atmel studio 6.0/extensions/atmel/avrgcc/3.4.0.65/avrtoolchain/bin/../lib/gcc/avr/4.6.2/../../../../avr/lib/avr51\libc.a(rand.o)
