Archive member included because of file (symbol)

c:/program files (x86)/atmel/atmel studio 6.0/extensions/atmel/avrgcc/3.4.0.65/avrtoolchain/bin/../lib/gcc/avr/4.6.2/avr51\libgcc.a(_mulsi3.o)
                              stack/sys/src/sysTimer.o (__mulsi3)
c:/program files (x86)/atmel/atmel studio 6.0/extensions/atmel/avrgcc/3.4.0.65/avrtoolchain/bin/../lib/gcc/avr/4.6.2/avr51\libgcc.a(_udivmodhi4.o)
                              libraries/RTC.o (__udivmodhi4)
c:/program files (x86)/atmel/atmel studio 6.0/extensions/atmel/avrgcc/3.4.0.65/avrtoolchain/bin/../lib/gcc/avr/4.6.2/avr51\libgcc.a(_udivmodsi4.o)
                              stack/hal/src/halSleep.o (__udivmodsi4)
c:/program files (x86)/atmel/atmel studio 6.0/extensions/atmel/avrgcc/3.4.0.65/avrtoolchain/bin/../lib/gcc/avr/4.6.2/avr51\libgcc.a(_exit.o)
                              c:/program files (x86)/atmel/atmel studio 6.0/extensions/atmel/avrgcc/3.4.0.65/avrtoolchain/bin/../lib/gcc/avr/4.6.2/../../../../avr/lib/avr51/crtm128rfa1.o (exit)
c:/program files (x86)/atmel/atmel studio 6.0/extensions/atmel/avrgcc/3.4.0.65/avrtoolchain/bin/../lib/gcc/avr/4.6.2/avr51\libgcc.a(_copy_data.o)
                              components/command.o (__do_copy_data)
c:/program files (x86)/atmel/atmel studio 6.0/extensions/atmel/avrgcc/3.4.0.65/avrtoolchain/bin/../lib/gcc/avr/4.6.2/avr51\libgcc.a(_clear_bss.o)
                              components/command.o (__do_clear_bss)
c:/program files (x86)/atmel/atmel studio 6.0/extensions/atmel/avrgcc/3.4.0.65/avrtoolchain/bin/../lib/gcc/avr/4.6.2/../../../../avr/lib/avr51\libc.a(rand.o)
                              WSNDemo.o (rand)
c:/program files (x86)/atmel/atmel studio 6.0/extensions/atmel/avrgcc/3.4.0.65/avrtoolchain/bin/../lib/gcc/avr/4.6.2/../../../../avr/lib/avr51\libc.a(memcpy.o)
                              stack/nwk/src/nwkDataReq.o (memcpy)
c:/program files (x86)/atmel/atmel studio 6.0/extensions/atmel/avrgcc/3.4.0.65/avrtoolchain/bin/../lib/gcc/avr/4.6.2/../../../../avr/lib/avr51\libc.a(itoa.o)
                              WSNDemo.o (itoa)
c:/program files (x86)/atmel/atmel studio 6.0/extensions/atmel/avrgcc/3.4.0.65/avrtoolchain/bin/../lib/gcc/avr/4.6.2/../../../../avr/lib/avr51\libc.a(eerd_block_atmega128rfa1.o)
                              libraries/EEPROM.o (__eerd_block_m128rfa1)
c:/program files (x86)/atmel/atmel studio 6.0/extensions/atmel/avrgcc/3.4.0.65/avrtoolchain/bin/../lib/gcc/avr/4.6.2/../../../../avr/lib/avr51\libc.a(strrev.o)
                              c:/program files (x86)/atmel/atmel studio 6.0/extensions/atmel/avrgcc/3.4.0.65/avrtoolchain/bin/../lib/gcc/avr/4.6.2/../../../../avr/lib/avr51\libc.a(itoa.o) (strrev)
c:/program files (x86)/atmel/atmel studio 6.0/extensions/atmel/avrgcc/3.4.0.65/avrtoolchain/bin/../lib/gcc/avr/4.6.2/avr51\libgcc.a(_divmodsi4.o)
                              c:/program files (x86)/atmel/atmel studio 6.0/extensions/atmel/avrgcc/3.4.0.65/avrtoolchain/bin/../lib/gcc/avr/4.6.2/../../../../avr/lib/avr51\libc.a(rand.o) (__divmodsi4)

Allocating common symbols
Common symbol       size              file

validTime           0x1               WSNDemo.o
nwkIb               0xc               stack/nwk/src/nwk.o
adcVal              0x2               WSNDemo.o
buf                 0x5               WSNDemo.o
halTimerIrqCount    0x1               stack/hal/src/halTimer.o
runningConfiguration
                    0x1000            WSNDemo.o
currentTime         0x3               WSNDemo.o
time_event_header   0x2               libraries/RTC.o

Discarded input sections

 .data          0x00000000        0x0 c:/program files (x86)/atmel/atmel studio 6.0/extensions/atmel/avrgcc/3.4.0.65/avrtoolchain/bin/../lib/gcc/avr/4.6.2/../../../../avr/lib/avr51/crtm128rfa1.o
 .bss           0x00000000        0x0 c:/program files (x86)/atmel/atmel studio 6.0/extensions/atmel/avrgcc/3.4.0.65/avrtoolchain/bin/../lib/gcc/avr/4.6.2/../../../../avr/lib/avr51/crtm128rfa1.o
 .text          0x00000000        0x0 components/command.o
 .data          0x00000000        0x0 components/command.o
 .bss           0x00000000        0x0 components/command.o
 .text          0x00000000        0x0 components/portMonitor.o
 .data          0x00000000        0x0 components/portMonitor.o
 .bss           0x00000000        0x0 components/portMonitor.o
 .text.launchEvents
                0x00000000      0x196 components/portMonitor.o
 .text.PortMonitor_TaskHandler
                0x00000000      0x28e components/portMonitor.o
 .bss.lastValuesA
                0x00000000        0x8 components/portMonitor.o
 .bss.lastValuesD
                0x00000000        0x5 components/portMonitor.o
 .data.firstTime
                0x00000000        0x1 components/portMonitor.o
 .debug_info    0x00000000      0x73a components/portMonitor.o
 .debug_abbrev  0x00000000      0x1a9 components/portMonitor.o
 .debug_loc     0x00000000      0x538 components/portMonitor.o
 .debug_aranges
                0x00000000       0x28 components/portMonitor.o
 .debug_ranges  0x00000000       0xa0 components/portMonitor.o
 .debug_line    0x00000000      0x451 components/portMonitor.o
 .debug_macinfo
                0x00000000    0x1282d components/portMonitor.o
 .debug_str     0x00000000      0x5c4 components/portMonitor.o
 .debug_frame   0x00000000       0xe8 components/portMonitor.o
 .text          0x00000000        0x0 components/radio.o
 .bss           0x00000000        0x0 components/radio.o
 .text          0x00000000        0x0 libraries/ANALOG.o
 .data          0x00000000        0x0 libraries/ANALOG.o
 .bss           0x00000000        0x0 libraries/ANALOG.o
 .text          0x00000000        0x0 libraries/EEPROM.o
 .data          0x00000000        0x0 libraries/EEPROM.o
 .bss           0x00000000        0x0 libraries/EEPROM.o
 .text          0x00000000        0x0 libraries/RTC.o
 .data          0x00000000        0x0 libraries/RTC.o
 .bss           0x00000000        0x0 libraries/RTC.o
 .text.Validate_Time
                0x00000000       0x1c libraries/RTC.o
 .text.searchFirstTimeEvent
                0x00000000       0x84 libraries/RTC.o
 .text          0x00000000        0x0 otaInterface.o
 .data          0x00000000        0x0 otaInterface.o
 .bss           0x00000000        0x0 otaInterface.o
 .debug_info    0x00000000       0x62 otaInterface.o
 .debug_abbrev  0x00000000       0x2c otaInterface.o
 .debug_line    0x00000000      0x31c otaInterface.o
 .debug_macinfo
                0x00000000    0x111a8 otaInterface.o
 .debug_str     0x00000000       0xb3 otaInterface.o
 .text          0x00000000        0x0 stack/hal/src/hal.o
 .data          0x00000000        0x0 stack/hal/src/hal.o
 .bss           0x00000000        0x0 stack/hal/src/hal.o
 .text          0x00000000        0x0 stack/hal/src/halPhy.o
 .data          0x00000000        0x0 stack/hal/src/halPhy.o
 .bss           0x00000000        0x0 stack/hal/src/halPhy.o
 .debug_info    0x00000000       0x29 stack/hal/src/halPhy.o
 .debug_abbrev  0x00000000       0x16 stack/hal/src/halPhy.o
 .debug_line    0x00000000       0x37 stack/hal/src/halPhy.o
 .debug_macinfo
                0x00000000     0x21fe stack/hal/src/halPhy.o
 .debug_str     0x00000000       0x52 stack/hal/src/halPhy.o
 .text          0x00000000        0x0 stack/hal/src/halSleep.o
 .data          0x00000000        0x0 stack/hal/src/halSleep.o
 .bss           0x00000000        0x0 stack/hal/src/halSleep.o
 .text          0x00000000        0x0 stack/hal/src/halTimer.o
 .data          0x00000000        0x0 stack/hal/src/halTimer.o
 .bss           0x00000000        0x0 stack/hal/src/halTimer.o
 .text          0x00000000        0x0 stack/hal/src/halUart.o
 .data          0x00000000        0x0 stack/hal/src/halUart.o
 .bss           0x00000000        0x0 stack/hal/src/halUart.o
 .text.HAL_UartWriteBuffer
                0x00000000       0x3a stack/hal/src/halUart.o
 .text          0x00000000        0x0 stack/nwk/src/nwk.o
 .data          0x00000000        0x0 stack/nwk/src/nwk.o
 .bss           0x00000000        0x0 stack/nwk/src/nwk.o
 .text          0x00000000        0x0 stack/nwk/src/nwkDataReq.o
 .data          0x00000000        0x0 stack/nwk/src/nwkDataReq.o
 .bss           0x00000000        0x0 stack/nwk/src/nwkDataReq.o
 .text          0x00000000        0x0 stack/nwk/src/nwkFrame.o
 .data          0x00000000        0x0 stack/nwk/src/nwkFrame.o
 .bss           0x00000000        0x0 stack/nwk/src/nwkFrame.o
 .text          0x00000000        0x0 stack/nwk/src/nwkRoute.o
 .data          0x00000000        0x0 stack/nwk/src/nwkRoute.o
 .bss           0x00000000        0x0 stack/nwk/src/nwkRoute.o
 .text          0x00000000        0x0 stack/nwk/src/nwkRx.o
 .data          0x00000000        0x0 stack/nwk/src/nwkRx.o
 .bss           0x00000000        0x0 stack/nwk/src/nwkRx.o
 .text.NWK_SetAckControl
                0x00000000        0x6 stack/nwk/src/nwkRx.o
 .text          0x00000000        0x0 stack/nwk/src/nwkSecurity.o
 .data          0x00000000        0x0 stack/nwk/src/nwkSecurity.o
 .bss           0x00000000        0x0 stack/nwk/src/nwkSecurity.o
 .debug_info    0x00000000       0x69 stack/nwk/src/nwkSecurity.o
 .debug_abbrev  0x00000000       0x2c stack/nwk/src/nwkSecurity.o
 .debug_line    0x00000000      0x32c stack/nwk/src/nwkSecurity.o
 .debug_macinfo
                0x00000000    0x11657 stack/nwk/src/nwkSecurity.o
 .debug_str     0x00000000       0xc4 stack/nwk/src/nwkSecurity.o
 .text          0x00000000        0x0 stack/nwk/src/nwkTx.o
 .data          0x00000000        0x0 stack/nwk/src/nwkTx.o
 .bss           0x00000000        0x0 stack/nwk/src/nwkTx.o
 .text          0x00000000        0x0 stack/phy/src/phy.o
 .data          0x00000000        0x0 stack/phy/src/phy.o
 .bss           0x00000000        0x0 stack/phy/src/phy.o
 .text          0x00000000        0x0 stack/service/src/otaClient.o
 .data          0x00000000        0x0 stack/service/src/otaClient.o
 .bss           0x00000000        0x0 stack/service/src/otaClient.o
 .debug_info    0x00000000       0x62 stack/service/src/otaClient.o
 .debug_abbrev  0x00000000       0x2c stack/service/src/otaClient.o
 .debug_line    0x00000000      0x21b stack/service/src/otaClient.o
 .debug_macinfo
                0x00000000     0x3402 stack/service/src/otaClient.o
 .debug_str     0x00000000       0xc0 stack/service/src/otaClient.o
 .text          0x00000000        0x0 stack/service/src/otaServer.o
 .data          0x00000000        0x0 stack/service/src/otaServer.o
 .bss           0x00000000        0x0 stack/service/src/otaServer.o
 .debug_info    0x00000000       0x62 stack/service/src/otaServer.o
 .debug_abbrev  0x00000000       0x2c stack/service/src/otaServer.o
 .debug_line    0x00000000      0x21b stack/service/src/otaServer.o
 .debug_macinfo
                0x00000000     0x3402 stack/service/src/otaServer.o
 .debug_str     0x00000000       0xc0 stack/service/src/otaServer.o
 .text          0x00000000        0x0 stack/sys/src/sys.o
 .data          0x00000000        0x0 stack/sys/src/sys.o
 .bss           0x00000000        0x0 stack/sys/src/sys.o
 .text          0x00000000        0x0 stack/sys/src/sysEncrypt.o
 .data          0x00000000        0x0 stack/sys/src/sysEncrypt.o
 .bss           0x00000000        0x0 stack/sys/src/sysEncrypt.o
 .debug_info    0x00000000       0x62 stack/sys/src/sysEncrypt.o
 .debug_abbrev  0x00000000       0x2c stack/sys/src/sysEncrypt.o
 .debug_line    0x00000000      0x322 stack/sys/src/sysEncrypt.o
 .debug_macinfo
                0x00000000    0x1219c stack/sys/src/sysEncrypt.o
 .debug_str     0x00000000       0xbd stack/sys/src/sysEncrypt.o
 .text          0x00000000        0x0 stack/sys/src/sysTimer.o
 .data          0x00000000        0x0 stack/sys/src/sysTimer.o
 .bss           0x00000000        0x0 stack/sys/src/sysTimer.o
 .text          0x00000000        0x0 WSNDemo.o
 .bss           0x00000000        0x0 WSNDemo.o
 .text          0x00000000        0x0 c:/program files (x86)/atmel/atmel studio 6.0/extensions/atmel/avrgcc/3.4.0.65/avrtoolchain/bin/../lib/gcc/avr/4.6.2/avr51\libgcc.a(_mulsi3.o)
 .data          0x00000000        0x0 c:/program files (x86)/atmel/atmel studio 6.0/extensions/atmel/avrgcc/3.4.0.65/avrtoolchain/bin/../lib/gcc/avr/4.6.2/avr51\libgcc.a(_mulsi3.o)
 .bss           0x00000000        0x0 c:/program files (x86)/atmel/atmel studio 6.0/extensions/atmel/avrgcc/3.4.0.65/avrtoolchain/bin/../lib/gcc/avr/4.6.2/avr51\libgcc.a(_mulsi3.o)
 .text          0x00000000        0x0 c:/program files (x86)/atmel/atmel studio 6.0/extensions/atmel/avrgcc/3.4.0.65/avrtoolchain/bin/../lib/gcc/avr/4.6.2/avr51\libgcc.a(_udivmodhi4.o)
 .data          0x00000000        0x0 c:/program files (x86)/atmel/atmel studio 6.0/extensions/atmel/avrgcc/3.4.0.65/avrtoolchain/bin/../lib/gcc/avr/4.6.2/avr51\libgcc.a(_udivmodhi4.o)
 .bss           0x00000000        0x0 c:/program files (x86)/atmel/atmel studio 6.0/extensions/atmel/avrgcc/3.4.0.65/avrtoolchain/bin/../lib/gcc/avr/4.6.2/avr51\libgcc.a(_udivmodhi4.o)
 .text          0x00000000        0x0 c:/program files (x86)/atmel/atmel studio 6.0/extensions/atmel/avrgcc/3.4.0.65/avrtoolchain/bin/../lib/gcc/avr/4.6.2/avr51\libgcc.a(_udivmodsi4.o)
 .data          0x00000000        0x0 c:/program files (x86)/atmel/atmel studio 6.0/extensions/atmel/avrgcc/3.4.0.65/avrtoolchain/bin/../lib/gcc/avr/4.6.2/avr51\libgcc.a(_udivmodsi4.o)
 .bss           0x00000000        0x0 c:/program files (x86)/atmel/atmel studio 6.0/extensions/atmel/avrgcc/3.4.0.65/avrtoolchain/bin/../lib/gcc/avr/4.6.2/avr51\libgcc.a(_udivmodsi4.o)
 .text          0x00000000        0x0 c:/program files (x86)/atmel/atmel studio 6.0/extensions/atmel/avrgcc/3.4.0.65/avrtoolchain/bin/../lib/gcc/avr/4.6.2/avr51\libgcc.a(_exit.o)
 .data          0x00000000        0x0 c:/program files (x86)/atmel/atmel studio 6.0/extensions/atmel/avrgcc/3.4.0.65/avrtoolchain/bin/../lib/gcc/avr/4.6.2/avr51\libgcc.a(_exit.o)
 .bss           0x00000000        0x0 c:/program files (x86)/atmel/atmel studio 6.0/extensions/atmel/avrgcc/3.4.0.65/avrtoolchain/bin/../lib/gcc/avr/4.6.2/avr51\libgcc.a(_exit.o)
 .text.libgcc   0x00000000        0x0 c:/program files (x86)/atmel/atmel studio 6.0/extensions/atmel/avrgcc/3.4.0.65/avrtoolchain/bin/../lib/gcc/avr/4.6.2/avr51\libgcc.a(_exit.o)
 .text          0x00000000        0x0 c:/program files (x86)/atmel/atmel studio 6.0/extensions/atmel/avrgcc/3.4.0.65/avrtoolchain/bin/../lib/gcc/avr/4.6.2/avr51\libgcc.a(_copy_data.o)
 .data          0x00000000        0x0 c:/program files (x86)/atmel/atmel studio 6.0/extensions/atmel/avrgcc/3.4.0.65/avrtoolchain/bin/../lib/gcc/avr/4.6.2/avr51\libgcc.a(_copy_data.o)
 .bss           0x00000000        0x0 c:/program files (x86)/atmel/atmel studio 6.0/extensions/atmel/avrgcc/3.4.0.65/avrtoolchain/bin/../lib/gcc/avr/4.6.2/avr51\libgcc.a(_copy_data.o)
 .text.libgcc   0x00000000        0x0 c:/program files (x86)/atmel/atmel studio 6.0/extensions/atmel/avrgcc/3.4.0.65/avrtoolchain/bin/../lib/gcc/avr/4.6.2/avr51\libgcc.a(_copy_data.o)
 .text          0x00000000        0x0 c:/program files (x86)/atmel/atmel studio 6.0/extensions/atmel/avrgcc/3.4.0.65/avrtoolchain/bin/../lib/gcc/avr/4.6.2/avr51\libgcc.a(_clear_bss.o)
 .data          0x00000000        0x0 c:/program files (x86)/atmel/atmel studio 6.0/extensions/atmel/avrgcc/3.4.0.65/avrtoolchain/bin/../lib/gcc/avr/4.6.2/avr51\libgcc.a(_clear_bss.o)
 .bss           0x00000000        0x0 c:/program files (x86)/atmel/atmel studio 6.0/extensions/atmel/avrgcc/3.4.0.65/avrtoolchain/bin/../lib/gcc/avr/4.6.2/avr51\libgcc.a(_clear_bss.o)
 .text.libgcc   0x00000000        0x0 c:/program files (x86)/atmel/atmel studio 6.0/extensions/atmel/avrgcc/3.4.0.65/avrtoolchain/bin/../lib/gcc/avr/4.6.2/avr51\libgcc.a(_clear_bss.o)
 .text          0x00000000        0x0 c:/program files (x86)/atmel/atmel studio 6.0/extensions/atmel/avrgcc/3.4.0.65/avrtoolchain/bin/../lib/gcc/avr/4.6.2/../../../../avr/lib/avr51\libc.a(rand.o)
 .bss           0x00000000        0x0 c:/program files (x86)/atmel/atmel studio 6.0/extensions/atmel/avrgcc/3.4.0.65/avrtoolchain/bin/../lib/gcc/avr/4.6.2/../../../../avr/lib/avr51\libc.a(rand.o)
 .text          0x00000000        0x0 c:/program files (x86)/atmel/atmel studio 6.0/extensions/atmel/avrgcc/3.4.0.65/avrtoolchain/bin/../lib/gcc/avr/4.6.2/../../../../avr/lib/avr51\libc.a(memcpy.o)
 .data          0x00000000        0x0 c:/program files (x86)/atmel/atmel studio 6.0/extensions/atmel/avrgcc/3.4.0.65/avrtoolchain/bin/../lib/gcc/avr/4.6.2/../../../../avr/lib/avr51\libc.a(memcpy.o)
 .bss           0x00000000        0x0 c:/program files (x86)/atmel/atmel studio 6.0/extensions/atmel/avrgcc/3.4.0.65/avrtoolchain/bin/../lib/gcc/avr/4.6.2/../../../../avr/lib/avr51\libc.a(memcpy.o)
 .text          0x00000000        0x0 c:/program files (x86)/atmel/atmel studio 6.0/extensions/atmel/avrgcc/3.4.0.65/avrtoolchain/bin/../lib/gcc/avr/4.6.2/../../../../avr/lib/avr51\libc.a(itoa.o)
 .data          0x00000000        0x0 c:/program files (x86)/atmel/atmel studio 6.0/extensions/atmel/avrgcc/3.4.0.65/avrtoolchain/bin/../lib/gcc/avr/4.6.2/../../../../avr/lib/avr51\libc.a(itoa.o)
 .bss           0x00000000        0x0 c:/program files (x86)/atmel/atmel studio 6.0/extensions/atmel/avrgcc/3.4.0.65/avrtoolchain/bin/../lib/gcc/avr/4.6.2/../../../../avr/lib/avr51\libc.a(itoa.o)
 .text          0x00000000        0x0 c:/program files (x86)/atmel/atmel studio 6.0/extensions/atmel/avrgcc/3.4.0.65/avrtoolchain/bin/../lib/gcc/avr/4.6.2/../../../../avr/lib/avr51\libc.a(eerd_block_atmega128rfa1.o)
 .data          0x00000000        0x0 c:/program files (x86)/atmel/atmel studio 6.0/extensions/atmel/avrgcc/3.4.0.65/avrtoolchain/bin/../lib/gcc/avr/4.6.2/../../../../avr/lib/avr51\libc.a(eerd_block_atmega128rfa1.o)
 .bss           0x00000000        0x0 c:/program files (x86)/atmel/atmel studio 6.0/extensions/atmel/avrgcc/3.4.0.65/avrtoolchain/bin/../lib/gcc/avr/4.6.2/../../../../avr/lib/avr51\libc.a(eerd_block_atmega128rfa1.o)
 .text          0x00000000        0x0 c:/program files (x86)/atmel/atmel studio 6.0/extensions/atmel/avrgcc/3.4.0.65/avrtoolchain/bin/../lib/gcc/avr/4.6.2/../../../../avr/lib/avr51\libc.a(strrev.o)
 .data          0x00000000        0x0 c:/program files (x86)/atmel/atmel studio 6.0/extensions/atmel/avrgcc/3.4.0.65/avrtoolchain/bin/../lib/gcc/avr/4.6.2/../../../../avr/lib/avr51\libc.a(strrev.o)
 .bss           0x00000000        0x0 c:/program files (x86)/atmel/atmel studio 6.0/extensions/atmel/avrgcc/3.4.0.65/avrtoolchain/bin/../lib/gcc/avr/4.6.2/../../../../avr/lib/avr51\libc.a(strrev.o)
 .text          0x00000000        0x0 c:/program files (x86)/atmel/atmel studio 6.0/extensions/atmel/avrgcc/3.4.0.65/avrtoolchain/bin/../lib/gcc/avr/4.6.2/avr51\libgcc.a(_divmodsi4.o)
 .data          0x00000000        0x0 c:/program files (x86)/atmel/atmel studio 6.0/extensions/atmel/avrgcc/3.4.0.65/avrtoolchain/bin/../lib/gcc/avr/4.6.2/avr51\libgcc.a(_divmodsi4.o)
 .bss           0x00000000        0x0 c:/program files (x86)/atmel/atmel studio 6.0/extensions/atmel/avrgcc/3.4.0.65/avrtoolchain/bin/../lib/gcc/avr/4.6.2/avr51\libgcc.a(_divmodsi4.o)

Memory Configuration

Name             Origin             Length             Attributes
text             0x00000000         0x00020000         xr
data             0x00800100         0x0000ff00         rw !x
eeprom           0x00810000         0x00010000         rw !x
fuse             0x00820000         0x00000400         rw !x
lock             0x00830000         0x00000400         rw !x
signature        0x00840000         0x00000400         rw !x
*default*        0x00000000         0xffffffff

Linker script and memory map

Address of section .data set to 0x800200
LOAD c:/program files (x86)/atmel/atmel studio 6.0/extensions/atmel/avrgcc/3.4.0.65/avrtoolchain/bin/../lib/gcc/avr/4.6.2/../../../../avr/lib/avr51/crtm128rfa1.o
LOAD components/command.o
LOAD components/portMonitor.o
LOAD components/radio.o
LOAD libraries/ANALOG.o
LOAD libraries/EEPROM.o
LOAD libraries/RTC.o
LOAD otaInterface.o
LOAD stack/hal/src/hal.o
LOAD stack/hal/src/halPhy.o
LOAD stack/hal/src/halSleep.o
LOAD stack/hal/src/halTimer.o
LOAD stack/hal/src/halUart.o
LOAD stack/nwk/src/nwk.o
LOAD stack/nwk/src/nwkDataReq.o
LOAD stack/nwk/src/nwkFrame.o
LOAD stack/nwk/src/nwkRoute.o
LOAD stack/nwk/src/nwkRx.o
LOAD stack/nwk/src/nwkSecurity.o
LOAD stack/nwk/src/nwkTx.o
LOAD stack/phy/src/phy.o
LOAD stack/service/src/otaClient.o
LOAD stack/service/src/otaServer.o
LOAD stack/sys/src/sys.o
LOAD stack/sys/src/sysEncrypt.o
LOAD stack/sys/src/sysTimer.o
LOAD WSNDemo.o
START GROUP
END GROUP
LOAD c:/program files (x86)/atmel/atmel studio 6.0/extensions/atmel/avrgcc/3.4.0.65/avrtoolchain/bin/../lib/gcc/avr/4.6.2/avr51\libgcc.a
LOAD c:/program files (x86)/atmel/atmel studio 6.0/extensions/atmel/avrgcc/3.4.0.65/avrtoolchain/bin/../lib/gcc/avr/4.6.2/../../../../avr/lib/avr51\libc.a
LOAD c:/program files (x86)/atmel/atmel studio 6.0/extensions/atmel/avrgcc/3.4.0.65/avrtoolchain/bin/../lib/gcc/avr/4.6.2/avr51\libgcc.a

.hash
 *(.hash)

.dynsym
 *(.dynsym)

.dynstr
 *(.dynstr)

.gnu.version
 *(.gnu.version)

.gnu.version_d
 *(.gnu.version_d)

.gnu.version_r
 *(.gnu.version_r)

.rel.init
 *(.rel.init)

.rela.init
 *(.rela.init)

.rel.text
 *(.rel.text)
 *(.rel.text.*)
 *(.rel.gnu.linkonce.t*)

.rela.text
 *(.rela.text)
 *(.rela.text.*)
 *(.rela.gnu.linkonce.t*)

.rel.fini
 *(.rel.fini)

.rela.fini
 *(.rela.fini)

.rel.rodata
 *(.rel.rodata)
 *(.rel.rodata.*)
 *(.rel.gnu.linkonce.r*)

.rela.rodata
 *(.rela.rodata)
 *(.rela.rodata.*)
 *(.rela.gnu.linkonce.r*)

.rel.data
 *(.rel.data)
 *(.rel.data.*)
 *(.rel.gnu.linkonce.d*)

.rela.data
 *(.rela.data)
 *(.rela.data.*)
 *(.rela.gnu.linkonce.d*)

.rel.ctors
 *(.rel.ctors)

.rela.ctors
 *(.rela.ctors)

.rel.dtors
 *(.rel.dtors)

.rela.dtors
 *(.rela.dtors)

.rel.got
 *(.rel.got)

.rela.got
 *(.rela.got)

.rel.bss
 *(.rel.bss)

.rela.bss
 *(.rela.bss)

.rel.plt
 *(.rel.plt)

.rela.plt
 *(.rela.plt)

.text           0x00000000     0x2468
 *(.vectors)
 .vectors       0x00000000      0x120 c:/program files (x86)/atmel/atmel studio 6.0/extensions/atmel/avrgcc/3.4.0.65/avrtoolchain/bin/../lib/gcc/avr/4.6.2/../../../../avr/lib/avr51/crtm128rfa1.o
                0x00000000                __vector_default
                0x00000000                __vectors
 *(.vectors)
 *(.progmem.gcc*)
 *(.progmem*)
                0x00000120                . = ALIGN (0x2)
                0x00000120                __trampolines_start = .
 *(.trampolines)
 .trampolines   0x00000120        0x0 linker stubs
 *(.trampolines*)
                0x00000120                __trampolines_end = .
 *(.jumptables)
 *(.jumptables*)
 *(.lowtext)
 *(.lowtext*)
                0x00000120                __ctors_start = .
 *(.ctors)
                0x00000120                __ctors_end = .
                0x00000120                __dtors_start = .
 *(.dtors)
                0x00000120                __dtors_end = .
 SORT(*)(.ctors)
 SORT(*)(.dtors)
 *(.init0)
 .init0         0x00000120        0x0 c:/program files (x86)/atmel/atmel studio 6.0/extensions/atmel/avrgcc/3.4.0.65/avrtoolchain/bin/../lib/gcc/avr/4.6.2/../../../../avr/lib/avr51/crtm128rfa1.o
                0x00000120                __init
 *(.init0)
 *(.init1)
 *(.init1)
 *(.init2)
 .init2         0x00000120        0xc c:/program files (x86)/atmel/atmel studio 6.0/extensions/atmel/avrgcc/3.4.0.65/avrtoolchain/bin/../lib/gcc/avr/4.6.2/../../../../avr/lib/avr51/crtm128rfa1.o
 *(.init2)
 *(.init3)
 *(.init3)
 *(.init4)
 .init4         0x0000012c       0x1a c:/program files (x86)/atmel/atmel studio 6.0/extensions/atmel/avrgcc/3.4.0.65/avrtoolchain/bin/../lib/gcc/avr/4.6.2/avr51\libgcc.a(_copy_data.o)
                0x0000012c                __do_copy_data
 .init4         0x00000146       0x10 c:/program files (x86)/atmel/atmel studio 6.0/extensions/atmel/avrgcc/3.4.0.65/avrtoolchain/bin/../lib/gcc/avr/4.6.2/avr51\libgcc.a(_clear_bss.o)
                0x00000146                __do_clear_bss
 *(.init4)
 *(.init5)
 *(.init5)
 *(.init6)
 *(.init6)
 *(.init7)
 *(.init7)
 *(.init8)
 *(.init8)
 *(.init9)
 .init9         0x00000156        0x8 c:/program files (x86)/atmel/atmel studio 6.0/extensions/atmel/avrgcc/3.4.0.65/avrtoolchain/bin/../lib/gcc/avr/4.6.2/../../../../avr/lib/avr51/crtm128rfa1.o
 *(.init9)
 *(.text)
 .text          0x0000015e        0x4 c:/program files (x86)/atmel/atmel studio 6.0/extensions/atmel/avrgcc/3.4.0.65/avrtoolchain/bin/../lib/gcc/avr/4.6.2/../../../../avr/lib/avr51/crtm128rfa1.o
                0x0000015e                __vector_38
                0x0000015e                __vector_22
                0x0000015e                __vector_28
                0x0000015e                __vector_67
                0x0000015e                __vector_1
                0x0000015e                __vector_32
                0x0000015e                __vector_71
                0x0000015e                __vector_34
                0x0000015e                __vector_62
                0x0000015e                __vector_24
                0x0000015e                __vector_12
                0x0000015e                __vector_55
                0x0000015e                __vector_69
                0x0000015e                __vector_46
                0x0000015e                __bad_interrupt
                0x0000015e                __vector_6
                0x0000015e                __vector_31
                0x0000015e                __vector_35
                0x0000015e                __vector_39
                0x0000015e                __vector_3
                0x0000015e                __vector_23
                0x0000015e                __vector_68
                0x0000015e                __vector_30
                0x0000015e                __vector_45
                0x0000015e                __vector_61
                0x0000015e                __vector_11
                0x0000015e                __vector_54
                0x0000015e                __vector_17
                0x0000015e                __vector_19
                0x0000015e                __vector_56
                0x0000015e                __vector_7
                0x0000015e                __vector_49
                0x0000015e                __vector_41
                0x0000015e                __vector_64
                0x0000015e                __vector_27
                0x0000015e                __vector_5
                0x0000015e                __vector_33
                0x0000015e                __vector_47
                0x0000015e                __vector_52
                0x0000015e                __vector_37
                0x0000015e                __vector_4
                0x0000015e                __vector_44
                0x0000015e                __vector_51
                0x0000015e                __vector_9
                0x0000015e                __vector_2
                0x0000015e                __vector_21
                0x0000015e                __vector_66
                0x0000015e                __vector_36
                0x0000015e                __vector_58
                0x0000015e                __vector_70
                0x0000015e                __vector_29
                0x0000015e                __vector_40
                0x0000015e                __vector_8
                0x0000015e                __vector_48
                0x0000015e                __vector_14
                0x0000015e                __vector_57
                0x0000015e                __vector_53
                0x0000015e                __vector_10
                0x0000015e                __vector_50
                0x0000015e                __vector_16
                0x0000015e                __vector_59
                0x0000015e                __vector_18
                0x0000015e                __vector_20
                0x0000015e                __vector_65
                0x00000162                . = ALIGN (0x2)
 *(.text.*)
 .text.getCommandArgsLenght
                0x00000162       0x18 components/command.o
                0x00000162                getCommandArgsLenght
 .text.RF_Send_Event
                0x0000017a       0x34 components/radio.o
                0x0000017a                RF_Send_Event
 .text.ADC_Reference
                0x000001ae        0x6 libraries/ANALOG.o
                0x000001ae                ADC_Reference
 .text.ADC_Read
                0x000001b4       0x60 libraries/ANALOG.o
                0x000001b4                ADC_Read
 .text.EEPROM_Init
                0x00000214       0x12 libraries/EEPROM.o
                0x00000214                EEPROM_Init
 .text.RTC_Init
                0x00000226       0x48 libraries/RTC.o
                0x00000226                RTC_Init
 .text.numWrite
                0x0000026e       0x86 libraries/RTC.o
                0x0000026e                numWrite
 .text.compareTimes
                0x000002f4       0x42 libraries/RTC.o
                0x000002f4                compareTimes
 .text.__vector_15
                0x00000336      0x170 libraries/RTC.o
                0x00000336                __vector_15
 .text.HAL_Init
                0x000004a6       0x1a stack/hal/src/hal.o
                0x000004a6                HAL_Init
 .text.HAL_Delay
                0x000004c0        0x8 stack/hal/src/hal.o
                0x000004c0                HAL_Delay
 .text.HAL_Sleep
                0x000004c8       0xfe stack/hal/src/halSleep.o
                0x000004c8                HAL_Sleep
 .text.__vector_13
                0x000005c6       0x1e stack/hal/src/halSleep.o
                0x000005c6                __vector_13
 .text.HAL_TimerInit
                0x000005e4       0x2a stack/hal/src/halTimer.o
                0x000005e4                HAL_TimerInit
 .text.HAL_TimerDelay
                0x0000060e       0x68 stack/hal/src/halTimer.o
                0x0000060e                HAL_TimerDelay
 .text.__vector_42
                0x00000676       0x22 stack/hal/src/halTimer.o
                0x00000676                __vector_42
 .text.__vector_43
                0x00000698       0x1e stack/hal/src/halTimer.o
                0x00000698                __vector_43
 .text.HAL_UartInit
                0x000006b6       0xb8 stack/hal/src/halUart.o
                0x000006b6                HAL_UartInit
 .text.HAL_UartWriteByte
                0x0000076e       0x54 stack/hal/src/halUart.o
                0x0000076e                HAL_UartWriteByte
 .text.HAL_UartPrint
                0x000007c2       0x5e stack/hal/src/halUart.o
                0x000007c2                HAL_UartPrint
 .text.HAL_UartReadByte
                0x00000820       0x5c stack/hal/src/halUart.o
                0x00000820                HAL_UartReadByte
 .text.__vector_26
                0x0000087c       0x38 stack/hal/src/halUart.o
                0x0000087c                __vector_26
 .text.__vector_25
                0x000008b4       0xb0 stack/hal/src/halUart.o
                0x000008b4                __vector_25
 .text.HAL_UartTaskHandler
                0x00000964       0x8e stack/hal/src/halUart.o
                0x00000964                HAL_UartTaskHandler
 .text.NWK_Init
                0x000009f2       0x32 stack/nwk/src/nwk.o
                0x000009f2                NWK_Init
 .text.NWK_SetAddr
                0x00000a24        0xe stack/nwk/src/nwk.o
                0x00000a24                NWK_SetAddr
 .text.NWK_SetPanId
                0x00000a32        0xe stack/nwk/src/nwk.o
                0x00000a32                NWK_SetPanId
 .text.NWK_OpenEndpoint
                0x00000a40       0x12 stack/nwk/src/nwk.o
                0x00000a40                NWK_OpenEndpoint
 .text.NWK_Busy
                0x00000a52       0x2a stack/nwk/src/nwk.o
                0x00000a52                NWK_Busy
 .text.NWK_SleepReq
                0x00000a7c        0x6 stack/nwk/src/nwk.o
                0x00000a7c                NWK_SleepReq
 .text.NWK_WakeupReq
                0x00000a82        0x6 stack/nwk/src/nwk.o
                0x00000a82                NWK_WakeupReq
 .text.NWK_TaskHandler
                0x00000a88        0xe stack/nwk/src/nwk.o
                0x00000a88                NWK_TaskHandler
 .text.nwkDataReqTxConf
                0x00000a96       0x3e stack/nwk/src/nwkDataReq.o
 .text.nwkDataReqInit
                0x00000ad4        0xa stack/nwk/src/nwkDataReq.o
                0x00000ad4                nwkDataReqInit
 .text.NWK_DataReq
                0x00000ade       0x2a stack/nwk/src/nwkDataReq.o
                0x00000ade                NWK_DataReq
 .text.nwkDataReqBusy
                0x00000b08       0x14 stack/nwk/src/nwkDataReq.o
                0x00000b08                nwkDataReqBusy
 .text.nwkDataReqTaskHandler
                0x00000b1c      0x11a stack/nwk/src/nwkDataReq.o
                0x00000b1c                nwkDataReqTaskHandler
 .text.nwkFrameInit
                0x00000c36        0xe stack/nwk/src/nwkFrame.o
                0x00000c36                nwkFrameInit
 .text.nwkFrameAlloc
                0x00000c44       0x4c stack/nwk/src/nwkFrame.o
                0x00000c44                nwkFrameAlloc
 .text.nwkFrameFree
                0x00000c90        0x6 stack/nwk/src/nwkFrame.o
                0x00000c90                nwkFrameFree
 .text.nwkFrameByIndex
                0x00000c96       0x1c stack/nwk/src/nwkFrame.o
                0x00000c96                nwkFrameByIndex
 .text.nwkFrameCommandInit
                0x00000cb2       0x4a stack/nwk/src/nwkFrame.o
                0x00000cb2                nwkFrameCommandInit
 .text.nwkRouteFindRecord
                0x00000cfc       0x42 stack/nwk/src/nwkRoute.o
 .text.nwkRouteErrorConf
                0x00000d3e        0x6 stack/nwk/src/nwkRoute.o
 .text.nwkRouteTxFrameConf
                0x00000d44        0x6 stack/nwk/src/nwkRoute.o
 .text.nwkRouteInit
                0x00000d4a       0x18 stack/nwk/src/nwkRoute.o
                0x00000d4a                nwkRouteInit
 .text.nwkRouteRemove
                0x00000d62       0x14 stack/nwk/src/nwkRoute.o
                0x00000d62                nwkRouteRemove
 .text.nwkRouteFrameReceived
                0x00000d76       0x82 stack/nwk/src/nwkRoute.o
                0x00000d76                nwkRouteFrameReceived
 .text.nwkRouteFrameSent
                0x00000df8       0xb2 stack/nwk/src/nwkRoute.o
                0x00000df8                nwkRouteFrameSent
 .text.nwkRouteNextHop
                0x00000eaa       0x4a stack/nwk/src/nwkRoute.o
                0x00000eaa                nwkRouteNextHop
 .text.nwkRouteFrame
                0x00000ef4       0x98 stack/nwk/src/nwkRoute.o
                0x00000ef4                nwkRouteFrame
 .text.nwkRouteErrorReceived
                0x00000f8c       0x14 stack/nwk/src/nwkRoute.o
                0x00000f8c                nwkRouteErrorReceived
 .text.NWK_RouteNextHop
                0x00000fa0        0x6 stack/nwk/src/nwkRoute.o
                0x00000fa0                NWK_RouteNextHop
 .text.nwkRxSendAckConf
                0x00000fa6        0x6 stack/nwk/src/nwkRx.o
 .text.nwkRxDuplicateRejectionTimerHandler
                0x00000fac       0x2e stack/nwk/src/nwkRx.o
 .text.nwkRxSeriveDataInd
                0x00000fda       0x26 stack/nwk/src/nwkRx.o
 .text.nwkRxInit
                0x00001000       0x4a stack/nwk/src/nwkRx.o
                0x00001000                nwkRxInit
 .text.PHY_DataInd
                0x0000104a       0x60 stack/nwk/src/nwkRx.o
                0x0000104a                PHY_DataInd
 .text.nwkRxBusy
                0x000010aa        0xe stack/nwk/src/nwkRx.o
                0x000010aa                nwkRxBusy
 .text.nwkRxTaskHandler
                0x000010b8      0x3b2 stack/nwk/src/nwkRx.o
                0x000010b8                nwkRxTaskHandler
 .text.nwkTxBroadcastConf
                0x0000146a        0x6 stack/nwk/src/nwkTx.o
 .text.nwkTxAckWaitTimerHandler
                0x00001470       0x60 stack/nwk/src/nwkTx.o
 .text.nwkTxInit
                0x000014d0       0x36 stack/nwk/src/nwkTx.o
                0x000014d0                nwkTxInit
 .text.nwkTxFrame
                0x00001506       0x7a stack/nwk/src/nwkTx.o
                0x00001506                nwkTxFrame
 .text.nwkTxBroadcastFrame
                0x00001580       0x90 stack/nwk/src/nwkTx.o
                0x00001580                nwkTxBroadcastFrame
 .text.nwkTxAckReceived
                0x00001610       0x48 stack/nwk/src/nwkTx.o
                0x00001610                nwkTxAckReceived
 .text.nwkTxBusy
                0x00001658        0xe stack/nwk/src/nwkTx.o
                0x00001658                nwkTxBusy
 .text.PHY_DataConf
                0x00001666       0x38 stack/nwk/src/nwkTx.o
                0x00001666                PHY_DataConf
 .text.nwkTxTaskHandler
                0x0000169e       0xd6 stack/nwk/src/nwkTx.o
                0x0000169e                nwkTxTaskHandler
 .text.phyTrxSetState
                0x00001774       0x16 stack/phy/src/phy.o
 .text.phySetRxState
                0x0000178a       0x14 stack/phy/src/phy.o
 .text.phyGetRandomNumber
                0x0000179e       0x70 stack/phy/src/phy.o
 .text.PHY_Init
                0x0000180e       0x58 stack/phy/src/phy.o
                0x0000180e                PHY_Init
 .text.PHY_SetRxState
                0x00001866       0x10 stack/phy/src/phy.o
                0x00001866                PHY_SetRxState
 .text.PHY_SetChannel
                0x00001876       0x10 stack/phy/src/phy.o
                0x00001876                PHY_SetChannel
 .text.PHY_SetPanId
                0x00001886       0x14 stack/phy/src/phy.o
                0x00001886                PHY_SetPanId
 .text.PHY_SetShortAddr
                0x0000189a       0x14 stack/phy/src/phy.o
                0x0000189a                PHY_SetShortAddr
 .text.PHY_Busy
                0x000018ae       0x20 stack/phy/src/phy.o
                0x000018ae                PHY_Busy
 .text.PHY_Sleep
                0x000018ce       0x18 stack/phy/src/phy.o
                0x000018ce                PHY_Sleep
 .text.PHY_Wakeup
                0x000018e6       0x16 stack/phy/src/phy.o
                0x000018e6                PHY_Wakeup
 .text.PHY_DataReq
                0x000018fc       0x52 stack/phy/src/phy.o
                0x000018fc                PHY_DataReq
 .text.PHY_RandomReq
                0x0000194e        0xc stack/phy/src/phy.o
                0x0000194e                PHY_RandomReq
 .text.__vector_63
                0x0000195a       0x70 stack/phy/src/phy.o
                0x0000195a                __vector_63
 .text.__vector_60
                0x000019ca       0x34 stack/phy/src/phy.o
                0x000019ca                __vector_60
 .text.PHY_TaskHandler
                0x000019fe      0x122 stack/phy/src/phy.o
                0x000019fe                PHY_TaskHandler
 .text.SYS_Init
                0x00001b20       0x12 stack/sys/src/sys.o
                0x00001b20                SYS_Init
 .text.SYS_TaskHandler
                0x00001b32        0xe stack/sys/src/sys.o
                0x00001b32                SYS_TaskHandler
 .text.placeTimer
                0x00001b40       0xae stack/sys/src/sysTimer.o
 .text.SYS_TimerInit
                0x00001bee        0xa stack/sys/src/sysTimer.o
                0x00001bee                SYS_TimerInit
 .text.SYS_TimerStop
                0x00001bf8       0x72 stack/sys/src/sysTimer.o
                0x00001bf8                SYS_TimerStop
 .text.SYS_TimerStarted
                0x00001c6a       0x22 stack/sys/src/sysTimer.o
                0x00001c6a                SYS_TimerStarted
 .text.SYS_TimerStart
                0x00001c8c       0x1a stack/sys/src/sysTimer.o
                0x00001c8c                SYS_TimerStart
 .text.SYS_TimerTaskHandler
                0x00001ca6       0xa0 stack/sys/src/sysTimer.o
                0x00001ca6                SYS_TimerTaskHandler
 .text.appNetworkStatusTimerHandler
                0x00001d46        0xa WSNDemo.o
 .text.appDataSendingTimerHandler
                0x00001d50       0x1a WSNDemo.o
 .text.appDataInd
                0x00001d6a       0x90 WSNDemo.o
 .text.appDataConf
                0x00001dfa       0xba WSNDemo.o
 .text.HAL_UartBytesReceived
                0x00001eb4       0x2e WSNDemo.o
                0x00001eb4                HAL_UartBytesReceived
 .text.PHY_RandomConf
                0x00001ee2        0x6 WSNDemo.o
                0x00001ee2                PHY_RandomConf
 .text.startup.main
                0x00001ee8      0x33e WSNDemo.o
                0x00001ee8                main
 .text.libgcc   0x00002226       0x3e c:/program files (x86)/atmel/atmel studio 6.0/extensions/atmel/avrgcc/3.4.0.65/avrtoolchain/bin/../lib/gcc/avr/4.6.2/avr51\libgcc.a(_mulsi3.o)
                0x00002226                __mulsi3
 .text.libgcc   0x00002264       0x28 c:/program files (x86)/atmel/atmel studio 6.0/extensions/atmel/avrgcc/3.4.0.65/avrtoolchain/bin/../lib/gcc/avr/4.6.2/avr51\libgcc.a(_udivmodhi4.o)
                0x00002264                __udivmodhi4
 .text.libgcc   0x0000228c       0x44 c:/program files (x86)/atmel/atmel studio 6.0/extensions/atmel/avrgcc/3.4.0.65/avrtoolchain/bin/../lib/gcc/avr/4.6.2/avr51\libgcc.a(_udivmodsi4.o)
                0x0000228c                __udivmodsi4
 .text.avr-libc
                0x000022d0       0xca c:/program files (x86)/atmel/atmel studio 6.0/extensions/atmel/avrgcc/3.4.0.65/avrtoolchain/bin/../lib/gcc/avr/4.6.2/../../../../avr/lib/avr51\libc.a(rand.o)
                0x00002374                rand_r
                0x0000237a                rand
                0x00002384                srand
 .text.avr-libc
                0x0000239a       0x12 c:/program files (x86)/atmel/atmel studio 6.0/extensions/atmel/avrgcc/3.4.0.65/avrtoolchain/bin/../lib/gcc/avr/4.6.2/../../../../avr/lib/avr51\libc.a(memcpy.o)
                0x0000239a                memcpy
 .text.avr-libc
                0x000023ac       0x42 c:/program files (x86)/atmel/atmel studio 6.0/extensions/atmel/avrgcc/3.4.0.65/avrtoolchain/bin/../lib/gcc/avr/4.6.2/../../../../avr/lib/avr51\libc.a(itoa.o)
                0x000023ac                itoa
 .text.avr-libc
                0x000023ee       0x20 c:/program files (x86)/atmel/atmel studio 6.0/extensions/atmel/avrgcc/3.4.0.65/avrtoolchain/bin/../lib/gcc/avr/4.6.2/../../../../avr/lib/avr51\libc.a(eerd_block_atmega128rfa1.o)
                0x000023ee                __eerd_block_m128rfa1
                0x000023f2                __eerd_blraw_m128rfa1
 .text.avr-libc
                0x0000240e       0x20 c:/program files (x86)/atmel/atmel studio 6.0/extensions/atmel/avrgcc/3.4.0.65/avrtoolchain/bin/../lib/gcc/avr/4.6.2/../../../../avr/lib/avr51\libc.a(strrev.o)
                0x0000240e                strrev
 .text.libgcc   0x0000242e       0x36 c:/program files (x86)/atmel/atmel studio 6.0/extensions/atmel/avrgcc/3.4.0.65/avrtoolchain/bin/../lib/gcc/avr/4.6.2/avr51\libgcc.a(_divmodsi4.o)
                0x0000242e                __divmodsi4
                0x00002464                . = ALIGN (0x2)
 *(.fini9)
 .fini9         0x00002464        0x0 c:/program files (x86)/atmel/atmel studio 6.0/extensions/atmel/avrgcc/3.4.0.65/avrtoolchain/bin/../lib/gcc/avr/4.6.2/avr51\libgcc.a(_exit.o)
                0x00002464                _exit
                0x00002464                exit
 *(.fini9)
 *(.fini8)
 *(.fini8)
 *(.fini7)
 *(.fini7)
 *(.fini6)
 *(.fini6)
 *(.fini5)
 *(.fini5)
 *(.fini4)
 *(.fini4)
 *(.fini3)
 *(.fini3)
 *(.fini2)
 *(.fini2)
 *(.fini1)
 *(.fini1)
 *(.fini0)
 .fini0         0x00002464        0x4 c:/program files (x86)/atmel/atmel studio 6.0/extensions/atmel/avrgcc/3.4.0.65/avrtoolchain/bin/../lib/gcc/avr/4.6.2/avr51\libgcc.a(_exit.o)
 *(.fini0)
                0x00002468                _etext = .

.data           0x00800200       0xac load address 0x00002468
                0x00800200                PROVIDE (__data_start, .)
 *(.data)
 .data          0x00800200       0x1a components/radio.o
 .data          0x0080021a       0x89 WSNDemo.o
 .data          0x008002a3        0x4 c:/program files (x86)/atmel/atmel studio 6.0/extensions/atmel/avrgcc/3.4.0.65/avrtoolchain/bin/../lib/gcc/avr/4.6.2/../../../../avr/lib/avr51\libc.a(rand.o)
 *(.data*)
 .data.analog_reference
                0x008002a7        0x1 libraries/ANALOG.o
                0x008002a7                analog_reference
 *(.rodata)
 *(.rodata*)
 .rodata.CSWTCH.1
                0x008002a8        0x3 components/command.o
 *(.gnu.linkonce.d*)
                0x008002ac                . = ALIGN (0x2)
 *fill*         0x008002ab        0x1 00
                0x008002ac                _edata = .
                0x008002ac                PROVIDE (__data_end, .)

.bss            0x008002ac     0x165a
                0x008002ac                PROVIDE (__bss_start, .)
 *(.bss)
 *(.bss*)
 .bss.enable_flag_prt
                0x008002ac        0x1 libraries/RTC.o
                0x008002ac                enable_flag_prt
 .bss.halSleepTimerEvent
                0x008002ad        0x1 stack/hal/src/halSleep.o
 .bss.halTimerDelayInt
                0x008002ae        0x1 stack/hal/src/halTimer.o
 .bss.newData   0x008002af        0x1 stack/hal/src/halUart.o
 .bss.udrEmpty  0x008002b0        0x1 stack/hal/src/halUart.o
 .bss.rxFifo    0x008002b1        0xa stack/hal/src/halUart.o
 .bss.txFifo    0x008002bb        0xa stack/hal/src/halUart.o
 .bss.txData    0x008002c5       0x81 stack/hal/src/halUart.o
 .bss.rxData    0x00800346       0x81 stack/hal/src/halUart.o
 .bss.nwkDataReqQueue
                0x008003c7        0x2 stack/nwk/src/nwkDataReq.o
 .bss.nwkFrameFrames
                0x008003c9      0x18f stack/nwk/src/nwkFrame.o
 .bss.nwkRouteTable
                0x00800558      0x258 stack/nwk/src/nwkRoute.o
 .bss.nwkRxAckControl
                0x008007b0        0x1 stack/nwk/src/nwkRx.o
 .bss.nwkRxDuplicateRejectionTable
                0x008007b1       0x32 stack/nwk/src/nwkRx.o
 .bss.nwkRxActiveFrames
                0x008007e3        0x1 stack/nwk/src/nwkRx.o
 .bss.nwkRxDuplicateRejectionTimer
                0x008007e4        0xd stack/nwk/src/nwkRx.o
 .bss.nwkTxPhyActiveFrame
                0x008007f1        0x2 stack/nwk/src/nwkTx.o
 .bss.nwkTxActiveFrames
                0x008007f3        0x1 stack/nwk/src/nwkTx.o
 .bss.nwkTxAckWaitTimer
                0x008007f4        0xd stack/nwk/src/nwkTx.o
 .bss.phyRxSize
                0x00800801        0x1 stack/phy/src/phy.o
 .bss.phyRxRssi
                0x00800802        0x1 stack/phy/src/phy.o
 .bss.phyTxStatus
                0x00800803        0x1 stack/phy/src/phy.o
 .bss.phyState  0x00800804        0x1 stack/phy/src/phy.o
 .bss.phyIb     0x00800805        0x7 stack/phy/src/phy.o
 .bss.phyRxBuffer
                0x0080080c       0x80 stack/phy/src/phy.o
 .bss.timers    0x0080088c        0x2 stack/sys/src/sysTimer.o
 .bss.appState  0x0080088e        0x1 WSNDemo.o
 .bss.appDataSendingTimer
                0x0080088f        0xd WSNDemo.o
 .bss.msg       0x0080089c       0x31 WSNDemo.o
 .bss.appNetworkStatus
                0x008008cd        0x1 WSNDemo.o
 .bss.appNetworkStatusTimer
                0x008008ce        0xd WSNDemo.o
 .bss.nwkDataReq
                0x008008db       0x11 WSNDemo.o
 *(COMMON)
 COMMON         0x008008ec        0x2 libraries/RTC.o
                0x008008ec                time_event_header
 COMMON         0x008008ee        0x1 stack/hal/src/halTimer.o
                0x008008ee                halTimerIrqCount
 COMMON         0x008008ef        0xc stack/nwk/src/nwk.o
                0x008008ef                nwkIb
 COMMON         0x008008fb     0x100b WSNDemo.o
                0x008008fb                validTime
                0x008008fc                adcVal
                0x008008fe                buf
                0x00800903                runningConfiguration
                0x00801903                currentTime
                0x00801906                PROVIDE (__bss_end, .)
                0x00002468                __data_load_start = LOADADDR (.data)
                0x00002514                __data_load_end = (__data_load_start + SIZEOF (.data))

.noinit         0x00801906        0x0
                0x00801906                PROVIDE (__noinit_start, .)
 *(.noinit*)
                0x00801906                PROVIDE (__noinit_end, .)
                0x00801906                _end = .
                0x00801906                PROVIDE (__heap_start, .)

.eeprom         0x00810000        0x0
 *(.eeprom*)
                0x00810000                __eeprom_end = .

.fuse
 *(.fuse)
 *(.lfuse)
 *(.hfuse)
 *(.efuse)

.lock
 *(.lock*)

.signature
 *(.signature*)

.stab           0x00000000      0xae0
 *(.stab)
 .stab          0x00000000      0x6cc c:/program files (x86)/atmel/atmel studio 6.0/extensions/atmel/avrgcc/3.4.0.65/avrtoolchain/bin/../lib/gcc/avr/4.6.2/../../../../avr/lib/avr51/crtm128rfa1.o
 .stab          0x000006cc       0x84 c:/program files (x86)/atmel/atmel studio 6.0/extensions/atmel/avrgcc/3.4.0.65/avrtoolchain/bin/../lib/gcc/avr/4.6.2/../../../../avr/lib/avr51\libc.a(memcpy.o)
                                 0x90 (size before relaxing)
 .stab          0x00000750      0x1b0 c:/program files (x86)/atmel/atmel studio 6.0/extensions/atmel/avrgcc/3.4.0.65/avrtoolchain/bin/../lib/gcc/avr/4.6.2/../../../../avr/lib/avr51\libc.a(itoa.o)
                                0x1bc (size before relaxing)
 .stab          0x00000900      0x108 c:/program files (x86)/atmel/atmel studio 6.0/extensions/atmel/avrgcc/3.4.0.65/avrtoolchain/bin/../lib/gcc/avr/4.6.2/../../../../avr/lib/avr51\libc.a(eerd_block_atmega128rfa1.o)
                                0x114 (size before relaxing)
 .stab          0x00000a08       0xd8 c:/program files (x86)/atmel/atmel studio 6.0/extensions/atmel/avrgcc/3.4.0.65/avrtoolchain/bin/../lib/gcc/avr/4.6.2/../../../../avr/lib/avr51\libc.a(strrev.o)
                                 0xe4 (size before relaxing)

.stabstr        0x00000000      0x213
 *(.stabstr)
 .stabstr       0x00000000      0x213 c:/program files (x86)/atmel/atmel studio 6.0/extensions/atmel/avrgcc/3.4.0.65/avrtoolchain/bin/../lib/gcc/avr/4.6.2/../../../../avr/lib/avr51/crtm128rfa1.o

.stab.excl
 *(.stab.excl)

.stab.exclstr
 *(.stab.exclstr)

.stab.index
 *(.stab.index)

.stab.indexstr
 *(.stab.indexstr)

.comment
 *(.comment)

.debug
 *(.debug)

.line
 *(.line)

.debug_srcinfo
 *(.debug_srcinfo)

.debug_sfnames
 *(.debug_sfnames)

.debug_aranges  0x00000000      0x620
 *(.debug_aranges)
 .debug_aranges
                0x00000000       0x20 components/command.o
 .debug_aranges
                0x00000020       0x20 components/radio.o
 .debug_aranges
                0x00000040       0x28 libraries/ANALOG.o
 .debug_aranges
                0x00000068       0x20 libraries/EEPROM.o
 .debug_aranges
                0x00000088       0x48 libraries/RTC.o
 .debug_aranges
                0x000000d0       0x28 stack/hal/src/hal.o
 .debug_aranges
                0x000000f8       0x28 stack/hal/src/halSleep.o
 .debug_aranges
                0x00000120       0x38 stack/hal/src/halTimer.o
 .debug_aranges
                0x00000158       0x58 stack/hal/src/halUart.o
 .debug_aranges
                0x000001b0       0x58 stack/nwk/src/nwk.o
 .debug_aranges
                0x00000208       0x40 stack/nwk/src/nwkDataReq.o
 .debug_aranges
                0x00000248       0x40 stack/nwk/src/nwkFrame.o
 .debug_aranges
                0x00000288       0x70 stack/nwk/src/nwkRoute.o
 .debug_aranges
                0x000002f8       0x58 stack/nwk/src/nwkRx.o
 .debug_aranges
                0x00000350       0x60 stack/nwk/src/nwkTx.o
 .debug_aranges
                0x000003b0       0x98 stack/phy/src/phy.o
 .debug_aranges
                0x00000448       0x28 stack/sys/src/sys.o
 .debug_aranges
                0x00000470       0x48 stack/sys/src/sysTimer.o
 .debug_aranges
                0x000004b8       0x50 WSNDemo.o
 .debug_aranges
                0x00000508       0x20 c:/program files (x86)/atmel/atmel studio 6.0/extensions/atmel/avrgcc/3.4.0.65/avrtoolchain/bin/../lib/gcc/avr/4.6.2/avr51\libgcc.a(_mulsi3.o)
 .debug_aranges
                0x00000528       0x20 c:/program files (x86)/atmel/atmel studio 6.0/extensions/atmel/avrgcc/3.4.0.65/avrtoolchain/bin/../lib/gcc/avr/4.6.2/avr51\libgcc.a(_udivmodhi4.o)
 .debug_aranges
                0x00000548       0x20 c:/program files (x86)/atmel/atmel studio 6.0/extensions/atmel/avrgcc/3.4.0.65/avrtoolchain/bin/../lib/gcc/avr/4.6.2/avr51\libgcc.a(_udivmodsi4.o)
 .debug_aranges
                0x00000568       0x20 c:/program files (x86)/atmel/atmel studio 6.0/extensions/atmel/avrgcc/3.4.0.65/avrtoolchain/bin/../lib/gcc/avr/4.6.2/avr51\libgcc.a(_exit.o)
 .debug_aranges
                0x00000588       0x20 c:/program files (x86)/atmel/atmel studio 6.0/extensions/atmel/avrgcc/3.4.0.65/avrtoolchain/bin/../lib/gcc/avr/4.6.2/avr51\libgcc.a(_copy_data.o)
 .debug_aranges
                0x000005a8       0x20 c:/program files (x86)/atmel/atmel studio 6.0/extensions/atmel/avrgcc/3.4.0.65/avrtoolchain/bin/../lib/gcc/avr/4.6.2/avr51\libgcc.a(_clear_bss.o)
 .debug_aranges
                0x000005c8       0x38 c:/program files (x86)/atmel/atmel studio 6.0/extensions/atmel/avrgcc/3.4.0.65/avrtoolchain/bin/../lib/gcc/avr/4.6.2/../../../../avr/lib/avr51\libc.a(rand.o)
 .debug_aranges
                0x00000600       0x20 c:/program files (x86)/atmel/atmel studio 6.0/extensions/atmel/avrgcc/3.4.0.65/avrtoolchain/bin/../lib/gcc/avr/4.6.2/avr51\libgcc.a(_divmodsi4.o)

.debug_pubnames
 *(.debug_pubnames)

.debug_info     0x00000000     0x5d6a
 *(.debug_info)
 .debug_info    0x00000000       0xa4 components/command.o
 .debug_info    0x000000a4       0xfd components/radio.o
 .debug_info    0x000001a1      0x11c libraries/ANALOG.o
 .debug_info    0x000002bd      0x3df libraries/EEPROM.o
 .debug_info    0x0000069c      0x6fc libraries/RTC.o
 .debug_info    0x00000d98       0xb5 stack/hal/src/hal.o
 .debug_info    0x00000e4d      0x187 stack/hal/src/halSleep.o
 .debug_info    0x00000fd4      0x118 stack/hal/src/halTimer.o
 .debug_info    0x000010ec      0x3ae stack/hal/src/halUart.o
 .debug_info    0x0000149a      0x2da stack/nwk/src/nwk.o
 .debug_info    0x00001774      0x6ea stack/nwk/src/nwkDataReq.o
 .debug_info    0x00001e5e      0x548 stack/nwk/src/nwkFrame.o
 .debug_info    0x000023a6      0x78c stack/nwk/src/nwkRoute.o
 .debug_info    0x00002b32      0x9e6 stack/nwk/src/nwkRx.o
 .debug_info    0x00003518      0x815 stack/nwk/src/nwkTx.o
 .debug_info    0x00003d2d      0x82c stack/phy/src/phy.o
 .debug_info    0x00004559       0x90 stack/sys/src/sys.o
 .debug_info    0x000045e9      0x339 stack/sys/src/sysTimer.o
 .debug_info    0x00004922      0xd16 WSNDemo.o
 .debug_info    0x00005638       0xde c:/program files (x86)/atmel/atmel studio 6.0/extensions/atmel/avrgcc/3.4.0.65/avrtoolchain/bin/../lib/gcc/avr/4.6.2/avr51\libgcc.a(_mulsi3.o)
 .debug_info    0x00005716       0xde c:/program files (x86)/atmel/atmel studio 6.0/extensions/atmel/avrgcc/3.4.0.65/avrtoolchain/bin/../lib/gcc/avr/4.6.2/avr51\libgcc.a(_udivmodhi4.o)
 .debug_info    0x000057f4       0xde c:/program files (x86)/atmel/atmel studio 6.0/extensions/atmel/avrgcc/3.4.0.65/avrtoolchain/bin/../lib/gcc/avr/4.6.2/avr51\libgcc.a(_udivmodsi4.o)
 .debug_info    0x000058d2       0xde c:/program files (x86)/atmel/atmel studio 6.0/extensions/atmel/avrgcc/3.4.0.65/avrtoolchain/bin/../lib/gcc/avr/4.6.2/avr51\libgcc.a(_exit.o)
 .debug_info    0x000059b0       0xde c:/program files (x86)/atmel/atmel studio 6.0/extensions/atmel/avrgcc/3.4.0.65/avrtoolchain/bin/../lib/gcc/avr/4.6.2/avr51\libgcc.a(_copy_data.o)
 .debug_info    0x00005a8e       0xde c:/program files (x86)/atmel/atmel studio 6.0/extensions/atmel/avrgcc/3.4.0.65/avrtoolchain/bin/../lib/gcc/avr/4.6.2/avr51\libgcc.a(_clear_bss.o)
 .debug_info    0x00005b6c      0x120 c:/program files (x86)/atmel/atmel studio 6.0/extensions/atmel/avrgcc/3.4.0.65/avrtoolchain/bin/../lib/gcc/avr/4.6.2/../../../../avr/lib/avr51\libc.a(rand.o)
 .debug_info    0x00005c8c       0xde c:/program files (x86)/atmel/atmel studio 6.0/extensions/atmel/avrgcc/3.4.0.65/avrtoolchain/bin/../lib/gcc/avr/4.6.2/avr51\libgcc.a(_divmodsi4.o)
 *(.gnu.linkonce.wi.*)

.debug_abbrev   0x00000000     0x1edc
 *(.debug_abbrev)
 .debug_abbrev  0x00000000       0x6c components/command.o
 .debug_abbrev  0x0000006c       0xaf components/radio.o
 .debug_abbrev  0x0000011b       0xdf libraries/ANALOG.o
 .debug_abbrev  0x000001fa      0x115 libraries/EEPROM.o
 .debug_abbrev  0x0000030f      0x224 libraries/RTC.o
 .debug_abbrev  0x00000533       0x74 stack/hal/src/hal.o
 .debug_abbrev  0x000005a7       0xc4 stack/hal/src/halSleep.o
 .debug_abbrev  0x0000066b       0xc3 stack/hal/src/halTimer.o
 .debug_abbrev  0x0000072e      0x155 stack/hal/src/halUart.o
 .debug_abbrev  0x00000883      0x13f stack/nwk/src/nwk.o
 .debug_abbrev  0x000009c2      0x227 stack/nwk/src/nwkDataReq.o
 .debug_abbrev  0x00000be9      0x18e stack/nwk/src/nwkFrame.o
 .debug_abbrev  0x00000d77      0x263 stack/nwk/src/nwkRoute.o
 .debug_abbrev  0x00000fda      0x335 stack/nwk/src/nwkRx.o
 .debug_abbrev  0x0000130f      0x277 stack/nwk/src/nwkTx.o
 .debug_abbrev  0x00001586      0x2a0 stack/phy/src/phy.o
 .debug_abbrev  0x00001826       0x43 stack/sys/src/sys.o
 .debug_abbrev  0x00001869      0x1a4 stack/sys/src/sysTimer.o
 .debug_abbrev  0x00001a0d      0x376 WSNDemo.o
 .debug_abbrev  0x00001d83       0x14 c:/program files (x86)/atmel/atmel studio 6.0/extensions/atmel/avrgcc/3.4.0.65/avrtoolchain/bin/../lib/gcc/avr/4.6.2/avr51\libgcc.a(_mulsi3.o)
 .debug_abbrev  0x00001d97       0x14 c:/program files (x86)/atmel/atmel studio 6.0/extensions/atmel/avrgcc/3.4.0.65/avrtoolchain/bin/../lib/gcc/avr/4.6.2/avr51\libgcc.a(_udivmodhi4.o)
 .debug_abbrev  0x00001dab       0x14 c:/program files (x86)/atmel/atmel studio 6.0/extensions/atmel/avrgcc/3.4.0.65/avrtoolchain/bin/../lib/gcc/avr/4.6.2/avr51\libgcc.a(_udivmodsi4.o)
 .debug_abbrev  0x00001dbf       0x14 c:/program files (x86)/atmel/atmel studio 6.0/extensions/atmel/avrgcc/3.4.0.65/avrtoolchain/bin/../lib/gcc/avr/4.6.2/avr51\libgcc.a(_exit.o)
 .debug_abbrev  0x00001dd3       0x14 c:/program files (x86)/atmel/atmel studio 6.0/extensions/atmel/avrgcc/3.4.0.65/avrtoolchain/bin/../lib/gcc/avr/4.6.2/avr51\libgcc.a(_copy_data.o)
 .debug_abbrev  0x00001de7       0x14 c:/program files (x86)/atmel/atmel studio 6.0/extensions/atmel/avrgcc/3.4.0.65/avrtoolchain/bin/../lib/gcc/avr/4.6.2/avr51\libgcc.a(_clear_bss.o)
 .debug_abbrev  0x00001dfb       0xcd c:/program files (x86)/atmel/atmel studio 6.0/extensions/atmel/avrgcc/3.4.0.65/avrtoolchain/bin/../lib/gcc/avr/4.6.2/../../../../avr/lib/avr51\libc.a(rand.o)
 .debug_abbrev  0x00001ec8       0x14 c:/program files (x86)/atmel/atmel studio 6.0/extensions/atmel/avrgcc/3.4.0.65/avrtoolchain/bin/../lib/gcc/avr/4.6.2/avr51\libgcc.a(_divmodsi4.o)

.debug_line     0x00000000     0x49db
 *(.debug_line)
 .debug_line    0x00000000      0x189 components/command.o
 .debug_line    0x00000189      0x2e3 components/radio.o
 .debug_line    0x0000046c      0x2f2 libraries/ANALOG.o
 .debug_line    0x0000075e      0x2d6 libraries/EEPROM.o
 .debug_line    0x00000a34      0x3a9 libraries/RTC.o
 .debug_line    0x00000ddd      0x2f4 stack/hal/src/hal.o
 .debug_line    0x000010d1      0x341 stack/hal/src/halSleep.o
 .debug_line    0x00001412      0x329 stack/hal/src/halTimer.o
 .debug_line    0x0000173b      0x3f6 stack/hal/src/halUart.o
 .debug_line    0x00001b31      0x3e9 stack/nwk/src/nwk.o
 .debug_line    0x00001f1a      0x3b4 stack/nwk/src/nwkDataReq.o
 .debug_line    0x000022ce      0x37e stack/nwk/src/nwkFrame.o
 .debug_line    0x0000264c      0x424 stack/nwk/src/nwkRoute.o
 .debug_line    0x00002a70      0x4a8 stack/nwk/src/nwkRx.o
 .debug_line    0x00002f18      0x46e stack/nwk/src/nwkTx.o
 .debug_line    0x00003386      0x4c9 stack/phy/src/phy.o
 .debug_line    0x0000384f      0x368 stack/sys/src/sys.o
 .debug_line    0x00003bb7      0x3b6 stack/sys/src/sysTimer.o
 .debug_line    0x00003f6d      0x5ac WSNDemo.o
 .debug_line    0x00004519       0xa5 c:/program files (x86)/atmel/atmel studio 6.0/extensions/atmel/avrgcc/3.4.0.65/avrtoolchain/bin/../lib/gcc/avr/4.6.2/avr51\libgcc.a(_mulsi3.o)
 .debug_line    0x000045be       0x9a c:/program files (x86)/atmel/atmel studio 6.0/extensions/atmel/avrgcc/3.4.0.65/avrtoolchain/bin/../lib/gcc/avr/4.6.2/avr51\libgcc.a(_udivmodhi4.o)
 .debug_line    0x00004658       0xa8 c:/program files (x86)/atmel/atmel studio 6.0/extensions/atmel/avrgcc/3.4.0.65/avrtoolchain/bin/../lib/gcc/avr/4.6.2/avr51\libgcc.a(_udivmodsi4.o)
 .debug_line    0x00004700       0x88 c:/program files (x86)/atmel/atmel studio 6.0/extensions/atmel/avrgcc/3.4.0.65/avrtoolchain/bin/../lib/gcc/avr/4.6.2/avr51\libgcc.a(_exit.o)
 .debug_line    0x00004788       0x93 c:/program files (x86)/atmel/atmel studio 6.0/extensions/atmel/avrgcc/3.4.0.65/avrtoolchain/bin/../lib/gcc/avr/4.6.2/avr51\libgcc.a(_copy_data.o)
 .debug_line    0x0000481b       0x8e c:/program files (x86)/atmel/atmel studio 6.0/extensions/atmel/avrgcc/3.4.0.65/avrtoolchain/bin/../lib/gcc/avr/4.6.2/avr51\libgcc.a(_clear_bss.o)
 .debug_line    0x000048a9       0x91 c:/program files (x86)/atmel/atmel studio 6.0/extensions/atmel/avrgcc/3.4.0.65/avrtoolchain/bin/../lib/gcc/avr/4.6.2/../../../../avr/lib/avr51\libc.a(rand.o)
 .debug_line    0x0000493a       0xa1 c:/program files (x86)/atmel/atmel studio 6.0/extensions/atmel/avrgcc/3.4.0.65/avrtoolchain/bin/../lib/gcc/avr/4.6.2/avr51\libgcc.a(_divmodsi4.o)

.debug_frame    0x00000000      0xc5c
 *(.debug_frame)
 .debug_frame   0x00000000       0x24 components/command.o
 .debug_frame   0x00000024       0x30 components/radio.o
 .debug_frame   0x00000054       0x34 libraries/ANALOG.o
 .debug_frame   0x00000088       0x24 libraries/EEPROM.o
 .debug_frame   0x000000ac       0xfc libraries/RTC.o
 .debug_frame   0x000001a8       0x34 stack/hal/src/hal.o
 .debug_frame   0x000001dc       0x50 stack/hal/src/halSleep.o
 .debug_frame   0x0000022c       0x74 stack/hal/src/halTimer.o
 .debug_frame   0x000002a0      0x138 stack/hal/src/halUart.o
 .debug_frame   0x000003d8       0x94 stack/nwk/src/nwk.o
 .debug_frame   0x0000046c       0x78 stack/nwk/src/nwkDataReq.o
 .debug_frame   0x000004e4       0x64 stack/nwk/src/nwkFrame.o
 .debug_frame   0x00000548      0x128 stack/nwk/src/nwkRoute.o
 .debug_frame   0x00000670       0xe0 stack/nwk/src/nwkRx.o
 .debug_frame   0x00000750      0x118 stack/nwk/src/nwkTx.o
 .debug_frame   0x00000868      0x1b0 stack/phy/src/phy.o
 .debug_frame   0x00000a18       0x34 stack/sys/src/sys.o
 .debug_frame   0x00000a4c       0xc0 stack/sys/src/sysTimer.o
 .debug_frame   0x00000b0c       0xc8 WSNDemo.o
 .debug_frame   0x00000bd4       0x88 c:/program files (x86)/atmel/atmel studio 6.0/extensions/atmel/avrgcc/3.4.0.65/avrtoolchain/bin/../lib/gcc/avr/4.6.2/../../../../avr/lib/avr51\libc.a(rand.o)

.debug_str      0x00000000     0x1d01
 *(.debug_str)
 .debug_str     0x00000000       0xa7 components/command.o
                                 0xdb (size before relaxing)
 .debug_str     0x000000a7       0x76 components/radio.o
                                0x12c (size before relaxing)
 .debug_str     0x0000011d       0x52 libraries/ANALOG.o
                                0x102 (size before relaxing)
 .debug_str     0x0000016f      0x2de libraries/EEPROM.o
                                0x395 (size before relaxing)
 .debug_str     0x0000044d      0x160 libraries/RTC.o
                                0x503 (size before relaxing)
 .debug_str     0x000005ad       0x20 stack/hal/src/hal.o
                                 0xda (size before relaxing)
 .debug_str     0x000005cd       0x93 stack/hal/src/halSleep.o
                                0x149 (size before relaxing)
 .debug_str     0x00000660       0x73 stack/hal/src/halTimer.o
                                0x123 (size before relaxing)
 .debug_str     0x000006d3       0xf0 stack/hal/src/halUart.o
                                0x1e4 (size before relaxing)
 .debug_str     0x000007c3       0xf1 stack/nwk/src/nwk.o
                                0x1be (size before relaxing)
 .debug_str     0x000008b4      0x31a stack/nwk/src/nwkDataReq.o
                                0x460 (size before relaxing)
 .debug_str     0x00000bce       0x8c stack/nwk/src/nwkFrame.o
                                0x345 (size before relaxing)
 .debug_str     0x00000c5a      0x16e stack/nwk/src/nwkRoute.o
                                0x435 (size before relaxing)
 .debug_str     0x00000dc8      0x316 stack/nwk/src/nwkRx.o
                                0x598 (size before relaxing)
 .debug_str     0x000010de      0x214 stack/nwk/src/nwkTx.o
                                0x592 (size before relaxing)
 .debug_str     0x000012f2      0x602 stack/phy/src/phy.o
                                0x6f5 (size before relaxing)
 .debug_str     0x000018f4       0x30 stack/sys/src/sys.o
                                 0xcf (size before relaxing)
 .debug_str     0x00001924       0x87 stack/sys/src/sysTimer.o
                                0x1d1 (size before relaxing)
 .debug_str     0x000019ab      0x2ec WSNDemo.o
                                0x868 (size before relaxing)
 .debug_str     0x00001c97       0x6a c:/program files (x86)/atmel/atmel studio 6.0/extensions/atmel/avrgcc/3.4.0.65/avrtoolchain/bin/../lib/gcc/avr/4.6.2/../../../../avr/lib/avr51\libc.a(rand.o)
                                 0xa8 (size before relaxing)

.debug_loc      0x00000000     0x229e
 *(.debug_loc)
 .debug_loc     0x00000000       0x28 components/command.o
 .debug_loc     0x00000028       0x57 components/radio.o
 .debug_loc     0x0000007f       0x44 libraries/ANALOG.o
 .debug_loc     0x000000c3      0x3c2 libraries/RTC.o
 .debug_loc     0x00000485       0x13 stack/hal/src/hal.o
 .debug_loc     0x00000498      0x134 stack/hal/src/halSleep.o
 .debug_loc     0x000005cc       0x90 stack/hal/src/halTimer.o
 .debug_loc     0x0000065c      0x358 stack/hal/src/halUart.o
 .debug_loc     0x000009b4       0x86 stack/nwk/src/nwk.o
 .debug_loc     0x00000a3a      0x15b stack/nwk/src/nwkDataReq.o
 .debug_loc     0x00000b95      0x10a stack/nwk/src/nwkFrame.o
 .debug_loc     0x00000c9f      0x441 stack/nwk/src/nwkRoute.o
 .debug_loc     0x000010e0      0x39d stack/nwk/src/nwkRx.o
 .debug_loc     0x0000147d      0x3d3 stack/nwk/src/nwkTx.o
 .debug_loc     0x00001850      0x2b7 stack/phy/src/phy.o
 .debug_loc     0x00001b07      0x3ab stack/sys/src/sysTimer.o
 .debug_loc     0x00001eb2      0x285 WSNDemo.o
 .debug_loc     0x00002137      0x167 c:/program files (x86)/atmel/atmel studio 6.0/extensions/atmel/avrgcc/3.4.0.65/avrtoolchain/bin/../lib/gcc/avr/4.6.2/../../../../avr/lib/avr51\libc.a(rand.o)

.debug_macinfo  0x00000000   0x139748
 *(.debug_macinfo)
 .debug_macinfo
                0x00000000     0x2a39 components/command.o
 .debug_macinfo
                0x00002a39     0xf26b components/radio.o
 .debug_macinfo
                0x00011ca4    0x11558 libraries/ANALOG.o
 .debug_macinfo
                0x000231fc     0xf285 libraries/EEPROM.o
 .debug_macinfo
                0x00032481     0xf445 libraries/RTC.o
 .debug_macinfo
                0x000418c6    0x10da5 stack/hal/src/hal.o
 .debug_macinfo
                0x0005266b    0x10e22 stack/hal/src/halSleep.o
 .debug_macinfo
                0x0006348d    0x10db9 stack/hal/src/halTimer.o
 .debug_macinfo
                0x00074246    0x11177 stack/hal/src/halUart.o
 .debug_macinfo
                0x000853bd    0x12527 stack/nwk/src/nwk.o
 .debug_macinfo
                0x000978e4    0x1163c stack/nwk/src/nwkDataReq.o
 .debug_macinfo
                0x000a8f20    0x1163c stack/nwk/src/nwkFrame.o
 .debug_macinfo
                0x000ba55c    0x11495 stack/nwk/src/nwkRoute.o
 .debug_macinfo
                0x000cb9f1    0x125f5 stack/nwk/src/nwkRx.o
 .debug_macinfo
                0x000ddfe6    0x12564 stack/nwk/src/nwkTx.o
 .debug_macinfo
                0x000f054a    0x11ff2 stack/phy/src/phy.o
 .debug_macinfo
                0x0010253c    0x1202c stack/sys/src/sys.o
 .debug_macinfo
                0x00114568    0x110de stack/sys/src/sysTimer.o
 .debug_macinfo
                0x00125646    0x14102 WSNDemo.o
OUTPUT(WSNDemo.elf elf32-avr)
LOAD linker stubs

.debug_ranges   0x00000000      0x520
 .debug_ranges  0x00000000       0x10 components/command.o
 .debug_ranges  0x00000010       0x10 components/radio.o
 .debug_ranges  0x00000020       0x18 libraries/ANALOG.o
 .debug_ranges  0x00000038       0x10 libraries/EEPROM.o
 .debug_ranges  0x00000048       0x38 libraries/RTC.o
 .debug_ranges  0x00000080       0x18 stack/hal/src/hal.o
 .debug_ranges  0x00000098       0x18 stack/hal/src/halSleep.o
 .debug_ranges  0x000000b0       0x28 stack/hal/src/halTimer.o
 .debug_ranges  0x000000d8       0x48 stack/hal/src/halUart.o
 .debug_ranges  0x00000120       0x48 stack/nwk/src/nwk.o
 .debug_ranges  0x00000168       0x30 stack/nwk/src/nwkDataReq.o
 .debug_ranges  0x00000198       0x30 stack/nwk/src/nwkFrame.o
 .debug_ranges  0x000001c8       0x60 stack/nwk/src/nwkRoute.o
 .debug_ranges  0x00000228       0xd8 stack/nwk/src/nwkRx.o
 .debug_ranges  0x00000300       0x50 stack/nwk/src/nwkTx.o
 .debug_ranges  0x00000350       0xb8 stack/phy/src/phy.o
 .debug_ranges  0x00000408       0x18 stack/sys/src/sys.o
 .debug_ranges  0x00000420       0x38 stack/sys/src/sysTimer.o
 .debug_ranges  0x00000458       0xa0 WSNDemo.o
 .debug_ranges  0x000004f8       0x28 c:/program files (x86)/atmel/atmel studio 6.0/extensions/atmel/avrgcc/3.4.0.65/avrtoolchain/bin/../lib/gcc/avr/4.6.2/../../../../avr/lib/avr51\libc.a(rand.o)
